932 molecules (model failures excluded here: 67)  threshold=0.5
SUMMARY (from evaluate): {'threshold': 0.5, 'COV-R_mean': 88.89580793395896, 'COV-R_median': 100.0, 'MAT-R_mean': 0.17393618820066864, 'MAT-R_median': 0.1455515302616599, 'COV-P_mean': 85.68674962795819, 'COV-P_median': 100.0, 'MAT-P_mean': 0.21729028989357593, 'MAT-P_median': 0.19080415329382389, 'n_evaluated': 933, 'n_model_failures': 67, 'n_additional_failures': 1}

### COV threshold sweep (mean / median over molecules, failures = 0) -- SECONDARY / exploratory; the pre-registered primary threshold is --threshold (0.5 A for QM9)

| thr (A) | COV-R mean | COV-R median | COV-P mean | COV-P median |
|---|---|---|---|---|
| 0.050 | 3.63 | 0.00 | 2.60 | 0.00 |
| 0.100 | 37.25 | 25.00 | 26.92 | 11.54 |
| 0.125 | 49.66 | 50.00 | 38.08 | 29.50 |
| 0.250 | 74.54 | 97.29 | 65.11 | 75.00 |
| 0.375 | 84.27 | 100.00 | 77.62 | 94.82 |
| 0.500 | 88.90 | 100.00 | 85.69 | 100.00 |
| 0.750 | 92.49 | 100.00 | 91.82 | 100.00 |

### by n_heavy

| bin   |   n |   COV_R |   MAT_R |   COV_P |   MAT_P |
|:------|----:|--------:|--------:|--------:|--------:|
| <=5   |   3 | 100     |   0.051 | 100     |   0.051 |
| 6     |  10 |  96.75  |   0.094 |  95.625 |   0.135 |
| 7     |  20 |  96     |   0.134 |  92.682 |   0.175 |
| 8     | 132 |  94.467 |   0.158 |  92.264 |   0.196 |
| 9     | 767 |  95.487 |   0.179 |  91.784 |   0.224 |
| >9    |   0 | nan     | nan     | nan     | nan     |

### by n_rot_heavy

| bin   |   n |   COV_R |   MAT_R |   COV_P |   MAT_P |
|:------|----:|--------:|--------:|--------:|--------:|
| 0     | 283 |  97.299 |   0.154 |  96.03  |   0.189 |
| 1     | 295 |  97.162 |   0.16  |  94.478 |   0.199 |
| 2     | 173 |  94.191 |   0.187 |  91.063 |   0.233 |
| 3     |  93 |  91.305 |   0.207 |  84.686 |   0.258 |
| 4+    |  88 |  89.896 |   0.224 |  79.655 |   0.296 |

### by n_rot_repo

| bin   |   n |   COV_R |   MAT_R |   COV_P |   MAT_P |
|:------|----:|--------:|--------:|--------:|--------:|
| <=1   | 227 |  97.756 |   0.153 |  95.746 |   0.185 |
| 2     | 199 |  96.558 |   0.17  |  95.308 |   0.204 |
| 3     | 194 |  95.827 |   0.163 |  94.158 |   0.205 |
| 4     | 126 |  93.332 |   0.194 |  88.733 |   0.242 |
| 5-6   | 128 |  92.437 |   0.201 |  83.961 |   0.264 |
| 7+    |  58 |  91.519 |   0.204 |  82.621 |   0.274 |

### by n_true

| bin   |   n |   COV_R |   MAT_R |   COV_P |   MAT_P |
|:------|----:|--------:|--------:|--------:|--------:|
| 1     | 223 |  95.964 |   0.156 |  94.619 |   0.188 |
| 2-3   | 224 |  95.312 |   0.168 |  91.853 |   0.214 |
| 4-10  | 274 |  94.097 |   0.191 |  90.642 |   0.234 |
| 11-30 | 127 |  95.805 |   0.178 |  90.938 |   0.228 |
| >30   |  84 |  97.571 |   0.175 |  90.796 |   0.234 |
wrote /scratch/nishanth.r/tordiff/results/qm9_default/G1_gt_graph_seed_mols_seed1/breakdown.csv
