955 molecules (model failures excluded here: 45)  threshold=0.5
SUMMARY (from evaluate): {'threshold': 0.5, 'COV-R_mean': 80.72719206083366, 'COV-R_median': 100.0, 'MAT-R_mean': 0.26802824662001196, 'MAT-R_median': 0.23338697671645126, 'COV-P_mean': 81.22234272862508, 'COV-P_median': 100.0, 'MAT-P_mean': 0.27296219846220154, 'MAT-P_median': 0.23163068807171497, 'n_evaluated': 955, 'n_model_failures': 45, 'n_additional_failures': 0}

### COV threshold sweep (mean / median over molecules, failures = 0) -- SECONDARY / exploratory; the pre-registered primary threshold is --threshold (0.5 A for QM9)

| thr (A) | COV-R mean | COV-R median | COV-P mean | COV-P median |
|---|---|---|---|---|
| 0.050 | 2.26 | 0.00 | 2.02 | 0.00 |
| 0.100 | 23.73 | 0.00 | 21.53 | 0.00 |
| 0.125 | 33.23 | 14.29 | 30.00 | 8.33 |
| 0.250 | 57.77 | 60.00 | 55.62 | 60.00 |
| 0.375 | 70.50 | 88.89 | 71.20 | 92.86 |
| 0.500 | 80.73 | 100.00 | 81.22 | 100.00 |
| 0.750 | 91.60 | 100.00 | 91.96 | 100.00 |

### by n_heavy

| bin   |   n |   COV_R |   MAT_R |   COV_P |   MAT_P |
|:------|----:|--------:|--------:|--------:|--------:|
| <=5   |   3 | 100     |   0.121 | 100     |   0.133 |
| 6     |  10 |  89.75  |   0.18  |  93.75  |   0.16  |
| 7     |  21 |  83.341 |   0.214 |  86.129 |   0.222 |
| 8     | 133 |  85.836 |   0.253 |  86.067 |   0.256 |
| 9     | 788 |  84.217 |   0.274 |  84.682 |   0.279 |
| >9    |   0 | nan     | nan     | nan     | nan     |

### by n_rot_heavy

| bin   |   n |   COV_R |   MAT_R |   COV_P |   MAT_P |
|:------|----:|--------:|--------:|--------:|--------:|
| 0     | 289 |  94.351 |   0.192 |  95.17  |   0.193 |
| 1     | 306 |  89.162 |   0.234 |  90.698 |   0.231 |
| 2     | 177 |  75.389 |   0.34  |  79.911 |   0.321 |
| 3     |  93 |  74.472 |   0.346 |  71.341 |   0.378 |
| 4+    |  90 |  65.625 |   0.408 |  57.619 |   0.469 |

### by n_rot_repo

| bin   |   n |   COV_R |   MAT_R |   COV_P |   MAT_P |
|:------|----:|--------:|--------:|--------:|--------:|
| <=1   | 232 |  93.686 |   0.198 |  94.881 |   0.192 |
| 2     | 209 |  87.944 |   0.243 |  92.464 |   0.229 |
| 3     | 196 |  82.421 |   0.278 |  84.387 |   0.273 |
| 4     | 130 |  81.922 |   0.29  |  84.363 |   0.289 |
| 5-6   | 128 |  75.261 |   0.347 |  67.836 |   0.396 |
| 7+    |  60 |  69.57  |   0.375 |  61.58  |   0.447 |

### by n_true

| bin   |   n |   COV_R |   MAT_R |   COV_P |   MAT_P |
|:------|----:|--------:|--------:|--------:|--------:|
| 1     | 228 |  93.86  |   0.192 |  93.202 |   0.198 |
| 2-3   | 232 |  80.172 |   0.288 |  84.303 |   0.267 |
| 4-10  | 278 |  80.835 |   0.298 |  82.648 |   0.297 |
| 11-30 | 133 |  84.701 |   0.279 |  83.108 |   0.307 |
| >30   |  84 |  83.211 |   0.301 |  76.007 |   0.361 |
wrote /scratch/nishanth.r/tordiff/results/qm9_B1_train_gtL_e100_s1/S1_lam0.00_cyc_ORACLE/breakdown.csv
