955 molecules (model failures excluded here: 45)  threshold=0.5
SUMMARY (from evaluate): {'threshold': 0.5, 'COV-R_mean': 91.04269460982384, 'COV-R_median': 100.0, 'MAT-R_mean': 0.15725835439838876, 'MAT-R_median': 0.11403931533175075, 'COV-P_mean': 91.52138814196962, 'COV-P_median': 100.0, 'MAT-P_mean': 0.16422217645591275, 'MAT-P_median': 0.129810822606176, 'n_evaluated': 955, 'n_model_failures': 45, 'n_additional_failures': 0}

### COV threshold sweep (mean / median over molecules, failures = 0) -- SECONDARY / exploratory; the pre-registered primary threshold is --threshold (0.5 A for QM9)

| thr (A) | COV-R mean | COV-R median | COV-P mean | COV-P median |
|---|---|---|---|---|
| 0.050 | 21.53 | 0.00 | 17.09 | 0.00 |
| 0.100 | 50.19 | 50.00 | 45.51 | 43.30 |
| 0.125 | 57.63 | 70.29 | 53.32 | 60.00 |
| 0.250 | 77.02 | 100.00 | 75.69 | 95.24 |
| 0.375 | 85.72 | 100.00 | 85.80 | 100.00 |
| 0.500 | 91.04 | 100.00 | 91.52 | 100.00 |
| 0.750 | 94.47 | 100.00 | 94.76 | 100.00 |

### by n_heavy

| bin   |   n |   COV_R |   MAT_R |   COV_P |   MAT_P |
|:------|----:|--------:|--------:|--------:|--------:|
| <=5   |   3 | 100     |   0.025 | 100     |   0.022 |
| 6     |  10 | 100     |   0.049 | 100     |   0.065 |
| 7     |  21 |  97.619 |   0.076 |  96.151 |   0.094 |
| 8     | 133 |  96.691 |   0.134 |  96.891 |   0.141 |
| 9     | 788 |  94.966 |   0.165 |  95.578 |   0.172 |
| >9    |   0 | nan     | nan     | nan     | nan     |

### by n_rot_heavy

| bin   |   n |   COV_R |   MAT_R |   COV_P |   MAT_P |
|:------|----:|--------:|--------:|--------:|--------:|
| 0     | 289 |  95.157 |   0.179 |  96.698 |   0.176 |
| 1     | 306 |  95.955 |   0.162 |  96.928 |   0.161 |
| 2     | 177 |  94.105 |   0.159 |  94.688 |   0.17  |
| 3     |  93 |  95.214 |   0.123 |  94.129 |   0.142 |
| 4+    |  90 |  96.316 |   0.106 |  93.353 |   0.149 |

### by n_rot_repo

| bin   |   n |   COV_R |   MAT_R |   COV_P |   MAT_P |
|:------|----:|--------:|--------:|--------:|--------:|
| <=1   | 232 |  95.319 |   0.182 |  96.282 |   0.178 |
| 2     | 209 |  93.939 |   0.179 |  96.328 |   0.172 |
| 3     | 196 |  96.139 |   0.155 |  95.696 |   0.165 |
| 4     | 130 |  93.583 |   0.166 |  95.498 |   0.171 |
| 5-6   | 128 |  96.75  |   0.113 |  94.878 |   0.143 |
| 7+    |  60 |  98.376 |   0.068 |  95.596 |   0.111 |

### by n_true

| bin   |   n |   COV_R |   MAT_R |   COV_P |   MAT_P |
|:------|----:|--------:|--------:|--------:|--------:|
| 1     | 228 |  97.368 |   0.157 |  96.711 |   0.162 |
| 2-3   | 232 |  91.092 |   0.199 |  94.145 |   0.184 |
| 4-10  | 278 |  95.435 |   0.158 |  95.581 |   0.166 |
| 11-30 | 133 |  97.189 |   0.122 |  97.402 |   0.146 |
| >30   |  84 |  98.24  |   0.1   |  96.472 |   0.138 |
wrote /scratch/nishanth.r/tordiff/results/qm9_B1_train_gtL_e100_s1/S1_A5acyc_cyc_ORACLE/breakdown.csv
