906 molecules (model failures excluded here: 94)  threshold=0.5
SUMMARY (from evaluate): {'threshold': 0.5, 'COV-R_mean': 86.22703890250752, 'COV-R_median': 100.0, 'MAT-R_mean': 0.1164455397509371, 'MAT-R_median': 0.07916985014232227, 'COV-P_mean': 85.13570913294832, 'COV-P_median': 100.0, 'MAT-P_mean': 0.1292109467710929, 'MAT-P_median': 0.08451385538131637, 'n_evaluated': 906, 'n_model_failures': 94, 'n_additional_failures': 0}

### COV threshold sweep (mean / median over molecules, failures = 0) -- SECONDARY / exploratory; the pre-registered primary threshold is --threshold (0.5 A for QM9)

| thr (A) | COV-R mean | COV-R median | COV-P mean | COV-P median |
|---|---|---|---|---|
| 0.050 | 43.07 | 33.33 | 39.21 | 23.58 |
| 0.100 | 65.22 | 74.02 | 61.81 | 69.36 |
| 0.125 | 70.10 | 82.43 | 67.20 | 78.57 |
| 0.250 | 78.69 | 100.00 | 77.31 | 97.22 |
| 0.375 | 82.49 | 100.00 | 81.48 | 100.00 |
| 0.500 | 86.23 | 100.00 | 85.14 | 100.00 |
| 0.750 | 89.27 | 100.00 | 89.22 | 100.00 |

### by n_heavy

| bin   |   n |   COV_R |   MAT_R |   COV_P |   MAT_P |
|:------|----:|--------:|--------:|--------:|--------:|
| <=5   |   2 | 100     |   0.039 | 100     |   0.019 |
| 6     |  10 |  98.75  |   0.071 |  97.5   |   0.057 |
| 7     |  21 |  96.508 |   0.096 |  96.436 |   0.095 |
| 8     | 126 |  95.907 |   0.099 |  94.527 |   0.115 |
| 9     | 747 |  94.951 |   0.121 |  93.742 |   0.134 |
| >9    |   0 | nan     | nan     | nan     | nan     |

### by n_rot_heavy

| bin   |   n |   COV_R |   MAT_R |   COV_P |   MAT_P |
|:------|----:|--------:|--------:|--------:|--------:|
| 0     | 258 |  96.96  |   0.078 | 100     |   0.053 |
| 1     | 293 |  98.358 |   0.08  |  97.399 |   0.092 |
| 2     | 173 |  91.848 |   0.157 |  89.669 |   0.184 |
| 3     |  93 |  93.06  |   0.164 |  88.963 |   0.205 |
| 4+    |  89 |  88.183 |   0.22  |  78.782 |   0.288 |

### by n_rot_repo

| bin   |   n |   COV_R |   MAT_R |   COV_P |   MAT_P |
|:------|----:|--------:|--------:|--------:|--------:|
| <=1   | 203 |  97.986 |   0.069 | 100     |   0.043 |
| 2     | 197 |  96.407 |   0.102 |  98.021 |   0.091 |
| 3     | 192 |  95.507 |   0.109 |  93.745 |   0.134 |
| 4     | 127 |  94.563 |   0.13  |  92.856 |   0.159 |
| 5-6   | 127 |  91.533 |   0.18  |  85.535 |   0.225 |
| 7+    |  60 |  89.537 |   0.188 |  81.182 |   0.265 |

### by n_true

| bin   |   n |   COV_R |   MAT_R |   COV_P |   MAT_P |
|:------|----:|--------:|--------:|--------:|--------:|
| 1     | 199 |  97.99  |   0.055 |  97.739 |   0.067 |
| 2-3   | 216 |  92.052 |   0.121 |  93.866 |   0.112 |
| 4-10  | 274 |  94.979 |   0.136 |  92.948 |   0.146 |
| 11-30 | 133 |  95.231 |   0.14  |  91.832 |   0.173 |
| >30   |  84 |  97.068 |   0.148 |  92.015 |   0.198 |
wrote /scratch/nishanth.r/tordiff/results/qm9_CTRL_rematch_100ep_e100_s0/S1_lam0.75_cyc_ORACLE/breakdown.csv
