996 molecules (model failures excluded here: 4)  threshold=0.5
SUMMARY (from evaluate): {'threshold': 0.5, 'COV-R_mean': 95.863200895836, 'COV-R_median': 100.0, 'MAT-R_mean': 0.11897437446431249, 'MAT-R_median': 0.07347748746934826, 'COV-P_mean': 93.229847877118, 'COV-P_median': 100.0, 'MAT-P_mean': 0.15002495011331596, 'MAT-P_median': 0.09610601138450275, 'n_evaluated': 996, 'n_model_failures': 4, 'n_additional_failures': 0}

### COV threshold sweep (mean / median over molecules, failures = 0) -- SECONDARY / exploratory; the pre-registered primary threshold is --threshold (0.5 A for QM9)

| thr (A) | COV-R mean | COV-R median | COV-P mean | COV-P median |
|---|---|---|---|---|
| 0.050 | 13.41 | 0.00 | 6.83 | 0.00 |
| 0.100 | 72.57 | 100.00 | 62.95 | 70.29 |
| 0.125 | 79.13 | 100.00 | 69.99 | 82.84 |
| 0.250 | 89.04 | 100.00 | 83.77 | 100.00 |
| 0.375 | 92.99 | 100.00 | 88.93 | 100.00 |
| 0.500 | 95.86 | 100.00 | 93.23 | 100.00 |
| 0.750 | 98.82 | 100.00 | 98.38 | 100.00 |

### by n_heavy

| bin   |   n |   COV_R |   MAT_R |   COV_P |   MAT_P |
|:------|----:|--------:|--------:|--------:|--------:|
| <=5   |   3 | 100     |   0.063 | 100     |   0.068 |
| 6     |  10 |  91.667 |   0.136 |  96.25  |   0.11  |
| 7     |  22 |  97.273 |   0.108 |  95.606 |   0.143 |
| 8     | 136 |  96.716 |   0.119 |  94.165 |   0.15  |
| 9     | 825 |  96.186 |   0.119 |  93.403 |   0.151 |
| >9    |   0 | nan     | nan     | nan     | nan     |

### by n_rot_heavy

| bin   |   n |   COV_R |   MAT_R |   COV_P |   MAT_P |
|:------|----:|--------:|--------:|--------:|--------:|
| 0     | 318 |  99.686 |   0.058 |  99.135 |   0.072 |
| 1     | 316 |  97.169 |   0.103 |  96.438 |   0.121 |
| 2     | 178 |  93.939 |   0.159 |  89.42  |   0.209 |
| 3     |  93 |  93.184 |   0.185 |  87.971 |   0.238 |
| 4+    |  91 |  88.688 |   0.241 |  78.378 |   0.318 |

### by n_rot_repo

| bin   |   n |   COV_R |   MAT_R |   COV_P |   MAT_P |
|:------|----:|--------:|--------:|--------:|--------:|
| <=1   | 253 |  99.947 |   0.059 |  99.789 |   0.066 |
| 2     | 220 |  97.773 |   0.092 |  96.663 |   0.117 |
| 3     | 201 |  94.227 |   0.136 |  92.265 |   0.16  |
| 4     | 133 |  95.081 |   0.14  |  91.935 |   0.187 |
| 5-6   | 129 |  93.716 |   0.185 |  86.095 |   0.249 |
| 7+    |  60 |  89.863 |   0.223 |  80.643 |   0.296 |

### by n_true

| bin   |   n |   COV_R |   MAT_R |   COV_P |   MAT_P |
|:------|----:|--------:|--------:|--------:|--------:|
| 1     | 253 |  98.024 |   0.072 |  96.64  |   0.095 |
| 2-3   | 243 |  95.062 |   0.114 |  93.896 |   0.13  |
| 4-10  | 281 |  95.365 |   0.136 |  92.412 |   0.17  |
| 11-30 | 135 |  95.69  |   0.155 |  90.77  |   0.202 |
| >30   |  84 |  98.185 |   0.16  |  92.161 |   0.225 |
wrote /scratch/nishanth.r/tordiff/results/qm9_CTRL_rematch_100ep_e100_s2/S1_noise0.04pa_cyc_ORACLE/breakdown.csv
