906 molecules (model failures excluded here: 94)  threshold=0.5
SUMMARY (from evaluate): {'threshold': 0.5, 'COV-R_mean': 85.7491604458451, 'COV-R_median': 100.0, 'MAT-R_mean': 0.1165443463245039, 'MAT-R_median': 0.07654072298098491, 'COV-P_mean': 86.24192366888576, 'COV-P_median': 100.0, 'MAT-P_mean': 0.11700529327005031, 'MAT-P_median': 0.07234144163350992, 'n_evaluated': 906, 'n_model_failures': 94, 'n_additional_failures': 0}

### COV threshold sweep (mean / median over molecules, failures = 0) -- SECONDARY / exploratory; the pre-registered primary threshold is --threshold (0.5 A for QM9)

| thr (A) | COV-R mean | COV-R median | COV-P mean | COV-P median |
|---|---|---|---|---|
| 0.050 | 44.50 | 33.33 | 41.77 | 25.00 |
| 0.100 | 65.60 | 75.00 | 63.98 | 75.00 |
| 0.125 | 70.41 | 83.33 | 69.10 | 84.50 |
| 0.250 | 78.24 | 100.00 | 78.74 | 100.00 |
| 0.375 | 82.18 | 100.00 | 83.39 | 100.00 |
| 0.500 | 85.75 | 100.00 | 86.24 | 100.00 |
| 0.750 | 89.52 | 100.00 | 89.62 | 100.00 |

### by n_heavy

| bin   |   n |   COV_R |   MAT_R |   COV_P |   MAT_P |
|:------|----:|--------:|--------:|--------:|--------:|
| <=5   |   2 | 100     |   0.037 | 100     |   0.032 |
| 6     |  10 |  98.75  |   0.066 |  98.125 |   0.074 |
| 7     |  21 |  97.619 |   0.086 |  96.32  |   0.097 |
| 8     | 126 |  98.269 |   0.09  |  96.693 |   0.109 |
| 9     | 747 |  93.882 |   0.123 |  94.852 |   0.12  |
| >9    |   0 | nan     | nan     | nan     | nan     |

### by n_rot_heavy

| bin   |   n |   COV_R |   MAT_R |   COV_P |   MAT_P |
|:------|----:|--------:|--------:|--------:|--------:|
| 0     | 258 |  96.443 |   0.075 |  99.451 |   0.041 |
| 1     | 293 |  96.105 |   0.092 |  98.481 |   0.08  |
| 2     | 173 |  93.456 |   0.142 |  92.935 |   0.162 |
| 3     |  93 |  92.15  |   0.169 |  90.602 |   0.195 |
| 4+    |  89 |  89.55  |   0.213 |  81.178 |   0.291 |

### by n_rot_repo

| bin   |   n |   COV_R |   MAT_R |   COV_P |   MAT_P |
|:------|----:|--------:|--------:|--------:|--------:|
| <=1   | 203 |  97.117 |   0.07  |  99.754 |   0.039 |
| 2     | 197 |  93.559 |   0.112 |  97.523 |   0.081 |
| 3     | 192 |  95.253 |   0.109 |  95.763 |   0.114 |
| 4     | 127 |  94.723 |   0.128 |  96.036 |   0.133 |
| 5-6   | 127 |  93.317 |   0.162 |  88.238 |   0.211 |
| 7+    |  60 |  90.558 |   0.194 |  83.175 |   0.275 |

### by n_true

| bin   |   n |   COV_R |   MAT_R |   COV_P |   MAT_P |
|:------|----:|--------:|--------:|--------:|--------:|
| 1     | 199 |  97.99  |   0.049 |  97.739 |   0.053 |
| 2-3   | 216 |  92.284 |   0.121 |  96.181 |   0.095 |
| 4-10  | 274 |  93.493 |   0.138 |  95.035 |   0.127 |
| 11-30 | 133 |  94.428 |   0.144 |  92.501 |   0.168 |
| >30   |  84 |  96.903 |   0.15  |  91.364 |   0.212 |
wrote /scratch/nishanth.r/tordiff/results/qm9_B1_train_gtL_e100_s2/S1_lam0.75_cyc_ORACLE/breakdown.csv
