996 molecules (model failures excluded here: 4)  threshold=0.5
SUMMARY (from evaluate): {'threshold': 0.5, 'COV-R_mean': 95.65451979321159, 'COV-R_median': 100.0, 'MAT-R_mean': 0.08010643945084629, 'MAT-R_median': 0.033357681179815704, 'COV-P_mean': 94.15124193901543, 'COV-P_median': 100.0, 'MAT-P_mean': 0.10240985345780974, 'MAT-P_median': 0.05826534202377389, 'n_evaluated': 996, 'n_model_failures': 4, 'n_additional_failures': 0}

### COV threshold sweep (mean / median over molecules, failures = 0) -- SECONDARY / exploratory; the pre-registered primary threshold is --threshold (0.5 A for QM9)

| thr (A) | COV-R mean | COV-R median | COV-P mean | COV-P median |
|---|---|---|---|---|
| 0.050 | 67.39 | 84.58 | 60.01 | 66.67 |
| 0.100 | 80.70 | 100.00 | 74.01 | 89.44 |
| 0.125 | 83.91 | 100.00 | 78.00 | 94.34 |
| 0.250 | 89.66 | 100.00 | 86.26 | 100.00 |
| 0.375 | 92.38 | 100.00 | 90.01 | 100.00 |
| 0.500 | 95.65 | 100.00 | 94.15 | 100.00 |
| 0.750 | 98.57 | 100.00 | 98.46 | 100.00 |

### by n_heavy

| bin   |   n |   COV_R |   MAT_R |   COV_P |   MAT_P |
|:------|----:|--------:|--------:|--------:|--------:|
| <=5   |   3 | 100     |   0.018 | 100     |   0.013 |
| 6     |  10 |  89.75  |   0.122 |  95.875 |   0.079 |
| 7     |  22 |  95.758 |   0.075 |  95.551 |   0.098 |
| 8     | 136 |  95.379 |   0.08  |  94.002 |   0.101 |
| 9     | 825 |  96.217 |   0.08  |  94.553 |   0.103 |
| >9    |   0 | nan     | nan     | nan     | nan     |

### by n_rot_heavy

| bin   |   n |   COV_R |   MAT_R |   COV_P |   MAT_P |
|:------|----:|--------:|--------:|--------:|--------:|
| 0     | 318 | 100     |   0.008 |  99.869 |   0.016 |
| 1     | 316 |  97.284 |   0.059 |  97.061 |   0.078 |
| 2     | 178 |  92.757 |   0.14  |  90.995 |   0.168 |
| 3     |  93 |  91.862 |   0.155 |  89.631 |   0.187 |
| 4+    |  91 |  88.559 |   0.211 |  78.999 |   0.277 |

### by n_rot_repo

| bin   |   n |   COV_R |   MAT_R |   COV_P |   MAT_P |
|:------|----:|--------:|--------:|--------:|--------:|
| <=1   | 253 |  99.407 |   0.012 |  99.862 |   0.011 |
| 2     | 220 |  98.106 |   0.051 |  98.162 |   0.066 |
| 3     | 201 |  94.813 |   0.096 |  94.004 |   0.117 |
| 4     | 133 |  94.975 |   0.106 |  92.373 |   0.146 |
| 5-6   | 129 |  91.085 |   0.166 |  86.259 |   0.21  |
| 7+    |  60 |  91.369 |   0.18  |  83.049 |   0.244 |

### by n_true

| bin   |   n |   COV_R |   MAT_R |   COV_P |   MAT_P |
|:------|----:|--------:|--------:|--------:|--------:|
| 1     | 253 |  98.024 |   0.027 |  97.628 |   0.036 |
| 2-3   | 243 |  94.239 |   0.072 |  94.479 |   0.083 |
| 4-10  | 281 |  95.547 |   0.101 |  93.815 |   0.125 |
| 11-30 | 135 |  96.055 |   0.119 |  91.284 |   0.164 |
| >30   |  84 |  96.886 |   0.133 |  92.946 |   0.182 |
wrote /scratch/nishanth.r/tordiff/results/qm9_default/A1c_gtL_cycle_model_seed2/breakdown.csv
