955 molecules (model failures excluded here: 45)  threshold=0.5
SUMMARY (from evaluate): {'threshold': 0.5, 'COV-R_mean': 84.0343823323755, 'COV-R_median': 100.0, 'MAT-R_mean': 0.1921564351369073, 'MAT-R_median': 0.12061700966266874, 'COV-P_mean': 84.38947023909357, 'COV-P_median': 100.0, 'MAT-P_mean': 0.19733786830231015, 'MAT-P_median': 0.13767876104931734, 'n_evaluated': 955, 'n_model_failures': 45, 'n_additional_failures': 0}

### COV threshold sweep (mean / median over molecules, failures = 0) -- SECONDARY / exploratory; the pre-registered primary threshold is --threshold (0.5 A for QM9)

| thr (A) | COV-R mean | COV-R median | COV-P mean | COV-P median |
|---|---|---|---|---|
| 0.050 | 26.34 | 0.00 | 25.26 | 0.00 |
| 0.100 | 51.19 | 50.00 | 47.45 | 36.93 |
| 0.125 | 57.13 | 60.00 | 53.54 | 50.00 |
| 0.250 | 70.96 | 95.74 | 69.63 | 90.00 |
| 0.375 | 77.65 | 100.00 | 78.36 | 100.00 |
| 0.500 | 84.03 | 100.00 | 84.39 | 100.00 |
| 0.750 | 92.51 | 100.00 | 92.63 | 100.00 |

### by n_heavy

| bin   |   n |   COV_R |   MAT_R |   COV_P |   MAT_P |
|:------|----:|--------:|--------:|--------:|--------:|
| <=5   |   3 | 100     |   0.119 | 100     |   0.131 |
| 6     |  10 |  91.75  |   0.159 |  94.75  |   0.129 |
| 7     |  21 |  83.689 |   0.191 |  86.089 |   0.187 |
| 8     | 133 |  88.222 |   0.195 |  89.542 |   0.192 |
| 9     | 788 |  87.977 |   0.192 |  88.103 |   0.2   |
| >9    |   0 | nan     | nan     | nan     | nan     |

### by n_rot_heavy

| bin   |   n |   COV_R |   MAT_R |   COV_P |   MAT_P |
|:------|----:|--------:|--------:|--------:|--------:|
| 0     | 289 | 100     |   0.046 | 100     |   0.052 |
| 1     | 306 |  91.93  |   0.168 |  93.942 |   0.159 |
| 2     | 177 |  78.251 |   0.294 |  83.126 |   0.278 |
| 3     |  93 |  76.925 |   0.329 |  72.606 |   0.364 |
| 4+    |  90 |  66.661 |   0.4   |  58.64  |   0.464 |

### by n_rot_repo

| bin   |   n |   COV_R |   MAT_R |   COV_P |   MAT_P |
|:------|----:|--------:|--------:|--------:|--------:|
| <=1   | 232 |  98.477 |   0.052 |  99.662 |   0.045 |
| 2     | 209 |  92.493 |   0.155 |  96.45  |   0.139 |
| 3     | 196 |  86.503 |   0.216 |  88.698 |   0.216 |
| 4     | 130 |  85.922 |   0.237 |  87.272 |   0.238 |
| 5-6   | 128 |  74.355 |   0.343 |  67.874 |   0.383 |
| 7+    |  60 |  70.244 |   0.365 |  61.532 |   0.446 |

### by n_true

| bin   |   n |   COV_R |   MAT_R |   COV_P |   MAT_P |
|:------|----:|--------:|--------:|--------:|--------:|
| 1     | 228 |  95.614 |   0.084 |  95.175 |   0.089 |
| 2-3   | 232 |  87.069 |   0.177 |  90.697 |   0.161 |
| 4-10  | 278 |  84.405 |   0.239 |  86.486 |   0.236 |
| 11-30 | 133 |  86.236 |   0.249 |  83.437 |   0.275 |
| >30   |  84 |  84.528 |   0.283 |  77.471 |   0.34  |
wrote /scratch/nishanth.r/tordiff/results/qm9_B1_train_gtL_e100_s1/S1_A5ring_cyc_ORACLE/breakdown.csv
