996 molecules (model failures excluded here: 4)  threshold=0.5
SUMMARY (from evaluate): {'threshold': 0.5, 'COV-R_mean': 97.60385985589835, 'COV-R_median': 100.0, 'MAT-R_mean': 0.05318365698282816, 'MAT-R_median': 0.01741707877691355, 'COV-P_mean': 96.06703301775244, 'COV-P_median': 100.0, 'MAT-P_mean': 0.07566952421065438, 'MAT-P_median': 0.028168475298817816, 'n_evaluated': 996, 'n_model_failures': 4, 'n_additional_failures': 0}

### COV threshold sweep (mean / median over molecules, failures = 0) -- SECONDARY / exploratory; the pre-registered primary threshold is --threshold (0.5 A for QM9)

| thr (A) | COV-R mean | COV-R median | COV-P mean | COV-P median |
|---|---|---|---|---|
| 0.050 | 77.65 | 100.00 | 70.09 | 90.00 |
| 0.100 | 87.40 | 100.00 | 81.25 | 100.00 |
| 0.125 | 89.41 | 100.00 | 83.73 | 100.00 |
| 0.250 | 93.65 | 100.00 | 89.82 | 100.00 |
| 0.375 | 95.82 | 100.00 | 93.29 | 100.00 |
| 0.500 | 97.60 | 100.00 | 96.07 | 100.00 |
| 0.750 | 99.09 | 100.00 | 98.98 | 100.00 |

### by n_heavy

| bin   |   n |   COV_R |   MAT_R |   COV_P |   MAT_P |
|:------|----:|--------:|--------:|--------:|--------:|
| <=5   |   3 | 100     |   0.019 | 100     |   0.014 |
| 6     |  10 |  96.667 |   0.028 |  96.875 |   0.036 |
| 7     |  22 | 100     |   0.031 |  98.075 |   0.06  |
| 8     | 136 |  98.048 |   0.051 |  96.373 |   0.075 |
| 9     | 825 |  97.943 |   0.055 |  96.405 |   0.077 |
| >9    |   0 | nan     | nan     | nan     | nan     |

### by n_rot_heavy

| bin   |   n |   COV_R |   MAT_R |   COV_P |   MAT_P |
|:------|----:|--------:|--------:|--------:|--------:|
| 0     | 318 | 100     |   0.003 | 100     |   0.005 |
| 1     | 316 |  99.136 |   0.034 |  98.924 |   0.048 |
| 2     | 178 |  96.214 |   0.09  |  93.831 |   0.129 |
| 3     |  93 |  95.98  |   0.113 |  91.881 |   0.158 |
| 4+    |  91 |  92.576 |   0.163 |  85.277 |   0.232 |

### by n_rot_repo

| bin   |   n |   COV_R |   MAT_R |   COV_P |   MAT_P |
|:------|----:|--------:|--------:|--------:|--------:|
| <=1   | 253 | 100     |   0.004 |  99.987 |   0.005 |
| 2     | 220 |  99.303 |   0.032 |  99.015 |   0.046 |
| 3     | 201 |  97.338 |   0.058 |  95.252 |   0.084 |
| 4     | 133 |  97.547 |   0.07  |  96.918 |   0.096 |
| 5-6   | 129 |  94.551 |   0.124 |  90.191 |   0.173 |
| 7+    |  60 |  95.358 |   0.131 |  88.612 |   0.201 |

### by n_true

| bin   |   n |   COV_R |   MAT_R |   COV_P |   MAT_P |
|:------|----:|--------:|--------:|--------:|--------:|
| 1     | 253 |  98.419 |   0.018 |  98.419 |   0.023 |
| 2-3   | 243 |  97.599 |   0.04  |  96.502 |   0.051 |
| 4-10  | 281 |  98.142 |   0.061 |  96.099 |   0.092 |
| 11-30 | 135 |  97.317 |   0.096 |  94.583 |   0.132 |
| >30   |  84 |  98.47  |   0.104 |  94.578 |   0.161 |
wrote /scratch/nishanth.r/tordiff/results/qm9_B6_jit0.04pa_e100_s0/steps20_seed0_gtLcycle/breakdown.csv
