996 molecules (model failures excluded here: 4)  threshold=0.5
SUMMARY (from evaluate): {'threshold': 0.5, 'COV-R_mean': 98.60500538000288, 'COV-R_median': 100.0, 'MAT-R_mean': 0.033068546063688746, 'MAT-R_median': 0.009970947824290614, 'COV-P_mean': 97.9734665558752, 'COV-P_median': 100.0, 'MAT-P_mean': 0.04878417365941578, 'MAT-P_median': 0.019113453017431805, 'n_evaluated': 996, 'n_model_failures': 4, 'n_additional_failures': 0}

### COV threshold sweep (mean / median over molecules, failures = 0) -- SECONDARY / exploratory; the pre-registered primary threshold is --threshold (0.5 A for QM9)

| thr (A) | COV-R mean | COV-R median | COV-P mean | COV-P median |
|---|---|---|---|---|
| 0.050 | 85.27 | 100.00 | 77.91 | 100.00 |
| 0.100 | 92.86 | 100.00 | 87.97 | 100.00 |
| 0.125 | 94.09 | 100.00 | 90.07 | 100.00 |
| 0.250 | 96.59 | 100.00 | 94.67 | 100.00 |
| 0.375 | 97.80 | 100.00 | 96.48 | 100.00 |
| 0.500 | 98.61 | 100.00 | 97.97 | 100.00 |
| 0.750 | 99.42 | 100.00 | 99.27 | 100.00 |

### by n_heavy

| bin   |   n |   COV_R |   MAT_R |   COV_P |   MAT_P |
|:------|----:|--------:|--------:|--------:|--------:|
| <=5   |   3 | 100     |   0.016 | 100     |   0.011 |
| 6     |  10 | 100     |   0.007 | 100     |   0.009 |
| 7     |  22 | 100     |   0.016 |  99.742 |   0.032 |
| 8     | 136 |  99.613 |   0.026 |  98.875 |   0.041 |
| 9     | 825 |  98.858 |   0.035 |  98.221 |   0.051 |
| >9    |   0 | nan     | nan     | nan     | nan     |

### by n_rot_heavy

| bin   |   n |   COV_R |   MAT_R |   COV_P |   MAT_P |
|:------|----:|--------:|--------:|--------:|--------:|
| 0     | 318 | 100     |   0.001 | 100     |   0.003 |
| 1     | 316 |  99.525 |   0.019 |  99.596 |   0.027 |
| 2     | 178 |  98.716 |   0.051 |  97.666 |   0.076 |
| 3     |  93 |  97.515 |   0.076 |  96.172 |   0.108 |
| 4+    |  91 |  95.766 |   0.116 |  92.007 |   0.169 |

### by n_rot_repo

| bin   |   n |   COV_R |   MAT_R |   COV_P |   MAT_P |
|:------|----:|--------:|--------:|--------:|--------:|
| <=1   | 253 |  99.802 |   0.004 | 100     |   0.004 |
| 2     | 220 |  99.545 |   0.017 |  99.584 |   0.026 |
| 3     | 201 |  99.393 |   0.029 |  98.049 |   0.049 |
| 4     | 133 |  98.965 |   0.041 |  98.798 |   0.06  |
| 5-6   | 129 |  96.552 |   0.09  |  94.896 |   0.123 |
| 7+    |  60 |  97.658 |   0.087 |  94.591 |   0.135 |

### by n_true

| bin   |   n |   COV_R |   MAT_R |   COV_P |   MAT_P |
|:------|----:|--------:|--------:|--------:|--------:|
| 1     | 253 | 100     |   0.002 |  99.802 |   0.009 |
| 2-3   | 243 |  98.285 |   0.026 |  98.56  |   0.031 |
| 4-10  | 281 |  99.021 |   0.042 |  97.845 |   0.063 |
| 11-30 | 135 |  98.367 |   0.062 |  97.025 |   0.09  |
| >30   |  84 |  99.016 |   0.07  |  97.389 |   0.108 |
wrote /scratch/nishanth.r/tordiff/results/qm9_S3_mixL_p0.5_e100_s0/steps20_seed0_gtLcycle/breakdown.csv
