996 molecules (model failures excluded here: 4)  threshold=0.5
SUMMARY (from evaluate): {'threshold': 0.5, 'COV-R_mean': 94.66784190394452, 'COV-R_median': 100.0, 'MAT-R_mean': 0.16353547890200987, 'MAT-R_median': 0.09661746673932214, 'COV-P_mean': 86.32264018533087, 'COV-P_median': 100.0, 'MAT-P_mean': 0.2300065828415697, 'MAT-P_median': 0.17281760717615424, 'n_evaluated': 996, 'n_model_failures': 4, 'n_additional_failures': 0}

### COV threshold sweep (mean / median over molecules, failures = 0) -- SECONDARY / exploratory; the pre-registered primary threshold is --threshold (0.5 A for QM9)

| thr (A) | COV-R mean | COV-R median | COV-P mean | COV-P median |
|---|---|---|---|---|
| 0.050 | 11.81 | 0.00 | 6.05 | 0.00 |
| 0.100 | 56.41 | 66.67 | 47.54 | 33.33 |
| 0.125 | 61.22 | 83.33 | 51.39 | 50.00 |
| 0.250 | 76.72 | 100.00 | 64.96 | 75.00 |
| 0.375 | 87.86 | 100.00 | 77.11 | 100.00 |
| 0.500 | 94.67 | 100.00 | 86.32 | 100.00 |
| 0.750 | 98.76 | 100.00 | 95.98 | 100.00 |

### by n_heavy

| bin   |   n |   COV_R |   MAT_R |   COV_P |   MAT_P |
|:------|----:|--------:|--------:|--------:|--------:|
| <=5   |   3 | 100     |   0.06  | 100     |   0.082 |
| 6     |  10 |  93     |   0.151 |  91     |   0.178 |
| 7     |  22 |  99.862 |   0.12  |  88.533 |   0.201 |
| 8     | 136 |  95.953 |   0.166 |  88.493 |   0.232 |
| 9     | 825 |  94.777 |   0.165 |  86.218 |   0.232 |
| >9    |   0 | nan     | nan     | nan     | nan     |

### by n_rot_heavy

| bin   |   n |   COV_R |   MAT_R |   COV_P |   MAT_P |
|:------|----:|--------:|--------:|--------:|--------:|
| 0     | 318 | 100     |   0.057 |  99.607 |   0.072 |
| 1     | 316 |  98.134 |   0.127 |  93.56  |   0.19  |
| 2     | 178 |  94.997 |   0.228 |  81.421 |   0.325 |
| 3     |  93 |  86.665 |   0.308 |  64.965 |   0.436 |
| 4+    |  91 |  75.693 |   0.39  |  49.976 |   0.523 |

### by n_rot_repo

| bin   |   n |   COV_R |   MAT_R |   COV_P |   MAT_P |
|:------|----:|--------:|--------:|--------:|--------:|
| <=1   | 253 |  99.407 |   0.066 |  99.875 |   0.075 |
| 2     | 220 |  98.618 |   0.107 |  94.685 |   0.159 |
| 3     | 201 |  96.384 |   0.167 |  88.487 |   0.238 |
| 4     | 133 |  95.73  |   0.201 |  84.544 |   0.296 |
| 5-6   | 129 |  84.961 |   0.31  |  63.376 |   0.438 |
| 7+    |  60 |  79.278 |   0.374 |  50.299 |   0.524 |

### by n_true

| bin   |   n |   COV_R |   MAT_R |   COV_P |   MAT_P |
|:------|----:|--------:|--------:|--------:|--------:|
| 1     | 253 |  97.628 |   0.087 |  95.455 |   0.112 |
| 2-3   | 243 |  96.228 |   0.132 |  90.844 |   0.182 |
| 4-10  | 281 |  94.096 |   0.184 |  85.726 |   0.261 |
| 11-30 | 135 |  91.725 |   0.241 |  77.044 |   0.347 |
| >30   |  84 |  92.389 |   0.292 |  66.758 |   0.433 |
wrote /scratch/nishanth.r/tordiff/results/qm9_B1_train_gtL_e100_s2/S1_noise0.04pa_cyc_ORACLE/breakdown.csv
