996 molecules (model failures excluded here: 4)  threshold=0.5
SUMMARY (from evaluate): {'threshold': 0.5, 'COV-R_mean': 94.78251391938548, 'COV-R_median': 100.0, 'MAT-R_mean': 0.15982291356518183, 'MAT-R_median': 0.09287842501261126, 'COV-P_mean': 87.48559526002369, 'COV-P_median': 100.0, 'MAT-P_mean': 0.2210523426821882, 'MAT-P_median': 0.1632068970120241, 'n_evaluated': 996, 'n_model_failures': 4, 'n_additional_failures': 0}

### COV threshold sweep (mean / median over molecules, failures = 0) -- SECONDARY / exploratory; the pre-registered primary threshold is --threshold (0.5 A for QM9)

| thr (A) | COV-R mean | COV-R median | COV-P mean | COV-P median |
|---|---|---|---|---|
| 0.050 | 11.91 | 0.00 | 6.07 | 0.00 |
| 0.100 | 57.42 | 67.95 | 48.29 | 35.00 |
| 0.125 | 62.49 | 88.89 | 52.34 | 50.00 |
| 0.250 | 77.84 | 100.00 | 66.60 | 83.33 |
| 0.375 | 88.38 | 100.00 | 78.70 | 100.00 |
| 0.500 | 94.78 | 100.00 | 87.49 | 100.00 |
| 0.750 | 98.86 | 100.00 | 96.51 | 100.00 |

### by n_heavy

| bin   |   n |   COV_R |   MAT_R |   COV_P |   MAT_P |
|:------|----:|--------:|--------:|--------:|--------:|
| <=5   |   3 | 100     |   0.072 | 100     |   0.081 |
| 6     |  10 |  95     |   0.147 |  94.25  |   0.163 |
| 7     |  22 | 100     |   0.115 |  90.87  |   0.197 |
| 8     | 136 |  95.665 |   0.162 |  88.118 |   0.225 |
| 9     | 825 |  94.936 |   0.161 |  87.588 |   0.222 |
| >9    |   0 | nan     | nan     | nan     | nan     |

### by n_rot_heavy

| bin   |   n |   COV_R |   MAT_R |   COV_P |   MAT_P |
|:------|----:|--------:|--------:|--------:|--------:|
| 0     | 318 | 100     |   0.058 |  99.895 |   0.072 |
| 1     | 316 |  98.192 |   0.119 |  95.204 |   0.173 |
| 2     | 178 |  94.334 |   0.224 |  83.608 |   0.313 |
| 3     |  93 |  88.639 |   0.298 |  65.891 |   0.424 |
| 4+    |  91 |  76.032 |   0.389 |  50.816 |   0.521 |

### by n_rot_repo

| bin   |   n |   COV_R |   MAT_R |   COV_P |   MAT_P |
|:------|----:|--------:|--------:|--------:|--------:|
| <=1   | 253 | 100     |   0.065 |  99.704 |   0.075 |
| 2     | 220 |  98.508 |   0.105 |  97.122 |   0.146 |
| 3     | 201 |  95.964 |   0.162 |  89.906 |   0.226 |
| 4     | 133 |  94.77  |   0.198 |  85.768 |   0.282 |
| 5-6   | 129 |  86.52  |   0.301 |  64.653 |   0.429 |
| 7+    |  60 |  79.277 |   0.365 |  51.251 |   0.514 |

### by n_true

| bin   |   n |   COV_R |   MAT_R |   COV_P |   MAT_P |
|:------|----:|--------:|--------:|--------:|--------:|
| 1     | 253 |  98.814 |   0.079 |  97.036 |   0.101 |
| 2-3   | 243 |  95.062 |   0.137 |  91.735 |   0.175 |
| 4-10  | 281 |  94.547 |   0.175 |  87.187 |   0.249 |
| 11-30 | 135 |  92.394 |   0.237 |  77.867 |   0.341 |
| >30   |  84 |  90.971 |   0.293 |  67.053 |   0.427 |
wrote /scratch/nishanth.r/tordiff/results/qm9_B1_train_gtL_e100_s0/S1_noise0.04pa_cyc_ORACLE/breakdown.csv
