996 molecules (model failures excluded here: 4)  threshold=0.5
SUMMARY (from evaluate): {'threshold': 0.5, 'COV-R_mean': 95.83221937388447, 'COV-R_median': 100.0, 'MAT-R_mean': 0.11958139346447985, 'MAT-R_median': 0.07458866726292154, 'COV-P_mean': 93.23966681851103, 'COV-P_median': 100.0, 'MAT-P_mean': 0.14977442828502374, 'MAT-P_median': 0.09733225486515669, 'n_evaluated': 996, 'n_model_failures': 4, 'n_additional_failures': 0}

### COV threshold sweep (mean / median over molecules, failures = 0) -- SECONDARY / exploratory; the pre-registered primary threshold is --threshold (0.5 A for QM9)

| thr (A) | COV-R mean | COV-R median | COV-P mean | COV-P median |
|---|---|---|---|---|
| 0.050 | 14.13 | 0.00 | 7.13 | 0.00 |
| 0.100 | 72.05 | 100.00 | 63.14 | 68.75 |
| 0.125 | 78.59 | 100.00 | 70.08 | 81.25 |
| 0.250 | 88.98 | 100.00 | 84.05 | 100.00 |
| 0.375 | 92.70 | 100.00 | 88.78 | 100.00 |
| 0.500 | 95.83 | 100.00 | 93.24 | 100.00 |
| 0.750 | 98.80 | 100.00 | 98.33 | 100.00 |

### by n_heavy

| bin   |   n |   COV_R |   MAT_R |   COV_P |   MAT_P |
|:------|----:|--------:|--------:|--------:|--------:|
| <=5   |   3 | 100     |   0.057 | 100     |   0.069 |
| 6     |  10 |  96     |   0.094 |  92     |   0.129 |
| 7     |  22 |  96.364 |   0.107 |  93.791 |   0.146 |
| 8     | 136 |  95.467 |   0.124 |  92.517 |   0.154 |
| 9     | 825 |  96.326 |   0.12  |  93.787 |   0.15  |
| >9    |   0 | nan     | nan     | nan     | nan     |

### by n_rot_heavy

| bin   |   n |   COV_R |   MAT_R |   COV_P |   MAT_P |
|:------|----:|--------:|--------:|--------:|--------:|
| 0     | 318 | 100     |   0.06  |  99.03  |   0.073 |
| 1     | 316 |  97.702 |   0.098 |  96.999 |   0.117 |
| 2     | 178 |  93.836 |   0.165 |  89.719 |   0.208 |
| 3     |  93 |  92.823 |   0.187 |  87.382 |   0.242 |
| 4+    |  91 |  85.969 |   0.245 |  76.92  |   0.322 |

### by n_rot_repo

| bin   |   n |   COV_R |   MAT_R |   COV_P |   MAT_P |
|:------|----:|--------:|--------:|--------:|--------:|
| <=1   | 253 |  99.802 |   0.062 |  99.875 |   0.067 |
| 2     | 220 |  98.735 |   0.089 |  96.892 |   0.114 |
| 3     | 201 |  94.87  |   0.131 |  93.184 |   0.155 |
| 4     | 133 |  95.826 |   0.142 |  92.441 |   0.186 |
| 5-6   | 129 |  91.427 |   0.194 |  84.2   |   0.257 |
| 7+    |  60 |  87.546 |   0.224 |  79.478 |   0.297 |

### by n_true

| bin   |   n |   COV_R |   MAT_R |   COV_P |   MAT_P |
|:------|----:|--------:|--------:|--------:|--------:|
| 1     | 253 |  98.419 |   0.074 |  97.036 |   0.092 |
| 2-3   | 243 |  95.13  |   0.112 |  93.793 |   0.13  |
| 4-10  | 281 |  95.136 |   0.138 |  92.34  |   0.172 |
| 11-30 | 135 |  95.29  |   0.155 |  90.768 |   0.202 |
| >30   |  84 |  97.837 |   0.159 |  91.627 |   0.222 |
wrote /scratch/nishanth.r/tordiff/results/qm9_CTRL_rematch_100ep_e100_s0/S1_noise0.04pa_cyc_ORACLE/breakdown.csv
