934 molecules (model failures excluded here: 65)  threshold=0.5
SUMMARY (from evaluate): {'threshold': 0.5, 'COV-R_mean': 85.71520344528491, 'COV-R_median': 100.0, 'MAT-R_mean': 0.1862910514948669, 'MAT-R_median': 0.14902568935698868, 'COV-P_mean': 87.34084023850556, 'COV-P_median': 100.0, 'MAT-P_mean': 0.1641362913051938, 'MAT-P_median': 0.12418744066981743, 'n_evaluated': 935, 'n_model_failures': 65, 'n_additional_failures': 1}

### COV threshold sweep (mean / median over molecules, failures = 0) -- SECONDARY / exploratory; the pre-registered primary threshold is --threshold (0.5 A for QM9)

| thr (A) | COV-R mean | COV-R median | COV-P mean | COV-P median |
|---|---|---|---|---|
| 0.050 | 15.24 | 0.00 | 17.12 | 0.00 |
| 0.100 | 43.29 | 37.15 | 46.57 | 39.83 |
| 0.125 | 51.87 | 50.00 | 55.76 | 62.35 |
| 0.250 | 71.39 | 83.33 | 76.19 | 100.00 |
| 0.375 | 79.28 | 100.00 | 82.82 | 100.00 |
| 0.500 | 85.72 | 100.00 | 87.34 | 100.00 |
| 0.750 | 91.62 | 100.00 | 92.13 | 100.00 |

### by n_heavy

| bin   |   n |   COV_R |   MAT_R |   COV_P |   MAT_P |
|:------|----:|--------:|--------:|--------:|--------:|
| <=5   |   2 | 100     |   0.06  | 100     |   0.046 |
| 6     |  10 |  83.083 |   0.183 |  92.75  |   0.136 |
| 7     |  20 |  94.105 |   0.168 |  96.924 |   0.152 |
| 8     | 132 |  90     |   0.177 |  94.422 |   0.139 |
| 9     | 770 |  92.107 |   0.189 |  93.261 |   0.169 |
| >9    |   0 | nan     | nan     | nan     | nan     |

### by n_rot_heavy

| bin   |   n |   COV_R |   MAT_R |   COV_P |   MAT_P |
|:------|----:|--------:|--------:|--------:|--------:|
| 0     | 281 |  97.751 |   0.119 |  96.555 |   0.123 |
| 1     | 297 |  93.865 |   0.175 |  96.642 |   0.144 |
| 2     | 174 |  88.533 |   0.227 |  91.523 |   0.194 |
| 3     |  93 |  83.981 |   0.246 |  89.01  |   0.196 |
| 4+    |  89 |  80.383 |   0.296 |  82.06  |   0.267 |

### by n_rot_repo

| bin   |   n |   COV_R |   MAT_R |   COV_P |   MAT_P |
|:------|----:|--------:|--------:|--------:|--------:|
| <=1   | 225 |  96.876 |   0.13  |  96.488 |   0.131 |
| 2     | 201 |  94.756 |   0.16  |  96.595 |   0.139 |
| 3     | 195 |  92.948 |   0.189 |  95.243 |   0.163 |
| 4     | 126 |  87.505 |   0.228 |  92.173 |   0.184 |
| 5-6   | 128 |  82.211 |   0.262 |  86.174 |   0.218 |
| 7+    |  59 |  88.113 |   0.229 |  84.73  |   0.222 |

### by n_true

| bin   |   n |   COV_R |   MAT_R |   COV_P |   MAT_P |
|:------|----:|--------:|--------:|--------:|--------:|
| 1     | 223 |  97.758 |   0.109 |  95.291 |   0.128 |
| 2-3   | 225 |  90.741 |   0.193 |  93.667 |   0.168 |
| 4-10  | 274 |  89.639 |   0.213 |  91.729 |   0.182 |
| 11-30 | 128 |  88.148 |   0.234 |  93.016 |   0.181 |
| >30   |  84 |  91.126 |   0.215 |  94.955 |   0.165 |
wrote /scratch/nishanth.r/tordiff/results/qm9_default/A3_post_mmff/breakdown.csv
