955 molecules (model failures excluded here: 45)  threshold=0.5
SUMMARY (from evaluate): {'threshold': 0.5, 'COV-R_mean': 89.50159265456921, 'COV-R_median': 100.0, 'MAT-R_mean': 0.1837277353800004, 'MAT-R_median': 0.1506324412687543, 'COV-P_mean': 87.31018391211963, 'COV-P_median': 100.0, 'MAT-P_mean': 0.20670248501542018, 'MAT-P_median': 0.17274882505868536, 'n_evaluated': 955, 'n_model_failures': 45, 'n_additional_failures': 0}

### COV threshold sweep (mean / median over molecules, failures = 0) -- SECONDARY / exploratory; the pre-registered primary threshold is --threshold (0.5 A for QM9)

| thr (A) | COV-R mean | COV-R median | COV-P mean | COV-P median |
|---|---|---|---|---|
| 0.050 | 12.33 | 0.00 | 9.47 | 0.00 |
| 0.100 | 41.85 | 34.31 | 35.27 | 21.49 |
| 0.125 | 50.48 | 50.00 | 43.55 | 39.43 |
| 0.250 | 72.40 | 90.81 | 67.94 | 83.33 |
| 0.375 | 83.19 | 100.00 | 79.89 | 100.00 |
| 0.500 | 89.50 | 100.00 | 87.31 | 100.00 |
| 0.750 | 94.01 | 100.00 | 94.00 | 100.00 |

### by n_heavy

| bin   |   n |   COV_R |   MAT_R |   COV_P |   MAT_P |
|:------|----:|--------:|--------:|--------:|--------:|
| <=5   |   3 | 100     |   0.032 | 100     |   0.026 |
| 6     |  10 |  98     |   0.085 |  96.5   |   0.129 |
| 7     |  21 |  95.238 |   0.123 |  92.832 |   0.141 |
| 8     | 133 |  95.054 |   0.159 |  93.831 |   0.176 |
| 9     | 788 |  93.375 |   0.191 |  90.883 |   0.215 |
| >9    |   0 | nan     | nan     | nan     | nan     |

### by n_rot_heavy

| bin   |   n |   COV_R |   MAT_R |   COV_P |   MAT_P |
|:------|----:|--------:|--------:|--------:|--------:|
| 0     | 289 |  94.292 |   0.182 |  94.478 |   0.186 |
| 1     | 306 |  95.502 |   0.168 |  94.091 |   0.188 |
| 2     | 177 |  92.751 |   0.197 |  89.513 |   0.225 |
| 3     |  93 |  92.161 |   0.185 |  87.461 |   0.225 |
| 4+    |  90 |  89.33  |   0.215 |  80.406 |   0.282 |

### by n_rot_repo

| bin   |   n |   COV_R |   MAT_R |   COV_P |   MAT_P |
|:------|----:|--------:|--------:|--------:|--------:|
| <=1   | 232 |  94.916 |   0.18  |  95.672 |   0.179 |
| 2     | 209 |  94.16  |   0.184 |  93.986 |   0.193 |
| 3     | 196 |  94.435 |   0.183 |  90.789 |   0.209 |
| 4     | 130 |  92.156 |   0.188 |  89.826 |   0.224 |
| 5-6   | 128 |  92.401 |   0.184 |  85.854 |   0.237 |
| 7+    |  60 |  91.413 |   0.192 |  83.501 |   0.252 |

### by n_true

| bin   |   n |   COV_R |   MAT_R |   COV_P |   MAT_P |
|:------|----:|--------:|--------:|--------:|--------:|
| 1     | 228 |  95.175 |   0.169 |  92.982 |   0.184 |
| 2-3   | 232 |  90.23  |   0.207 |  89.978 |   0.212 |
| 4-10  | 278 |  93.813 |   0.189 |  91.417 |   0.213 |
| 11-30 | 133 |  94.842 |   0.171 |  90.889 |   0.215 |
| >30   |  84 |  97.312 |   0.164 |  92.06  |   0.22  |
wrote /scratch/nishanth.r/tordiff/results/qm9_CTRL_rematch_100ep_e100_s2/S1_A5acyc_cyc_ORACLE/breakdown.csv
