906 molecules (model failures excluded here: 94)  threshold=0.5
SUMMARY (from evaluate): {'threshold': 0.5, 'COV-R_mean': 85.78322979472205, 'COV-R_median': 100.0, 'MAT-R_mean': 0.1115985135055548, 'MAT-R_median': 0.06896553752488621, 'COV-P_mean': 87.44716428992476, 'COV-P_median': 100.0, 'MAT-P_mean': 0.1004840266172188, 'MAT-P_median': 0.06840874977891359, 'n_evaluated': 906, 'n_model_failures': 94, 'n_additional_failures': 0}

### COV threshold sweep (mean / median over molecules, failures = 0) -- SECONDARY / exploratory; the pre-registered primary threshold is --threshold (0.5 A for QM9)

| thr (A) | COV-R mean | COV-R median | COV-P mean | COV-P median |
|---|---|---|---|---|
| 0.050 | 47.34 | 41.80 | 44.63 | 33.33 |
| 0.100 | 68.13 | 77.78 | 67.61 | 80.97 |
| 0.125 | 71.78 | 83.90 | 72.51 | 90.00 |
| 0.250 | 78.91 | 100.00 | 81.22 | 100.00 |
| 0.375 | 82.42 | 100.00 | 85.15 | 100.00 |
| 0.500 | 85.78 | 100.00 | 87.45 | 100.00 |
| 0.750 | 89.57 | 100.00 | 90.24 | 100.00 |

### by n_heavy

| bin   |   n |   COV_R |   MAT_R |   COV_P |   MAT_P |
|:------|----:|--------:|--------:|--------:|--------:|
| <=5   |   2 | 100     |   0.039 | 100     |   0.023 |
| 6     |  10 |  98.75  |   0.073 |  98.75  |   0.06  |
| 7     |  21 |  98.413 |   0.078 |  98.135 |   0.086 |
| 8     | 126 |  94.391 |   0.1   |  96.232 |   0.096 |
| 9     | 747 |  94.559 |   0.115 |  96.484 |   0.102 |
| >9    |   0 | nan     | nan     | nan     | nan     |

### by n_rot_heavy

| bin   |   n |   COV_R |   MAT_R |   COV_P |   MAT_P |
|:------|----:|--------:|--------:|--------:|--------:|
| 0     | 258 |  96.96  |   0.072 |  99.903 |   0.039 |
| 1     | 293 |  94.957 |   0.096 |  98.291 |   0.075 |
| 2     | 173 |  94.134 |   0.125 |  95.784 |   0.127 |
| 3     |  93 |  91.684 |   0.175 |  92.577 |   0.171 |
| 4+    |  89 |  91.385 |   0.184 |  86.435 |   0.235 |

### by n_rot_repo

| bin   |   n |   COV_R |   MAT_R |   COV_P |   MAT_P |
|:------|----:|--------:|--------:|--------:|--------:|
| <=1   | 203 |  96.252 |   0.073 |  99.507 |   0.039 |
| 2     | 197 |  94.791 |   0.105 |  98.481 |   0.074 |
| 3     | 192 |  94.694 |   0.103 |  96.726 |   0.096 |
| 4     | 127 |  93.907 |   0.13  |  97.245 |   0.112 |
| 5-6   | 127 |  95.067 |   0.15  |  92.447 |   0.176 |
| 7+    |  60 |  89.82  |   0.176 |  86.4   |   0.224 |

### by n_true

| bin   |   n |   COV_R |   MAT_R |   COV_P |   MAT_P |
|:------|----:|--------:|--------:|--------:|--------:|
| 1     | 199 | 100     |   0.035 |  99.749 |   0.038 |
| 2-3   | 216 |  90.278 |   0.127 |  95.872 |   0.088 |
| 4-10  | 274 |  93.341 |   0.134 |  96     |   0.112 |
| 11-30 | 133 |  94.719 |   0.138 |  94.902 |   0.144 |
| >30   |  84 |  97.741 |   0.139 |  94.795 |   0.176 |
wrote /scratch/nishanth.r/tordiff/results/qm9_B1_train_gtL_e100_s1/S1_lam0.75_cyc_ORACLE/breakdown.csv
