996 molecules (model failures excluded here: 4)  threshold=0.5
SUMMARY (from evaluate): {'threshold': 0.5, 'COV-R_mean': 99.04906943814073, 'COV-R_median': 100.0, 'MAT-R_mean': 0.021477603105489115, 'MAT-R_median': 0.0068888909687374305, 'COV-P_mean': 98.66846435780083, 'COV-P_median': 100.0, 'MAT-P_mean': 0.03323168475346344, 'MAT-P_median': 0.012247053947496752, 'n_evaluated': 996, 'n_model_failures': 4, 'n_additional_failures': 0}

### COV threshold sweep (mean / median over molecules, failures = 0) -- SECONDARY / exploratory; the pre-registered primary threshold is --threshold (0.5 A for QM9)

| thr (A) | COV-R mean | COV-R median | COV-P mean | COV-P median |
|---|---|---|---|---|
| 0.050 | 91.80 | 100.00 | 85.35 | 100.00 |
| 0.100 | 96.35 | 100.00 | 92.91 | 100.00 |
| 0.125 | 97.05 | 100.00 | 94.22 | 100.00 |
| 0.250 | 98.10 | 100.00 | 96.79 | 100.00 |
| 0.375 | 98.69 | 100.00 | 97.94 | 100.00 |
| 0.500 | 99.05 | 100.00 | 98.67 | 100.00 |
| 0.750 | 99.38 | 100.00 | 99.27 | 100.00 |

### by n_heavy

| bin   |   n |   COV_R |   MAT_R |   COV_P |   MAT_P |
|:------|----:|--------:|--------:|--------:|--------:|
| <=5   |   3 | 100     |   0.002 | 100     |   0.006 |
| 6     |  10 | 100     |   0.005 | 100     |   0.008 |
| 7     |  22 | 100     |   0.014 | 100     |   0.024 |
| 8     | 136 |  99.949 |   0.016 |  99.531 |   0.028 |
| 9     | 825 |  99.341 |   0.023 |  98.948 |   0.035 |
| >9    |   0 | nan     | nan     | nan     | nan     |

### by n_rot_heavy

| bin   |   n |   COV_R |   MAT_R |   COV_P |   MAT_P |
|:------|----:|--------:|--------:|--------:|--------:|
| 0     | 318 | 100     |   0     |  99.974 |   0.001 |
| 1     | 316 |  99.684 |   0.012 |  99.834 |   0.017 |
| 2     | 178 |  98.955 |   0.035 |  98.658 |   0.052 |
| 3     |  93 |  99.465 |   0.046 |  97.735 |   0.079 |
| 4+    |  91 |  97.635 |   0.076 |  95.372 |   0.118 |

### by n_rot_repo

| bin   |   n |   COV_R |   MAT_R |   COV_P |   MAT_P |
|:------|----:|--------:|--------:|--------:|--------:|
| <=1   | 253 |  99.802 |   0.003 | 100     |   0.002 |
| 2     | 220 |  99.773 |   0.011 |  99.731 |   0.017 |
| 3     | 201 |  99.248 |   0.024 |  98.729 |   0.036 |
| 4     | 133 | 100     |   0.018 |  99.903 |   0.032 |
| 5-6   | 129 |  98.132 |   0.06  |  96.467 |   0.093 |
| 7+    |  60 |  99.02  |   0.053 |  97.529 |   0.089 |

### by n_true

| bin   |   n |   COV_R |   MAT_R |   COV_P |   MAT_P |
|:------|----:|--------:|--------:|--------:|--------:|
| 1     | 253 |  99.605 |   0.007 |  99.407 |   0.009 |
| 2-3   | 243 |  99.383 |   0.015 |  99.383 |   0.02  |
| 4-10  | 281 |  99.488 |   0.024 |  99.135 |   0.038 |
| 11-30 | 135 |  99.052 |   0.039 |  98.072 |   0.064 |
| >30   |  84 |  99.654 |   0.046 |  98.476 |   0.078 |
wrote /scratch/nishanth.r/tordiff/results/qm9_B1_train_gtL_e100_s1/steps20_seed0_gtLcycle/breakdown.csv
