997 molecules (model failures excluded here: 3)  threshold=0.5
SUMMARY (from evaluate): {'threshold': 0.5, 'COV-R_mean': 99.7, 'COV-R_median': 100.0, 'MAT-R_mean': 7.967161401152262e-09, 'MAT-R_median': 6.13779952325183e-09, 'COV-P_mean': 99.7, 'COV-P_median': 100.0, 'MAT-P_mean': 7.967161401152262e-09, 'MAT-P_median': 6.13779952325183e-09, 'n_evaluated': 997, 'n_model_failures': 3, 'n_additional_failures': 0}

### COV threshold sweep (mean / median over molecules, failures = 0) -- SECONDARY / exploratory; the pre-registered primary threshold is --threshold (0.5 A for QM9)

| thr (A) | COV-R mean | COV-R median | COV-P mean | COV-P median |
|---|---|---|---|---|
| 0.050 | 99.70 | 100.00 | 99.70 | 100.00 |
| 0.100 | 99.70 | 100.00 | 99.70 | 100.00 |
| 0.125 | 99.70 | 100.00 | 99.70 | 100.00 |
| 0.250 | 99.70 | 100.00 | 99.70 | 100.00 |
| 0.375 | 99.70 | 100.00 | 99.70 | 100.00 |
| 0.500 | 99.70 | 100.00 | 99.70 | 100.00 |
| 0.750 | 99.70 | 100.00 | 99.70 | 100.00 |

### by n_heavy

| bin   |   n |   COV_R |   MAT_R |   COV_P |   MAT_P |
|:------|----:|--------:|--------:|--------:|--------:|
| <=5   |   3 |     100 |       0 |     100 |       0 |
| 6     |  10 |     100 |       0 |     100 |       0 |
| 7     |  22 |     100 |       0 |     100 |       0 |
| 8     | 136 |     100 |       0 |     100 |       0 |
| 9     | 826 |     100 |       0 |     100 |       0 |
| >9    |   0 |     nan |     nan |     nan |     nan |

### by n_rot_heavy

| bin   |   n |   COV_R |   MAT_R |   COV_P |   MAT_P |
|:------|----:|--------:|--------:|--------:|--------:|
| 0     | 319 |     100 |       0 |     100 |       0 |
| 1     | 316 |     100 |       0 |     100 |       0 |
| 2     | 178 |     100 |       0 |     100 |       0 |
| 3     |  93 |     100 |       0 |     100 |       0 |
| 4+    |  91 |     100 |       0 |     100 |       0 |

### by n_rot_repo

| bin   |   n |   COV_R |   MAT_R |   COV_P |   MAT_P |
|:------|----:|--------:|--------:|--------:|--------:|
| <=1   | 253 |     100 |       0 |     100 |       0 |
| 2     | 220 |     100 |       0 |     100 |       0 |
| 3     | 201 |     100 |       0 |     100 |       0 |
| 4     | 133 |     100 |       0 |     100 |       0 |
| 5-6   | 129 |     100 |       0 |     100 |       0 |
| 7+    |  61 |     100 |       0 |     100 |       0 |

### by n_true

| bin   |   n |   COV_R |   MAT_R |   COV_P |   MAT_P |
|:------|----:|--------:|--------:|--------:|--------:|
| 1     | 253 |     100 |       0 |     100 |       0 |
| 2-3   | 243 |     100 |       0 |     100 |       0 |
| 4-10  | 281 |     100 |       0 |     100 |       0 |
| 11-30 | 135 |     100 |       0 |     100 |       0 |
| >30   |  85 |     100 |       0 |     100 |       0 |
wrote /scratch/nishanth.r/tordiff/results/qm9_default/A1c_gtL_cycle_sanity/breakdown.csv
