955 molecules (model failures excluded here: 45)  threshold=0.5
SUMMARY (from evaluate): {'threshold': 0.5, 'COV-R_mean': 86.69520642857626, 'COV-R_median': 100.0, 'MAT-R_mean': 0.181349603198895, 'MAT-R_median': 0.11786979366572568, 'COV-P_mean': 83.52272521655524, 'COV-P_median': 100.0, 'MAT-P_mean': 0.21320388846134575, 'MAT-P_median': 0.16002266607385227, 'n_evaluated': 955, 'n_model_failures': 45, 'n_additional_failures': 0}

### COV threshold sweep (mean / median over molecules, failures = 0) -- SECONDARY / exploratory; the pre-registered primary threshold is --threshold (0.5 A for QM9)

| thr (A) | COV-R mean | COV-R median | COV-P mean | COV-P median |
|---|---|---|---|---|
| 0.050 | 25.77 | 0.00 | 24.22 | 0.00 |
| 0.100 | 49.72 | 46.15 | 44.35 | 25.00 |
| 0.125 | 56.00 | 60.56 | 49.70 | 50.00 |
| 0.250 | 71.46 | 100.00 | 65.01 | 79.81 |
| 0.375 | 80.05 | 100.00 | 75.78 | 100.00 |
| 0.500 | 86.70 | 100.00 | 83.52 | 100.00 |
| 0.750 | 93.55 | 100.00 | 92.27 | 100.00 |

### by n_heavy

| bin   |   n |   COV_R |   MAT_R |   COV_P |   MAT_P |
|:------|----:|--------:|--------:|--------:|--------:|
| <=5   |   3 | 100     |   0.119 | 100     |   0.127 |
| 6     |  10 |  95     |   0.155 |  97.75  |   0.14  |
| 7     |  21 |  91.198 |   0.159 |  87.566 |   0.193 |
| 8     | 133 |  92.006 |   0.172 |  89.04  |   0.204 |
| 9     | 788 |  90.474 |   0.184 |  87.01  |   0.217 |
| >9    |   0 | nan     | nan     | nan     | nan     |

### by n_rot_heavy

| bin   |   n |   COV_R |   MAT_R |   COV_P |   MAT_P |
|:------|----:|--------:|--------:|--------:|--------:|
| 0     | 289 | 100     |   0.046 | 100     |   0.051 |
| 1     | 306 |  95.12  |   0.151 |  93.495 |   0.173 |
| 2     | 177 |  83.248 |   0.272 |  82.335 |   0.302 |
| 3     |  93 |  82.633 |   0.31  |  71.619 |   0.394 |
| 4+    |  90 |  69.654 |   0.408 |  53.105 |   0.508 |

### by n_rot_repo

| bin   |   n |   COV_R |   MAT_R |   COV_P |   MAT_P |
|:------|----:|--------:|--------:|--------:|--------:|
| <=1   | 232 |  98.922 |   0.05  |  99.662 |   0.047 |
| 2     | 209 |  94.777 |   0.141 |  95.95  |   0.145 |
| 3     | 196 |  89.937 |   0.194 |  88.774 |   0.224 |
| 4     | 130 |  89.07  |   0.233 |  85.202 |   0.277 |
| 5-6   | 128 |  80.094 |   0.324 |  66.369 |   0.415 |
| 7+    |  60 |  74.633 |   0.372 |  56.272 |   0.488 |

### by n_true

| bin   |   n |   COV_R |   MAT_R |   COV_P |   MAT_P |
|:------|----:|--------:|--------:|--------:|--------:|
| 1     | 228 |  96.491 |   0.077 |  95.833 |   0.086 |
| 2-3   | 232 |  90.086 |   0.169 |  89.943 |   0.177 |
| 4-10  | 278 |  88.453 |   0.216 |  86.044 |   0.249 |
| 11-30 | 133 |  89.281 |   0.245 |  81.333 |   0.311 |
| >30   |  84 |  87.272 |   0.283 |  72.243 |   0.387 |
wrote /scratch/nishanth.r/tordiff/results/qm9_B1_train_gtL_e100_s2/S1_A5ring_cyc_ORACLE/breakdown.csv
