906 molecules (model failures excluded here: 94)  threshold=0.5
SUMMARY (from evaluate): {'threshold': 0.5, 'COV-R_mean': 86.23001961197124, 'COV-R_median': 100.0, 'MAT-R_mean': 0.15924319842638876, 'MAT-R_median': 0.1304096680514072, 'COV-P_mean': 84.51102605977444, 'COV-P_median': 100.0, 'MAT-P_mean': 0.17581059269852292, 'MAT-P_median': 0.14362914894382642, 'n_evaluated': 906, 'n_model_failures': 94, 'n_additional_failures': 0}

### COV threshold sweep (mean / median over molecules, failures = 0) -- SECONDARY / exploratory; the pre-registered primary threshold is --threshold (0.5 A for QM9)

| thr (A) | COV-R mean | COV-R median | COV-P mean | COV-P median |
|---|---|---|---|---|
| 0.050 | 10.42 | 0.00 | 9.06 | 0.00 |
| 0.100 | 43.94 | 37.50 | 38.61 | 25.00 |
| 0.125 | 54.05 | 55.56 | 48.65 | 50.00 |
| 0.250 | 75.38 | 100.00 | 72.77 | 90.62 |
| 0.375 | 82.22 | 100.00 | 80.43 | 100.00 |
| 0.500 | 86.23 | 100.00 | 84.51 | 100.00 |
| 0.750 | 89.68 | 100.00 | 89.50 | 100.00 |

### by n_heavy

| bin   |   n |   COV_R |   MAT_R |   COV_P |   MAT_P |
|:------|----:|--------:|--------:|--------:|--------:|
| <=5   |   2 | 100     |   0.056 | 100     |   0.048 |
| 6     |  10 |  98.75  |   0.092 |  98.125 |   0.095 |
| 7     |  21 |  97.884 |   0.113 |  96.508 |   0.128 |
| 8     | 126 |  95.934 |   0.135 |  94.368 |   0.15  |
| 9     | 747 |  94.912 |   0.166 |  92.922 |   0.183 |
| >9    |   0 | nan     | nan     | nan     | nan     |

### by n_rot_heavy

| bin   |   n |   COV_R |   MAT_R |   COV_P |   MAT_P |
|:------|----:|--------:|--------:|--------:|--------:|
| 0     | 258 |  96.793 |   0.138 |  98.934 |   0.12  |
| 1     | 293 |  97.502 |   0.135 |  96.312 |   0.151 |
| 2     | 173 |  92.875 |   0.183 |  88.817 |   0.216 |
| 3     |  93 |  93.968 |   0.181 |  89.045 |   0.223 |
| 4+    |  89 |  88.571 |   0.232 |  80.003 |   0.292 |

### by n_rot_repo

| bin   |   n |   COV_R |   MAT_R |   COV_P |   MAT_P |
|:------|----:|--------:|--------:|--------:|--------:|
| <=1   | 203 |  97.325 |   0.128 |  99.754 |   0.109 |
| 2     | 197 |  95.935 |   0.157 |  96.787 |   0.156 |
| 3     | 192 |  95.567 |   0.154 |  91.766 |   0.18  |
| 4     | 127 |  95.594 |   0.161 |  92.061 |   0.199 |
| 5-6   | 127 |  92.282 |   0.192 |  86.097 |   0.239 |
| 7+    |  60 |  89.41  |   0.214 |  82.479 |   0.274 |

### by n_true

| bin   |   n |   COV_R |   MAT_R |   COV_P |   MAT_P |
|:------|----:|--------:|--------:|--------:|--------:|
| 1     | 199 |  97.99  |   0.117 |  96.985 |   0.125 |
| 2-3   | 216 |  91.744 |   0.17  |  92.361 |   0.173 |
| 4-10  | 274 |  95.532 |   0.17  |  92.576 |   0.187 |
| 11-30 | 133 |  94.508 |   0.173 |  91.419 |   0.205 |
| >30   |  84 |  97.241 |   0.172 |  92.101 |   0.22  |
wrote /scratch/nishanth.r/tordiff/results/qm9_CTRL_rematch_100ep_e100_s2/S1_lam0.25_cyc_ORACLE/breakdown.csv
