996 molecules (model failures excluded here: 4)  threshold=0.5
SUMMARY (from evaluate): {'threshold': 0.5, 'COV-R_mean': 96.18757190412595, 'COV-R_median': 100.0, 'MAT-R_mean': 0.08012673305485206, 'MAT-R_median': 0.038586992391023554, 'COV-P_mean': 94.23410009688769, 'COV-P_median': 100.0, 'MAT-P_mean': 0.10166294257306133, 'MAT-P_median': 0.05136340192730932, 'n_evaluated': 996, 'n_model_failures': 4, 'n_additional_failures': 0}

### COV threshold sweep (mean / median over molecules, failures = 0) -- SECONDARY / exploratory; the pre-registered primary threshold is --threshold (0.5 A for QM9)

| thr (A) | COV-R mean | COV-R median | COV-P mean | COV-P median |
|---|---|---|---|---|
| 0.050 | 66.72 | 77.78 | 60.33 | 66.67 |
| 0.100 | 80.11 | 100.00 | 74.69 | 92.72 |
| 0.125 | 83.05 | 100.00 | 78.19 | 94.44 |
| 0.250 | 89.33 | 100.00 | 86.05 | 100.00 |
| 0.375 | 92.88 | 100.00 | 90.00 | 100.00 |
| 0.500 | 96.19 | 100.00 | 94.23 | 100.00 |
| 0.750 | 98.93 | 100.00 | 98.52 | 100.00 |

### by n_heavy

| bin   |   n |   COV_R |   MAT_R |   COV_P |   MAT_P |
|:------|----:|--------:|--------:|--------:|--------:|
| <=5   |   3 | 100     |   0.023 | 100     |   0.012 |
| 6     |  10 |  89.667 |   0.117 |  96.125 |   0.089 |
| 7     |  22 |  97.273 |   0.071 |  95.331 |   0.091 |
| 8     | 136 |  94.468 |   0.09  |  93.675 |   0.113 |
| 9     | 825 |  96.974 |   0.079 |  94.71  |   0.101 |
| >9    |   0 | nan     | nan     | nan     | nan     |

### by n_rot_heavy

| bin   |   n |   COV_R |   MAT_R |   COV_P |   MAT_P |
|:------|----:|--------:|--------:|--------:|--------:|
| 0     | 318 |  99.397 |   0.018 |  99.738 |   0.016 |
| 1     | 316 |  97.731 |   0.061 |  97.547 |   0.075 |
| 2     | 178 |  94.704 |   0.122 |  91.282 |   0.161 |
| 3     |  93 |  94.488 |   0.142 |  88.338 |   0.198 |
| 4+    |  91 |  88.478 |   0.216 |  79.441 |   0.279 |

### by n_rot_repo

| bin   |   n |   COV_R |   MAT_R |   COV_P |   MAT_P |
|:------|----:|--------:|--------:|--------:|--------:|
| <=1   | 253 |  99.374 |   0.021 |  99.888 |   0.012 |
| 2     | 220 |  97.155 |   0.057 |  97.981 |   0.065 |
| 3     | 201 |  97.351 |   0.079 |  94.775 |   0.105 |
| 4     | 133 |  95.613 |   0.102 |  92.778 |   0.146 |
| 5-6   | 129 |  92.786 |   0.164 |  86.383 |   0.213 |
| 7+    |  60 |  90.307 |   0.189 |  81.232 |   0.259 |

### by n_true

| bin   |   n |   COV_R |   MAT_R |   COV_P |   MAT_P |
|:------|----:|--------:|--------:|--------:|--------:|
| 1     | 253 |  98.814 |   0.022 |  97.628 |   0.039 |
| 2-3   | 243 |  94.787 |   0.074 |  95.405 |   0.071 |
| 4-10  | 281 |  96.289 |   0.102 |  93.039 |   0.132 |
| 11-30 | 135 |  95.714 |   0.124 |  91.711 |   0.162 |
| >30   |  84 |  97.33  |   0.132 |  93.166 |   0.181 |
wrote /scratch/nishanth.r/tordiff/results/qm9_default/A1_gtL_model/breakdown.csv
