906 molecules (model failures excluded here: 94)  threshold=0.5
SUMMARY (from evaluate): {'threshold': 0.5, 'COV-R_mean': 81.0501596956439, 'COV-R_median': 100.0, 'MAT-R_mean': 0.18296404519885665, 'MAT-R_median': 0.14322484332907032, 'COV-P_mean': 83.67497123843054, 'COV-P_median': 100.0, 'MAT-P_mean': 0.1686585551525885, 'MAT-P_median': 0.12234424663387856, 'n_evaluated': 906, 'n_model_failures': 94, 'n_additional_failures': 0}

### COV threshold sweep (mean / median over molecules, failures = 0) -- SECONDARY / exploratory; the pre-registered primary threshold is --threshold (0.5 A for QM9)

| thr (A) | COV-R mean | COV-R median | COV-P mean | COV-P median |
|---|---|---|---|---|
| 0.050 | 21.45 | 0.00 | 20.08 | 0.00 |
| 0.100 | 46.99 | 46.15 | 45.81 | 37.87 |
| 0.125 | 54.43 | 50.00 | 54.23 | 56.07 |
| 0.250 | 69.38 | 80.56 | 72.80 | 94.44 |
| 0.375 | 75.75 | 100.00 | 79.10 | 100.00 |
| 0.500 | 81.05 | 100.00 | 83.67 | 100.00 |
| 0.750 | 88.58 | 100.00 | 89.24 | 100.00 |

### by n_heavy

| bin   |   n |   COV_R |   MAT_R |   COV_P |   MAT_P |
|:------|----:|--------:|--------:|--------:|--------:|
| <=5   |   2 | 100     |   0.048 | 100     |   0.045 |
| 6     |  10 | 100     |   0.101 |  99.375 |   0.106 |
| 7     |  21 |  89.63  |   0.152 |  89.466 |   0.16  |
| 8     | 126 |  89.793 |   0.172 |  92.161 |   0.162 |
| 9     | 747 |  89.229 |   0.187 |  92.356 |   0.171 |
| >9    |   0 | nan     | nan     | nan     | nan     |

### by n_rot_heavy

| bin   |   n |   COV_R |   MAT_R |   COV_P |   MAT_P |
|:------|----:|--------:|--------:|--------:|--------:|
| 0     | 258 |  96.529 |   0.108 |  99.806 |   0.078 |
| 1     | 293 |  92.84  |   0.15  |  97.209 |   0.127 |
| 2     | 173 |  83.051 |   0.243 |  89.094 |   0.218 |
| 3     |  93 |  81.337 |   0.274 |  82.51  |   0.277 |
| 4+    |  89 |  78.779 |   0.298 |  71.418 |   0.36  |

### by n_rot_repo

| bin   |   n |   COV_R |   MAT_R |   COV_P |   MAT_P |
|:------|----:|--------:|--------:|--------:|--------:|
| <=1   | 203 |  95.184 |   0.109 |  99.507 |   0.075 |
| 2     | 197 |  90.339 |   0.167 |  97.377 |   0.124 |
| 3     | 192 |  90.739 |   0.178 |  93.977 |   0.169 |
| 4     | 127 |  87.207 |   0.214 |  92.669 |   0.184 |
| 5-6   | 127 |  83.325 |   0.256 |  79.684 |   0.286 |
| 7+    |  60 |  80.862 |   0.279 |  72.653 |   0.35  |

### by n_true

| bin   |   n |   COV_R |   MAT_R |   COV_P |   MAT_P |
|:------|----:|--------:|--------:|--------:|--------:|
| 1     | 199 |  97.487 |   0.089 |  97.236 |   0.092 |
| 2-3   | 216 |  85.725 |   0.191 |  93.21  |   0.148 |
| 4-10  | 274 |  86.368 |   0.22  |  91.662 |   0.187 |
| 11-30 | 133 |  89.861 |   0.206 |  89.684 |   0.215 |
| >30   |  84 |  89.489 |   0.225 |  85.098 |   0.27  |
wrote /scratch/nishanth.r/tordiff/results/qm9_B1_train_gtL_e100_s1/S1_lam0.50_cyc_ORACLE/breakdown.csv
