934 molecules (model failures excluded here: 65)  threshold=0.5
SUMMARY (from evaluate): {'threshold': 0.5, 'COV-R_mean': 88.78222006181498, 'COV-R_median': 100.0, 'MAT-R_mean': 0.18546201848617563, 'MAT-R_median': 0.15726750109321305, 'COV-P_mean': 84.56529389879643, 'COV-P_median': 100.0, 'MAT-P_mean': 0.2339860923808802, 'MAT-P_median': 0.20859831092428374, 'n_evaluated': 935, 'n_model_failures': 65, 'n_additional_failures': 1}

### COV threshold sweep (mean / median over molecules, failures = 0) -- SECONDARY / exploratory; the pre-registered primary threshold is --threshold (0.5 A for QM9)

| thr (A) | COV-R mean | COV-R median | COV-P mean | COV-P median |
|---|---|---|---|---|
| 0.050 | 3.44 | 0.00 | 2.28 | 0.00 |
| 0.100 | 33.21 | 15.69 | 23.64 | 7.11 |
| 0.125 | 46.07 | 42.34 | 34.41 | 25.00 |
| 0.250 | 71.61 | 91.67 | 61.09 | 67.53 |
| 0.375 | 83.16 | 100.00 | 75.97 | 94.19 |
| 0.500 | 88.78 | 100.00 | 84.57 | 100.00 |
| 0.750 | 92.43 | 100.00 | 91.66 | 100.00 |

### by n_heavy

| bin   |   n |   COV_R |   MAT_R |   COV_P |   MAT_P |
|:------|----:|--------:|--------:|--------:|--------:|
| <=5   |   2 | 100     |   0.055 | 100     |   0.048 |
| 6     |  10 |  91.417 |   0.148 |  95.75  |   0.138 |
| 7     |  20 |  95.5   |   0.135 |  95.663 |   0.165 |
| 8     | 132 |  95.067 |   0.173 |  91.331 |   0.214 |
| 9     | 770 |  95.077 |   0.19  |  90.18  |   0.241 |
| >9    |   0 | nan     | nan     | nan     | nan     |

### by n_rot_heavy

| bin   |   n |   COV_R |   MAT_R |   COV_P |   MAT_P |
|:------|----:|--------:|--------:|--------:|--------:|
| 0     | 281 |  97.351 |   0.157 |  95.553 |   0.193 |
| 1     | 297 |  96.756 |   0.168 |  94.343 |   0.214 |
| 2     | 174 |  94.314 |   0.203 |  86.837 |   0.263 |
| 3     |  93 |  91.2   |   0.223 |  83.748 |   0.273 |
| 4+    |  89 |  87.616 |   0.258 |  76.37  |   0.335 |

### by n_rot_repo

| bin   |   n |   COV_R |   MAT_R |   COV_P |   MAT_P |
|:------|----:|--------:|--------:|--------:|--------:|
| <=1   | 225 |  98.11  |   0.15  |  96.31  |   0.183 |
| 2     | 201 |  96.16  |   0.176 |  94.429 |   0.213 |
| 3     | 195 |  96.371 |   0.182 |  91.198 |   0.239 |
| 4     | 126 |  92.845 |   0.212 |  87.546 |   0.261 |
| 5-6   | 128 |  90.533 |   0.221 |  81.163 |   0.29  |
| 7+    |  59 |  89.838 |   0.23  |  79.867 |   0.305 |

### by n_true

| bin   |   n |   COV_R |   MAT_R |   COV_P |   MAT_P |
|:------|----:|--------:|--------:|--------:|--------:|
| 1     | 223 |  96.861 |   0.157 |  93.498 |   0.2   |
| 2-3   | 225 |  93.333 |   0.189 |  90.407 |   0.232 |
| 4-10  | 274 |  94.477 |   0.2   |  89.292 |   0.249 |
| 11-30 | 128 |  94.894 |   0.195 |  89.088 |   0.249 |
| >30   |  84 |  97.014 |   0.19  |  89.339 |   0.258 |
wrote /scratch/nishanth.r/tordiff/results/qm9_B5_match_heavy_e100_s0/steps20_seed0/breakdown.csv
