955 molecules (model failures excluded here: 45)  threshold=0.5
SUMMARY (from evaluate): {'threshold': 0.5, 'COV-R_mean': 82.70514705467022, 'COV-R_median': 100.0, 'MAT-R_mean': 0.26064511130881385, 'MAT-R_median': 0.22010708296653061, 'COV-P_mean': 81.1941845654726, 'COV-P_median': 100.0, 'MAT-P_mean': 0.27954486493532976, 'MAT-P_median': 0.24349921934742394, 'n_evaluated': 955, 'n_model_failures': 45, 'n_additional_failures': 0}

### COV threshold sweep (mean / median over molecules, failures = 0) -- SECONDARY / exploratory; the pre-registered primary threshold is --threshold (0.5 A for QM9)

| thr (A) | COV-R mean | COV-R median | COV-P mean | COV-P median |
|---|---|---|---|---|
| 0.050 | 2.08 | 0.00 | 1.80 | 0.00 |
| 0.100 | 23.18 | 0.00 | 20.08 | 0.00 |
| 0.125 | 32.92 | 12.50 | 27.91 | 6.25 |
| 0.250 | 57.70 | 62.32 | 53.11 | 50.00 |
| 0.375 | 71.91 | 100.00 | 69.73 | 88.35 |
| 0.500 | 82.71 | 100.00 | 81.19 | 100.00 |
| 0.750 | 92.20 | 100.00 | 92.14 | 100.00 |

### by n_heavy

| bin   |   n |   COV_R |   MAT_R |   COV_P |   MAT_P |
|:------|----:|--------:|--------:|--------:|--------:|
| <=5   |   3 | 100     |   0.121 | 100     |   0.123 |
| 6     |  10 |  93.75  |   0.181 |  98     |   0.158 |
| 7     |  21 |  87.532 |   0.201 |  83.912 |   0.235 |
| 8     | 133 |  88.563 |   0.246 |  86.983 |   0.264 |
| 9     | 788 |  86.105 |   0.266 |  84.497 |   0.286 |
| >9    |   0 | nan     | nan     | nan     | nan     |

### by n_rot_heavy

| bin   |   n |   COV_R |   MAT_R |   COV_P |   MAT_P |
|:------|----:|--------:|--------:|--------:|--------:|
| 0     | 289 |  94.524 |   0.19  |  95.17  |   0.191 |
| 1     | 306 |  91.159 |   0.229 |  90.506 |   0.24  |
| 2     | 177 |  80.662 |   0.308 |  80.586 |   0.324 |
| 3     |  93 |  77.936 |   0.337 |  71.658 |   0.389 |
| 4+    |  90 |  66.306 |   0.421 |  56.301 |   0.496 |

### by n_rot_repo

| bin   |   n |   COV_R |   MAT_R |   COV_P |   MAT_P |
|:------|----:|--------:|--------:|--------:|--------:|
| <=1   | 232 |  94.087 |   0.197 |  95.083 |   0.191 |
| 2     | 209 |  89.55  |   0.239 |  91.419 |   0.236 |
| 3     | 196 |  87.719 |   0.254 |  86.382 |   0.272 |
| 4     | 130 |  84.207 |   0.28  |  83.56  |   0.304 |
| 5-6   | 128 |  75.574 |   0.35  |  66.625 |   0.415 |
| 7+    |  60 |  72.463 |   0.367 |  61.779 |   0.456 |

### by n_true

| bin   |   n |   COV_R |   MAT_R |   COV_P |   MAT_P |
|:------|----:|--------:|--------:|--------:|--------:|
| 1     | 228 |  94.298 |   0.19  |  92.982 |   0.199 |
| 2-3   | 232 |  83.333 |   0.28  |  84.734 |   0.274 |
| 4-10  | 278 |  84.583 |   0.28  |  83.058 |   0.301 |
| 11-30 | 133 |  85.112 |   0.281 |  82.129 |   0.322 |
| >30   |  84 |  83.785 |   0.303 |  75.27  |   0.375 |
wrote /scratch/nishanth.r/tordiff/results/qm9_B1_train_gtL_e100_s0/S1_lam0.00_cyc_ORACLE/breakdown.csv
