934 molecules (model failures excluded here: 65)  threshold=0.5
SUMMARY (from evaluate): {'threshold': 0.5, 'COV-R_mean': 82.04179711680686, 'COV-R_median': 100.0, 'MAT-R_mean': 0.23614969223425336, 'MAT-R_median': 0.1957198551725009, 'COV-P_mean': 79.85893419766845, 'COV-P_median': 100.0, 'MAT-P_mean': 0.2716533247953281, 'MAT-P_median': 0.23804955002369355, 'n_evaluated': 935, 'n_model_failures': 65, 'n_additional_failures': 1}

### COV threshold sweep (mean / median over molecules, failures = 0) -- SECONDARY / exploratory; the pre-registered primary threshold is --threshold (0.5 A for QM9)

| thr (A) | COV-R mean | COV-R median | COV-P mean | COV-P median |
|---|---|---|---|---|
| 0.050 | 2.81 | 0.00 | 1.92 | 0.00 |
| 0.100 | 28.72 | 3.13 | 20.91 | 1.56 |
| 0.125 | 38.96 | 25.00 | 29.52 | 12.50 |
| 0.250 | 62.16 | 70.00 | 54.27 | 50.81 |
| 0.375 | 74.15 | 100.00 | 69.67 | 87.50 |
| 0.500 | 82.04 | 100.00 | 79.86 | 100.00 |
| 0.750 | 90.87 | 100.00 | 90.14 | 100.00 |

### by n_heavy

| bin   |   n |   COV_R |   MAT_R |   COV_P |   MAT_P |
|:------|----:|--------:|--------:|--------:|--------:|
| <=5   |   2 | 100     |   0.045 | 100     |   0.066 |
| 6     |  10 |  95     |   0.168 |  96.75  |   0.168 |
| 7     |  20 |  88.364 |   0.185 |  85.177 |   0.22  |
| 8     | 132 |  86.688 |   0.237 |  86.909 |   0.256 |
| 9     | 770 |  87.898 |   0.239 |  85.086 |   0.277 |
| >9    |   0 | nan     | nan     | nan     | nan     |

### by n_rot_heavy

| bin   |   n |   COV_R |   MAT_R |   COV_P |   MAT_P |
|:------|----:|--------:|--------:|--------:|--------:|
| 0     | 281 |  97.529 |   0.154 |  96.442 |   0.186 |
| 1     | 297 |  91.604 |   0.206 |  90.273 |   0.239 |
| 2     | 174 |  81.073 |   0.297 |  80.548 |   0.313 |
| 3     |  93 |  77.704 |   0.322 |  72.834 |   0.374 |
| 4+    |  89 |  68.503 |   0.388 |  57.963 |   0.465 |

### by n_rot_repo

| bin   |   n |   COV_R |   MAT_R |   COV_P |   MAT_P |
|:------|----:|--------:|--------:|--------:|--------:|
| <=1   | 225 |  96.69  |   0.16  |  95.962 |   0.187 |
| 2     | 201 |  91.741 |   0.203 |  91.029 |   0.233 |
| 3     | 195 |  85.748 |   0.247 |  86.297 |   0.27  |
| 4     | 126 |  86.28  |   0.263 |  84.167 |   0.292 |
| 5-6   | 128 |  77.609 |   0.325 |  69.572 |   0.389 |
| 7+    |  59 |  73.23  |   0.354 |  61.569 |   0.437 |

### by n_true

| bin   |   n |   COV_R |   MAT_R |   COV_P |   MAT_P |
|:------|----:|--------:|--------:|--------:|--------:|
| 1     | 223 |  95.516 |   0.162 |  93.049 |   0.2   |
| 2-3   | 225 |  86.222 |   0.237 |  85.556 |   0.259 |
| 4-10  | 274 |  84.379 |   0.267 |  83.421 |   0.295 |
| 11-30 | 128 |  86.837 |   0.263 |  82.707 |   0.31  |
| >30   |  84 |  84.604 |   0.288 |  76.369 |   0.359 |
wrote /scratch/nishanth.r/tordiff/results/qm9_B1_train_gtL_e100_s1/steps20_seed0/breakdown.csv
