935 molecules (model failures excluded here: 64)  threshold=0.5
SUMMARY (from evaluate): {'threshold': 0.5, 'COV-R_mean': 83.92459641792003, 'COV-R_median': 100.0, 'MAT-R_mean': 0.23269589362798432, 'MAT-R_median': 0.19092197482038617, 'COV-P_mean': 78.40049300650975, 'COV-P_median': 100.0, 'MAT-P_mean': 0.2894990889731467, 'MAT-P_median': 0.25890654128057505, 'n_evaluated': 936, 'n_model_failures': 64, 'n_additional_failures': 1}

### COV threshold sweep (mean / median over molecules, failures = 0) -- SECONDARY / exploratory; the pre-registered primary threshold is --threshold (0.5 A for QM9)

| thr (A) | COV-R mean | COV-R median | COV-P mean | COV-P median |
|---|---|---|---|---|
| 0.050 | 3.01 | 0.00 | 1.93 | 0.00 |
| 0.100 | 26.39 | 0.00 | 18.76 | 0.00 |
| 0.125 | 35.66 | 16.76 | 25.74 | 7.14 |
| 0.250 | 62.24 | 75.00 | 50.44 | 50.00 |
| 0.375 | 75.55 | 100.00 | 66.72 | 80.90 |
| 0.500 | 83.92 | 100.00 | 78.40 | 100.00 |
| 0.750 | 91.44 | 100.00 | 89.74 | 100.00 |

### by n_heavy

| bin   |   n |   COV_R |   MAT_R |   COV_P |   MAT_P |
|:------|----:|--------:|--------:|--------:|--------:|
| <=5   |   3 | 100     |   0.05  | 100     |   0.09  |
| 6     |  10 |  96     |   0.126 |  94.75  |   0.172 |
| 7     |  20 |  91.99  |   0.188 |  84.362 |   0.247 |
| 8     | 131 |  90.723 |   0.22  |  85.411 |   0.276 |
| 9     | 771 |  89.416 |   0.238 |  83.368 |   0.295 |
| >9    |   0 | nan     | nan     | nan     | nan     |

### by n_rot_heavy

| bin   |   n |   COV_R |   MAT_R |   COV_P |   MAT_P |
|:------|----:|--------:|--------:|--------:|--------:|
| 0     | 284 |  97.43  |   0.155 |  96.289 |   0.189 |
| 1     | 296 |  93.903 |   0.199 |  89.295 |   0.252 |
| 2     | 174 |  84.215 |   0.289 |  77.856 |   0.346 |
| 3     |  93 |  82.014 |   0.316 |  68.064 |   0.413 |
| 4+    |  88 |  70.212 |   0.4   |  53.933 |   0.499 |

### by n_rot_repo

| bin   |   n |   COV_R |   MAT_R |   COV_P |   MAT_P |
|:------|----:|--------:|--------:|--------:|--------:|
| <=1   | 229 |  96.915 |   0.161 |  95.24  |   0.192 |
| 2     | 199 |  93.67  |   0.204 |  91.286 |   0.238 |
| 3     | 194 |  89.69  |   0.227 |  84.134 |   0.291 |
| 4     | 127 |  86.219 |   0.269 |  81.924 |   0.324 |
| 5-6   | 128 |  80.547 |   0.323 |  65.366 |   0.423 |
| 7+    |  58 |  76.393 |   0.352 |  57.437 |   0.478 |

### by n_true

| bin   |   n |   COV_R |   MAT_R |   COV_P |   MAT_P |
|:------|----:|--------:|--------:|--------:|--------:|
| 1     | 223 |  96.413 |   0.165 |  93.274 |   0.206 |
| 2-3   | 227 |  87.372 |   0.228 |  82.966 |   0.275 |
| 4-10  | 274 |  86.867 |   0.262 |  82.536 |   0.312 |
| 11-30 | 127 |  89.918 |   0.258 |  79.926 |   0.339 |
| >30   |  84 |  87.741 |   0.293 |  71.449 |   0.401 |
wrote /scratch/nishanth.r/tordiff/results/qm9_B1_train_gtL_e100_s2/S1_etkdg2L/breakdown.csv
