996 molecules (model failures excluded here: 4)  threshold=0.5
SUMMARY (from evaluate): {'threshold': 0.5, 'COV-R_mean': 92.77789269100984, 'COV-R_median': 100.0, 'MAT-R_mean': 0.1572860243895799, 'MAT-R_median': 0.09996474690961718, 'COV-P_mean': 85.34196462324815, 'COV-P_median': 100.0, 'MAT-P_mean': 0.21907568954703832, 'MAT-P_median': 0.18139411018726356, 'n_evaluated': 996, 'n_model_failures': 4, 'n_additional_failures': 0}

### COV threshold sweep (mean / median over molecules, failures = 0) -- SECONDARY / exploratory; the pre-registered primary threshold is --threshold (0.5 A for QM9)

| thr (A) | COV-R mean | COV-R median | COV-P mean | COV-P median |
|---|---|---|---|---|
| 0.050 | 44.95 | 29.02 | 41.90 | 12.50 |
| 0.100 | 54.57 | 60.00 | 46.96 | 30.00 |
| 0.125 | 58.78 | 75.00 | 49.48 | 40.00 |
| 0.250 | 72.65 | 100.00 | 61.67 | 75.00 |
| 0.375 | 85.33 | 100.00 | 74.82 | 100.00 |
| 0.500 | 92.78 | 100.00 | 85.34 | 100.00 |
| 0.750 | 98.09 | 100.00 | 95.53 | 100.00 |

### by n_heavy

| bin   |   n |   COV_R |   MAT_R |   COV_P |   MAT_P |
|:------|----:|--------:|--------:|--------:|--------:|
| <=5   |   3 | 100     |   0.018 | 100     |   0.032 |
| 6     |  10 |  96.75  |   0.125 |  98     |   0.142 |
| 7     |  22 |  99.091 |   0.1   |  91.024 |   0.171 |
| 8     | 136 |  94.781 |   0.165 |  86.996 |   0.233 |
| 9     | 825 |  92.655 |   0.158 |  85.125 |   0.22  |
| >9    |   0 | nan     | nan     | nan     | nan     |

### by n_rot_heavy

| bin   |   n |   COV_R |   MAT_R |   COV_P |   MAT_P |
|:------|----:|--------:|--------:|--------:|--------:|
| 0     | 318 |  99.083 |   0.033 |  99.292 |   0.033 |
| 1     | 316 |  97.352 |   0.118 |  93.521 |   0.181 |
| 2     | 178 |  90.693 |   0.24  |  79.107 |   0.337 |
| 3     |  93 |  84.011 |   0.32  |  63.246 |   0.446 |
| 4+    |  91 |  71.978 |   0.401 |  46.72  |   0.536 |

### by n_rot_repo

| bin   |   n |   COV_R |   MAT_R |   COV_P |   MAT_P |
|:------|----:|--------:|--------:|--------:|--------:|
| <=1   | 253 |  99.572 |   0.034 |  99.664 |   0.033 |
| 2     | 220 |  96.371 |   0.111 |  94.916 |   0.148 |
| 3     | 201 |  93.712 |   0.167 |  86.925 |   0.242 |
| 4     | 133 |  94.252 |   0.191 |  83.179 |   0.29  |
| 5-6   | 129 |  81.686 |   0.324 |  60.445 |   0.454 |
| 7+    |  60 |  74.59  |   0.383 |  48.558 |   0.53  |

### by n_true

| bin   |   n |   COV_R |   MAT_R |   COV_P |   MAT_P |
|:------|----:|--------:|--------:|--------:|--------:|
| 1     | 253 |  96.443 |   0.061 |  95.059 |   0.079 |
| 2-3   | 243 |  93.416 |   0.137 |  89.918 |   0.174 |
| 4-10  | 281 |  92.248 |   0.18  |  84.434 |   0.256 |
| 11-30 | 135 |  89.63  |   0.24  |  76.007 |   0.349 |
| >30   |  84 |  91.143 |   0.298 |  64.941 |   0.437 |
wrote /scratch/nishanth.r/tordiff/results/qm9_default/A1_gtL_random_tors/breakdown.csv
