934 molecules (model failures excluded here: 65)  threshold=0.5
SUMMARY (from evaluate): {'threshold': 0.5, 'COV-R_mean': 88.72590045410392, 'COV-R_median': 100.0, 'MAT-R_mean': 0.1815934898662129, 'MAT-R_median': 0.15045074598995856, 'COV-P_mean': 84.27290409574199, 'COV-P_median': 100.0, 'MAT-P_mean': 0.23063492499523797, 'MAT-P_median': 0.2043786202056368, 'n_evaluated': 935, 'n_model_failures': 65, 'n_additional_failures': 1}

### COV threshold sweep (mean / median over molecules, failures = 0) -- SECONDARY / exploratory; the pre-registered primary threshold is --threshold (0.5 A for QM9)

| thr (A) | COV-R mean | COV-R median | COV-P mean | COV-P median |
|---|---|---|---|---|
| 0.050 | 3.56 | 0.00 | 2.38 | 0.00 |
| 0.100 | 35.26 | 19.37 | 25.27 | 8.33 |
| 0.125 | 47.97 | 45.50 | 36.02 | 25.00 |
| 0.250 | 72.42 | 95.00 | 62.42 | 70.00 |
| 0.375 | 83.43 | 100.00 | 76.22 | 94.06 |
| 0.500 | 88.73 | 100.00 | 84.27 | 100.00 |
| 0.750 | 92.35 | 100.00 | 91.54 | 100.00 |

### by n_heavy

| bin   |   n |   COV_R |   MAT_R |   COV_P |   MAT_P |
|:------|----:|--------:|--------:|--------:|--------:|
| <=5   |   2 | 100     |   0.046 | 100     |   0.044 |
| 6     |  10 |  89.417 |   0.164 |  94.375 |   0.147 |
| 7     |  20 |  98     |   0.12  |  94.765 |   0.163 |
| 8     | 132 |  95.065 |   0.168 |  91.424 |   0.211 |
| 9     | 770 |  94.965 |   0.186 |  89.826 |   0.237 |
| >9    |   0 | nan     | nan     | nan     | nan     |

### by n_rot_heavy

| bin   |   n |   COV_R |   MAT_R |   COV_P |   MAT_P |
|:------|----:|--------:|--------:|--------:|--------:|
| 0     | 281 |  97.529 |   0.15  |  95.849 |   0.185 |
| 1     | 297 |  96.139 |   0.168 |  93.364 |   0.212 |
| 2     | 174 |  93.937 |   0.2   |  86.75  |   0.259 |
| 3     |  93 |  91.906 |   0.216 |  82.944 |   0.275 |
| 4+    |  89 |  88.481 |   0.253 |  76.426 |   0.336 |

### by n_rot_repo

| bin   |   n |   COV_R |   MAT_R |   COV_P |   MAT_P |
|:------|----:|--------:|--------:|--------:|--------:|
| <=1   | 225 |  97.517 |   0.15  |  95.717 |   0.182 |
| 2     | 201 |  96.299 |   0.167 |  94.39  |   0.205 |
| 3     | 195 |  95.996 |   0.18  |  90.475 |   0.235 |
| 4     | 126 |  92.276 |   0.206 |  86.445 |   0.26  |
| 5-6   | 128 |  91.918 |   0.218 |  83.14  |   0.283 |
| 7+    |  59 |  90.116 |   0.225 |  77.756 |   0.313 |

### by n_true

| bin   |   n |   COV_R |   MAT_R |   COV_P |   MAT_P |
|:------|----:|--------:|--------:|--------:|--------:|
| 1     | 223 |  97.309 |   0.15  |  93.498 |   0.193 |
| 2-3   | 225 |  93.111 |   0.183 |  89.667 |   0.228 |
| 4-10  | 274 |  94.119 |   0.199 |  89.105 |   0.246 |
| 11-30 | 128 |  94.507 |   0.195 |  88.745 |   0.249 |
| >30   |  84 |  97.505 |   0.186 |  88.973 |   0.26  |
wrote /scratch/nishanth.r/tordiff/results/qm9_S3_mixL_p0.5_e100_s0/steps20_seed0/breakdown.csv
