906 molecules (model failures excluded here: 94)  threshold=0.5
SUMMARY (from evaluate): {'threshold': 0.5, 'COV-R_mean': 86.45008121808982, 'COV-R_median': 100.0, 'MAT-R_mean': 0.11464400030074406, 'MAT-R_median': 0.07427049286920251, 'COV-P_mean': 85.18487809094441, 'COV-P_median': 100.0, 'MAT-P_mean': 0.12947850624879872, 'MAT-P_median': 0.08362296134289052, 'n_evaluated': 906, 'n_model_failures': 94, 'n_additional_failures': 0}

### COV threshold sweep (mean / median over molecules, failures = 0) -- SECONDARY / exploratory; the pre-registered primary threshold is --threshold (0.5 A for QM9)

| thr (A) | COV-R mean | COV-R median | COV-P mean | COV-P median |
|---|---|---|---|---|
| 0.050 | 42.96 | 33.33 | 38.75 | 21.43 |
| 0.100 | 65.67 | 75.00 | 61.09 | 66.67 |
| 0.125 | 70.60 | 83.33 | 66.95 | 75.55 |
| 0.250 | 78.78 | 100.00 | 77.17 | 98.07 |
| 0.375 | 82.86 | 100.00 | 81.09 | 100.00 |
| 0.500 | 86.45 | 100.00 | 85.18 | 100.00 |
| 0.750 | 89.48 | 100.00 | 89.38 | 100.00 |

### by n_heavy

| bin   |   n |   COV_R |   MAT_R |   COV_P |   MAT_P |
|:------|----:|--------:|--------:|--------:|--------:|
| <=5   |   2 | 100     |   0.031 | 100     |   0.024 |
| 6     |  10 |  98.75  |   0.071 |  98.125 |   0.068 |
| 7     |  21 |  98.413 |   0.079 |  96.984 |   0.091 |
| 8     | 126 |  96.281 |   0.096 |  95.277 |   0.113 |
| 9     | 747 |  95.133 |   0.12  |  93.657 |   0.134 |
| >9    |   0 | nan     | nan     | nan     | nan     |

### by n_rot_heavy

| bin   |   n |   COV_R |   MAT_R |   COV_P |   MAT_P |
|:------|----:|--------:|--------:|--------:|--------:|
| 0     | 258 |  96.96  |   0.078 | 100     |   0.053 |
| 1     | 293 |  97.929 |   0.082 |  96.754 |   0.096 |
| 2     | 173 |  92.974 |   0.148 |  90.258 |   0.182 |
| 3     |  93 |  94.129 |   0.158 |  88.893 |   0.202 |
| 4+    |  89 |  88.793 |   0.22  |  80.387 |   0.284 |

### by n_rot_repo

| bin   |   n |   COV_R |   MAT_R |   COV_P |   MAT_P |
|:------|----:|--------:|--------:|--------:|--------:|
| <=1   | 203 |  97.986 |   0.068 | 100     |   0.043 |
| 2     | 197 |  96.218 |   0.102 |  97.85  |   0.094 |
| 3     | 192 |  95.48  |   0.108 |  93.3   |   0.135 |
| 4     | 127 |  96.229 |   0.119 |  93.087 |   0.157 |
| 5-6   | 127 |  91.991 |   0.175 |  86.192 |   0.224 |
| 7+    |  60 |  89.463 |   0.196 |  82.107 |   0.262 |

### by n_true

| bin   |   n |   COV_R |   MAT_R |   COV_P |   MAT_P |
|:------|----:|--------:|--------:|--------:|--------:|
| 1     | 199 |  97.99  |   0.056 |  97.487 |   0.066 |
| 2-3   | 216 |  93.133 |   0.113 |  93.75  |   0.116 |
| 4-10  | 274 |  95.068 |   0.133 |  93.208 |   0.144 |
| 11-30 | 133 |  94.911 |   0.143 |  91.811 |   0.174 |
| >30   |  84 |  97.162 |   0.152 |  92.679 |   0.198 |
wrote /scratch/nishanth.r/tordiff/results/qm9_CTRL_rematch_100ep_e100_s2/S1_lam0.75_cyc_ORACLE/breakdown.csv
