955 molecules (model failures excluded here: 45)  threshold=0.5
SUMMARY (from evaluate): {'threshold': 0.5, 'COV-R_mean': 92.22386548131428, 'COV-R_median': 100.0, 'MAT-R_mean': 0.08029357491871587, 'MAT-R_median': 0.03855214557261178, 'COV-P_mean': 89.97377447539226, 'COV-P_median': 100.0, 'MAT-P_mean': 0.10880590729568856, 'MAT-P_median': 0.07008524532631474, 'n_evaluated': 955, 'n_model_failures': 45, 'n_additional_failures': 0}

### COV threshold sweep (mean / median over molecules, failures = 0) -- SECONDARY / exploratory; the pre-registered primary threshold is --threshold (0.5 A for QM9)

| thr (A) | COV-R mean | COV-R median | COV-P mean | COV-P median |
|---|---|---|---|---|
| 0.050 | 61.90 | 66.67 | 54.06 | 50.00 |
| 0.100 | 75.77 | 100.00 | 68.55 | 78.52 |
| 0.125 | 79.28 | 100.00 | 72.57 | 85.00 |
| 0.250 | 86.02 | 100.00 | 81.58 | 100.00 |
| 0.375 | 89.49 | 100.00 | 85.87 | 100.00 |
| 0.500 | 92.22 | 100.00 | 89.97 | 100.00 |
| 0.750 | 94.61 | 100.00 | 94.32 | 100.00 |

### by n_heavy

| bin   |   n |   COV_R |   MAT_R |   COV_P |   MAT_P |
|:------|----:|--------:|--------:|--------:|--------:|
| <=5   |   3 | 100     |   0.022 | 100     |   0.016 |
| 6     |  10 |  98     |   0.046 |  97.75  |   0.069 |
| 7     |  21 |  96.667 |   0.079 |  96.079 |   0.09  |
| 8     | 133 |  96.646 |   0.073 |  95.339 |   0.099 |
| 9     | 788 |  96.523 |   0.082 |  93.907 |   0.112 |
| >9    |   0 | nan     | nan     | nan     | nan     |

### by n_rot_heavy

| bin   |   n |   COV_R |   MAT_R |   COV_P |   MAT_P |
|:------|----:|--------:|--------:|--------:|--------:|
| 0     | 289 | 100     |   0.004 |  99.481 |   0.017 |
| 1     | 306 |  97.582 |   0.06  |  97.011 |   0.081 |
| 2     | 177 |  94.6   |   0.13  |  91.22  |   0.167 |
| 3     |  93 |  94.1   |   0.159 |  88.083 |   0.208 |
| 4+    |  90 |  88.538 |   0.216 |  80.008 |   0.28  |

### by n_rot_repo

| bin   |   n |   COV_R |   MAT_R |   COV_P |   MAT_P |
|:------|----:|--------:|--------:|--------:|--------:|
| <=1   | 232 |  99.569 |   0.01  |  99.986 |   0.012 |
| 2     | 209 |  98.744 |   0.046 |  98.15  |   0.066 |
| 3     | 196 |  95.787 |   0.086 |  93.611 |   0.121 |
| 4     | 130 |  95.154 |   0.115 |  92.113 |   0.155 |
| 5-6   | 128 |  92.997 |   0.167 |  86.385 |   0.218 |
| 7+    |  60 |  90.639 |   0.192 |  81.401 |   0.261 |

### by n_true

| bin   |   n |   COV_R |   MAT_R |   COV_P |   MAT_P |
|:------|----:|--------:|--------:|--------:|--------:|
| 1     | 228 |  99.561 |   0.012 |  97.368 |   0.038 |
| 2-3   | 232 |  94.756 |   0.068 |  95.007 |   0.081 |
| 4-10  | 278 |  95.651 |   0.106 |  92.721 |   0.136 |
| 11-30 | 133 |  95.827 |   0.128 |  91.584 |   0.168 |
| >30   |  84 |  97.673 |   0.137 |  92.56  |   0.193 |
wrote /scratch/nishanth.r/tordiff/results/qm9_CTRL_rematch_100ep_e100_s0/S1_lam1.00_cyc_ORACLE/breakdown.csv
