955 molecules (model failures excluded here: 45)  threshold=0.5
SUMMARY (from evaluate): {'threshold': 0.5, 'COV-R_mean': 92.12729224874234, 'COV-R_median': 100.0, 'MAT-R_mean': 0.11826206166133366, 'MAT-R_median': 0.08823482830730048, 'COV-P_mean': 89.76287277692381, 'COV-P_median': 100.0, 'MAT-P_mean': 0.14517739050200806, 'MAT-P_median': 0.11004113842534319, 'n_evaluated': 955, 'n_model_failures': 45, 'n_additional_failures': 0}

### COV threshold sweep (mean / median over molecules, failures = 0) -- SECONDARY / exploratory; the pre-registered primary threshold is --threshold (0.5 A for QM9)

| thr (A) | COV-R mean | COV-R median | COV-P mean | COV-P median |
|---|---|---|---|---|
| 0.050 | 28.28 | 0.00 | 25.94 | 0.00 |
| 0.100 | 62.82 | 71.43 | 55.50 | 50.00 |
| 0.125 | 71.71 | 90.00 | 64.24 | 75.00 |
| 0.250 | 84.76 | 100.00 | 80.02 | 100.00 |
| 0.375 | 89.22 | 100.00 | 85.58 | 100.00 |
| 0.500 | 92.13 | 100.00 | 89.76 | 100.00 |
| 0.750 | 94.71 | 100.00 | 94.35 | 100.00 |

### by n_heavy

| bin   |   n |   COV_R |   MAT_R |   COV_P |   MAT_P |
|:------|----:|--------:|--------:|--------:|--------:|
| <=5   |   3 | 100     |   0.111 | 100     |   0.112 |
| 6     |  10 |  96     |   0.08  |  97.375 |   0.092 |
| 7     |  21 |  99.048 |   0.106 |  96.266 |   0.122 |
| 8     | 133 |  95.652 |   0.113 |  94.316 |   0.132 |
| 9     | 788 |  96.53  |   0.12  |  93.811 |   0.149 |
| >9    |   0 | nan     | nan     | nan     | nan     |

### by n_rot_heavy

| bin   |   n |   COV_R |   MAT_R |   COV_P |   MAT_P |
|:------|----:|--------:|--------:|--------:|--------:|
| 0     | 289 | 100     |   0.043 |  99.913 |   0.053 |
| 1     | 306 |  98.197 |   0.103 |  97.321 |   0.122 |
| 2     | 177 |  94.862 |   0.161 |  90.568 |   0.2   |
| 3     |  93 |  92.631 |   0.192 |  87.319 |   0.239 |
| 4+    |  90 |  86.376 |   0.251 |  77.294 |   0.314 |

### by n_rot_repo

| bin   |   n |   COV_R |   MAT_R |   COV_P |   MAT_P |
|:------|----:|--------:|--------:|--------:|--------:|
| <=1   | 232 |  99.353 |   0.042 |  99.784 |   0.043 |
| 2     | 209 |  99.211 |   0.091 |  98.199 |   0.111 |
| 3     | 196 |  96.841 |   0.123 |  94.223 |   0.158 |
| 4     | 130 |  95.739 |   0.155 |  92.52  |   0.19  |
| 5-6   | 128 |  90.253 |   0.205 |  84.212 |   0.254 |
| 7+    |  60 |  89.384 |   0.226 |  80.247 |   0.292 |

### by n_true

| bin   |   n |   COV_R |   MAT_R |   COV_P |   MAT_P |
|:------|----:|--------:|--------:|--------:|--------:|
| 1     | 228 |  98.684 |   0.06  |  97.588 |   0.076 |
| 2-3   | 232 |  96.193 |   0.103 |  94.899 |   0.121 |
| 4-10  | 278 |  95.145 |   0.145 |  92.457 |   0.173 |
| 11-30 | 133 |  95.328 |   0.161 |  90.899 |   0.202 |
| >30   |  84 |  97.403 |   0.164 |  91.709 |   0.22  |
wrote /scratch/nishanth.r/tordiff/results/qm9_CTRL_rematch_100ep_e100_s0/S1_A5ring_cyc_ORACLE/breakdown.csv
