906 molecules (model failures excluded here: 94)  threshold=0.5
SUMMARY (from evaluate): {'threshold': 0.5, 'COV-R_mean': 86.25492232205195, 'COV-R_median': 100.0, 'MAT-R_mean': 0.15990787018679853, 'MAT-R_median': 0.1306104755505063, 'COV-P_mean': 84.43690058082034, 'COV-P_median': 100.0, 'MAT-P_mean': 0.1805716767718229, 'MAT-P_median': 0.1468837679331329, 'n_evaluated': 906, 'n_model_failures': 94, 'n_additional_failures': 0}

### COV threshold sweep (mean / median over molecules, failures = 0) -- SECONDARY / exploratory; the pre-registered primary threshold is --threshold (0.5 A for QM9)

| thr (A) | COV-R mean | COV-R median | COV-P mean | COV-P median |
|---|---|---|---|---|
| 0.050 | 10.19 | 0.00 | 8.84 | 0.00 |
| 0.100 | 43.96 | 37.50 | 38.37 | 25.00 |
| 0.125 | 53.82 | 52.68 | 47.94 | 46.94 |
| 0.250 | 74.73 | 96.70 | 71.44 | 87.50 |
| 0.375 | 82.15 | 100.00 | 79.93 | 100.00 |
| 0.500 | 86.25 | 100.00 | 84.44 | 100.00 |
| 0.750 | 89.55 | 100.00 | 89.24 | 100.00 |

### by n_heavy

| bin   |   n |   COV_R |   MAT_R |   COV_P |   MAT_P |
|:------|----:|--------:|--------:|--------:|--------:|
| <=5   |   2 | 100     |   0.057 | 100     |   0.048 |
| 6     |  10 |  98.75  |   0.097 |  94.375 |   0.107 |
| 7     |  21 |  97.46  |   0.116 |  96.021 |   0.13  |
| 8     | 126 |  96.145 |   0.138 |  93.911 |   0.162 |
| 9     | 747 |  94.922 |   0.166 |  92.964 |   0.186 |
| >9    |   0 | nan     | nan     | nan     | nan     |

### by n_rot_heavy

| bin   |   n |   COV_R |   MAT_R |   COV_P |   MAT_P |
|:------|----:|--------:|--------:|--------:|--------:|
| 0     | 258 |  96.793 |   0.137 |  99.354 |   0.118 |
| 1     | 293 |  97.874 |   0.135 |  96.835 |   0.151 |
| 2     | 173 |  92.997 |   0.188 |  89.046 |   0.225 |
| 3     |  93 |  93.844 |   0.181 |  87.207 |   0.237 |
| 4+    |  89 |  87.518 |   0.234 |  77.704 |   0.313 |

### by n_rot_repo

| bin   |   n |   COV_R |   MAT_R |   COV_P |   MAT_P |
|:------|----:|--------:|--------:|--------:|--------:|
| <=1   | 203 |  97.505 |   0.13  |  99.836 |   0.108 |
| 2     | 197 |  96.151 |   0.156 |  97.408 |   0.153 |
| 3     | 192 |  95.985 |   0.153 |  92.595 |   0.184 |
| 4     | 127 |  94.219 |   0.167 |  91.99  |   0.205 |
| 5-6   | 127 |  92.749 |   0.194 |  84.744 |   0.257 |
| 7+    |  60 |  89.093 |   0.211 |  79.292 |   0.292 |

### by n_true

| bin   |   n |   COV_R |   MAT_R |   COV_P |   MAT_P |
|:------|----:|--------:|--------:|--------:|--------:|
| 1     | 199 |  98.995 |   0.112 |  97.739 |   0.121 |
| 2-3   | 216 |  91.667 |   0.176 |  92.824 |   0.18  |
| 4-10  | 274 |  94.906 |   0.173 |  92.362 |   0.192 |
| 11-30 | 133 |  94.806 |   0.17  |  90.675 |   0.214 |
| >30   |  84 |  96.924 |   0.171 |  90.118 |   0.232 |
wrote /scratch/nishanth.r/tordiff/results/qm9_CTRL_rematch_100ep_e100_s1/S1_lam0.25_cyc_ORACLE/breakdown.csv
