906 molecules (model failures excluded here: 94)  threshold=0.5
SUMMARY (from evaluate): {'threshold': 0.5, 'COV-R_mean': 80.02938436386673, 'COV-R_median': 100.0, 'MAT-R_mean': 0.2229709921138069, 'MAT-R_median': 0.1771664170195869, 'COV-P_mean': 80.34763505413923, 'COV-P_median': 100.0, 'MAT-P_mean': 0.22646895445955834, 'MAT-P_median': 0.1828914973789256, 'n_evaluated': 906, 'n_model_failures': 94, 'n_additional_failures': 0}

### COV threshold sweep (mean / median over molecules, failures = 0) -- SECONDARY / exploratory; the pre-registered primary threshold is --threshold (0.5 A for QM9)

| thr (A) | COV-R mean | COV-R median | COV-P mean | COV-P median |
|---|---|---|---|---|
| 0.050 | 7.99 | 0.00 | 7.08 | 0.00 |
| 0.100 | 33.93 | 14.29 | 30.87 | 10.00 |
| 0.125 | 42.02 | 33.33 | 38.73 | 23.12 |
| 0.250 | 63.39 | 75.00 | 62.23 | 73.21 |
| 0.375 | 72.82 | 100.00 | 73.59 | 100.00 |
| 0.500 | 80.03 | 100.00 | 80.35 | 100.00 |
| 0.750 | 87.89 | 100.00 | 88.19 | 100.00 |

### by n_heavy

| bin   |   n |   COV_R |   MAT_R |   COV_P |   MAT_P |
|:------|----:|--------:|--------:|--------:|--------:|
| <=5   |   2 | 100     |   0.054 | 100     |   0.069 |
| 6     |  10 |  96.75  |   0.157 |  99.375 |   0.143 |
| 7     |  21 |  83.353 |   0.194 |  85.289 |   0.209 |
| 8     | 126 |  90.348 |   0.201 |  89.696 |   0.212 |
| 9     | 747 |  87.989 |   0.229 |  88.435 |   0.231 |
| >9    |   0 | nan     | nan     | nan     | nan     |

### by n_rot_heavy

| bin   |   n |   COV_R |   MAT_R |   COV_P |   MAT_P |
|:------|----:|--------:|--------:|--------:|--------:|
| 0     | 258 |  96.212 |   0.14  |  98.87  |   0.117 |
| 1     | 293 |  92.41  |   0.185 |  94.459 |   0.181 |
| 2     | 173 |  82.336 |   0.284 |  84.99  |   0.282 |
| 3     |  93 |  79.942 |   0.315 |  75.115 |   0.353 |
| 4+    |  89 |  72.492 |   0.372 |  61.503 |   0.451 |

### by n_rot_repo

| bin   |   n |   COV_R |   MAT_R |   COV_P |   MAT_P |
|:------|----:|--------:|--------:|--------:|--------:|
| <=1   | 203 |  94.897 |   0.142 |  98.957 |   0.114 |
| 2     | 197 |  90.628 |   0.203 |  95.157 |   0.178 |
| 3     | 192 |  88.636 |   0.22  |  90.028 |   0.225 |
| 4     | 127 |  87.716 |   0.245 |  88.425 |   0.246 |
| 5-6   | 127 |  80.487 |   0.309 |  71.649 |   0.367 |
| 7+    |  60 |  75.53  |   0.343 |  64.977 |   0.43  |

### by n_true

| bin   |   n |   COV_R |   MAT_R |   COV_P |   MAT_P |
|:------|----:|--------:|--------:|--------:|--------:|
| 1     | 199 |  97.487 |   0.122 |  95.729 |   0.133 |
| 2-3   | 216 |  85.571 |   0.238 |  91.011 |   0.205 |
| 4-10  | 274 |  85.116 |   0.257 |  86.594 |   0.25  |
| 11-30 | 133 |  86.965 |   0.248 |  85.04  |   0.28  |
| >30   |  84 |  86.404 |   0.273 |  78.598 |   0.342 |
wrote /scratch/nishanth.r/tordiff/results/qm9_B1_train_gtL_e100_s0/S1_lam0.25_cyc_ORACLE/breakdown.csv
