996 molecules (model failures excluded here: 4)  threshold=0.5
SUMMARY (from evaluate): {'threshold': 0.5, 'COV-R_mean': 96.41779143604532, 'COV-R_median': 100.0, 'MAT-R_mean': 0.07547372357504535, 'MAT-R_median': 0.03171036916426022, 'COV-P_mean': 94.09591902803588, 'COV-P_median': 100.0, 'MAT-P_mean': 0.10117226956995211, 'MAT-P_median': 0.052517286360164006, 'n_evaluated': 996, 'n_model_failures': 4, 'n_additional_failures': 0}

### COV threshold sweep (mean / median over molecules, failures = 0) -- SECONDARY / exploratory; the pre-registered primary threshold is --threshold (0.5 A for QM9)

| thr (A) | COV-R mean | COV-R median | COV-P mean | COV-P median |
|---|---|---|---|---|
| 0.050 | 67.52 | 85.71 | 60.12 | 62.50 |
| 0.100 | 80.93 | 100.00 | 74.57 | 91.83 |
| 0.125 | 83.89 | 100.00 | 78.16 | 96.35 |
| 0.250 | 90.11 | 100.00 | 86.41 | 100.00 |
| 0.375 | 93.12 | 100.00 | 90.01 | 100.00 |
| 0.500 | 96.42 | 100.00 | 94.10 | 100.00 |
| 0.750 | 99.19 | 100.00 | 98.65 | 100.00 |

### by n_heavy

| bin   |   n |   COV_R |   MAT_R |   COV_P |   MAT_P |
|:------|----:|--------:|--------:|--------:|--------:|
| <=5   |   3 | 100     |   0.025 | 100     |   0.012 |
| 6     |  10 |  92.667 |   0.066 |  96.125 |   0.071 |
| 7     |  22 |  97.576 |   0.067 |  94.017 |   0.092 |
| 8     | 136 |  96.422 |   0.074 |  95.231 |   0.096 |
| 9     | 825 |  96.886 |   0.076 |  94.321 |   0.103 |
| >9    |   0 | nan     | nan     | nan     | nan     |

### by n_rot_heavy

| bin   |   n |   COV_R |   MAT_R |   COV_P |   MAT_P |
|:------|----:|--------:|--------:|--------:|--------:|
| 0     | 318 | 100     |   0.01  |  99.686 |   0.018 |
| 1     | 316 |  97.685 |   0.059 |  97.211 |   0.073 |
| 2     | 178 |  94.568 |   0.122 |  91.506 |   0.158 |
| 3     |  93 |  94.318 |   0.14  |  87.714 |   0.196 |
| 4+    |  91 |  89.503 |   0.203 |  79.472 |   0.281 |

### by n_rot_repo

| bin   |   n |   COV_R |   MAT_R |   COV_P |   MAT_P |
|:------|----:|--------:|--------:|--------:|--------:|
| <=1   | 253 |  99.407 |   0.015 |  99.901 |   0.017 |
| 2     | 220 |  97.667 |   0.053 |  98.09  |   0.061 |
| 3     | 201 |  96.561 |   0.079 |  94.216 |   0.107 |
| 4     | 133 |  96.37  |   0.1   |  92.823 |   0.14  |
| 5-6   | 129 |  93.242 |   0.155 |  85.848 |   0.215 |
| 7+    |  60 |  92.117 |   0.176 |  81.397 |   0.255 |

### by n_true

| bin   |   n |   COV_R |   MAT_R |   COV_P |   MAT_P |
|:------|----:|--------:|--------:|--------:|--------:|
| 1     | 253 |  98.814 |   0.025 |  97.036 |   0.042 |
| 2-3   | 243 |  96.228 |   0.057 |  95.61  |   0.071 |
| 4-10  | 281 |  96.019 |   0.096 |  93.24  |   0.125 |
| 11-30 | 135 |  95.178 |   0.126 |  91.222 |   0.165 |
| >30   |  84 |  97.668 |   0.131 |  92.823 |   0.183 |
wrote /scratch/nishanth.r/tordiff/results/qm9_default/A1c_gtL_cycle_model_seed1/breakdown.csv
