996 molecules (model failures excluded here: 4)  threshold=0.5
SUMMARY (from evaluate): {'threshold': 0.5, 'COV-R_mean': 95.96272250730051, 'COV-R_median': 100.0, 'MAT-R_mean': 0.09733731457169839, 'MAT-R_median': 0.04945089702169023, 'COV-P_mean': 93.58695831456225, 'COV-P_median': 100.0, 'MAT-P_mean': 0.12428623732248217, 'MAT-P_median': 0.07444272049151256, 'n_evaluated': 996, 'n_model_failures': 4, 'n_additional_failures': 0}

### COV threshold sweep (mean / median over molecules, failures = 0) -- SECONDARY / exploratory; the pre-registered primary threshold is --threshold (0.5 A for QM9)

| thr (A) | COV-R mean | COV-R median | COV-P mean | COV-P median |
|---|---|---|---|---|
| 0.050 | 59.84 | 66.67 | 51.81 | 50.00 |
| 0.100 | 77.66 | 100.00 | 69.70 | 83.33 |
| 0.125 | 81.56 | 100.00 | 74.54 | 89.18 |
| 0.250 | 89.58 | 100.00 | 85.28 | 100.00 |
| 0.375 | 93.34 | 100.00 | 89.62 | 100.00 |
| 0.500 | 95.96 | 100.00 | 93.59 | 100.00 |
| 0.750 | 98.65 | 100.00 | 98.49 | 100.00 |

### by n_heavy

| bin   |   n |   COV_R |   MAT_R |   COV_P |   MAT_P |
|:------|----:|--------:|--------:|--------:|--------:|
| <=5   |   3 | 100     |   0.036 | 100     |   0.041 |
| 6     |  10 |  89.667 |   0.126 |  94.625 |   0.087 |
| 7     |  22 |  96.364 |   0.095 |  94.067 |   0.122 |
| 8     | 136 |  96.165 |   0.097 |  93.638 |   0.127 |
| 9     | 825 |  96.446 |   0.097 |  93.984 |   0.125 |
| >9    |   0 | nan     | nan     | nan     | nan     |

### by n_rot_heavy

| bin   |   n |   COV_R |   MAT_R |   COV_P |   MAT_P |
|:------|----:|--------:|--------:|--------:|--------:|
| 0     | 318 |  99.686 |   0.032 |  99.214 |   0.044 |
| 1     | 316 |  97.124 |   0.08  |  96.322 |   0.097 |
| 2     | 178 |  93.781 |   0.145 |  90.267 |   0.185 |
| 3     |  93 |  93.851 |   0.165 |  88.574 |   0.213 |
| 4+    |  91 |  89.566 |   0.224 |  80.157 |   0.291 |

### by n_rot_repo

| bin   |   n |   COV_R |   MAT_R |   COV_P |   MAT_P |
|:------|----:|--------:|--------:|--------:|--------:|
| <=1   | 253 | 100     |   0.034 |  99.888 |   0.037 |
| 2     | 220 |  97.735 |   0.066 |  96.71  |   0.091 |
| 3     | 201 |  94.624 |   0.116 |  92.974 |   0.136 |
| 4     | 133 |  94.58  |   0.126 |  91.752 |   0.165 |
| 5-6   | 129 |  93.842 |   0.171 |  86.992 |   0.225 |
| 7+    |  60 |  90.949 |   0.196 |  82.107 |   0.27  |

### by n_true

| bin   |   n |   COV_R |   MAT_R |   COV_P |   MAT_P |
|:------|----:|--------:|--------:|--------:|--------:|
| 1     | 253 |  98.024 |   0.046 |  97.036 |   0.067 |
| 2-3   | 243 |  95.405 |   0.089 |  94.17  |   0.1   |
| 4-10  | 281 |  95.141 |   0.118 |  92.454 |   0.148 |
| 11-30 | 135 |  96.376 |   0.134 |  91.557 |   0.179 |
| >30   |  84 |  98.025 |   0.144 |  93.023 |   0.202 |
wrote /scratch/nishanth.r/tordiff/results/qm9_CTRL_rematch_100ep_e100_s2/S1_noise0.02pa_cyc_ORACLE/breakdown.csv
