996 molecules (model failures excluded here: 4)  threshold=0.5
SUMMARY (from evaluate): {'threshold': 0.5, 'COV-R_mean': 95.89965247998487, 'COV-R_median': 100.0, 'MAT-R_mean': 0.08416839404365578, 'MAT-R_median': 0.04257098663981443, 'COV-P_mean': 93.4862620882482, 'COV-P_median': 100.0, 'MAT-P_mean': 0.11122738113408878, 'MAT-P_median': 0.060662597347811625, 'n_evaluated': 996, 'n_model_failures': 4, 'n_additional_failures': 0}

### COV threshold sweep (mean / median over molecules, failures = 0) -- SECONDARY / exploratory; the pre-registered primary threshold is --threshold (0.5 A for QM9)

| thr (A) | COV-R mean | COV-R median | COV-P mean | COV-P median |
|---|---|---|---|---|
| 0.050 | 64.40 | 75.00 | 57.85 | 54.77 |
| 0.100 | 78.19 | 100.00 | 71.86 | 85.71 |
| 0.125 | 81.44 | 100.00 | 75.43 | 90.00 |
| 0.250 | 88.62 | 100.00 | 84.55 | 100.00 |
| 0.375 | 92.52 | 100.00 | 88.88 | 100.00 |
| 0.500 | 95.90 | 100.00 | 93.49 | 100.00 |
| 0.750 | 98.90 | 100.00 | 98.20 | 100.00 |

### by n_heavy

| bin   |   n |   COV_R |   MAT_R |   COV_P |   MAT_P |
|:------|----:|--------:|--------:|--------:|--------:|
| <=5   |   3 | 100     |   0.025 | 100     |   0.01  |
| 6     |  10 |  96.75  |   0.066 |  95.125 |   0.105 |
| 7     |  22 |  96.364 |   0.072 |  94.807 |   0.095 |
| 8     | 136 |  93.961 |   0.095 |  93.198 |   0.12  |
| 9     | 825 |  96.647 |   0.083 |  93.908 |   0.111 |
| >9    |   0 | nan     | nan     | nan     | nan     |

### by n_rot_heavy

| bin   |   n |   COV_R |   MAT_R |   COV_P |   MAT_P |
|:------|----:|--------:|--------:|--------:|--------:|
| 0     | 318 |  99.397 |   0.018 |  99.502 |   0.019 |
| 1     | 316 |  97.939 |   0.065 |  97.165 |   0.082 |
| 2     | 178 |  93.498 |   0.134 |  89.557 |   0.186 |
| 3     |  93 |  94.555 |   0.149 |  87.836 |   0.204 |
| 4+    |  91 |  86.883 |   0.219 |  77.258 |   0.294 |

### by n_rot_repo

| bin   |   n |   COV_R |   MAT_R |   COV_P |   MAT_P |
|:------|----:|--------:|--------:|--------:|--------:|
| <=1   | 253 |  99.374 |   0.02  | 100     |   0.012 |
| 2     | 220 |  97.462 |   0.058 |  97.78  |   0.074 |
| 3     | 201 |  97.051 |   0.089 |  93.509 |   0.124 |
| 4     | 133 |  94.678 |   0.112 |  91.924 |   0.157 |
| 5-6   | 129 |  91.213 |   0.173 |  83.904 |   0.231 |
| 7+    |  60 |  90.842 |   0.182 |  80.497 |   0.264 |

### by n_true

| bin   |   n |   COV_R |   MAT_R |   COV_P |   MAT_P |
|:------|----:|--------:|--------:|--------:|--------:|
| 1     | 253 |  98.419 |   0.026 |  97.233 |   0.043 |
| 2-3   | 243 |  94.307 |   0.075 |  93.999 |   0.085 |
| 4-10  | 281 |  96.293 |   0.106 |  92.84  |   0.139 |
| 11-30 | 135 |  95.04  |   0.133 |  90.578 |   0.177 |
| >30   |  84 |  97.552 |   0.135 |  92.006 |   0.194 |
wrote /scratch/nishanth.r/tordiff/results/qm9_CTRL_base_100ep_e100_s1/steps20_seed0_gtL/breakdown.csv
