934 molecules (model failures excluded here: 65)  threshold=0.5
SUMMARY (from evaluate): {'threshold': 0.5, 'COV-R_mean': 88.85217595124088, 'COV-R_median': 100.0, 'MAT-R_mean': 0.1785486172298714, 'MAT-R_median': 0.14717507567811078, 'COV-P_mean': 85.14433817787179, 'COV-P_median': 100.0, 'MAT-P_mean': 0.22205733507023548, 'MAT-P_median': 0.19510101260652113, 'n_evaluated': 935, 'n_model_failures': 65, 'n_additional_failures': 1}

### COV threshold sweep (mean / median over molecules, failures = 0) -- SECONDARY / exploratory; the pre-registered primary threshold is --threshold (0.5 A for QM9)

| thr (A) | COV-R mean | COV-R median | COV-P mean | COV-P median |
|---|---|---|---|---|
| 0.050 | 3.80 | 0.00 | 2.53 | 0.00 |
| 0.100 | 36.27 | 22.86 | 26.34 | 10.00 |
| 0.125 | 49.14 | 50.00 | 37.41 | 26.47 |
| 0.250 | 73.38 | 92.63 | 64.23 | 75.00 |
| 0.375 | 83.82 | 100.00 | 77.36 | 95.00 |
| 0.500 | 88.85 | 100.00 | 85.14 | 100.00 |
| 0.750 | 92.32 | 100.00 | 91.84 | 100.00 |

### by n_heavy

| bin   |   n |   COV_R |   MAT_R |   COV_P |   MAT_P |
|:------|----:|--------:|--------:|--------:|--------:|
| <=5   |   2 | 100     |   0.051 | 100     |   0.045 |
| 6     |  10 |  91.417 |   0.149 |  94.75  |   0.145 |
| 7     |  20 |  96     |   0.128 |  94.473 |   0.159 |
| 8     | 132 |  95.32  |   0.166 |  93.497 |   0.199 |
| 9     | 770 |  95.111 |   0.183 |  90.605 |   0.229 |
| >9    |   0 | nan     | nan     | nan     | nan     |

### by n_rot_heavy

| bin   |   n |   COV_R |   MAT_R |   COV_P |   MAT_P |
|:------|----:|--------:|--------:|--------:|--------:|
| 0     | 281 |  97.529 |   0.151 |  95.909 |   0.187 |
| 1     | 297 |  96.741 |   0.163 |  93.938 |   0.205 |
| 2     | 174 |  94.697 |   0.195 |  88.04  |   0.247 |
| 3     |  93 |  92.183 |   0.206 |  85.692 |   0.251 |
| 4+    |  89 |  86.116 |   0.254 |  78.72  |   0.31  |

### by n_rot_repo

| bin   |   n |   COV_R |   MAT_R |   COV_P |   MAT_P |
|:------|----:|--------:|--------:|--------:|--------:|
| <=1   | 225 |  97.679 |   0.15  |  95.829 |   0.18  |
| 2     | 201 |  96.862 |   0.165 |  94.597 |   0.205 |
| 3     | 195 |  96.521 |   0.176 |  91.91  |   0.225 |
| 4     | 126 |  92.744 |   0.2   |  87.62  |   0.247 |
| 5-6   | 128 |  90.732 |   0.214 |  84.449 |   0.265 |
| 7+    |  59 |  89.562 |   0.22  |  81.301 |   0.281 |

### by n_true

| bin   |   n |   COV_R |   MAT_R |   COV_P |   MAT_P |
|:------|----:|--------:|--------:|--------:|--------:|
| 1     | 223 |  97.309 |   0.151 |  94.17  |   0.192 |
| 2-3   | 225 |  93.704 |   0.181 |  90.111 |   0.223 |
| 4-10  | 274 |  94.184 |   0.194 |  90.073 |   0.236 |
| 11-30 | 128 |  94.574 |   0.189 |  90.149 |   0.234 |
| >30   |  84 |  97.107 |   0.18  |  91.074 |   0.238 |
wrote /scratch/nishanth.r/tordiff/results/qm9_CTRL_rematch_100ep_e100_s2/steps20_seed0/breakdown.csv
