906 molecules (model failures excluded here: 94)  threshold=0.5
SUMMARY (from evaluate): {'threshold': 0.5, 'COV-R_mean': 86.20899781446386, 'COV-R_median': 100.0, 'MAT-R_mean': 0.13716679437890306, 'MAT-R_median': 0.10306994561507007, 'COV-P_mean': 85.06226318466372, 'COV-P_median': 100.0, 'MAT-P_mean': 0.15216024494376756, 'MAT-P_median': 0.1147376957810047, 'n_evaluated': 906, 'n_model_failures': 94, 'n_additional_failures': 0}

### COV threshold sweep (mean / median over molecules, failures = 0) -- SECONDARY / exploratory; the pre-registered primary threshold is --threshold (0.5 A for QM9)

| thr (A) | COV-R mean | COV-R median | COV-P mean | COV-P median |
|---|---|---|---|---|
| 0.050 | 23.91 | 0.00 | 21.04 | 0.00 |
| 0.100 | 55.48 | 57.14 | 50.00 | 50.00 |
| 0.125 | 64.22 | 74.46 | 59.32 | 65.36 |
| 0.250 | 78.15 | 100.00 | 76.50 | 95.45 |
| 0.375 | 82.62 | 100.00 | 81.10 | 100.00 |
| 0.500 | 86.21 | 100.00 | 85.06 | 100.00 |
| 0.750 | 89.46 | 100.00 | 89.27 | 100.00 |

### by n_heavy

| bin   |   n |   COV_R |   MAT_R |   COV_P |   MAT_P |
|:------|----:|--------:|--------:|--------:|--------:|
| <=5   |   2 | 100     |   0.051 | 100     |   0.032 |
| 6     |  10 |  98.75  |   0.082 |  97.5   |   0.075 |
| 7     |  21 |  96.508 |   0.113 |  96.364 |   0.109 |
| 8     | 126 |  95.849 |   0.119 |  94.354 |   0.135 |
| 9     | 747 |  94.937 |   0.142 |  93.675 |   0.158 |
| >9    |   0 | nan     | nan     | nan     | nan     |

### by n_rot_heavy

| bin   |   n |   COV_R |   MAT_R |   COV_P |   MAT_P |
|:------|----:|--------:|--------:|--------:|--------:|
| 0     | 258 |  96.788 |   0.106 |  99.677 |   0.085 |
| 1     | 293 |  98.146 |   0.105 |  97.513 |   0.119 |
| 2     | 173 |  92.696 |   0.169 |  89.74  |   0.2   |
| 3     |  93 |  92.515 |   0.178 |  88.155 |   0.218 |
| 4+    |  89 |  88.099 |   0.226 |  79.225 |   0.292 |

### by n_rot_repo

| bin   |   n |   COV_R |   MAT_R |   COV_P |   MAT_P |
|:------|----:|--------:|--------:|--------:|--------:|
| <=1   | 203 |  97.767 |   0.098 |  99.877 |   0.076 |
| 2     | 197 |  96.472 |   0.125 |  97.981 |   0.121 |
| 3     | 192 |  95.678 |   0.13  |  93.788 |   0.154 |
| 4     | 127 |  94.599 |   0.148 |  92.685 |   0.178 |
| 5-6   | 127 |  91.346 |   0.188 |  85.505 |   0.237 |
| 7+    |  60 |  89.535 |   0.2   |  80.795 |   0.272 |

### by n_true

| bin   |   n |   COV_R |   MAT_R |   COV_P |   MAT_P |
|:------|----:|--------:|--------:|--------:|--------:|
| 1     | 199 |  97.99  |   0.086 |  97.739 |   0.094 |
| 2-3   | 216 |  92.207 |   0.145 |  93.634 |   0.142 |
| 4-10  | 274 |  94.971 |   0.154 |  93.082 |   0.167 |
| 11-30 | 133 |  94.694 |   0.154 |  91.637 |   0.188 |
| >30   |  84 |  97.334 |   0.157 |  91.608 |   0.209 |
wrote /scratch/nishanth.r/tordiff/results/qm9_CTRL_rematch_100ep_e100_s0/S1_lam0.50_cyc_ORACLE/breakdown.csv
