934 molecules (model failures excluded here: 65)  threshold=0.5
SUMMARY (from evaluate): {'threshold': 0.5, 'COV-R_mean': 88.72672873304275, 'COV-R_median': 100.0, 'MAT-R_mean': 0.15537597456375854, 'MAT-R_median': 0.12403150096226462, 'COV-P_mean': 86.58065553779052, 'COV-P_median': 100.0, 'MAT-P_mean': 0.1723612863432502, 'MAT-P_median': 0.1368834070358121, 'n_evaluated': 935, 'n_model_failures': 65, 'n_additional_failures': 1}

### COV threshold sweep (mean / median over molecules, failures = 0) -- SECONDARY / exploratory; the pre-registered primary threshold is --threshold (0.5 A for QM9)

| thr (A) | COV-R mean | COV-R median | COV-P mean | COV-P median |
|---|---|---|---|---|
| 0.050 | 16.38 | 0.00 | 15.30 | 0.00 |
| 0.100 | 47.88 | 50.00 | 43.25 | 33.33 |
| 0.125 | 58.03 | 65.11 | 53.44 | 54.71 |
| 0.250 | 78.11 | 100.00 | 75.15 | 91.67 |
| 0.375 | 83.80 | 100.00 | 81.83 | 100.00 |
| 0.500 | 88.73 | 100.00 | 86.58 | 100.00 |
| 0.750 | 92.44 | 100.00 | 92.03 | 100.00 |

### by n_heavy

| bin   |   n |   COV_R |   MAT_R |   COV_P |   MAT_P |
|:------|----:|--------:|--------:|--------:|--------:|
| <=5   |   2 | 100     |   0.041 | 100     |   0.031 |
| 6     |  10 |  92.167 |   0.112 |  93.5   |   0.112 |
| 7     |  20 | 100     |   0.112 |  94.341 |   0.14  |
| 8     | 132 |  94.574 |   0.137 |  94.394 |   0.153 |
| 9     | 770 |  94.963 |   0.161 |  92.336 |   0.178 |
| >9    |   0 | nan     | nan     | nan     | nan     |

### by n_rot_heavy

| bin   |   n |   COV_R |   MAT_R |   COV_P |   MAT_P |
|:------|----:|--------:|--------:|--------:|--------:|
| 0     | 281 |  97.385 |   0.124 |  96.545 |   0.127 |
| 1     | 297 |  97.422 |   0.134 |  96.651 |   0.141 |
| 2     | 174 |  93.274 |   0.181 |  89.8   |   0.208 |
| 3     |  93 |  89.734 |   0.192 |  86.896 |   0.225 |
| 4+    |  89 |  88.229 |   0.237 |  79.097 |   0.295 |

### by n_rot_repo

| bin   |   n |   COV_R |   MAT_R |   COV_P |   MAT_P |
|:------|----:|--------:|--------:|--------:|--------:|
| <=1   | 225 |  98.047 |   0.119 |  97.438 |   0.121 |
| 2     | 201 |  96.662 |   0.136 |  96.23  |   0.138 |
| 3     | 195 |  94.935 |   0.164 |  93.444 |   0.176 |
| 4     | 126 |  93.591 |   0.171 |  90.839 |   0.196 |
| 5-6   | 128 |  90.619 |   0.199 |  84.494 |   0.244 |
| 7+    |  59 |  90.395 |   0.202 |  81.901 |   0.263 |

### by n_true

| bin   |   n |   COV_R |   MAT_R |   COV_P |   MAT_P |
|:------|----:|--------:|--------:|--------:|--------:|
| 1     | 223 |  97.309 |   0.113 |  95.067 |   0.134 |
| 2-3   | 225 |  92.963 |   0.16  |  93.185 |   0.16  |
| 4-10  | 274 |  94.638 |   0.171 |  91.155 |   0.188 |
| 11-30 | 128 |  94.095 |   0.18  |  91.543 |   0.202 |
| >30   |  84 |  96.846 |   0.168 |  91.906 |   0.21  |
wrote /scratch/nishanth.r/tordiff/results/qm9_CTRL_rematch_100ep_e100_s2/S5ctrl_pre_mmff/breakdown.csv
