934 molecules (model failures excluded here: 65)  threshold=0.5
SUMMARY (from evaluate): {'threshold': 0.5, 'COV-R_mean': 83.9217116741319, 'COV-R_median': 100.0, 'MAT-R_mean': 0.22976203526268932, 'MAT-R_median': 0.19463028127682908, 'COV-P_mean': 85.03684027608679, 'COV-P_median': 100.0, 'MAT-P_mean': 0.23525780727116982, 'MAT-P_median': 0.20689249880500757, 'n_evaluated': 935, 'n_model_failures': 65, 'n_additional_failures': 1}

### COV threshold sweep (mean / median over molecules, failures = 0) -- SECONDARY / exploratory; the pre-registered primary threshold is --threshold (0.5 A for QM9)

| thr (A) | COV-R mean | COV-R median | COV-P mean | COV-P median |
|---|---|---|---|---|
| 0.050 | 3.05 | 0.00 | 2.06 | 0.00 |
| 0.100 | 28.61 | 3.90 | 23.34 | 2.25 |
| 0.125 | 38.54 | 22.22 | 33.22 | 15.92 |
| 0.250 | 62.96 | 71.43 | 60.52 | 68.02 |
| 0.375 | 77.56 | 100.00 | 76.90 | 100.00 |
| 0.500 | 83.92 | 100.00 | 85.04 | 100.00 |
| 0.750 | 90.95 | 100.00 | 91.54 | 100.00 |

### by n_heavy

| bin   |   n |   COV_R |   MAT_R |   COV_P |   MAT_P |
|:------|----:|--------:|--------:|--------:|--------:|
| <=5   |   2 | 100     |   0.094 | 100     |   0.089 |
| 6     |  10 |  96     |   0.133 |  96.75  |   0.156 |
| 7     |  20 |  91.109 |   0.18  |  91.875 |   0.178 |
| 8     | 132 |  90.87  |   0.217 |  94.272 |   0.211 |
| 9     | 770 |  89.539 |   0.235 |  90.374 |   0.242 |
| >9    |   0 | nan     | nan     | nan     | nan     |

### by n_rot_heavy

| bin   |   n |   COV_R |   MAT_R |   COV_P |   MAT_P |
|:------|----:|--------:|--------:|--------:|--------:|
| 0     | 281 |  97.529 |   0.148 |  96.68  |   0.177 |
| 1     | 297 |  93.29  |   0.197 |  92.274 |   0.22  |
| 2     | 174 |  86.197 |   0.284 |  89.133 |   0.267 |
| 3     |  93 |  78.352 |   0.328 |  85.646 |   0.287 |
| 4+    |  89 |  73.304 |   0.391 |  78.544 |   0.354 |

### by n_rot_repo

| bin   |   n |   COV_R |   MAT_R |   COV_P |   MAT_P |
|:------|----:|--------:|--------:|--------:|--------:|
| <=1   | 225 |  97.933 |   0.153 |  96.014 |   0.182 |
| 2     | 201 |  95.105 |   0.189 |  93.671 |   0.214 |
| 3     | 195 |  88.176 |   0.233 |  91.202 |   0.231 |
| 4     | 126 |  85.985 |   0.266 |  88.882 |   0.261 |
| 5-6   | 128 |  78.857 |   0.345 |  83.127 |   0.32  |
| 7+    |  59 |  78.788 |   0.325 |  84.443 |   0.284 |

### by n_true

| bin   |   n |   COV_R |   MAT_R |   COV_P |   MAT_P |
|:------|----:|--------:|--------:|--------:|--------:|
| 1     | 223 |  97.758 |   0.15  |  95.291 |   0.185 |
| 2-3   | 225 |  89.333 |   0.223 |  88.704 |   0.238 |
| 4-10  | 274 |  87.147 |   0.257 |  89.72  |   0.255 |
| 11-30 | 128 |  84.931 |   0.282 |  89.697 |   0.263 |
| >30   |  84 |  86.573 |   0.289 |  92.429 |   0.255 |
wrote /scratch/nishanth.r/tordiff/results/qm9_default/A0_rdkit_etkdg_only/breakdown.csv
