955 molecules (model failures excluded here: 45)  threshold=0.5
SUMMARY (from evaluate): {'threshold': 0.5, 'COV-R_mean': 89.7134735778302, 'COV-R_median': 100.0, 'MAT-R_mean': 0.19681136286446982, 'MAT-R_median': 0.16389867989691942, 'COV-P_mean': 87.23893617441693, 'COV-P_median': 100.0, 'MAT-P_mean': 0.22219958836382508, 'MAT-P_median': 0.19531910919500162, 'n_evaluated': 955, 'n_model_failures': 45, 'n_additional_failures': 0}

### COV threshold sweep (mean / median over molecules, failures = 0) -- SECONDARY / exploratory; the pre-registered primary threshold is --threshold (0.5 A for QM9)

| thr (A) | COV-R mean | COV-R median | COV-P mean | COV-P median |
|---|---|---|---|---|
| 0.050 | 2.75 | 0.00 | 2.20 | 0.00 |
| 0.100 | 32.48 | 16.20 | 27.00 | 7.98 |
| 0.125 | 44.60 | 40.00 | 37.81 | 25.00 |
| 0.250 | 71.50 | 88.89 | 65.99 | 76.04 |
| 0.375 | 82.86 | 100.00 | 78.74 | 98.62 |
| 0.500 | 89.71 | 100.00 | 87.24 | 100.00 |
| 0.750 | 93.99 | 100.00 | 93.87 | 100.00 |

### by n_heavy

| bin   |   n |   COV_R |   MAT_R |   COV_P |   MAT_P |
|:------|----:|--------:|--------:|--------:|--------:|
| <=5   |   3 | 100     |   0.121 | 100     |   0.114 |
| 6     |  10 |  94.75  |   0.112 |  97.375 |   0.136 |
| 7     |  21 |  94.286 |   0.146 |  94.571 |   0.155 |
| 8     | 133 |  95.28  |   0.174 |  94.355 |   0.189 |
| 9     | 788 |  93.672 |   0.203 |  90.647 |   0.231 |
| >9    |   0 | nan     | nan     | nan     | nan     |

### by n_rot_heavy

| bin   |   n |   COV_R |   MAT_R |   COV_P |   MAT_P |
|:------|----:|--------:|--------:|--------:|--------:|
| 0     | 289 |  95.044 |   0.184 |  95.43  |   0.192 |
| 1     | 306 |  95.55  |   0.181 |  93.878 |   0.203 |
| 2     | 177 |  92.752 |   0.212 |  88.933 |   0.245 |
| 3     |  93 |  92.45  |   0.206 |  86.991 |   0.248 |
| 4+    |  90 |  88.804 |   0.254 |  78.909 |   0.313 |

### by n_rot_repo

| bin   |   n |   COV_R |   MAT_R |   COV_P |   MAT_P |
|:------|----:|--------:|--------:|--------:|--------:|
| <=1   | 232 |  95.29  |   0.184 |  95.492 |   0.186 |
| 2     | 209 |  94.69  |   0.192 |  95.132 |   0.205 |
| 3     | 196 |  94.347 |   0.191 |  90.598 |   0.224 |
| 4     | 130 |  92.585 |   0.209 |  89.049 |   0.244 |
| 5-6   | 128 |  92.197 |   0.213 |  85.472 |   0.264 |
| 7+    |  60 |  91.447 |   0.224 |  82.136 |   0.281 |

### by n_true

| bin   |   n |   COV_R |   MAT_R |   COV_P |   MAT_P |
|:------|----:|--------:|--------:|--------:|--------:|
| 1     | 228 |  96.491 |   0.175 |  94.956 |   0.191 |
| 2-3   | 232 |  90.158 |   0.218 |  89.045 |   0.229 |
| 4-10  | 278 |  93.687 |   0.202 |  90.67  |   0.231 |
| 11-30 | 133 |  94.778 |   0.193 |  90.5   |   0.233 |
| >30   |  84 |  96.98  |   0.185 |  91.523 |   0.24  |
wrote /scratch/nishanth.r/tordiff/results/qm9_CTRL_rematch_100ep_e100_s2/S1_lam0.00_cyc_ORACLE/breakdown.csv
