934 molecules (model failures excluded here: 65)  threshold=0.5
SUMMARY (from evaluate): {'threshold': 0.5, 'COV-R_mean': 88.90114651278101, 'COV-R_median': 100.0, 'MAT-R_mean': 0.18015164376510848, 'MAT-R_median': 0.1475201531146702, 'COV-P_mean': 85.0284012367121, 'COV-P_median': 100.0, 'MAT-P_mean': 0.22779628572898047, 'MAT-P_median': 0.20409182743745816, 'n_evaluated': 935, 'n_model_failures': 65, 'n_additional_failures': 1}

### COV threshold sweep (mean / median over molecules, failures = 0) -- SECONDARY / exploratory; the pre-registered primary threshold is --threshold (0.5 A for QM9)

| thr (A) | COV-R mean | COV-R median | COV-P mean | COV-P median |
|---|---|---|---|---|
| 0.050 | 3.85 | 0.00 | 2.52 | 0.00 |
| 0.100 | 35.50 | 20.00 | 25.67 | 9.09 |
| 0.125 | 48.11 | 48.24 | 36.35 | 25.00 |
| 0.250 | 72.64 | 91.67 | 62.66 | 72.16 |
| 0.375 | 83.91 | 100.00 | 76.51 | 93.65 |
| 0.500 | 88.90 | 100.00 | 85.03 | 100.00 |
| 0.750 | 92.51 | 100.00 | 91.66 | 100.00 |

### by n_heavy

| bin   |   n |   COV_R |   MAT_R |   COV_P |   MAT_P |
|:------|----:|--------:|--------:|--------:|--------:|
| <=5   |   2 | 100     |   0.046 | 100     |   0.042 |
| 6     |  10 |  91.417 |   0.144 |  93.75  |   0.152 |
| 7     |  20 |  98     |   0.118 |  94.516 |   0.163 |
| 8     | 132 |  95.179 |   0.171 |  92.899 |   0.204 |
| 9     | 770 |  95.147 |   0.184 |  90.569 |   0.235 |
| >9    |   0 | nan     | nan     | nan     | nan     |

### by n_rot_heavy

| bin   |   n |   COV_R |   MAT_R |   COV_P |   MAT_P |
|:------|----:|--------:|--------:|--------:|--------:|
| 0     | 281 |  97.529 |   0.152 |  96.027 |   0.186 |
| 1     | 297 |  97.009 |   0.166 |  94.163 |   0.21  |
| 2     | 174 |  94.464 |   0.194 |  87.491 |   0.255 |
| 3     |  93 |  91.261 |   0.214 |  85.077 |   0.266 |
| 4+    |  89 |  87.191 |   0.254 |  78.008 |   0.323 |

### by n_rot_repo

| bin   |   n |   COV_R |   MAT_R |   COV_P |   MAT_P |
|:------|----:|--------:|--------:|--------:|--------:|
| <=1   | 225 |  98.124 |   0.149 |  96.051 |   0.181 |
| 2     | 201 |  96.62  |   0.169 |  94.73  |   0.207 |
| 3     | 195 |  96.107 |   0.177 |  91.531 |   0.231 |
| 4     | 126 |  93.251 |   0.201 |  87.568 |   0.257 |
| 5-6   | 128 |  90.988 |   0.218 |  83.994 |   0.28  |
| 7+    |  59 |  89.25  |   0.219 |  80.392 |   0.29  |

### by n_true

| bin   |   n |   COV_R |   MAT_R |   COV_P |   MAT_P |
|:------|----:|--------:|--------:|--------:|--------:|
| 1     | 223 |  96.861 |   0.152 |  94.17  |   0.192 |
| 2-3   | 225 |  94     |   0.185 |  90.37  |   0.228 |
| 4-10  | 274 |  94.373 |   0.193 |  90.03  |   0.241 |
| 11-30 | 128 |  94.898 |   0.191 |  89.362 |   0.247 |
| >30   |  84 |  96.976 |   0.185 |  90.34  |   0.25  |
wrote /scratch/nishanth.r/tordiff/results/qm9_B2_DEonly_randpair_e100_s1/steps20_seed0/breakdown.csv
