955 molecules (model failures excluded here: 45)  threshold=0.5
SUMMARY (from evaluate): {'threshold': 0.5, 'COV-R_mean': 95.16462008520256, 'COV-R_median': 100.0, 'MAT-R_mean': 0.01987911314357298, 'MAT-R_median': 0.007728774408170357, 'COV-P_mean': 94.6541097591369, 'COV-P_median': 100.0, 'MAT-P_mean': 0.03365137285427493, 'MAT-P_median': 0.013700783134782558, 'n_evaluated': 955, 'n_model_failures': 45, 'n_additional_failures': 0}

### COV threshold sweep (mean / median over molecules, failures = 0) -- SECONDARY / exploratory; the pre-registered primary threshold is --threshold (0.5 A for QM9)

| thr (A) | COV-R mean | COV-R median | COV-P mean | COV-P median |
|---|---|---|---|---|
| 0.050 | 87.66 | 100.00 | 81.15 | 100.00 |
| 0.100 | 92.61 | 100.00 | 88.99 | 100.00 |
| 0.125 | 93.36 | 100.00 | 90.49 | 100.00 |
| 0.250 | 94.41 | 100.00 | 92.86 | 100.00 |
| 0.375 | 94.91 | 100.00 | 93.87 | 100.00 |
| 0.500 | 95.16 | 100.00 | 94.65 | 100.00 |
| 0.750 | 95.43 | 100.00 | 95.24 | 100.00 |

### by n_heavy

| bin   |   n |   COV_R |   MAT_R |   COV_P |   MAT_P |
|:------|----:|--------:|--------:|--------:|--------:|
| <=5   |   3 | 100     |   0.003 | 100     |   0.006 |
| 6     |  10 | 100     |   0.006 | 100     |   0.008 |
| 7     |  21 |  98.413 |   0.024 |  99.603 |   0.027 |
| 8     | 133 |  99.948 |   0.015 |  99.688 |   0.029 |
| 9     | 788 |  99.625 |   0.021 |  98.99  |   0.035 |
| >9    |   0 | nan     | nan     | nan     | nan     |

### by n_rot_heavy

| bin   |   n |   COV_R |   MAT_R |   COV_P |   MAT_P |
|:------|----:|--------:|--------:|--------:|--------:|
| 0     | 289 | 100     |   0.001 |  99.827 |   0.002 |
| 1     | 306 |  99.837 |   0.01  |  99.825 |   0.018 |
| 2     | 177 |  99.482 |   0.028 |  98.807 |   0.05  |
| 3     |  93 |  99.495 |   0.044 |  98.134 |   0.073 |
| 4+    |  90 |  98.37  |   0.075 |  96.027 |   0.115 |

### by n_rot_repo

| bin   |   n |   COV_R |   MAT_R |   COV_P |   MAT_P |
|:------|----:|--------:|--------:|--------:|--------:|
| <=1   | 232 | 100     |   0.001 | 100     |   0.002 |
| 2     | 209 |  99.601 |   0.01  |  99.701 |   0.017 |
| 3     | 196 |  99.757 |   0.018 |  98.758 |   0.035 |
| 4     | 130 |  99.767 |   0.022 |  99.539 |   0.037 |
| 5-6   | 128 |  98.963 |   0.055 |  97.296 |   0.086 |
| 7+    |  60 |  99.31  |   0.053 |  97.767 |   0.09  |

### by n_true

| bin   |   n |   COV_R |   MAT_R |   COV_P |   MAT_P |
|:------|----:|--------:|--------:|--------:|--------:|
| 1     | 228 | 100     |   0.003 |  99.342 |   0.009 |
| 2-3   | 232 |  99.282 |   0.013 |  99.353 |   0.019 |
| 4-10  | 278 |  99.739 |   0.023 |  99.105 |   0.041 |
| 11-30 | 133 |  99.512 |   0.038 |  98.78  |   0.06  |
| >30   |  84 |  99.628 |   0.047 |  98.397 |   0.078 |
wrote /scratch/nishanth.r/tordiff/results/qm9_B1_train_gtL_e100_s0/S1_lam1.00_cyc_ORACLE/breakdown.csv
