934 molecules (model failures excluded here: 65)  threshold=0.5
SUMMARY (from evaluate): {'threshold': 0.5, 'COV-R_mean': 88.49078522782023, 'COV-R_median': 100.0, 'MAT-R_mean': 0.18381424115779457, 'MAT-R_median': 0.15543257906225888, 'COV-P_mean': 84.62483359699229, 'COV-P_median': 100.0, 'MAT-P_mean': 0.2303526791546054, 'MAT-P_median': 0.20435611617945965, 'n_evaluated': 935, 'n_model_failures': 65, 'n_additional_failures': 1}

### COV threshold sweep (mean / median over molecules, failures = 0) -- SECONDARY / exploratory; the pre-registered primary threshold is --threshold (0.5 A for QM9)

| thr (A) | COV-R mean | COV-R median | COV-P mean | COV-P median |
|---|---|---|---|---|
| 0.050 | 3.41 | 0.00 | 2.24 | 0.00 |
| 0.100 | 34.32 | 16.67 | 24.66 | 7.69 |
| 0.125 | 46.62 | 42.86 | 35.61 | 25.00 |
| 0.250 | 72.43 | 92.45 | 62.46 | 72.67 |
| 0.375 | 83.41 | 100.00 | 76.52 | 95.78 |
| 0.500 | 88.49 | 100.00 | 84.62 | 100.00 |
| 0.750 | 92.42 | 100.00 | 91.45 | 100.00 |

### by n_heavy

| bin   |   n |   COV_R |   MAT_R |   COV_P |   MAT_P |
|:------|----:|--------:|--------:|--------:|--------:|
| <=5   |   2 | 100     |   0.053 | 100     |   0.048 |
| 6     |  10 |  91.417 |   0.138 |  94.75  |   0.141 |
| 7     |  20 |  94.5   |   0.147 |  94.114 |   0.158 |
| 8     | 132 |  94.146 |   0.171 |  91.449 |   0.21  |
| 9     | 770 |  94.882 |   0.188 |  90.291 |   0.237 |
| >9    |   0 | nan     | nan     | nan     | nan     |

### by n_rot_heavy

| bin   |   n |   COV_R |   MAT_R |   COV_P |   MAT_P |
|:------|----:|--------:|--------:|--------:|--------:|
| 0     | 281 |  97.351 |   0.157 |  95.701 |   0.192 |
| 1     | 297 |  96.119 |   0.168 |  93.782 |   0.21  |
| 2     | 174 |  94.662 |   0.198 |  87.583 |   0.257 |
| 3     |  93 |  91.181 |   0.214 |  84.302 |   0.265 |
| 4+    |  89 |  85.807 |   0.263 |  76.407 |   0.331 |

### by n_rot_repo

| bin   |   n |   COV_R |   MAT_R |   COV_P |   MAT_P |
|:------|----:|--------:|--------:|--------:|--------:|
| <=1   | 225 |  97.665 |   0.15  |  96.125 |   0.182 |
| 2     | 201 |  96.215 |   0.173 |  94.412 |   0.212 |
| 3     | 195 |  95.919 |   0.181 |  90.847 |   0.235 |
| 4     | 126 |  92.884 |   0.206 |  87.488 |   0.257 |
| 5-6   | 128 |  90.459 |   0.22  |  83.174 |   0.278 |
| 7+    |  59 |  87.973 |   0.231 |  78.559 |   0.302 |

### by n_true

| bin   |   n |   COV_R |   MAT_R |   COV_P |   MAT_P |
|:------|----:|--------:|--------:|--------:|--------:|
| 1     | 223 |  96.413 |   0.157 |  93.274 |   0.2   |
| 2-3   | 225 |  93.556 |   0.187 |  90.185 |   0.229 |
| 4-10  | 274 |  93.946 |   0.198 |  89.303 |   0.245 |
| 11-30 | 128 |  94.488 |   0.192 |  89.95  |   0.243 |
| >30   |  84 |  96.489 |   0.188 |  89.886 |   0.247 |
wrote /scratch/nishanth.r/tordiff/results/qm9_B5_match_heavy_e100_s1/steps20_seed0/breakdown.csv
