934 molecules (model failures excluded here: 65)  threshold=0.5
SUMMARY (from evaluate): {'threshold': 0.5, 'COV-R_mean': 88.94647347401802, 'COV-R_median': 100.0, 'MAT-R_mean': 0.17734520799343628, 'MAT-R_median': 0.14445394775661752, 'COV-P_mean': 84.90272797069555, 'COV-P_median': 100.0, 'MAT-P_mean': 0.22296331935071254, 'MAT-P_median': 0.1957532854801198, 'n_evaluated': 935, 'n_model_failures': 65, 'n_additional_failures': 1}

### COV threshold sweep (mean / median over molecules, failures = 0) -- SECONDARY / exploratory; the pre-registered primary threshold is --threshold (0.5 A for QM9)

| thr (A) | COV-R mean | COV-R median | COV-P mean | COV-P median |
|---|---|---|---|---|
| 0.050 | 3.76 | 0.00 | 2.48 | 0.00 |
| 0.100 | 36.69 | 23.08 | 26.57 | 10.15 |
| 0.125 | 49.15 | 50.00 | 37.47 | 27.00 |
| 0.250 | 73.03 | 93.65 | 63.96 | 75.00 |
| 0.375 | 83.84 | 100.00 | 77.03 | 95.00 |
| 0.500 | 88.95 | 100.00 | 84.90 | 100.00 |
| 0.750 | 92.54 | 100.00 | 91.83 | 100.00 |

### by n_heavy

| bin   |   n |   COV_R |   MAT_R |   COV_P |   MAT_P |
|:------|----:|--------:|--------:|--------:|--------:|
| <=5   |   2 | 100     |   0.05  | 100     |   0.044 |
| 6     |  10 |  91.417 |   0.144 |  93.75  |   0.145 |
| 7     |  20 |  99     |   0.111 |  94.473 |   0.155 |
| 8     | 132 |  95.054 |   0.163 |  92.468 |   0.2   |
| 9     | 770 |  95.201 |   0.182 |  90.48  |   0.23  |
| >9    |   0 | nan     | nan     | nan     | nan     |

### by n_rot_heavy

| bin   |   n |   COV_R |   MAT_R |   COV_P |   MAT_P |
|:------|----:|--------:|--------:|--------:|--------:|
| 0     | 281 |  97.529 |   0.151 |  95.849 |   0.187 |
| 1     | 297 |  96.191 |   0.164 |  93.667 |   0.205 |
| 2     | 174 |  95.925 |   0.191 |  87.399 |   0.249 |
| 3     |  93 |  89.954 |   0.216 |  84.891 |   0.256 |
| 4+    |  89 |  88.94  |   0.24  |  79.189 |   0.312 |

### by n_rot_repo

| bin   |   n |   COV_R |   MAT_R |   COV_P |   MAT_P |
|:------|----:|--------:|--------:|--------:|--------:|
| <=1   | 225 |  97.531 |   0.149 |  95.717 |   0.181 |
| 2     | 201 |  96.729 |   0.165 |  94.656 |   0.203 |
| 3     | 195 |  96.604 |   0.175 |  90.833 |   0.227 |
| 4     | 126 |  93.069 |   0.2   |  87.762 |   0.249 |
| 5-6   | 128 |  91.754 |   0.209 |  84.549 |   0.268 |
| 7+    |  59 |  88.989 |   0.217 |  80.468 |   0.285 |

### by n_true

| bin   |   n |   COV_R |   MAT_R |   COV_P |   MAT_P |
|:------|----:|--------:|--------:|--------:|--------:|
| 1     | 223 |  97.309 |   0.148 |  93.498 |   0.192 |
| 2-3   | 225 |  93.852 |   0.182 |  90.111 |   0.222 |
| 4-10  | 274 |  94.506 |   0.192 |  89.998 |   0.237 |
| 11-30 | 128 |  94.377 |   0.189 |  89.764 |   0.237 |
| >30   |  84 |  97.08  |   0.179 |  90.816 |   0.239 |
wrote /scratch/nishanth.r/tordiff/results/qm9_CTRL_rematch_100ep_e100_s0/steps20_seed0/breakdown.csv
