934 molecules (model failures excluded here: 65)  threshold=0.5
SUMMARY (from evaluate): {'threshold': 0.5, 'COV-R_mean': 88.97666702719138, 'COV-R_median': 100.0, 'MAT-R_mean': 0.15310657928244506, 'MAT-R_median': 0.12089971601484331, 'COV-P_mean': 86.38467619457151, 'COV-P_median': 100.0, 'MAT-P_mean': 0.17527153305856336, 'MAT-P_median': 0.13728753711820874, 'n_evaluated': 935, 'n_model_failures': 65, 'n_additional_failures': 1}

### COV threshold sweep (mean / median over molecules, failures = 0) -- SECONDARY / exploratory; the pre-registered primary threshold is --threshold (0.5 A for QM9)

| thr (A) | COV-R mean | COV-R median | COV-P mean | COV-P median |
|---|---|---|---|---|
| 0.050 | 16.67 | 0.00 | 15.55 | 0.00 |
| 0.100 | 48.63 | 50.00 | 43.49 | 35.50 |
| 0.125 | 58.89 | 66.67 | 53.83 | 54.45 |
| 0.250 | 78.41 | 100.00 | 74.48 | 91.60 |
| 0.375 | 84.23 | 100.00 | 81.08 | 100.00 |
| 0.500 | 88.98 | 100.00 | 86.38 | 100.00 |
| 0.750 | 92.44 | 100.00 | 91.86 | 100.00 |

### by n_heavy

| bin   |   n |   COV_R |   MAT_R |   COV_P |   MAT_P |
|:------|----:|--------:|--------:|--------:|--------:|
| <=5   |   2 | 100     |   0.04  | 100     |   0.03  |
| 6     |  10 |  93.417 |   0.103 |  93.75  |   0.116 |
| 7     |  20 |  98     |   0.119 |  94.348 |   0.138 |
| 8     | 132 |  95.025 |   0.133 |  93.704 |   0.155 |
| 9     | 770 |  95.246 |   0.158 |  92.196 |   0.181 |
| >9    |   0 | nan     | nan     | nan     | nan     |

### by n_rot_heavy

| bin   |   n |   COV_R |   MAT_R |   COV_P |   MAT_P |
|:------|----:|--------:|--------:|--------:|--------:|
| 0     | 281 |  97.385 |   0.122 |  97.316 |   0.126 |
| 1     | 297 |  97.599 |   0.131 |  96.562 |   0.143 |
| 2     | 174 |  92.838 |   0.183 |  88.831 |   0.215 |
| 3     |  93 |  92.368 |   0.183 |  85.796 |   0.231 |
| 4+    |  89 |  88.547 |   0.235 |  77.802 |   0.305 |

### by n_rot_repo

| bin   |   n |   COV_R |   MAT_R |   COV_P |   MAT_P |
|:------|----:|--------:|--------:|--------:|--------:|
| <=1   | 225 |  98.076 |   0.118 |  97.55  |   0.123 |
| 2     | 201 |  96.852 |   0.133 |  97.453 |   0.134 |
| 3     | 195 |  94.904 |   0.165 |  92.315 |   0.185 |
| 4     | 126 |  93.734 |   0.169 |  90.666 |   0.198 |
| 5-6   | 128 |  91.657 |   0.195 |  83.824 |   0.249 |
| 7+    |  59 |  91.413 |   0.194 |  79.544 |   0.274 |

### by n_true

| bin   |   n |   COV_R |   MAT_R |   COV_P |   MAT_P |
|:------|----:|--------:|--------:|--------:|--------:|
| 1     | 223 |  97.309 |   0.108 |  95.291 |   0.132 |
| 2-3   | 225 |  92.963 |   0.159 |  93.481 |   0.164 |
| 4-10  | 274 |  94.983 |   0.171 |  90.662 |   0.191 |
| 11-30 | 128 |  95.213 |   0.176 |  90.882 |   0.209 |
| >30   |  84 |  96.992 |   0.162 |  90.797 |   0.216 |
wrote /scratch/nishanth.r/tordiff/results/qm9_CTRL_rematch_100ep_e100_s1/S5ctrl_pre_mmff/breakdown.csv
