906 molecules (model failures excluded here: 94)  threshold=0.5
SUMMARY (from evaluate): {'threshold': 0.5, 'COV-R_mean': 86.41676499669545, 'COV-R_median': 100.0, 'MAT-R_mean': 0.11580978983081945, 'MAT-R_median': 0.07645773513565329, 'COV-P_mean': 84.77021225335193, 'COV-P_median': 100.0, 'MAT-P_mean': 0.13258125648700736, 'MAT-P_median': 0.08501841394716303, 'n_evaluated': 906, 'n_model_failures': 94, 'n_additional_failures': 0}

### COV threshold sweep (mean / median over molecules, failures = 0) -- SECONDARY / exploratory; the pre-registered primary threshold is --threshold (0.5 A for QM9)

| thr (A) | COV-R mean | COV-R median | COV-P mean | COV-P median |
|---|---|---|---|---|
| 0.050 | 43.36 | 33.33 | 39.25 | 25.00 |
| 0.100 | 65.06 | 75.00 | 61.40 | 69.68 |
| 0.125 | 69.76 | 80.00 | 66.55 | 77.56 |
| 0.250 | 78.57 | 100.00 | 76.40 | 96.33 |
| 0.375 | 82.73 | 100.00 | 80.79 | 100.00 |
| 0.500 | 86.42 | 100.00 | 84.77 | 100.00 |
| 0.750 | 89.38 | 100.00 | 89.20 | 100.00 |

### by n_heavy

| bin   |   n |   COV_R |   MAT_R |   COV_P |   MAT_P |
|:------|----:|--------:|--------:|--------:|--------:|
| <=5   |   2 | 100     |   0.039 | 100     |   0.023 |
| 6     |  10 |  98.75  |   0.07  |  98.125 |   0.064 |
| 7     |  21 |  97.46  |   0.089 |  95.545 |   0.098 |
| 8     | 126 |  96.288 |   0.097 |  94.136 |   0.12  |
| 9     | 747 |  95.114 |   0.121 |  93.335 |   0.137 |
| >9    |   0 | nan     | nan     | nan     | nan     |

### by n_rot_heavy

| bin   |   n |   COV_R |   MAT_R |   COV_P |   MAT_P |
|:------|----:|--------:|--------:|--------:|--------:|
| 0     | 258 |  96.96  |   0.076 |  99.968 |   0.05  |
| 1     | 293 |  98.073 |   0.083 |  97.13  |   0.096 |
| 2     | 173 |  93.082 |   0.154 |  89.466 |   0.189 |
| 3     |  93 |  93.829 |   0.159 |  87.416 |   0.214 |
| 4+    |  89 |  88.047 |   0.221 |  77.663 |   0.299 |

### by n_rot_repo

| bin   |   n |   COV_R |   MAT_R |   COV_P |   MAT_P |
|:------|----:|--------:|--------:|--------:|--------:|
| <=1   | 203 |  97.739 |   0.07  |  99.918 |   0.042 |
| 2     | 197 |  96.593 |   0.099 |  97.914 |   0.091 |
| 3     | 192 |  95.363 |   0.113 |  93.17  |   0.141 |
| 4     | 127 |  95.889 |   0.123 |  92.958 |   0.159 |
| 5-6   | 127 |  92.31  |   0.174 |  84.857 |   0.234 |
| 7+    |  60 |  88.93  |   0.196 |  78.777 |   0.279 |

### by n_true

| bin   |   n |   COV_R |   MAT_R |   COV_P |   MAT_P |
|:------|----:|--------:|--------:|--------:|--------:|
| 1     | 199 |  98.492 |   0.053 |  97.99  |   0.062 |
| 2-3   | 216 |  92.284 |   0.121 |  93.21  |   0.119 |
| 4-10  | 274 |  95.275 |   0.134 |  92.561 |   0.149 |
| 11-30 | 133 |  94.911 |   0.142 |  91.295 |   0.179 |
| >30   |  84 |  97.081 |   0.15  |  90.869 |   0.207 |
wrote /scratch/nishanth.r/tordiff/results/qm9_CTRL_rematch_100ep_e100_s1/S1_lam0.75_cyc_ORACLE/breakdown.csv
