996 molecules (model failures excluded here: 4)  threshold=0.5
SUMMARY (from evaluate): {'threshold': 0.5, 'COV-R_mean': 95.88222628951543, 'COV-R_median': 100.0, 'MAT-R_mean': 0.08273199019410216, 'MAT-R_median': 0.03623906471582703, 'COV-P_mean': 93.21275346659668, 'COV-P_median': 100.0, 'MAT-P_mean': 0.11115793323065391, 'MAT-P_median': 0.0630431299777708, 'n_evaluated': 996, 'n_model_failures': 4, 'n_additional_failures': 0}

### COV threshold sweep (mean / median over molecules, failures = 0) -- SECONDARY / exploratory; the pre-registered primary threshold is --threshold (0.5 A for QM9)

| thr (A) | COV-R mean | COV-R median | COV-P mean | COV-P median |
|---|---|---|---|---|
| 0.050 | 65.03 | 80.00 | 57.79 | 58.48 |
| 0.100 | 78.57 | 100.00 | 71.56 | 84.69 |
| 0.125 | 82.02 | 100.00 | 75.49 | 90.00 |
| 0.250 | 89.30 | 100.00 | 84.68 | 100.00 |
| 0.375 | 93.03 | 100.00 | 89.12 | 100.00 |
| 0.500 | 95.88 | 100.00 | 93.21 | 100.00 |
| 0.750 | 98.75 | 100.00 | 98.20 | 100.00 |

### by n_heavy

| bin   |   n |   COV_R |   MAT_R |   COV_P |   MAT_P |
|:------|----:|--------:|--------:|--------:|--------:|
| <=5   |   3 | 100     |   0.02  | 100     |   0.013 |
| 6     |  10 |  98     |   0.064 |  94.625 |   0.1   |
| 7     |  22 |  96.364 |   0.072 |  93.791 |   0.106 |
| 8     | 136 |  94.939 |   0.088 |  92.956 |   0.116 |
| 9     | 825 |  96.449 |   0.083 |  93.65  |   0.111 |
| >9    |   0 | nan     | nan     | nan     | nan     |

### by n_rot_heavy

| bin   |   n |   COV_R |   MAT_R |   COV_P |   MAT_P |
|:------|----:|--------:|--------:|--------:|--------:|
| 0     | 318 | 100     |   0.004 |  99.45  |   0.015 |
| 1     | 316 |  97.296 |   0.064 |  96.451 |   0.084 |
| 2     | 178 |  93.478 |   0.144 |  89.389 |   0.184 |
| 3     |  93 |  93.598 |   0.162 |  87.681 |   0.215 |
| 4+    |  91 |  87.837 |   0.22  |  77.402 |   0.293 |

### by n_rot_repo

| bin   |   n |   COV_R |   MAT_R |   COV_P |   MAT_P |
|:------|----:|--------:|--------:|--------:|--------:|
| <=1   | 253 |  99.381 |   0.011 | 100     |   0.01  |
| 2     | 220 |  98.826 |   0.046 |  97.375 |   0.071 |
| 3     | 201 |  94.46  |   0.103 |  92.604 |   0.128 |
| 4     | 133 |  95.823 |   0.111 |  91.963 |   0.154 |
| 5-6   | 129 |  91.533 |   0.174 |  84.186 |   0.233 |
| 7+    |  60 |  90.974 |   0.192 |  79.761 |   0.273 |

### by n_true

| bin   |   n |   COV_R |   MAT_R |   COV_P |   MAT_P |
|:------|----:|--------:|--------:|--------:|--------:|
| 1     | 253 |  98.024 |   0.024 |  96.838 |   0.04  |
| 2-3   | 243 |  94.719 |   0.072 |  93.964 |   0.087 |
| 4-10  | 281 |  95.8   |   0.105 |  92.019 |   0.139 |
| 11-30 | 135 |  95.854 |   0.13  |  91.211 |   0.175 |
| >30   |  84 |  97.683 |   0.139 |  91.77  |   0.199 |
wrote /scratch/nishanth.r/tordiff/results/qm9_CTRL_rematch_100ep_e100_s1/steps20_seed0_gtLcycle/breakdown.csv
