935 molecules (model failures excluded here: 64)  threshold=0.5
SUMMARY (from evaluate): {'threshold': 0.5, 'COV-R_mean': 89.26267256759911, 'COV-R_median': 100.0, 'MAT-R_mean': 0.17790383728951245, 'MAT-R_median': 0.1489244334678337, 'COV-P_mean': 84.99181657424909, 'COV-P_median': 100.0, 'MAT-P_mean': 0.22699311328574245, 'MAT-P_median': 0.19959702953009503, 'n_evaluated': 936, 'n_model_failures': 64, 'n_additional_failures': 1}

### COV threshold sweep (mean / median over molecules, failures = 0) -- SECONDARY / exploratory; the pre-registered primary threshold is --threshold (0.5 A for QM9)

| thr (A) | COV-R mean | COV-R median | COV-P mean | COV-P median |
|---|---|---|---|---|
| 0.050 | 3.86 | 0.00 | 2.37 | 0.00 |
| 0.100 | 35.73 | 22.22 | 25.61 | 10.76 |
| 0.125 | 48.38 | 50.00 | 36.15 | 25.00 |
| 0.250 | 74.24 | 95.83 | 63.69 | 71.43 |
| 0.375 | 83.43 | 100.00 | 76.37 | 94.06 |
| 0.500 | 89.26 | 100.00 | 84.99 | 100.00 |
| 0.750 | 92.70 | 100.00 | 91.79 | 100.00 |

### by n_heavy

| bin   |   n |   COV_R |   MAT_R |   COV_P |   MAT_P |
|:------|----:|--------:|--------:|--------:|--------:|
| <=5   |   3 | 100     |   0.055 | 100     |   0.083 |
| 6     |  10 |  98     |   0.079 |  95.25  |   0.129 |
| 7     |  20 |  97.333 |   0.124 |  94.008 |   0.167 |
| 8     | 131 |  95.674 |   0.168 |  91.422 |   0.208 |
| 9     | 771 |  95.334 |   0.183 |  90.639 |   0.234 |
| >9    |   0 | nan     | nan     | nan     | nan     |

### by n_rot_heavy

| bin   |   n |   COV_R |   MAT_R |   COV_P |   MAT_P |
|:------|----:|--------:|--------:|--------:|--------:|
| 0     | 284 |  97.43  |   0.151 |  95.79  |   0.188 |
| 1     | 296 |  97.658 |   0.161 |  93.539 |   0.209 |
| 2     | 174 |  93.865 |   0.198 |  88.958 |   0.251 |
| 3     |  93 |  90.892 |   0.214 |  84.296 |   0.266 |
| 4+    |  88 |  89.776 |   0.241 |  77.065 |   0.323 |

### by n_rot_repo

| bin   |   n |   COV_R |   MAT_R |   COV_P |   MAT_P |
|:------|----:|--------:|--------:|--------:|--------:|
| <=1   | 229 |  97.584 |   0.155 |  95.677 |   0.186 |
| 2     | 199 |  97.482 |   0.17  |  95.341 |   0.202 |
| 3     | 194 |  96.444 |   0.166 |  91.202 |   0.229 |
| 4     | 127 |  92.309 |   0.199 |  87.695 |   0.254 |
| 5-6   | 128 |  92.309 |   0.214 |  83.392 |   0.279 |
| 7+    |  58 |  90.827 |   0.211 |  79.385 |   0.293 |

### by n_true

| bin   |   n |   COV_R |   MAT_R |   COV_P |   MAT_P |
|:------|----:|--------:|--------:|--------:|--------:|
| 1     | 223 |  97.758 |   0.153 |  93.498 |   0.198 |
| 2-3   | 227 |  93.172 |   0.188 |  90.015 |   0.228 |
| 4-10  | 274 |  95.153 |   0.186 |  90.308 |   0.237 |
| 11-30 | 127 |  95.15  |   0.185 |  90.44  |   0.238 |
| >30   |  84 |  97.104 |   0.182 |  89.027 |   0.253 |
wrote /scratch/nishanth.r/tordiff/results/qm9_CTRL_rematch_100ep_e100_s1/S1_etkdg2L/breakdown.csv
