906 molecules (model failures excluded here: 94)  threshold=0.5
SUMMARY (from evaluate): {'threshold': 0.5, 'COV-R_mean': 86.38807899989276, 'COV-R_median': 100.0, 'MAT-R_mean': 0.13544694968361376, 'MAT-R_median': 0.10324193583629254, 'COV-P_mean': 84.86301942457195, 'COV-P_median': 100.0, 'MAT-P_mean': 0.15131840799424848, 'MAT-P_median': 0.11542316005784528, 'n_evaluated': 906, 'n_model_failures': 94, 'n_additional_failures': 0}

### COV threshold sweep (mean / median over molecules, failures = 0) -- SECONDARY / exploratory; the pre-registered primary threshold is --threshold (0.5 A for QM9)

| thr (A) | COV-R mean | COV-R median | COV-P mean | COV-P median |
|---|---|---|---|---|
| 0.050 | 24.02 | 0.00 | 21.08 | 0.00 |
| 0.100 | 55.39 | 57.44 | 50.01 | 50.00 |
| 0.125 | 63.81 | 72.90 | 59.03 | 62.50 |
| 0.250 | 78.46 | 100.00 | 76.80 | 95.55 |
| 0.375 | 82.86 | 100.00 | 81.05 | 100.00 |
| 0.500 | 86.39 | 100.00 | 84.86 | 100.00 |
| 0.750 | 89.65 | 100.00 | 89.39 | 100.00 |

### by n_heavy

| bin   |   n |   COV_R |   MAT_R |   COV_P |   MAT_P |
|:------|----:|--------:|--------:|--------:|--------:|
| <=5   |   2 | 100     |   0.043 | 100     |   0.038 |
| 6     |  10 |  98.75  |   0.077 |  98.125 |   0.075 |
| 7     |  21 |  98.016 |   0.097 |  96.912 |   0.105 |
| 8     | 126 |  96.354 |   0.113 |  95.064 |   0.131 |
| 9     | 747 |  95.049 |   0.141 |  93.264 |   0.157 |
| >9    |   0 | nan     | nan     | nan     | nan     |

### by n_rot_heavy

| bin   |   n |   COV_R |   MAT_R |   COV_P |   MAT_P |
|:------|----:|--------:|--------:|--------:|--------:|
| 0     | 258 |  96.982 |   0.108 |  99.677 |   0.086 |
| 1     | 293 |  97.69  |   0.107 |  96.389 |   0.122 |
| 2     | 173 |  92.994 |   0.164 |  89.486 |   0.198 |
| 3     |  93 |  94.124 |   0.166 |  88.972 |   0.209 |
| 4+    |  89 |  88.787 |   0.222 |  80.326 |   0.286 |

### by n_rot_repo

| bin   |   n |   COV_R |   MAT_R |   COV_P |   MAT_P |
|:------|----:|--------:|--------:|--------:|--------:|
| <=1   | 203 |  98.013 |   0.097 |  99.877 |   0.076 |
| 2     | 197 |  95.897 |   0.129 |  97.204 |   0.125 |
| 3     | 192 |  95.564 |   0.129 |  92.509 |   0.155 |
| 4     | 127 |  95.992 |   0.14  |  92.86  |   0.176 |
| 5-6   | 127 |  91.936 |   0.179 |  85.923 |   0.23  |
| 7+    |  60 |  89.743 |   0.202 |  82.861 |   0.265 |

### by n_true

| bin   |   n |   COV_R |   MAT_R |   COV_P |   MAT_P |
|:------|----:|--------:|--------:|--------:|--------:|
| 1     | 199 |  97.99  |   0.087 |  97.236 |   0.095 |
| 2-3   | 216 |  92.593 |   0.139 |  93.133 |   0.143 |
| 4-10  | 274 |  95.339 |   0.151 |  92.884 |   0.164 |
| 11-30 | 133 |  94.712 |   0.155 |  91.579 |   0.188 |
| >30   |  84 |  97.244 |   0.159 |  92.453 |   0.206 |
wrote /scratch/nishanth.r/tordiff/results/qm9_CTRL_rematch_100ep_e100_s2/S1_lam0.50_cyc_ORACLE/breakdown.csv
