996 molecules (model failures excluded here: 4)  threshold=0.5
SUMMARY (from evaluate): {'threshold': 0.5, 'COV-R_mean': 95.90279346315185, 'COV-R_median': 100.0, 'MAT-R_mean': 0.09768549069339026, 'MAT-R_median': 0.04783728221280145, 'COV-P_mean': 93.4759257477758, 'COV-P_median': 100.0, 'MAT-P_mean': 0.1251829535289263, 'MAT-P_median': 0.07382070592097115, 'n_evaluated': 996, 'n_model_failures': 4, 'n_additional_failures': 0}

### COV threshold sweep (mean / median over molecules, failures = 0) -- SECONDARY / exploratory; the pre-registered primary threshold is --threshold (0.5 A for QM9)

| thr (A) | COV-R mean | COV-R median | COV-P mean | COV-P median |
|---|---|---|---|---|
| 0.050 | 60.34 | 66.67 | 52.30 | 50.00 |
| 0.100 | 77.95 | 100.00 | 70.14 | 83.33 |
| 0.125 | 81.72 | 100.00 | 74.63 | 88.89 |
| 0.250 | 89.34 | 100.00 | 85.15 | 100.00 |
| 0.375 | 92.85 | 100.00 | 89.40 | 100.00 |
| 0.500 | 95.90 | 100.00 | 93.48 | 100.00 |
| 0.750 | 98.80 | 100.00 | 98.35 | 100.00 |

### by n_heavy

| bin   |   n |   COV_R |   MAT_R |   COV_P |   MAT_P |
|:------|----:|--------:|--------:|--------:|--------:|
| <=5   |   3 | 100     |   0.033 | 100     |   0.037 |
| 6     |  10 |  96.75  |   0.082 |  91.5   |   0.115 |
| 7     |  22 |  96.364 |   0.085 |  93.654 |   0.12  |
| 8     | 136 |  94.702 |   0.108 |  92.895 |   0.132 |
| 9     | 825 |  96.528 |   0.097 |  94.02  |   0.125 |
| >9    |   0 | nan     | nan     | nan     | nan     |

### by n_rot_heavy

| bin   |   n |   COV_R |   MAT_R |   COV_P |   MAT_P |
|:------|----:|--------:|--------:|--------:|--------:|
| 0     | 318 | 100     |   0.033 |  99.476 |   0.044 |
| 1     | 316 |  97.66  |   0.076 |  96.721 |   0.094 |
| 2     | 178 |  93.696 |   0.15  |  89.787 |   0.19  |
| 3     |  93 |  92.666 |   0.172 |  87.566 |   0.22  |
| 4+    |  91 |  87.326 |   0.225 |  78.605 |   0.294 |

### by n_rot_repo

| bin   |   n |   COV_R |   MAT_R |   COV_P |   MAT_P |
|:------|----:|--------:|--------:|--------:|--------:|
| <=1   | 253 |  99.407 |   0.037 |  99.776 |   0.039 |
| 2     | 220 |  98.735 |   0.064 |  97.161 |   0.088 |
| 3     | 201 |  95.67  |   0.107 |  93.785 |   0.132 |
| 4     | 133 |  95.272 |   0.128 |  92.04  |   0.168 |
| 5-6   | 129 |  91.62  |   0.178 |  84.421 |   0.235 |
| 7+    |  60 |  88.52  |   0.204 |  81.246 |   0.271 |

### by n_true

| bin   |   n |   COV_R |   MAT_R |   COV_P |   MAT_P |
|:------|----:|--------:|--------:|--------:|--------:|
| 1     | 253 |  98.814 |   0.045 |  97.628 |   0.063 |
| 2-3   | 243 |  95.199 |   0.089 |  93.827 |   0.104 |
| 4-10  | 281 |  94.81  |   0.12  |  92.123 |   0.15  |
| 11-30 | 135 |  95.661 |   0.136 |  91.344 |   0.179 |
| >30   |  84 |  97.779 |   0.143 |  92.355 |   0.202 |
wrote /scratch/nishanth.r/tordiff/results/qm9_CTRL_rematch_100ep_e100_s0/S1_noise0.02pa_cyc_ORACLE/breakdown.csv
