955 molecules (model failures excluded here: 45)  threshold=0.5
SUMMARY (from evaluate): {'threshold': 0.5, 'COV-R_mean': 89.58111098468953, 'COV-R_median': 100.0, 'MAT-R_mean': 0.1815703144606204, 'MAT-R_median': 0.1498050907083409, 'COV-P_mean': 87.56753458272078, 'COV-P_median': 100.0, 'MAT-P_mean': 0.2058283779137217, 'MAT-P_median': 0.17439305602563512, 'n_evaluated': 955, 'n_model_failures': 45, 'n_additional_failures': 0}

### COV threshold sweep (mean / median over molecules, failures = 0) -- SECONDARY / exploratory; the pre-registered primary threshold is --threshold (0.5 A for QM9)

| thr (A) | COV-R mean | COV-R median | COV-P mean | COV-P median |
|---|---|---|---|---|
| 0.050 | 11.82 | 0.00 | 9.26 | 0.00 |
| 0.100 | 41.86 | 36.47 | 35.15 | 21.43 |
| 0.125 | 51.01 | 50.00 | 43.76 | 37.50 |
| 0.250 | 72.92 | 91.54 | 68.21 | 82.13 |
| 0.375 | 83.21 | 100.00 | 79.99 | 100.00 |
| 0.500 | 89.58 | 100.00 | 87.57 | 100.00 |
| 0.750 | 94.23 | 100.00 | 94.00 | 100.00 |

### by n_heavy

| bin   |   n |   COV_R |   MAT_R |   COV_P |   MAT_P |
|:------|----:|--------:|--------:|--------:|--------:|
| <=5   |   3 | 100     |   0.031 | 100     |   0.024 |
| 6     |  10 |  98     |   0.086 |  96.5   |   0.129 |
| 7     |  21 |  94.286 |   0.123 |  93.831 |   0.135 |
| 8     | 133 |  95.405 |   0.157 |  94.338 |   0.175 |
| 9     | 788 |  93.442 |   0.189 |  91.098 |   0.215 |
| >9    |   0 | nan     | nan     | nan     | nan     |

### by n_rot_heavy

| bin   |   n |   COV_R |   MAT_R |   COV_P |   MAT_P |
|:------|----:|--------:|--------:|--------:|--------:|
| 0     | 289 |  94.811 |   0.18  |  95.141 |   0.185 |
| 1     | 306 |  95.259 |   0.167 |  94.243 |   0.186 |
| 2     | 177 |  92.902 |   0.19  |  90.199 |   0.222 |
| 3     |  93 |  91.422 |   0.192 |  86.863 |   0.231 |
| 4+    |  90 |  89.839 |   0.21  |  79.888 |   0.282 |

### by n_rot_repo

| bin   |   n |   COV_R |   MAT_R |   COV_P |   MAT_P |
|:------|----:|--------:|--------:|--------:|--------:|
| <=1   | 232 |  95.204 |   0.18  |  95.672 |   0.181 |
| 2     | 209 |  94.853 |   0.179 |  94.953 |   0.189 |
| 3     | 196 |  94.565 |   0.176 |  91.449 |   0.206 |
| 4     | 130 |  90.432 |   0.193 |  89.068 |   0.227 |
| 5-6   | 128 |  92.61  |   0.185 |  86.956 |   0.234 |
| 7+    |  60 |  92.077 |   0.182 |  81.557 |   0.256 |

### by n_true

| bin   |   n |   COV_R |   MAT_R |   COV_P |   MAT_P |
|:------|----:|--------:|--------:|--------:|--------:|
| 1     | 228 |  96.93  |   0.16  |  94.737 |   0.179 |
| 2-3   | 232 |  88.865 |   0.212 |  90.014 |   0.212 |
| 4-10  | 278 |  93.993 |   0.185 |  91.099 |   0.215 |
| 11-30 | 133 |  94.408 |   0.17  |  90.908 |   0.214 |
| >30   |  84 |  97.36  |   0.16  |  91.286 |   0.22  |
wrote /scratch/nishanth.r/tordiff/results/qm9_CTRL_rematch_100ep_e100_s0/S1_A5acyc_cyc_ORACLE/breakdown.csv
