930 molecules (model failures excluded here: 69)  threshold=0.5
SUMMARY (from evaluate): {'threshold': 0.5, 'COV-R_mean': 88.6920758717351, 'COV-R_median': 100.0, 'MAT-R_mean': 0.14854486209189774, 'MAT-R_median': 0.11977655041990845, 'COV-P_mean': 86.49067711693145, 'COV-P_median': 100.0, 'MAT-P_mean': 0.16762862931222405, 'MAT-P_median': 0.13252308908537003, 'n_evaluated': 931, 'n_model_failures': 69, 'n_additional_failures': 1}

### COV threshold sweep (mean / median over molecules, failures = 0) -- SECONDARY / exploratory; the pre-registered primary threshold is --threshold (0.5 A for QM9)

| thr (A) | COV-R mean | COV-R median | COV-P mean | COV-P median |
|---|---|---|---|---|
| 0.050 | 17.85 | 0.00 | 16.42 | 0.00 |
| 0.100 | 50.09 | 50.00 | 45.73 | 40.50 |
| 0.125 | 60.56 | 66.67 | 55.66 | 60.00 |
| 0.250 | 78.52 | 100.00 | 75.24 | 91.67 |
| 0.375 | 84.43 | 100.00 | 81.82 | 100.00 |
| 0.500 | 88.69 | 100.00 | 86.49 | 100.00 |
| 0.750 | 92.07 | 100.00 | 91.89 | 100.00 |

### by n_heavy

| bin   |   n |   COV_R |   MAT_R |   COV_P |   MAT_P |
|:------|----:|--------:|--------:|--------:|--------:|
| <=5   |   2 |  94.444 |   0.104 | 100     |   0.031 |
| 6     |  10 |  93     |   0.108 |  98.75  |   0.102 |
| 7     |  20 |  98.994 |   0.119 |  93.966 |   0.138 |
| 8     | 131 |  96.565 |   0.12  |  93.575 |   0.15  |
| 9     | 767 |  95.102 |   0.155 |  92.784 |   0.173 |
| >9    |   0 | nan     | nan     | nan     | nan     |

### by n_rot_heavy

| bin   |   n |   COV_R |   MAT_R |   COV_P |   MAT_P |
|:------|----:|--------:|--------:|--------:|--------:|
| 0     | 281 |  97.39  |   0.12  |  97     |   0.125 |
| 1     | 294 |  97.452 |   0.133 |  96.857 |   0.141 |
| 2     | 173 |  93.359 |   0.175 |  89.736 |   0.203 |
| 3     |  93 |  92.389 |   0.176 |  87.381 |   0.209 |
| 4+    |  89 |  89.118 |   0.213 |  79.856 |   0.278 |

### by n_rot_repo

| bin   |   n |   COV_R |   MAT_R |   COV_P |   MAT_P |
|:------|----:|--------:|--------:|--------:|--------:|
| <=1   | 225 |  98.324 |   0.114 |  97.661 |   0.122 |
| 2     | 198 |  96.208 |   0.139 |  97.255 |   0.133 |
| 3     | 194 |  96.384 |   0.151 |  93.354 |   0.172 |
| 4     | 126 |  93.663 |   0.168 |  89.956 |   0.195 |
| 5-6   | 128 |  91.806 |   0.18  |  86.073 |   0.227 |
| 7+    |  59 |  89.298 |   0.195 |  81.324 |   0.253 |

### by n_true

| bin   |   n |   COV_R |   MAT_R |   COV_P |   MAT_P |
|:------|----:|--------:|--------:|--------:|--------:|
| 1     | 223 |  98.206 |   0.101 |  95.516 |   0.129 |
| 2-3   | 221 |  93.59  |   0.156 |  93.741 |   0.159 |
| 4-10  | 274 |  94.358 |   0.169 |  91.307 |   0.185 |
| 11-30 | 128 |  94.771 |   0.169 |  91.729 |   0.195 |
| >30   |  84 |  96.713 |   0.158 |  91.839 |   0.196 |
wrote /scratch/nishanth.r/tordiff/results/qm9_default/A2_pre_mmff_seed1/breakdown.csv
