934 molecules (model failures excluded here: 65)  threshold=0.5
SUMMARY (from evaluate): {'threshold': 0.5, 'COV-R_mean': 88.93393101264724, 'COV-R_median': 100.0, 'MAT-R_mean': 0.15071586333900733, 'MAT-R_median': 0.12117697063237187, 'COV-P_mean': 86.87153321361555, 'COV-P_median': 100.0, 'MAT-P_mean': 0.16786386707395756, 'MAT-P_median': 0.13291010334671644, 'n_evaluated': 935, 'n_model_failures': 65, 'n_additional_failures': 1}

### COV threshold sweep (mean / median over molecules, failures = 0) -- SECONDARY / exploratory; the pre-registered primary threshold is --threshold (0.5 A for QM9)

| thr (A) | COV-R mean | COV-R median | COV-P mean | COV-P median |
|---|---|---|---|---|
| 0.050 | 17.89 | 0.00 | 16.58 | 0.00 |
| 0.100 | 49.96 | 50.00 | 45.60 | 40.68 |
| 0.125 | 59.79 | 66.67 | 55.55 | 59.87 |
| 0.250 | 78.45 | 100.00 | 75.83 | 94.44 |
| 0.375 | 84.40 | 100.00 | 82.15 | 100.00 |
| 0.500 | 88.93 | 100.00 | 86.87 | 100.00 |
| 0.750 | 92.44 | 100.00 | 91.94 | 100.00 |

### by n_heavy

| bin   |   n |   COV_R |   MAT_R |   COV_P |   MAT_P |
|:------|----:|--------:|--------:|--------:|--------:|
| <=5   |   2 | 100     |   0.045 | 100     |   0.036 |
| 6     |  10 |  95.417 |   0.105 |  94.125 |   0.111 |
| 7     |  20 |  98     |   0.118 |  94.841 |   0.133 |
| 8     | 132 |  96.023 |   0.134 |  94.548 |   0.15  |
| 9     | 770 |  94.993 |   0.155 |  92.666 |   0.173 |
| >9    |   0 | nan     | nan     | nan     | nan     |

### by n_rot_heavy

| bin   |   n |   COV_R |   MAT_R |   COV_P |   MAT_P |
|:------|----:|--------:|--------:|--------:|--------:|
| 0     | 281 |  97.741 |   0.121 |  97.168 |   0.123 |
| 1     | 297 |  97.678 |   0.132 |  96.727 |   0.141 |
| 2     | 174 |  92.753 |   0.175 |  89.696 |   0.203 |
| 3     |  93 |  90.76  |   0.183 |  86.244 |   0.214 |
| 4+    |  89 |  88.522 |   0.226 |  81.03  |   0.281 |

### by n_rot_repo

| bin   |   n |   COV_R |   MAT_R |   COV_P |   MAT_P |
|:------|----:|--------:|--------:|--------:|--------:|
| <=1   | 225 |  97.824 |   0.119 |  97.55  |   0.122 |
| 2     | 201 |  97.101 |   0.131 |  97.308 |   0.13  |
| 3     | 195 |  95.805 |   0.156 |  93.338 |   0.175 |
| 4     | 126 |  93.12  |   0.171 |  90.821 |   0.193 |
| 5-6   | 128 |  91.709 |   0.189 |  84.686 |   0.235 |
| 7+    |  59 |  89.021 |   0.196 |  82.708 |   0.247 |

### by n_true

| bin   |   n |   COV_R |   MAT_R |   COV_P |   MAT_P |
|:------|----:|--------:|--------:|--------:|--------:|
| 1     | 223 |  97.758 |   0.107 |  95.291 |   0.133 |
| 2-3   | 225 |  93.407 |   0.156 |  93.593 |   0.157 |
| 4-10  | 274 |  94.361 |   0.168 |  91.559 |   0.183 |
| 11-30 | 128 |  94.938 |   0.174 |  91.904 |   0.195 |
| >30   |  84 |  96.551 |   0.16  |  91.815 |   0.198 |
wrote /scratch/nishanth.r/tordiff/results/qm9_default/A2_pre_mmff/breakdown.csv
