935 molecules (model failures excluded here: 64)  threshold=0.5
SUMMARY (from evaluate): {'threshold': 0.5, 'COV-R_mean': 89.37437298393245, 'COV-R_median': 100.0, 'MAT-R_mean': 0.17315594877979829, 'MAT-R_median': 0.1427362847827782, 'COV-P_mean': 85.56954924770595, 'COV-P_median': 100.0, 'MAT-P_mean': 0.21859882580439902, 'MAT-P_median': 0.19510128964967902, 'n_evaluated': 936, 'n_model_failures': 64, 'n_additional_failures': 1}

### COV threshold sweep (mean / median over molecules, failures = 0) -- SECONDARY / exploratory; the pre-registered primary threshold is --threshold (0.5 A for QM9)

| thr (A) | COV-R mean | COV-R median | COV-P mean | COV-P median |
|---|---|---|---|---|
| 0.050 | 4.27 | 0.00 | 2.60 | 0.00 |
| 0.100 | 37.76 | 25.00 | 27.18 | 12.50 |
| 0.125 | 50.47 | 50.00 | 38.23 | 28.45 |
| 0.250 | 75.27 | 100.00 | 64.98 | 75.00 |
| 0.375 | 83.72 | 100.00 | 77.35 | 95.81 |
| 0.500 | 89.37 | 100.00 | 85.57 | 100.00 |
| 0.750 | 92.68 | 100.00 | 92.07 | 100.00 |

### by n_heavy

| bin   |   n |   COV_R |   MAT_R |   COV_P |   MAT_P |
|:------|----:|--------:|--------:|--------:|--------:|
| <=5   |   3 | 100     |   0.051 | 100     |   0.08  |
| 6     |  10 |  98     |   0.077 |  94     |   0.138 |
| 7     |  20 |  98.333 |   0.125 |  93.625 |   0.168 |
| 8     | 131 |  95.921 |   0.157 |  92.368 |   0.198 |
| 9     | 771 |  95.411 |   0.179 |  91.254 |   0.225 |
| >9    |   0 | nan     | nan     | nan     | nan     |

### by n_rot_heavy

| bin   |   n |   COV_R |   MAT_R |   COV_P |   MAT_P |
|:------|----:|--------:|--------:|--------:|--------:|
| 0     | 284 |  97.254 |   0.151 |  95.409 |   0.187 |
| 1     | 296 |  97.12  |   0.16  |  94.264 |   0.205 |
| 2     | 174 |  94.881 |   0.188 |  89.417 |   0.236 |
| 3     |  93 |  92.3   |   0.199 |  84.786 |   0.254 |
| 4+    |  88 |  89.927 |   0.232 |  80.996 |   0.292 |

### by n_rot_repo

| bin   |   n |   COV_R |   MAT_R |   COV_P |   MAT_P |
|:------|----:|--------:|--------:|--------:|--------:|
| <=1   | 229 |  97.584 |   0.154 |  96.004 |   0.185 |
| 2     | 199 |  96.883 |   0.167 |  94.77  |   0.201 |
| 3     | 194 |  95.999 |   0.165 |  91.537 |   0.219 |
| 4     | 127 |  93.999 |   0.189 |  89.074 |   0.244 |
| 5-6   | 128 |  93.379 |   0.196 |  85.489 |   0.256 |
| 7+    |  58 |  90.236 |   0.21  |  81.246 |   0.272 |

### by n_true

| bin   |   n |   COV_R |   MAT_R |   COV_P |   MAT_P |
|:------|----:|--------:|--------:|--------:|--------:|
| 1     | 223 |  97.758 |   0.147 |  94.17  |   0.188 |
| 2-3   | 227 |  92.438 |   0.187 |  90.272 |   0.223 |
| 4-10  | 274 |  95.921 |   0.179 |  90.703 |   0.23  |
| 11-30 | 127 |  95.272 |   0.179 |  91.468 |   0.227 |
| >30   |  84 |  97.727 |   0.177 |  90.583 |   0.238 |
wrote /scratch/nishanth.r/tordiff/results/qm9_default/G1_gt_graph_seed_mols/breakdown.csv
