935 molecules (model failures excluded here: 64)  threshold=0.5
SUMMARY (from evaluate): {'threshold': 0.5, 'COV-R_mean': 80.60789841557553, 'COV-R_median': 100.0, 'MAT-R_mean': 0.22930831770539126, 'MAT-R_median': 0.19815051540124534, 'COV-P_mean': 85.76010270207635, 'COV-P_median': 100.0, 'MAT-P_mean': 0.2016337761092478, 'MAT-P_median': 0.16646021130250363, 'n_evaluated': 936, 'n_model_failures': 64, 'n_additional_failures': 1}

### COV threshold sweep (mean / median over molecules, failures = 0) -- SECONDARY / exploratory; the pre-registered primary threshold is --threshold (0.5 A for QM9)

| thr (A) | COV-R mean | COV-R median | COV-P mean | COV-P median |
|---|---|---|---|---|
| 0.050 | 14.38 | 0.00 | 14.93 | 0.00 |
| 0.100 | 38.62 | 25.00 | 38.99 | 21.29 |
| 0.125 | 45.88 | 38.95 | 46.45 | 37.50 |
| 0.250 | 63.19 | 66.67 | 66.40 | 83.33 |
| 0.375 | 72.41 | 87.50 | 78.21 | 100.00 |
| 0.500 | 80.61 | 100.00 | 85.76 | 100.00 |
| 0.750 | 89.93 | 100.00 | 91.47 | 100.00 |

### by n_heavy

| bin   |   n |   COV_R |   MAT_R |   COV_P |   MAT_P |
|:------|----:|--------:|--------:|--------:|--------:|
| <=5   |   3 |  96.296 |   0.075 | 100     |   0.043 |
| 6     |  10 |  98     |   0.132 |  94.5   |   0.174 |
| 7     |  20 |  88.916 |   0.187 |  91.375 |   0.157 |
| 8     | 131 |  85.831 |   0.215 |  93.657 |   0.189 |
| 9     | 771 |  86.014 |   0.235 |  91.334 |   0.206 |
| >9    |   0 | nan     | nan     | nan     | nan     |

### by n_rot_heavy

| bin   |   n |   COV_R |   MAT_R |   COV_P |   MAT_P |
|:------|----:|--------:|--------:|--------:|--------:|
| 0     | 284 |  96.54  |   0.13  |  97.595 |   0.126 |
| 1     | 296 |  90.999 |   0.198 |  95.291 |   0.172 |
| 2     | 174 |  78.031 |   0.303 |  89.393 |   0.248 |
| 3     |  93 |  71.13  |   0.35  |  83.034 |   0.282 |
| 4+    |  88 |  68.891 |   0.383 |  74.551 |   0.369 |

### by n_rot_repo

| bin   |   n |   COV_R |   MAT_R |   COV_P |   MAT_P |
|:------|----:|--------:|--------:|--------:|--------:|
| <=1   | 229 |  95.79  |   0.14  |  97.151 |   0.135 |
| 2     | 199 |  92.279 |   0.173 |  96.14  |   0.153 |
| 3     | 194 |  85.583 |   0.243 |  94.489 |   0.198 |
| 4     | 127 |  78.939 |   0.3   |  88.873 |   0.233 |
| 5-6   | 128 |  74.061 |   0.336 |  80.123 |   0.313 |
| 7+    |  58 |  72.416 |   0.342 |  77.711 |   0.33  |

### by n_true

| bin   |   n |   COV_R |   MAT_R |   COV_P |   MAT_P |
|:------|----:|--------:|--------:|--------:|--------:|
| 1     | 223 |  95.067 |   0.128 |  94.395 |   0.146 |
| 2-3   | 227 |  86.931 |   0.22  |  92.584 |   0.192 |
| 4-10  | 274 |  82.795 |   0.268 |  91.268 |   0.206 |
| 11-30 | 127 |  80.188 |   0.293 |  88.442 |   0.259 |
| >30   |  84 |  81.011 |   0.301 |  88.737 |   0.273 |
wrote /scratch/nishanth.r/tordiff/results/qm9_B1_train_gtL_e100_s0/S1_etkdg2L_mmff/breakdown.csv
