955 molecules (model failures excluded here: 45)  threshold=0.5
SUMMARY (from evaluate): {'threshold': 0.5, 'COV-R_mean': 90.89306659913713, 'COV-R_median': 100.0, 'MAT-R_mean': 0.1582005531656923, 'MAT-R_median': 0.11403931533175075, 'COV-P_mean': 91.32325835294657, 'COV-P_median': 100.0, 'MAT-P_mean': 0.1654108634187506, 'MAT-P_median': 0.12926214393311666, 'n_evaluated': 955, 'n_model_failures': 45, 'n_additional_failures': 0}

### COV threshold sweep (mean / median over molecules, failures = 0) -- SECONDARY / exploratory; the pre-registered primary threshold is --threshold (0.5 A for QM9)

| thr (A) | COV-R mean | COV-R median | COV-P mean | COV-P median |
|---|---|---|---|---|
| 0.050 | 22.07 | 0.00 | 17.89 | 0.00 |
| 0.100 | 50.69 | 50.00 | 45.85 | 44.44 |
| 0.125 | 57.77 | 71.83 | 53.33 | 60.75 |
| 0.250 | 76.80 | 100.00 | 75.39 | 94.44 |
| 0.375 | 85.72 | 100.00 | 85.52 | 100.00 |
| 0.500 | 90.89 | 100.00 | 91.32 | 100.00 |
| 0.750 | 94.26 | 100.00 | 94.67 | 100.00 |

### by n_heavy

| bin   |   n |   COV_R |   MAT_R |   COV_P |   MAT_P |
|:------|----:|--------:|--------:|--------:|--------:|
| <=5   |   3 | 100     |   0.022 | 100     |   0.019 |
| 6     |  10 | 100     |   0.047 | 100     |   0.063 |
| 7     |  21 |  97.619 |   0.079 |  95.833 |   0.097 |
| 8     | 133 |  96.198 |   0.133 |  96.877 |   0.141 |
| 9     | 788 |  94.859 |   0.166 |  95.338 |   0.173 |
| >9    |   0 | nan     | nan     | nan     | nan     |

### by n_rot_heavy

| bin   |   n |   COV_R |   MAT_R |   COV_P |   MAT_P |
|:------|----:|--------:|--------:|--------:|--------:|
| 0     | 289 |  94.984 |   0.181 |  96.612 |   0.177 |
| 1     | 306 |  95.195 |   0.164 |  96.468 |   0.164 |
| 2     | 177 |  93.612 |   0.166 |  94.35  |   0.175 |
| 3     |  93 |  96.276 |   0.116 |  94.257 |   0.139 |
| 4+    |  90 |  97.665 |   0.095 |  93.528 |   0.14  |

### by n_rot_repo

| bin   |   n |   COV_R |   MAT_R |   COV_P |   MAT_P |
|:------|----:|--------:|--------:|--------:|--------:|
| <=1   | 232 |  94.974 |   0.183 |  96.498 |   0.178 |
| 2     | 209 |  93.715 |   0.184 |  96.109 |   0.177 |
| 3     | 196 |  95.679 |   0.158 |  95.045 |   0.171 |
| 4     | 130 |  93.197 |   0.17  |  94.816 |   0.173 |
| 5-6   | 128 |  97.308 |   0.105 |  94.474 |   0.14  |
| 7+    |  60 |  99.138 |   0.063 |  96.69  |   0.101 |

### by n_true

| bin   |   n |   COV_R |   MAT_R |   COV_P |   MAT_P |
|:------|----:|--------:|--------:|--------:|--------:|
| 1     | 228 |  97.368 |   0.161 |  96.711 |   0.168 |
| 2-3   | 232 |  91.379 |   0.197 |  94.001 |   0.184 |
| 4-10  | 278 |  94.517 |   0.16  |  95.168 |   0.167 |
| 11-30 | 133 |  97.453 |   0.119 |  97.126 |   0.143 |
| >30   |  84 |  98.288 |   0.098 |  96.316 |   0.137 |
wrote /scratch/nishanth.r/tordiff/results/qm9_B1_train_gtL_e100_s2/S1_A5acyc_cyc_ORACLE/breakdown.csv
