955 molecules (model failures excluded here: 45)  threshold=0.5
SUMMARY (from evaluate): {'threshold': 0.5, 'COV-R_mean': 89.84590927301224, 'COV-R_median': 100.0, 'MAT-R_mean': 0.1819375509868316, 'MAT-R_median': 0.14695876230478044, 'COV-P_mean': 87.23436217298345, 'COV-P_median': 100.0, 'MAT-P_mean': 0.2093664328191803, 'MAT-P_median': 0.18022034223302927, 'n_evaluated': 955, 'n_model_failures': 45, 'n_additional_failures': 0}

### COV threshold sweep (mean / median over molecules, failures = 0) -- SECONDARY / exploratory; the pre-registered primary threshold is --threshold (0.5 A for QM9)

| thr (A) | COV-R mean | COV-R median | COV-P mean | COV-P median |
|---|---|---|---|---|
| 0.050 | 12.36 | 0.00 | 9.42 | 0.00 |
| 0.100 | 41.80 | 35.71 | 35.09 | 21.88 |
| 0.125 | 50.42 | 50.00 | 43.08 | 36.29 |
| 0.250 | 72.60 | 89.84 | 67.17 | 77.64 |
| 0.375 | 83.24 | 100.00 | 79.31 | 100.00 |
| 0.500 | 89.85 | 100.00 | 87.23 | 100.00 |
| 0.750 | 94.15 | 100.00 | 93.89 | 100.00 |

### by n_heavy

| bin   |   n |   COV_R |   MAT_R |   COV_P |   MAT_P |
|:------|----:|--------:|--------:|--------:|--------:|
| <=5   |   3 | 100     |   0.034 | 100     |   0.022 |
| 6     |  10 |  98     |   0.09  |  98.375 |   0.128 |
| 7     |  21 |  95.238 |   0.118 |  92.695 |   0.142 |
| 8     | 133 |  94.991 |   0.158 |  93.59  |   0.18  |
| 9     | 788 |  93.823 |   0.189 |  90.808 |   0.218 |
| >9    |   0 | nan     | nan     | nan     | nan     |

### by n_rot_heavy

| bin   |   n |   COV_R |   MAT_R |   COV_P |   MAT_P |
|:------|----:|--------:|--------:|--------:|--------:|
| 0     | 289 |  95.157 |   0.179 |  95.343 |   0.185 |
| 1     | 306 |  95.236 |   0.169 |  94.37  |   0.189 |
| 2     | 177 |  93.242 |   0.192 |  89.471 |   0.226 |
| 3     |  93 |  91.625 |   0.185 |  85.197 |   0.236 |
| 4+    |  90 |  90.868 |   0.21  |  78.259 |   0.297 |

### by n_rot_repo

| bin   |   n |   COV_R |   MAT_R |   COV_P |   MAT_P |
|:------|----:|--------:|--------:|--------:|--------:|
| <=1   | 232 |  95.276 |   0.181 |  95.779 |   0.18  |
| 2     | 209 |  95.384 |   0.179 |  95.329 |   0.19  |
| 3     | 196 |  94.523 |   0.178 |  91.123 |   0.21  |
| 4     | 130 |  92.237 |   0.187 |  89.547 |   0.226 |
| 5-6   | 128 |  92.153 |   0.186 |  83.988 |   0.25  |
| 7+    |  60 |  91.563 |   0.186 |  80.634 |   0.267 |

### by n_true

| bin   |   n |   COV_R |   MAT_R |   COV_P |   MAT_P |
|:------|----:|--------:|--------:|--------:|--------:|
| 1     | 228 |  96.053 |   0.164 |  94.079 |   0.18  |
| 2-3   | 232 |  89.511 |   0.212 |  90.23  |   0.215 |
| 4-10  | 278 |  94.578 |   0.185 |  90.856 |   0.218 |
| 11-30 | 133 |  95.308 |   0.168 |  90.228 |   0.221 |
| >30   |  84 |  97.744 |   0.16  |  90.388 |   0.226 |
wrote /scratch/nishanth.r/tordiff/results/qm9_CTRL_rematch_100ep_e100_s1/S1_A5acyc_cyc_ORACLE/breakdown.csv
