955 molecules (model failures excluded here: 45)  threshold=0.5
SUMMARY (from evaluate): {'threshold': 0.5, 'COV-R_mean': 90.04464344685505, 'COV-R_median': 100.0, 'MAT-R_mean': 0.19376228475502852, 'MAT-R_median': 0.1612573175890056, 'COV-P_mean': 86.88693454051915, 'COV-P_median': 100.0, 'MAT-P_mean': 0.22405559287417248, 'MAT-P_median': 0.19927474618733085, 'n_evaluated': 955, 'n_model_failures': 45, 'n_additional_failures': 0}

### COV threshold sweep (mean / median over molecules, failures = 0) -- SECONDARY / exploratory; the pre-registered primary threshold is --threshold (0.5 A for QM9)

| thr (A) | COV-R mean | COV-R median | COV-P mean | COV-P median |
|---|---|---|---|---|
| 0.050 | 2.87 | 0.00 | 2.22 | 0.00 |
| 0.100 | 32.35 | 14.81 | 26.71 | 7.41 |
| 0.125 | 44.89 | 39.59 | 37.68 | 25.00 |
| 0.250 | 71.63 | 88.89 | 65.16 | 75.00 |
| 0.375 | 83.27 | 100.00 | 78.37 | 97.55 |
| 0.500 | 90.04 | 100.00 | 86.89 | 100.00 |
| 0.750 | 94.42 | 100.00 | 94.04 | 100.00 |

### by n_heavy

| bin   |   n |   COV_R |   MAT_R |   COV_P |   MAT_P |
|:------|----:|--------:|--------:|--------:|--------:|
| <=5   |   3 | 100     |   0.113 | 100     |   0.113 |
| 6     |  10 |  96     |   0.097 |  97.375 |   0.139 |
| 7     |  21 |  95.238 |   0.137 |  92.618 |   0.162 |
| 8     | 133 |  95.65  |   0.168 |  93.454 |   0.189 |
| 9     | 788 |  93.989 |   0.201 |  90.405 |   0.233 |
| >9    |   0 | nan     | nan     | nan     | nan     |

### by n_rot_heavy

| bin   |   n |   COV_R |   MAT_R |   COV_P |   MAT_P |
|:------|----:|--------:|--------:|--------:|--------:|
| 0     | 289 |  94.928 |   0.185 |  94.853 |   0.193 |
| 1     | 306 |  95.94  |   0.176 |  93.837 |   0.202 |
| 2     | 177 |  94.047 |   0.205 |  89.392 |   0.244 |
| 3     |  93 |  92.1   |   0.209 |  85.247 |   0.261 |
| 4+    |  90 |  89.344 |   0.246 |  77.886 |   0.321 |

### by n_rot_repo

| bin   |   n |   COV_R |   MAT_R |   COV_P |   MAT_P |
|:------|----:|--------:|--------:|--------:|--------:|
| <=1   | 232 |  95.103 |   0.184 |  95.097 |   0.188 |
| 2     | 209 |  94.858 |   0.19  |  94.337 |   0.205 |
| 3     | 196 |  95.763 |   0.183 |  91.339 |   0.22  |
| 4     | 130 |  92.907 |   0.204 |  89.33  |   0.246 |
| 5-6   | 128 |  92.739 |   0.209 |  83.745 |   0.273 |
| 7+    |  60 |  90.621 |   0.223 |  81.222 |   0.291 |

### by n_true

| bin   |   n |   COV_R |   MAT_R |   COV_P |   MAT_P |
|:------|----:|--------:|--------:|--------:|--------:|
| 1     | 228 |  97.368 |   0.169 |  94.956 |   0.188 |
| 2-3   | 232 |  89.799 |   0.214 |  88.218 |   0.231 |
| 4-10  | 278 |  94.233 |   0.201 |  90.743 |   0.234 |
| 11-30 | 133 |  95.169 |   0.189 |  89.833 |   0.239 |
| >30   |  84 |  97.107 |   0.185 |  90.426 |   0.249 |
wrote /scratch/nishanth.r/tordiff/results/qm9_CTRL_base_100ep_e100_s0/S1_lam0.00_cyc_ORACLE/breakdown.csv
