996 molecules (model failures excluded here: 4)  threshold=0.5
SUMMARY (from evaluate): {'threshold': 0.5, 'COV-R_mean': 96.03063131334558, 'COV-R_median': 100.0, 'MAT-R_mean': 0.11731212189691524, 'MAT-R_median': 0.07178821099287258, 'COV-P_mean': 92.8299933185152, 'COV-P_median': 100.0, 'MAT-P_mean': 0.15084680283131377, 'MAT-P_median': 0.09874763183971935, 'n_evaluated': 996, 'n_model_failures': 4, 'n_additional_failures': 0}

### COV threshold sweep (mean / median over molecules, failures = 0) -- SECONDARY / exploratory; the pre-registered primary threshold is --threshold (0.5 A for QM9)

| thr (A) | COV-R mean | COV-R median | COV-P mean | COV-P median |
|---|---|---|---|---|
| 0.050 | 13.66 | 0.00 | 6.84 | 0.00 |
| 0.100 | 72.70 | 100.00 | 63.07 | 71.83 |
| 0.125 | 79.00 | 100.00 | 70.08 | 81.10 |
| 0.250 | 89.23 | 100.00 | 83.61 | 100.00 |
| 0.375 | 93.20 | 100.00 | 88.88 | 100.00 |
| 0.500 | 96.03 | 100.00 | 92.83 | 100.00 |
| 0.750 | 99.02 | 100.00 | 98.20 | 100.00 |

### by n_heavy

| bin   |   n |   COV_R |   MAT_R |   COV_P |   MAT_P |
|:------|----:|--------:|--------:|--------:|--------:|
| <=5   |   3 | 100     |   0.06  | 100     |   0.071 |
| 6     |  10 | 100     |   0.071 |  93.25  |   0.115 |
| 7     |  22 |  96.364 |   0.111 |  94.687 |   0.145 |
| 8     | 136 |  95.619 |   0.118 |  92.376 |   0.152 |
| 9     | 825 |  96.493 |   0.118 |  93.274 |   0.152 |
| >9    |   0 | nan     | nan     | nan     | nan     |

### by n_rot_heavy

| bin   |   n |   COV_R |   MAT_R |   COV_P |   MAT_P |
|:------|----:|--------:|--------:|--------:|--------:|
| 0     | 318 | 100     |   0.056 |  98.873 |   0.071 |
| 1     | 316 |  97.781 |   0.097 |  96.38  |   0.12  |
| 2     | 178 |  93.078 |   0.165 |  89.626 |   0.209 |
| 3     |  93 |  94.009 |   0.181 |  86.821 |   0.245 |
| 4+    |  91 |  88.145 |   0.241 |  75.873 |   0.327 |

### by n_rot_repo

| bin   |   n |   COV_R |   MAT_R |   COV_P |   MAT_P |
|:------|----:|--------:|--------:|--------:|--------:|
| <=1   | 253 | 100     |   0.06  |  99.901 |   0.066 |
| 2     | 220 |  98.636 |   0.088 |  96.356 |   0.114 |
| 3     | 201 |  94.648 |   0.129 |  92.384 |   0.16  |
| 4     | 133 |  95.597 |   0.14  |  92.372 |   0.183 |
| 5-6   | 129 |  92.434 |   0.193 |  83.656 |   0.262 |
| 7+    |  60 |  89.468 |   0.216 |  78.507 |   0.304 |

### by n_true

| bin   |   n |   COV_R |   MAT_R |   COV_P |   MAT_P |
|:------|----:|--------:|--------:|--------:|--------:|
| 1     | 253 |  98.024 |   0.073 |  96.64  |   0.092 |
| 2-3   | 243 |  95.61  |   0.109 |  93.724 |   0.128 |
| 4-10  | 281 |  95.3   |   0.134 |  91.737 |   0.174 |
| 11-30 | 135 |  96.078 |   0.155 |  90.374 |   0.206 |
| >30   |  84 |  98.185 |   0.161 |  90.792 |   0.229 |
wrote /scratch/nishanth.r/tordiff/results/qm9_CTRL_rematch_100ep_e100_s1/S1_noise0.04pa_cyc_ORACLE/breakdown.csv
