906 molecules (model failures excluded here: 94)  threshold=0.5
SUMMARY (from evaluate): {'threshold': 0.5, 'COV-R_mean': 86.02522360734254, 'COV-R_median': 100.0, 'MAT-R_mean': 0.15963097748709285, 'MAT-R_median': 0.12913221246783052, 'COV-P_mean': 84.55505101945332, 'COV-P_median': 100.0, 'MAT-P_mean': 0.1772873635866933, 'MAT-P_median': 0.1434749155336032, 'n_evaluated': 906, 'n_model_failures': 94, 'n_additional_failures': 0}

### COV threshold sweep (mean / median over molecules, failures = 0) -- SECONDARY / exploratory; the pre-registered primary threshold is --threshold (0.5 A for QM9)

| thr (A) | COV-R mean | COV-R median | COV-P mean | COV-P median |
|---|---|---|---|---|
| 0.050 | 10.25 | 0.00 | 8.76 | 0.00 |
| 0.100 | 44.40 | 38.61 | 38.64 | 25.00 |
| 0.125 | 54.48 | 55.56 | 48.37 | 50.00 |
| 0.250 | 75.29 | 100.00 | 72.66 | 90.00 |
| 0.375 | 82.40 | 100.00 | 80.59 | 100.00 |
| 0.500 | 86.03 | 100.00 | 84.56 | 100.00 |
| 0.750 | 89.36 | 100.00 | 89.29 | 100.00 |

### by n_heavy

| bin   |   n |   COV_R |   MAT_R |   COV_P |   MAT_P |
|:------|----:|--------:|--------:|--------:|--------:|
| <=5   |   2 | 100     |   0.058 | 100     |   0.047 |
| 6     |  10 |  96.75  |   0.101 |  97.5   |   0.1   |
| 7     |  21 |  97.46  |   0.121 |  96.291 |   0.125 |
| 8     | 126 |  95.732 |   0.137 |  93.559 |   0.155 |
| 9     | 747 |  94.711 |   0.166 |  93.132 |   0.184 |
| >9    |   0 | nan     | nan     | nan     | nan     |

### by n_rot_heavy

| bin   |   n |   COV_R |   MAT_R |   COV_P |   MAT_P |
|:------|----:|--------:|--------:|--------:|--------:|
| 0     | 258 |  96.793 |   0.138 |  98.966 |   0.119 |
| 1     | 293 |  98.139 |   0.131 |  97.129 |   0.149 |
| 2     | 173 |  92.022 |   0.189 |  89.123 |   0.22  |
| 3     |  93 |  92.353 |   0.187 |  87.563 |   0.233 |
| 4+    |  89 |  87.519 |   0.234 |  78.665 |   0.3   |

### by n_rot_repo

| bin   |   n |   COV_R |   MAT_R |   COV_P |   MAT_P |
|:------|----:|--------:|--------:|--------:|--------:|
| <=1   | 203 |  97.604 |   0.128 |  99.795 |   0.108 |
| 2     | 197 |  96.485 |   0.152 |  96.834 |   0.152 |
| 3     | 192 |  95.499 |   0.154 |  93.184 |   0.181 |
| 4     | 127 |  94.042 |   0.172 |  92.036 |   0.202 |
| 5-6   | 127 |  90.878 |   0.198 |  85.045 |   0.25  |
| 7+    |  60 |  89.722 |   0.204 |  80.664 |   0.278 |

### by n_true

| bin   |   n |   COV_R |   MAT_R |   COV_P |   MAT_P |
|:------|----:|--------:|--------:|--------:|--------:|
| 1     | 199 |  97.99  |   0.117 |  97.487 |   0.124 |
| 2-3   | 216 |  91.821 |   0.172 |  92.785 |   0.174 |
| 4-10  | 274 |  94.758 |   0.173 |  92.347 |   0.191 |
| 11-30 | 133 |  94.463 |   0.17  |  91.366 |   0.206 |
| >30   |  84 |  97.199 |   0.169 |  91.173 |   0.223 |
wrote /scratch/nishanth.r/tordiff/results/qm9_CTRL_rematch_100ep_e100_s0/S1_lam0.25_cyc_ORACLE/breakdown.csv
