996 molecules (model failures excluded here: 4)  threshold=0.5
SUMMARY (from evaluate): {'threshold': 0.5, 'COV-R_mean': 95.73084999275567, 'COV-R_median': 100.0, 'MAT-R_mean': 0.08304158436694123, 'MAT-R_median': 0.03744755363237082, 'COV-P_mean': 93.25415817288517, 'COV-P_median': 100.0, 'MAT-P_mean': 0.11151103965006437, 'MAT-P_median': 0.062222218510180526, 'n_evaluated': 996, 'n_model_failures': 4, 'n_additional_failures': 0}

### COV threshold sweep (mean / median over molecules, failures = 0) -- SECONDARY / exploratory; the pre-registered primary threshold is --threshold (0.5 A for QM9)

| thr (A) | COV-R mean | COV-R median | COV-P mean | COV-P median |
|---|---|---|---|---|
| 0.050 | 64.38 | 77.78 | 57.11 | 50.00 |
| 0.100 | 78.24 | 100.00 | 71.04 | 84.74 |
| 0.125 | 81.81 | 100.00 | 75.12 | 92.20 |
| 0.250 | 89.60 | 100.00 | 85.04 | 100.00 |
| 0.375 | 93.03 | 100.00 | 89.16 | 100.00 |
| 0.500 | 95.73 | 100.00 | 93.25 | 100.00 |
| 0.750 | 98.67 | 100.00 | 98.31 | 100.00 |

### by n_heavy

| bin   |   n |   COV_R |   MAT_R |   COV_P |   MAT_P |
|:------|----:|--------:|--------:|--------:|--------:|
| <=5   |   3 | 100     |   0.017 | 100     |   0.016 |
| 6     |  10 |  98     |   0.063 |  93.625 |   0.086 |
| 7     |  22 |  97.273 |   0.075 |  93.993 |   0.101 |
| 8     | 136 |  94.719 |   0.09  |  92.779 |   0.119 |
| 9     | 825 |  96.278 |   0.083 |  93.736 |   0.111 |
| >9    |   0 | nan     | nan     | nan     | nan     |

### by n_rot_heavy

| bin   |   n |   COV_R |   MAT_R |   COV_P |   MAT_P |
|:------|----:|--------:|--------:|--------:|--------:|
| 0     | 318 |  99.686 |   0.008 |  99.45  |   0.017 |
| 1     | 316 |  97.53  |   0.062 |  96.507 |   0.084 |
| 2     | 178 |  92.486 |   0.142 |  89.257 |   0.183 |
| 3     |  93 |  93.267 |   0.164 |  88.027 |   0.208 |
| 4+    |  91 |  88.739 |   0.219 |  77.569 |   0.298 |

### by n_rot_repo

| bin   |   n |   COV_R |   MAT_R |   COV_P |   MAT_P |
|:------|----:|--------:|--------:|--------:|--------:|
| <=1   | 253 |  99.605 |   0.011 |  99.875 |   0.012 |
| 2     | 220 |  98.394 |   0.046 |  97.061 |   0.073 |
| 3     | 201 |  94.307 |   0.102 |  92.992 |   0.125 |
| 4     | 133 |  94.954 |   0.118 |  91.387 |   0.159 |
| 5-6   | 129 |  92.152 |   0.171 |  85.14  |   0.228 |
| 7+    |  60 |  90.197 |   0.192 |  80.057 |   0.27  |

### by n_true

| bin   |   n |   COV_R |   MAT_R |   COV_P |   MAT_P |
|:------|----:|--------:|--------:|--------:|--------:|
| 1     | 253 |  97.628 |   0.026 |  97.233 |   0.041 |
| 2-3   | 243 |  94.787 |   0.072 |  93.793 |   0.087 |
| 4-10  | 281 |  95.631 |   0.104 |  91.774 |   0.141 |
| 11-30 | 135 |  95.64  |   0.131 |  91.46  |   0.174 |
| >30   |  84 |  97.783 |   0.137 |  91.985 |   0.197 |
wrote /scratch/nishanth.r/tordiff/results/qm9_CTRL_base_100ep_e100_s2/steps20_seed0_gtLcycle/breakdown.csv
