906 molecules (model failures excluded here: 94)  threshold=0.5
SUMMARY (from evaluate): {'threshold': 0.5, 'COV-R_mean': 78.78684879399431, 'COV-R_median': 100.0, 'MAT-R_mean': 0.2259726880214185, 'MAT-R_median': 0.1882680349708101, 'COV-P_mean': 81.16541019380858, 'COV-P_median': 100.0, 'MAT-P_mean': 0.21490119122070492, 'MAT-P_median': 0.16577527202243983, 'n_evaluated': 906, 'n_model_failures': 94, 'n_additional_failures': 0}

### COV threshold sweep (mean / median over molecules, failures = 0) -- SECONDARY / exploratory; the pre-registered primary threshold is --threshold (0.5 A for QM9)

| thr (A) | COV-R mean | COV-R median | COV-P mean | COV-P median |
|---|---|---|---|---|
| 0.050 | 8.51 | 0.00 | 7.82 | 0.00 |
| 0.100 | 34.61 | 18.71 | 32.27 | 11.54 |
| 0.125 | 42.71 | 33.33 | 40.84 | 28.57 |
| 0.250 | 63.21 | 69.23 | 65.08 | 83.33 |
| 0.375 | 72.26 | 92.72 | 75.51 | 100.00 |
| 0.500 | 78.79 | 100.00 | 81.17 | 100.00 |
| 0.750 | 87.69 | 100.00 | 88.26 | 100.00 |

### by n_heavy

| bin   |   n |   COV_R |   MAT_R |   COV_P |   MAT_P |
|:------|----:|--------:|--------:|--------:|--------:|
| <=5   |   2 | 100     |   0.061 | 100     |   0.071 |
| 6     |  10 |  98     |   0.148 |  95.125 |   0.137 |
| 7     |  21 |  85.974 |   0.183 |  89.382 |   0.188 |
| 8     | 126 |  89.367 |   0.204 |  90.854 |   0.195 |
| 9     | 747 |  86.4   |   0.232 |  89.277 |   0.22  |
| >9    |   0 | nan     | nan     | nan     | nan     |

### by n_rot_heavy

| bin   |   n |   COV_R |   MAT_R |   COV_P |   MAT_P |
|:------|----:|--------:|--------:|--------:|--------:|
| 0     | 258 |  96.6   |   0.139 |  99.451 |   0.116 |
| 1     | 293 |  91.38  |   0.192 |  96.381 |   0.169 |
| 2     | 173 |  77.997 |   0.296 |  83.774 |   0.269 |
| 3     |  93 |  77.821 |   0.314 |  76.796 |   0.33  |
| 4+    |  89 |  71.45  |   0.36  |  63.287 |   0.427 |

### by n_rot_repo

| bin   |   n |   COV_R |   MAT_R |   COV_P |   MAT_P |
|:------|----:|--------:|--------:|--------:|--------:|
| <=1   | 203 |  95.346 |   0.142 |  99.548 |   0.111 |
| 2     | 197 |  88.108 |   0.21  |  96.153 |   0.169 |
| 3     | 192 |  86.638 |   0.227 |  91.087 |   0.213 |
| 4     | 127 |  86.136 |   0.253 |  89.193 |   0.233 |
| 5-6   | 127 |  79.119 |   0.303 |  72.206 |   0.348 |
| 7+    |  60 |  74.208 |   0.338 |  67.144 |   0.407 |

### by n_true

| bin   |   n |   COV_R |   MAT_R |   COV_P |   MAT_P |
|:------|----:|--------:|--------:|--------:|--------:|
| 1     | 199 |  97.487 |   0.121 |  96.985 |   0.126 |
| 2-3   | 216 |  82.099 |   0.245 |  91.242 |   0.195 |
| 4-10  | 274 |  83.966 |   0.263 |  87.484 |   0.239 |
| 11-30 | 133 |  86.187 |   0.25  |  86.097 |   0.263 |
| >30   |  84 |  85.524 |   0.266 |  80.186 |   0.323 |
wrote /scratch/nishanth.r/tordiff/results/qm9_B1_train_gtL_e100_s1/S1_lam0.25_cyc_ORACLE/breakdown.csv
