930 molecules (model failures excluded here: 69)  threshold=0.5
SUMMARY (from evaluate): {'threshold': 0.5, 'COV-R_mean': 88.17581847976676, 'COV-R_median': 100.0, 'MAT-R_mean': 0.1767626709534669, 'MAT-R_median': 0.14154160272545968, 'COV-P_mean': 84.99378237360197, 'COV-P_median': 100.0, 'MAT-P_mean': 0.21994420543234292, 'MAT-P_median': 0.18984703664444666, 'n_evaluated': 931, 'n_model_failures': 69, 'n_additional_failures': 1}

### COV threshold sweep (mean / median over molecules, failures = 0) -- SECONDARY / exploratory; the pre-registered primary threshold is --threshold (0.5 A for QM9)

| thr (A) | COV-R mean | COV-R median | COV-P mean | COV-P median |
|---|---|---|---|---|
| 0.050 | 3.77 | 0.00 | 2.63 | 0.00 |
| 0.100 | 36.94 | 25.00 | 27.20 | 12.50 |
| 0.125 | 50.47 | 50.00 | 38.88 | 30.00 |
| 0.250 | 73.66 | 94.44 | 64.27 | 75.00 |
| 0.375 | 83.52 | 100.00 | 77.05 | 94.99 |
| 0.500 | 88.18 | 100.00 | 84.99 | 100.00 |
| 0.750 | 92.02 | 100.00 | 91.45 | 100.00 |

### by n_heavy

| bin   |   n |   COV_R |   MAT_R |   COV_P |   MAT_P |
|:------|----:|--------:|--------:|--------:|--------:|
| <=5   |   2 |  94.444 |   0.107 | 100     |   0.041 |
| 6     |  10 | 100     |   0.112 |  94.875 |   0.149 |
| 7     |  20 | 100     |   0.114 |  95.424 |   0.152 |
| 8     | 131 |  94.375 |   0.164 |  92.383 |   0.2   |
| 9     | 767 |  94.686 |   0.182 |  91.049 |   0.227 |
| >9    |   0 | nan     | nan     | nan     | nan     |

### by n_rot_heavy

| bin   |   n |   COV_R |   MAT_R |   COV_P |   MAT_P |
|:------|----:|--------:|--------:|--------:|--------:|
| 0     | 281 |  97.321 |   0.152 |  96.114 |   0.187 |
| 1     | 294 |  96.316 |   0.164 |  94.914 |   0.2   |
| 2     | 173 |  92.573 |   0.197 |  88.133 |   0.242 |
| 3     |  93 |  93.437 |   0.199 |  84.997 |   0.255 |
| 4+    |  89 |  87.717 |   0.233 |  77.857 |   0.31  |

### by n_rot_repo

| bin   |   n |   COV_R |   MAT_R |   COV_P |   MAT_P |
|:------|----:|--------:|--------:|--------:|--------:|
| <=1   | 225 |  97.159 |   0.151 |  96.177 |   0.181 |
| 2     | 198 |  96.049 |   0.172 |  95.809 |   0.2   |
| 3     | 194 |  95.408 |   0.173 |  91.767 |   0.219 |
| 4     | 126 |  93.194 |   0.19  |  88.779 |   0.242 |
| 5-6   | 128 |  91.717 |   0.207 |  83.23  |   0.271 |
| 7+    |  59 |  89.93  |   0.21  |  80.364 |   0.283 |

### by n_true

| bin   |   n |   COV_R |   MAT_R |   COV_P |   MAT_P |
|:------|----:|--------:|--------:|--------:|--------:|
| 1     | 223 |  95.964 |   0.148 |  93.722 |   0.187 |
| 2-3   | 221 |  92.232 |   0.186 |  91.516 |   0.221 |
| 4-10  | 274 |  95.071 |   0.19  |  90.164 |   0.234 |
| 11-30 | 128 |  94.87  |   0.183 |  90.012 |   0.234 |
| >30   |  84 |  97.615 |   0.177 |  90.98  |   0.236 |
wrote /scratch/nishanth.r/tordiff/results/qm9_default/R1_base_seed1/breakdown.csv
