996 molecules (model failures excluded here: 4)  threshold=0.5
SUMMARY (from evaluate): {'threshold': 0.5, 'COV-R_mean': 95.62435445422764, 'COV-R_median': 100.0, 'MAT-R_mean': 0.1251049252991642, 'MAT-R_median': 0.06258422566817334, 'COV-P_mean': 89.56941467317691, 'COV-P_median': 100.0, 'MAT-P_mean': 0.18418079658045777, 'MAT-P_median': 0.1284138314412499, 'n_evaluated': 996, 'n_model_failures': 4, 'n_additional_failures': 0}

### COV threshold sweep (mean / median over molecules, failures = 0) -- SECONDARY / exploratory; the pre-registered primary threshold is --threshold (0.5 A for QM9)

| thr (A) | COV-R mean | COV-R median | COV-P mean | COV-P median |
|---|---|---|---|---|
| 0.050 | 52.78 | 50.00 | 46.53 | 25.00 |
| 0.100 | 65.83 | 100.00 | 55.67 | 50.00 |
| 0.125 | 69.52 | 100.00 | 58.63 | 61.11 |
| 0.250 | 82.19 | 100.00 | 70.68 | 87.50 |
| 0.375 | 90.47 | 100.00 | 81.46 | 100.00 |
| 0.500 | 95.62 | 100.00 | 89.57 | 100.00 |
| 0.750 | 99.25 | 100.00 | 97.26 | 100.00 |

### by n_heavy

| bin   |   n |   COV_R |   MAT_R |   COV_P |   MAT_P |
|:------|----:|--------:|--------:|--------:|--------:|
| <=5   |   3 | 100     |   0.042 | 100     |   0.057 |
| 6     |  10 |  96     |   0.107 |  97.375 |   0.139 |
| 7     |  22 |  98.209 |   0.093 |  93.891 |   0.154 |
| 8     | 136 |  95.8   |   0.134 |  88.867 |   0.196 |
| 9     | 825 |  95.97  |   0.125 |  89.872 |   0.184 |
| >9    |   0 | nan     | nan     | nan     | nan     |

### by n_rot_heavy

| bin   |   n |   COV_R |   MAT_R |   COV_P |   MAT_P |
|:------|----:|--------:|--------:|--------:|--------:|
| 0     | 318 | 100     |   0.03  |  99.659 |   0.039 |
| 1     | 316 |  98.776 |   0.087 |  96.404 |   0.141 |
| 2     | 178 |  95.708 |   0.169 |  88.133 |   0.261 |
| 3     |  93 |  88.111 |   0.269 |  71.055 |   0.388 |
| 4+    |  91 |  81.107 |   0.354 |  56.245 |   0.484 |

### by n_rot_repo

| bin   |   n |   COV_R |   MAT_R |   COV_P |   MAT_P |
|:------|----:|--------:|--------:|--------:|--------:|
| <=1   | 253 |  99.802 |   0.035 |  99.776 |   0.041 |
| 2     | 220 |  98.807 |   0.076 |  97.629 |   0.11  |
| 3     | 201 |  97.226 |   0.115 |  92.051 |   0.184 |
| 4     | 133 |  96.843 |   0.151 |  90.228 |   0.237 |
| 5-6   | 129 |  87.372 |   0.276 |  69.545 |   0.398 |
| 7+    |  60 |  82.385 |   0.335 |  56.228 |   0.482 |

### by n_true

| bin   |   n |   COV_R |   MAT_R |   COV_P |   MAT_P |
|:------|----:|--------:|--------:|--------:|--------:|
| 1     | 253 |  99.605 |   0.043 |  97.826 |   0.063 |
| 2-3   | 243 |  96.708 |   0.091 |  93.621 |   0.133 |
| 4-10  | 281 |  94.347 |   0.147 |  89.286 |   0.215 |
| 11-30 | 135 |  92.813 |   0.208 |  81.433 |   0.306 |
| >30   |  84 |  93.846 |   0.265 |  71.27  |   0.399 |
wrote /scratch/nishanth.r/tordiff/results/qm9_B1_train_gtL_e100_s0/S1_noise0.02pa_cyc_ORACLE/breakdown.csv
