934 molecules (model failures excluded here: 65)  threshold=0.5
SUMMARY (from evaluate): {'threshold': 0.5, 'COV-R_mean': 84.44091981944524, 'COV-R_median': 100.0, 'MAT-R_mean': 0.20775232322716508, 'MAT-R_median': 0.16794395717478128, 'COV-P_mean': 82.14947989767933, 'COV-P_median': 100.0, 'MAT-P_mean': 0.2406643026312941, 'MAT-P_median': 0.20273482562494777, 'n_evaluated': 935, 'n_model_failures': 65, 'n_additional_failures': 1}

### COV threshold sweep (mean / median over molecules, failures = 0) -- SECONDARY / exploratory; the pre-registered primary threshold is --threshold (0.5 A for QM9)

| thr (A) | COV-R mean | COV-R median | COV-P mean | COV-P median |
|---|---|---|---|---|
| 0.050 | 4.15 | 0.00 | 2.73 | 0.00 |
| 0.100 | 37.01 | 25.00 | 27.59 | 12.50 |
| 0.125 | 47.69 | 50.00 | 38.16 | 28.57 |
| 0.250 | 67.33 | 80.00 | 60.57 | 67.37 |
| 0.375 | 77.74 | 100.00 | 73.62 | 91.67 |
| 0.500 | 84.44 | 100.00 | 82.15 | 100.00 |
| 0.750 | 91.25 | 100.00 | 90.59 | 100.00 |

### by n_heavy

| bin   |   n |   COV_R |   MAT_R |   COV_P |   MAT_P |
|:------|----:|--------:|--------:|--------:|--------:|
| <=5   |   2 | 100     |   0.053 | 100     |   0.05  |
| 6     |  10 |  96.75  |   0.124 |  97.375 |   0.149 |
| 7     |  20 |  87     |   0.164 |  86.442 |   0.196 |
| 8     | 132 |  90.798 |   0.193 |  90.365 |   0.213 |
| 9     | 770 |  90.322 |   0.213 |  87.427 |   0.248 |
| >9    |   0 | nan     | nan     | nan     | nan     |

### by n_rot_heavy

| bin   |   n |   COV_R |   MAT_R |   COV_P |   MAT_P |
|:------|----:|--------:|--------:|--------:|--------:|
| 0     | 281 |  97.41  |   0.154 |  96.472 |   0.186 |
| 1     | 297 |  93.497 |   0.18  |  92.396 |   0.21  |
| 2     | 174 |  86.673 |   0.251 |  83.936 |   0.272 |
| 3     |  93 |  80.886 |   0.268 |  75.842 |   0.311 |
| 4+    |  89 |  75.243 |   0.321 |  66.752 |   0.38  |

### by n_rot_repo

| bin   |   n |   COV_R |   MAT_R |   COV_P |   MAT_P |
|:------|----:|--------:|--------:|--------:|--------:|
| <=1   | 225 |  97.221 |   0.151 |  96.088 |   0.18  |
| 2     | 201 |  95.11  |   0.185 |  93.994 |   0.215 |
| 3     | 195 |  88.666 |   0.213 |  89.035 |   0.232 |
| 4     | 126 |  86.594 |   0.24  |  85.009 |   0.262 |
| 5-6   | 128 |  84.414 |   0.259 |  74.511 |   0.324 |
| 7+    |  59 |  75.317 |   0.302 |  68.249 |   0.362 |

### by n_true

| bin   |   n |   COV_R |   MAT_R |   COV_P |   MAT_P |
|:------|----:|--------:|--------:|--------:|--------:|
| 1     | 223 |  96.861 |   0.153 |  94.395 |   0.191 |
| 2-3   | 225 |  88.667 |   0.213 |  87.333 |   0.238 |
| 4-10  | 274 |  86.9   |   0.238 |  85.622 |   0.263 |
| 11-30 | 128 |  90.343 |   0.216 |  85.954 |   0.261 |
| >30   |  84 |  89.48  |   0.226 |  83.177 |   0.276 |
wrote /scratch/nishanth.r/tordiff/results/qm9_B6_jit0.04pa_e100_s0/steps20_seed0/breakdown.csv
