996 molecules (model failures excluded here: 4)  threshold=0.5
SUMMARY (from evaluate): {'threshold': 0.5, 'COV-R_mean': 95.73930994490748, 'COV-R_median': 100.0, 'MAT-R_mean': 0.08389026099646674, 'MAT-R_median': 0.038877167291081094, 'COV-P_mean': 94.00319727907018, 'COV-P_median': 100.0, 'MAT-P_mean': 0.10254759036274057, 'MAT-P_median': 0.05433886740407278, 'n_evaluated': 996, 'n_model_failures': 4, 'n_additional_failures': 0}

### COV threshold sweep (mean / median over molecules, failures = 0) -- SECONDARY / exploratory; the pre-registered primary threshold is --threshold (0.5 A for QM9)

| thr (A) | COV-R mean | COV-R median | COV-P mean | COV-P median |
|---|---|---|---|---|
| 0.050 | 66.14 | 75.23 | 60.24 | 66.67 |
| 0.100 | 79.44 | 100.00 | 74.39 | 91.15 |
| 0.125 | 82.49 | 100.00 | 78.26 | 95.00 |
| 0.250 | 88.72 | 100.00 | 86.27 | 100.00 |
| 0.375 | 92.23 | 100.00 | 90.09 | 100.00 |
| 0.500 | 95.74 | 100.00 | 94.00 | 100.00 |
| 0.750 | 98.66 | 100.00 | 98.32 | 100.00 |

### by n_heavy

| bin   |   n |   COV_R |   MAT_R |   COV_P |   MAT_P |
|:------|----:|--------:|--------:|--------:|--------:|
| <=5   |   3 | 100     |   0.029 | 100     |   0.012 |
| 6     |  10 |  95.417 |   0.062 |  96.5   |   0.049 |
| 7     |  22 |  99.091 |   0.08  |  94.168 |   0.1   |
| 8     | 136 |  95.372 |   0.08  |  93.868 |   0.101 |
| 9     | 825 |  96.163 |   0.085 |  94.425 |   0.104 |
| >9    |   0 | nan     | nan     | nan     | nan     |

### by n_rot_heavy

| bin   |   n |   COV_R |   MAT_R |   COV_P |   MAT_P |
|:------|----:|--------:|--------:|--------:|--------:|
| 0     | 318 |  99.712 |   0.016 |  99.921 |   0.015 |
| 1     | 316 |  97.181 |   0.064 |  96.776 |   0.077 |
| 2     | 178 |  92.719 |   0.142 |  91.336 |   0.165 |
| 3     |  93 |  93.925 |   0.153 |  88.398 |   0.191 |
| 4+    |  91 |  88.822 |   0.209 |  78.771 |   0.281 |

### by n_rot_repo

| bin   |   n |   COV_R |   MAT_R |   COV_P |   MAT_P |
|:------|----:|--------:|--------:|--------:|--------:|
| <=1   | 253 |  99.045 |   0.019 |  99.875 |   0.01  |
| 2     | 220 |  97.163 |   0.062 |  97.748 |   0.068 |
| 3     | 201 |  95.488 |   0.095 |  94     |   0.116 |
| 4     | 133 |  95.833 |   0.1   |  92.48  |   0.143 |
| 5-6   | 129 |  92.515 |   0.166 |  86.418 |   0.209 |
| 7+    |  60 |  90.531 |   0.186 |  81.477 |   0.255 |

### by n_true

| bin   |   n |   COV_R |   MAT_R |   COV_P |   MAT_P |
|:------|----:|--------:|--------:|--------:|--------:|
| 1     | 253 |  98.024 |   0.027 |  97.628 |   0.037 |
| 2-3   | 243 |  94.102 |   0.084 |  94.136 |   0.084 |
| 4-10  | 281 |  95.806 |   0.102 |  93.919 |   0.122 |
| 11-30 | 135 |  95.925 |   0.123 |  90.845 |   0.168 |
| >30   |  84 |  97.636 |   0.132 |  92.534 |   0.184 |
wrote /scratch/nishanth.r/tordiff/results/qm9_default/A1_gtL_model_seed2/breakdown.csv
