955 molecules (model failures excluded here: 45)  threshold=0.5
SUMMARY (from evaluate): {'threshold': 0.5, 'COV-R_mean': 92.30319168155869, 'COV-R_median': 100.0, 'MAT-R_mean': 0.11861491736242068, 'MAT-R_median': 0.08823482830730048, 'COV-P_mean': 89.59429167990317, 'COV-P_median': 100.0, 'MAT-P_mean': 0.14822792900217494, 'MAT-P_median': 0.11200785780470054, 'n_evaluated': 955, 'n_model_failures': 45, 'n_additional_failures': 0}

### COV threshold sweep (mean / median over molecules, failures = 0) -- SECONDARY / exploratory; the pre-registered primary threshold is --threshold (0.5 A for QM9)

| thr (A) | COV-R mean | COV-R median | COV-P mean | COV-P median |
|---|---|---|---|---|
| 0.050 | 28.01 | 0.00 | 25.66 | 0.00 |
| 0.100 | 62.39 | 68.86 | 54.92 | 50.00 |
| 0.125 | 71.56 | 90.67 | 63.98 | 69.40 |
| 0.250 | 84.89 | 100.00 | 79.63 | 97.14 |
| 0.375 | 89.37 | 100.00 | 85.14 | 100.00 |
| 0.500 | 92.30 | 100.00 | 89.59 | 100.00 |
| 0.750 | 94.69 | 100.00 | 94.19 | 100.00 |

### by n_heavy

| bin   |   n |   COV_R |   MAT_R |   COV_P |   MAT_P |
|:------|----:|--------:|--------:|--------:|--------:|
| <=5   |   3 | 100     |   0.124 | 100     |   0.114 |
| 6     |  10 |  96     |   0.08  |  96.75  |   0.098 |
| 7     |  21 |  96.667 |   0.109 |  95.462 |   0.123 |
| 8     | 133 |  96.692 |   0.109 |  94.01  |   0.14  |
| 9     | 788 |  96.641 |   0.121 |  93.679 |   0.151 |
| >9    |   0 | nan     | nan     | nan     | nan     |

### by n_rot_heavy

| bin   |   n |   COV_R |   MAT_R |   COV_P |   MAT_P |
|:------|----:|--------:|--------:|--------:|--------:|
| 0     | 289 | 100     |   0.042 |  99.913 |   0.052 |
| 1     | 306 |  98.181 |   0.104 |  97.068 |   0.125 |
| 2     | 177 |  94.383 |   0.162 |  90.764 |   0.202 |
| 3     |  93 |  93.18  |   0.196 |  86.296 |   0.25  |
| 4+    |  90 |  88.759 |   0.249 |  76.953 |   0.326 |

### by n_rot_repo

| bin   |   n |   COV_R |   MAT_R |   COV_P |   MAT_P |
|:------|----:|--------:|--------:|--------:|--------:|
| <=1   | 232 |  99.353 |   0.04  |  99.784 |   0.042 |
| 2     | 209 |  99.211 |   0.092 |  98.203 |   0.109 |
| 3     | 196 |  96.554 |   0.125 |  93.955 |   0.164 |
| 4     | 130 |  95.493 |   0.156 |  92.301 |   0.192 |
| 5-6   | 128 |  92.467 |   0.202 |  84.325 |   0.263 |
| 7+    |  60 |  89.062 |   0.232 |  78.532 |   0.305 |

### by n_true

| bin   |   n |   COV_R |   MAT_R |   COV_P |   MAT_P |
|:------|----:|--------:|--------:|--------:|--------:|
| 1     | 228 |  99.123 |   0.059 |  97.807 |   0.075 |
| 2-3   | 232 |  95.905 |   0.107 |  94.792 |   0.127 |
| 4-10  | 278 |  95.371 |   0.143 |  92.241 |   0.174 |
| 11-30 | 133 |  95.705 |   0.16  |  90.759 |   0.205 |
| >30   |  84 |  97.754 |   0.166 |  90.34  |   0.23  |
wrote /scratch/nishanth.r/tordiff/results/qm9_CTRL_rematch_100ep_e100_s1/S1_A5ring_cyc_ORACLE/breakdown.csv
