934 molecules (model failures excluded here: 65)  threshold=0.5
SUMMARY (from evaluate): {'threshold': 0.5, 'COV-R_mean': 88.62477396155822, 'COV-R_median': 100.0, 'MAT-R_mean': 0.18124577132911687, 'MAT-R_median': 0.14761884607699852, 'COV-P_mean': 84.82288448346563, 'COV-P_median': 100.0, 'MAT-P_mean': 0.22527416169698602, 'MAT-P_median': 0.19613783568425625, 'n_evaluated': 935, 'n_model_failures': 65, 'n_additional_failures': 1}

### COV threshold sweep (mean / median over molecules, failures = 0) -- SECONDARY / exploratory; the pre-registered primary threshold is --threshold (0.5 A for QM9)

| thr (A) | COV-R mean | COV-R median | COV-P mean | COV-P median |
|---|---|---|---|---|
| 0.050 | 3.65 | 0.00 | 2.46 | 0.00 |
| 0.100 | 35.61 | 20.00 | 25.78 | 10.00 |
| 0.125 | 48.34 | 49.39 | 37.00 | 25.00 |
| 0.250 | 72.93 | 92.72 | 63.74 | 75.00 |
| 0.375 | 83.52 | 100.00 | 76.83 | 95.16 |
| 0.500 | 88.62 | 100.00 | 84.82 | 100.00 |
| 0.750 | 92.39 | 100.00 | 91.72 | 100.00 |

### by n_heavy

| bin   |   n |   COV_R |   MAT_R |   COV_P |   MAT_P |
|:------|----:|--------:|--------:|--------:|--------:|
| <=5   |   2 | 100     |   0.04  | 100     |   0.047 |
| 6     |  10 |  93.417 |   0.155 |  95.375 |   0.145 |
| 7     |  20 |  96.5   |   0.132 |  94.057 |   0.16  |
| 8     | 132 |  94.367 |   0.172 |  92.543 |   0.202 |
| 9     | 770 |  94.94  |   0.185 |  90.354 |   0.233 |
| >9    |   0 | nan     | nan     | nan     | nan     |

### by n_rot_heavy

| bin   |   n |   COV_R |   MAT_R |   COV_P |   MAT_P |
|:------|----:|--------:|--------:|--------:|--------:|
| 0     | 281 |  97.529 |   0.152 |  95.849 |   0.187 |
| 1     | 297 |  96.351 |   0.166 |  93.862 |   0.206 |
| 2     | 174 |  94.388 |   0.2   |  87.676 |   0.252 |
| 3     |  93 |  90.968 |   0.212 |  84.921 |   0.258 |
| 4+    |  89 |  86.735 |   0.257 |  77.066 |   0.324 |

### by n_rot_repo

| bin   |   n |   COV_R |   MAT_R |   COV_P |   MAT_P |
|:------|----:|--------:|--------:|--------:|--------:|
| <=1   | 225 |  97.902 |   0.149 |  95.829 |   0.181 |
| 2     | 201 |  96.41  |   0.171 |  94.869 |   0.205 |
| 3     | 195 |  95.779 |   0.178 |  90.908 |   0.228 |
| 4     | 126 |  91.829 |   0.206 |  87.746 |   0.25  |
| 5-6   | 128 |  91.308 |   0.217 |  83.682 |   0.276 |
| 7+    |  59 |  89.553 |   0.22  |  79.631 |   0.29  |

### by n_true

| bin   |   n |   COV_R |   MAT_R |   COV_P |   MAT_P |
|:------|----:|--------:|--------:|--------:|--------:|
| 1     | 223 |  97.758 |   0.152 |  94.395 |   0.194 |
| 2-3   | 225 |  92.667 |   0.189 |  89.667 |   0.224 |
| 4-10  | 274 |  93.727 |   0.195 |  89.653 |   0.239 |
| 11-30 | 128 |  94.787 |   0.189 |  89.474 |   0.239 |
| >30   |  84 |  97.153 |   0.181 |  90.241 |   0.244 |
wrote /scratch/nishanth.r/tordiff/results/qm9_CTRL_base_100ep_e100_s2/steps20_seed0/breakdown.csv
