935 molecules (model failures excluded here: 64)  threshold=0.5
SUMMARY (from evaluate): {'threshold': 0.5, 'COV-R_mean': 81.6252085032548, 'COV-R_median': 100.0, 'MAT-R_mean': 0.238094721130119, 'MAT-R_median': 0.19258555355426368, 'COV-P_mean': 79.47666972544762, 'COV-P_median': 100.0, 'MAT-P_mean': 0.2738167108130395, 'MAT-P_median': 0.23303862436838713, 'n_evaluated': 936, 'n_model_failures': 64, 'n_additional_failures': 1}

### COV threshold sweep (mean / median over molecules, failures = 0) -- SECONDARY / exploratory; the pre-registered primary threshold is --threshold (0.5 A for QM9)

| thr (A) | COV-R mean | COV-R median | COV-P mean | COV-P median |
|---|---|---|---|---|
| 0.050 | 3.17 | 0.00 | 2.14 | 0.00 |
| 0.100 | 29.14 | 4.35 | 21.11 | 2.08 |
| 0.125 | 38.44 | 25.00 | 28.88 | 12.50 |
| 0.250 | 62.77 | 75.00 | 54.37 | 50.00 |
| 0.375 | 73.62 | 100.00 | 69.24 | 88.59 |
| 0.500 | 81.63 | 100.00 | 79.48 | 100.00 |
| 0.750 | 90.76 | 100.00 | 90.34 | 100.00 |

### by n_heavy

| bin   |   n |   COV_R |   MAT_R |   COV_P |   MAT_P |
|:------|----:|--------:|--------:|--------:|--------:|
| <=5   |   3 | 100     |   0.058 | 100     |   0.097 |
| 6     |  10 |  91.75  |   0.17  |  94.125 |   0.151 |
| 7     |  20 |  86.939 |   0.202 |  85.802 |   0.235 |
| 8     | 131 |  87.153 |   0.231 |  84.588 |   0.261 |
| 9     | 771 |  87.227 |   0.242 |  84.875 |   0.279 |
| >9    |   0 | nan     | nan     | nan     | nan     |

### by n_rot_heavy

| bin   |   n |   COV_R |   MAT_R |   COV_P |   MAT_P |
|:------|----:|--------:|--------:|--------:|--------:|
| 0     | 284 |  97.43  |   0.156 |  96.172 |   0.19  |
| 1     | 296 |  92.055 |   0.204 |  89.295 |   0.238 |
| 2     | 174 |  77.408 |   0.31  |  79.409 |   0.323 |
| 3     |  93 |  77.688 |   0.317 |  72.52  |   0.376 |
| 4+    |  88 |  68.329 |   0.393 |  58.764 |   0.462 |

### by n_rot_repo

| bin   |   n |   COV_R |   MAT_R |   COV_P |   MAT_P |
|:------|----:|--------:|--------:|--------:|--------:|
| <=1   | 229 |  96.162 |   0.163 |  95.043 |   0.191 |
| 2     | 199 |  92.224 |   0.206 |  91.959 |   0.228 |
| 3     | 194 |  86.066 |   0.246 |  85.082 |   0.278 |
| 4     | 127 |  83.685 |   0.268 |  82.979 |   0.295 |
| 5-6   | 128 |  75.365 |   0.337 |  67.579 |   0.399 |
| 7+    |  58 |  73.793 |   0.336 |  64.093 |   0.423 |

### by n_true

| bin   |   n |   COV_R |   MAT_R |   COV_P |   MAT_P |
|:------|----:|--------:|--------:|--------:|--------:|
| 1     | 223 |  96.413 |   0.161 |  93.049 |   0.202 |
| 2-3   | 227 |  84.141 |   0.243 |  83.627 |   0.271 |
| 4-10  | 274 |  83.53  |   0.273 |  83.067 |   0.295 |
| 11-30 | 127 |  87.236 |   0.255 |  83.196 |   0.304 |
| >30   |  84 |  84.036 |   0.289 |  76.393 |   0.36  |
wrote /scratch/nishanth.r/tordiff/results/qm9_B1_train_gtL_e100_s1/S1_etkdg2L/breakdown.csv
