996 molecules (model failures excluded here: 4)  threshold=0.5
SUMMARY (from evaluate): {'threshold': 0.5, 'COV-R_mean': 95.387129363606, 'COV-R_median': 100.0, 'MAT-R_mean': 0.1341476251568935, 'MAT-R_median': 0.06655042810622622, 'COV-P_mean': 87.84673606554688, 'COV-P_median': 100.0, 'MAT-P_mean': 0.19711284163777698, 'MAT-P_median': 0.14199710071004348, 'n_evaluated': 996, 'n_model_failures': 4, 'n_additional_failures': 0}

### COV threshold sweep (mean / median over molecules, failures = 0) -- SECONDARY / exploratory; the pre-registered primary threshold is --threshold (0.5 A for QM9)

| thr (A) | COV-R mean | COV-R median | COV-P mean | COV-P median |
|---|---|---|---|---|
| 0.050 | 51.18 | 50.00 | 45.67 | 25.00 |
| 0.100 | 62.45 | 88.19 | 53.48 | 50.00 |
| 0.125 | 66.51 | 100.00 | 56.31 | 50.00 |
| 0.250 | 80.11 | 100.00 | 68.51 | 85.71 |
| 0.375 | 89.46 | 100.00 | 79.65 | 100.00 |
| 0.500 | 95.39 | 100.00 | 87.85 | 100.00 |
| 0.750 | 99.14 | 100.00 | 96.74 | 100.00 |

### by n_heavy

| bin   |   n |   COV_R |   MAT_R |   COV_P |   MAT_P |
|:------|----:|--------:|--------:|--------:|--------:|
| <=5   |   3 | 100     |   0.04  | 100     |   0.059 |
| 6     |  10 |  93.75  |   0.153 |  95.75  |   0.16  |
| 7     |  22 |  99.621 |   0.109 |  91.395 |   0.172 |
| 8     | 136 |  95.518 |   0.142 |  88.081 |   0.212 |
| 9     | 825 |  95.718 |   0.134 |  87.999 |   0.196 |
| >9    |   0 | nan     | nan     | nan     | nan     |

### by n_rot_heavy

| bin   |   n |   COV_R |   MAT_R |   COV_P |   MAT_P |
|:------|----:|--------:|--------:|--------:|--------:|
| 0     | 318 | 100     |   0.029 |  99.607 |   0.039 |
| 1     | 316 |  98.15  |   0.098 |  95.012 |   0.154 |
| 2     | 178 |  95.104 |   0.191 |  84.179 |   0.289 |
| 3     |  93 |  90.247 |   0.281 |  68.251 |   0.409 |
| 4+    |  91 |  79.672 |   0.365 |  52.931 |   0.504 |

### by n_rot_repo

| bin   |   n |   COV_R |   MAT_R |   COV_P |   MAT_P |
|:------|----:|--------:|--------:|--------:|--------:|
| <=1   | 253 |  99.921 |   0.037 |  99.776 |   0.043 |
| 2     | 220 |  97.455 |   0.088 |  95.631 |   0.126 |
| 3     | 201 |  97.374 |   0.124 |  90.332 |   0.194 |
| 4     | 133 |  96.109 |   0.164 |  87.34  |   0.257 |
| 5-6   | 129 |  88.658 |   0.288 |  66.127 |   0.424 |
| 7+    |  60 |  81.258 |   0.353 |  54.355 |   0.499 |

### by n_true

| bin   |   n |   COV_R |   MAT_R |   COV_P |   MAT_P |
|:------|----:|--------:|--------:|--------:|--------:|
| 1     | 253 |  98.419 |   0.055 |  96.443 |   0.073 |
| 2-3   | 243 |  96.502 |   0.099 |  91.941 |   0.142 |
| 4-10  | 281 |  95.025 |   0.153 |  87.569 |   0.229 |
| 11-30 | 135 |  92.566 |   0.219 |  79.431 |   0.327 |
| >30   |  84 |  93.317 |   0.276 |  68.749 |   0.415 |
wrote /scratch/nishanth.r/tordiff/results/qm9_B1_train_gtL_e100_s2/S1_noise0.02pa_cyc_ORACLE/breakdown.csv
