955 molecules (model failures excluded here: 45)  threshold=0.5
SUMMARY (from evaluate): {'threshold': 0.5, 'COV-R_mean': 92.15039201801274, 'COV-R_median': 100.0, 'MAT-R_mean': 0.11893032635993812, 'MAT-R_median': 0.08823482830730048, 'COV-P_mean': 89.85338263572935, 'COV-P_median': 100.0, 'MAT-P_mean': 0.1452862736983639, 'MAT-P_median': 0.10852363819496876, 'n_evaluated': 955, 'n_model_failures': 45, 'n_additional_failures': 0}

### COV threshold sweep (mean / median over molecules, failures = 0) -- SECONDARY / exploratory; the pre-registered primary threshold is --threshold (0.5 A for QM9)

| thr (A) | COV-R mean | COV-R median | COV-P mean | COV-P median |
|---|---|---|---|---|
| 0.050 | 28.39 | 0.00 | 25.98 | 0.00 |
| 0.100 | 62.66 | 71.43 | 55.37 | 50.00 |
| 0.125 | 71.51 | 89.64 | 64.48 | 75.00 |
| 0.250 | 84.94 | 100.00 | 80.47 | 100.00 |
| 0.375 | 89.09 | 100.00 | 85.53 | 100.00 |
| 0.500 | 92.15 | 100.00 | 89.85 | 100.00 |
| 0.750 | 94.63 | 100.00 | 94.31 | 100.00 |

### by n_heavy

| bin   |   n |   COV_R |   MAT_R |   COV_P |   MAT_P |
|:------|----:|--------:|--------:|--------:|--------:|
| <=5   |   3 | 100     |   0.121 | 100     |   0.118 |
| 6     |  10 |  94.75  |   0.086 |  96.75  |   0.092 |
| 7     |  21 |  95.079 |   0.123 |  96.457 |   0.12  |
| 8     | 133 |  96.491 |   0.109 |  94.301 |   0.134 |
| 9     | 788 |  96.539 |   0.121 |  93.932 |   0.149 |
| >9    |   0 | nan     | nan     | nan     | nan     |

### by n_rot_heavy

| bin   |   n |   COV_R |   MAT_R |   COV_P |   MAT_P |
|:------|----:|--------:|--------:|--------:|--------:|
| 0     | 289 | 100     |   0.043 |  99.827 |   0.053 |
| 1     | 306 |  97.974 |   0.105 |  96.817 |   0.125 |
| 2     | 177 |  94.888 |   0.164 |  91.185 |   0.199 |
| 3     |  93 |  92.213 |   0.192 |  87.864 |   0.235 |
| 4+    |  90 |  87.771 |   0.247 |  78.514 |   0.312 |

### by n_rot_repo

| bin   |   n |   COV_R |   MAT_R |   COV_P |   MAT_P |
|:------|----:|--------:|--------:|--------:|--------:|
| <=1   | 232 |  99.138 |   0.042 |  99.662 |   0.043 |
| 2     | 209 |  98.971 |   0.094 |  98.473 |   0.111 |
| 3     | 196 |  96.793 |   0.127 |  93.697 |   0.159 |
| 4     | 130 |  95.087 |   0.155 |  91.9   |   0.192 |
| 5-6   | 128 |  91.787 |   0.198 |  85.245 |   0.251 |
| 7+    |  60 |  89.733 |   0.23  |  82.131 |   0.287 |

### by n_true

| bin   |   n |   COV_R |   MAT_R |   COV_P |   MAT_P |
|:------|----:|--------:|--------:|--------:|--------:|
| 1     | 228 |  99.123 |   0.057 |  97.368 |   0.077 |
| 2-3   | 232 |  94.899 |   0.112 |  94.828 |   0.126 |
| 4-10  | 278 |  95.943 |   0.142 |  92.723 |   0.17  |
| 11-30 | 133 |  95.376 |   0.16  |  91.111 |   0.199 |
| >30   |  84 |  97.341 |   0.166 |  92.366 |   0.22  |
wrote /scratch/nishanth.r/tordiff/results/qm9_CTRL_rematch_100ep_e100_s2/S1_A5ring_cyc_ORACLE/breakdown.csv
