955 molecules (model failures excluded here: 45)  threshold=0.5
SUMMARY (from evaluate): {'threshold': 0.5, 'COV-R_mean': 89.76575427340883, 'COV-R_median': 100.0, 'MAT-R_mean': 0.19637328266182028, 'MAT-R_median': 0.16434310340429303, 'COV-P_mean': 87.1481704908783, 'COV-P_median': 100.0, 'MAT-P_mean': 0.22292643780190705, 'MAT-P_median': 0.19471172282762375, 'n_evaluated': 955, 'n_model_failures': 45, 'n_additional_failures': 0}

### COV threshold sweep (mean / median over molecules, failures = 0) -- SECONDARY / exploratory; the pre-registered primary threshold is --threshold (0.5 A for QM9)

| thr (A) | COV-R mean | COV-R median | COV-P mean | COV-P median |
|---|---|---|---|---|
| 0.050 | 2.58 | 0.00 | 2.07 | 0.00 |
| 0.100 | 32.21 | 16.67 | 26.78 | 8.33 |
| 0.125 | 44.75 | 40.00 | 38.01 | 25.00 |
| 0.250 | 71.57 | 87.86 | 65.66 | 75.82 |
| 0.375 | 82.99 | 100.00 | 78.75 | 98.15 |
| 0.500 | 89.77 | 100.00 | 87.15 | 100.00 |
| 0.750 | 93.99 | 100.00 | 93.78 | 100.00 |

### by n_heavy

| bin   |   n |   COV_R |   MAT_R |   COV_P |   MAT_P |
|:------|----:|--------:|--------:|--------:|--------:|
| <=5   |   3 | 100     |   0.123 | 100     |   0.113 |
| 6     |  10 |  96     |   0.106 |  94.875 |   0.144 |
| 7     |  21 |  94.286 |   0.142 |  93.669 |   0.156 |
| 8     | 133 |  95.203 |   0.174 |  93.622 |   0.191 |
| 9     | 788 |  93.736 |   0.203 |  90.711 |   0.232 |
| >9    |   0 | nan     | nan     | nan     | nan     |

### by n_rot_heavy

| bin   |   n |   COV_R |   MAT_R |   COV_P |   MAT_P |
|:------|----:|--------:|--------:|--------:|--------:|
| 0     | 289 |  94.871 |   0.185 |  95.199 |   0.193 |
| 1     | 306 |  95.635 |   0.181 |  94.399 |   0.201 |
| 2     | 177 |  93.892 |   0.206 |  89.329 |   0.245 |
| 3     |  93 |  91.898 |   0.21  |  86.091 |   0.254 |
| 4+    |  90 |  87.982 |   0.254 |  77.022 |   0.32  |

### by n_rot_repo

| bin   |   n |   COV_R |   MAT_R |   COV_P |   MAT_P |
|:------|----:|--------:|--------:|--------:|--------:|
| <=1   | 232 |  95.103 |   0.185 |  95.492 |   0.186 |
| 2     | 209 |  95.08  |   0.192 |  94.898 |   0.205 |
| 3     | 196 |  95.08  |   0.185 |  91.513 |   0.22  |
| 4     | 130 |  92.129 |   0.212 |  89.542 |   0.244 |
| 5-6   | 128 |  91.625 |   0.216 |  84.071 |   0.271 |
| 7+    |  60 |  91.49  |   0.219 |  80.371 |   0.291 |

### by n_true

| bin   |   n |   COV_R |   MAT_R |   COV_P |   MAT_P |
|:------|----:|--------:|--------:|--------:|--------:|
| 1     | 228 |  96.93  |   0.172 |  95.395 |   0.188 |
| 2-3   | 232 |  89.224 |   0.222 |  88.649 |   0.23  |
| 4-10  | 278 |  94.109 |   0.203 |  90.482 |   0.234 |
| 11-30 | 133 |  94.934 |   0.189 |  90.547 |   0.235 |
| >30   |  84 |  97.347 |   0.182 |  90.89  |   0.24  |
wrote /scratch/nishanth.r/tordiff/results/qm9_CTRL_rematch_100ep_e100_s0/S1_lam0.00_cyc_ORACLE/breakdown.csv
