934 molecules (model failures excluded here: 65)  threshold=0.5
SUMMARY (from evaluate): {'threshold': 0.5, 'COV-R_mean': 88.61018384278252, 'COV-R_median': 100.0, 'MAT-R_mean': 0.18001413298602265, 'MAT-R_median': 0.1471349625636431, 'COV-P_mean': 84.64203664138542, 'COV-P_median': 100.0, 'MAT-P_mean': 0.2262111415068682, 'MAT-P_median': 0.19721789086105318, 'n_evaluated': 935, 'n_model_failures': 65, 'n_additional_failures': 1}

### COV threshold sweep (mean / median over molecules, failures = 0) -- SECONDARY / exploratory; the pre-registered primary threshold is --threshold (0.5 A for QM9)

| thr (A) | COV-R mean | COV-R median | COV-P mean | COV-P median |
|---|---|---|---|---|
| 0.050 | 3.83 | 0.00 | 2.56 | 0.00 |
| 0.100 | 36.29 | 21.90 | 26.55 | 10.00 |
| 0.125 | 49.00 | 50.00 | 37.48 | 25.00 |
| 0.250 | 73.01 | 91.87 | 63.41 | 72.73 |
| 0.375 | 83.46 | 100.00 | 76.63 | 94.44 |
| 0.500 | 88.61 | 100.00 | 84.64 | 100.00 |
| 0.750 | 92.13 | 100.00 | 91.44 | 100.00 |

### by n_heavy

| bin   |   n |   COV_R |   MAT_R |   COV_P |   MAT_P |
|:------|----:|--------:|--------:|--------:|--------:|
| <=5   |   2 | 100     |   0.058 | 100     |   0.045 |
| 6     |  10 |  91.417 |   0.153 |  93.75  |   0.152 |
| 7     |  20 |  95.5   |   0.131 |  93.398 |   0.159 |
| 8     | 132 |  94.089 |   0.171 |  91.308 |   0.208 |
| 9     | 770 |  95.021 |   0.183 |  90.369 |   0.233 |
| >9    |   0 | nan     | nan     | nan     | nan     |

### by n_rot_heavy

| bin   |   n |   COV_R |   MAT_R |   COV_P |   MAT_P |
|:------|----:|--------:|--------:|--------:|--------:|
| 0     | 281 |  97.529 |   0.151 |  96.027 |   0.186 |
| 1     | 297 |  95.932 |   0.165 |  93.806 |   0.206 |
| 2     | 174 |  93.855 |   0.199 |  87.419 |   0.253 |
| 3     |  93 |  92.29  |   0.209 |  83.824 |   0.266 |
| 4+    |  89 |  87.632 |   0.254 |  76.309 |   0.328 |

### by n_rot_repo

| bin   |   n |   COV_R |   MAT_R |   COV_P |   MAT_P |
|:------|----:|--------:|--------:|--------:|--------:|
| <=1   | 225 |  97.279 |   0.149 |  95.591 |   0.18  |
| 2     | 201 |  96.284 |   0.171 |  95.267 |   0.203 |
| 3     | 195 |  95.572 |   0.179 |  91.028 |   0.229 |
| 4     | 126 |  92.444 |   0.201 |  87.526 |   0.252 |
| 5-6   | 128 |  91.686 |   0.212 |  82.752 |   0.279 |
| 7+    |  59 |  90.658 |   0.218 |  78.208 |   0.302 |

### by n_true

| bin   |   n |   COV_R |   MAT_R |   COV_P |   MAT_P |
|:------|----:|--------:|--------:|--------:|--------:|
| 1     | 223 |  96.413 |   0.155 |  93.722 |   0.194 |
| 2-3   | 225 |  93.333 |   0.187 |  90.185 |   0.224 |
| 4-10  | 274 |  93.997 |   0.191 |  89.326 |   0.24  |
| 11-30 | 128 |  95.26  |   0.188 |  89.42  |   0.241 |
| >30   |  84 |  97.165 |   0.18  |  89.633 |   0.25  |
wrote /scratch/nishanth.r/tordiff/results/qm9_CTRL_rematch_100ep_e100_s1/steps20_seed0/breakdown.csv
