996 molecules (model failures excluded here: 4)  threshold=0.5
SUMMARY (from evaluate): {'threshold': 0.5, 'COV-R_mean': 97.17834822826809, 'COV-R_median': 100.0, 'MAT-R_mean': 0.055653902690252964, 'MAT-R_median': 0.016795102390688883, 'COV-P_mean': 96.61621697666996, 'COV-P_median': 100.0, 'MAT-P_mean': 0.06912755359801656, 'MAT-P_median': 0.027956644236987134, 'n_evaluated': 996, 'n_model_failures': 4, 'n_additional_failures': 0}

### COV threshold sweep (mean / median over molecules, failures = 0) -- SECONDARY / exploratory; the pre-registered primary threshold is --threshold (0.5 A for QM9)

| thr (A) | COV-R mean | COV-R median | COV-P mean | COV-P median |
|---|---|---|---|---|
| 0.050 | 78.21 | 100.00 | 71.36 | 91.67 |
| 0.100 | 87.44 | 100.00 | 83.09 | 100.00 |
| 0.125 | 89.44 | 100.00 | 85.68 | 100.00 |
| 0.250 | 93.14 | 100.00 | 91.27 | 100.00 |
| 0.375 | 95.09 | 100.00 | 94.00 | 100.00 |
| 0.500 | 97.18 | 100.00 | 96.62 | 100.00 |
| 0.750 | 98.93 | 100.00 | 98.93 | 100.00 |

### by n_heavy

| bin   |   n |   COV_R |   MAT_R |   COV_P |   MAT_P |
|:------|----:|--------:|--------:|--------:|--------:|
| <=5   |   3 | 100     |   0.014 | 100     |   0.014 |
| 6     |  10 |  95.417 |   0.042 |  93.75  |   0.057 |
| 7     |  22 |  95.909 |   0.062 |  97.879 |   0.055 |
| 8     | 136 |  97.982 |   0.053 |  96.969 |   0.066 |
| 9     | 825 |  97.562 |   0.056 |  97.015 |   0.07  |
| >9    |   0 | nan     | nan     | nan     | nan     |

### by n_rot_heavy

| bin   |   n |   COV_R |   MAT_R |   COV_P |   MAT_P |
|:------|----:|--------:|--------:|--------:|--------:|
| 0     | 318 | 100     |   0.002 |  99.843 |   0.006 |
| 1     | 316 |  98.195 |   0.041 |  98.942 |   0.045 |
| 2     | 178 |  95.517 |   0.092 |  95.548 |   0.11  |
| 3     |  93 |  95.864 |   0.112 |  93.209 |   0.142 |
| 4+    |  91 |  92.654 |   0.163 |  87.084 |   0.22  |

### by n_rot_repo

| bin   |   n |   COV_R |   MAT_R |   COV_P |   MAT_P |
|:------|----:|--------:|--------:|--------:|--------:|
| <=1   | 253 |  99.802 |   0.008 | 100     |   0.006 |
| 2     | 220 |  98.647 |   0.035 |  99.062 |   0.039 |
| 3     | 201 |  97.029 |   0.057 |  96.451 |   0.074 |
| 4     | 133 |  96.445 |   0.076 |  97.05  |   0.092 |
| 5-6   | 129 |  94.326 |   0.125 |  91.652 |   0.158 |
| 7+    |  60 |  95.465 |   0.133 |  90.083 |   0.188 |

### by n_true

| bin   |   n |   COV_R |   MAT_R |   COV_P |   MAT_P |
|:------|----:|--------:|--------:|--------:|--------:|
| 1     | 253 |  98.419 |   0.017 |  98.221 |   0.023 |
| 2-3   | 243 |  96.502 |   0.049 |  97.634 |   0.043 |
| 4-10  | 281 |  97.679 |   0.065 |  96.688 |   0.086 |
| 11-30 | 135 |  97.311 |   0.092 |  95.069 |   0.121 |
| >30   |  84 |  98.139 |   0.102 |  95.686 |   0.143 |
wrote /scratch/nishanth.r/tordiff/results/qm9_B6_jit0.04pa_e100_s2/steps20_seed0_gtLcycle/breakdown.csv
