996 molecules (model failures excluded here: 4)  threshold=0.5
SUMMARY (from evaluate): {'threshold': 0.5, 'COV-R_mean': 96.19233799185984, 'COV-R_median': 100.0, 'MAT-R_mean': 0.07615548798747802, 'MAT-R_median': 0.031855104203450724, 'COV-P_mean': 94.17436263432492, 'COV-P_median': 100.0, 'MAT-P_mean': 0.1011209641522825, 'MAT-P_median': 0.05256389965594599, 'n_evaluated': 996, 'n_model_failures': 4, 'n_additional_failures': 0}

### COV threshold sweep (mean / median over molecules, failures = 0) -- SECONDARY / exploratory; the pre-registered primary threshold is --threshold (0.5 A for QM9)

| thr (A) | COV-R mean | COV-R median | COV-P mean | COV-P median |
|---|---|---|---|---|
| 0.050 | 67.75 | 84.62 | 60.71 | 66.67 |
| 0.100 | 81.23 | 100.00 | 74.70 | 90.45 |
| 0.125 | 83.91 | 100.00 | 78.03 | 94.44 |
| 0.250 | 90.24 | 100.00 | 86.17 | 100.00 |
| 0.375 | 93.42 | 100.00 | 90.16 | 100.00 |
| 0.500 | 96.19 | 100.00 | 94.17 | 100.00 |
| 0.750 | 98.91 | 100.00 | 98.61 | 100.00 |

### by n_heavy

| bin   |   n |   COV_R |   MAT_R |   COV_P |   MAT_P |
|:------|----:|--------:|--------:|--------:|--------:|
| <=5   |   3 | 100     |   0.017 | 100     |   0.013 |
| 6     |  10 |  93     |   0.097 |  94.625 |   0.074 |
| 7     |  22 |  96.364 |   0.068 |  94.118 |   0.098 |
| 8     | 136 |  95.185 |   0.085 |  93.454 |   0.113 |
| 9     | 825 |  96.845 |   0.075 |  94.724 |   0.1   |
| >9    |   0 | nan     | nan     | nan     | nan     |

### by n_rot_heavy

| bin   |   n |   COV_R |   MAT_R |   COV_P |   MAT_P |
|:------|----:|--------:|--------:|--------:|--------:|
| 0     | 318 | 100     |   0.008 |  99.738 |   0.016 |
| 1     | 316 |  97.791 |   0.057 |  97.017 |   0.074 |
| 2     | 178 |  93.668 |   0.129 |  90.936 |   0.165 |
| 3     |  93 |  93.727 |   0.149 |  89.206 |   0.193 |
| 4+    |  91 |  89.018 |   0.202 |  80.414 |   0.272 |

### by n_rot_repo

| bin   |   n |   COV_R |   MAT_R |   COV_P |   MAT_P |
|:------|----:|--------:|--------:|--------:|--------:|
| <=1   | 253 |  99.605 |   0.011 |  99.789 |   0.013 |
| 2     | 220 |  98.152 |   0.046 |  98.101 |   0.064 |
| 3     | 201 |  96.069 |   0.088 |  94.232 |   0.107 |
| 4     | 133 |  95.642 |   0.103 |  92.146 |   0.148 |
| 5-6   | 129 |  92.721 |   0.16  |  86.727 |   0.212 |
| 7+    |  60 |  90.132 |   0.18  |  82.692 |   0.248 |

### by n_true

| bin   |   n |   COV_R |   MAT_R |   COV_P |   MAT_P |
|:------|----:|--------:|--------:|--------:|--------:|
| 1     | 253 |  98.814 |   0.022 |  97.628 |   0.039 |
| 2-3   | 243 |  95.679 |   0.063 |  95.336 |   0.072 |
| 4-10  | 281 |  95.614 |   0.098 |  92.915 |   0.13  |
| 11-30 | 135 |  95.5   |   0.123 |  91.794 |   0.161 |
| >30   |  84 |  97.408 |   0.131 |  92.934 |   0.182 |
wrote /scratch/nishanth.r/tordiff/results/qm9_default/A1c_gtL_cycle_model/breakdown.csv
