996 molecules (model failures excluded here: 4)  threshold=0.5
SUMMARY (from evaluate): {'threshold': 0.5, 'COV-R_mean': 98.99936529932883, 'COV-R_median': 100.0, 'MAT-R_mean': 0.020641652945482387, 'MAT-R_median': 0.006444640192290302, 'COV-P_mean': 98.50790739854465, 'COV-P_median': 100.0, 'MAT-P_mean': 0.032192781868885786, 'MAT-P_median': 0.011605527526233233, 'n_evaluated': 996, 'n_model_failures': 4, 'n_additional_failures': 0}

### COV threshold sweep (mean / median over molecules, failures = 0) -- SECONDARY / exploratory; the pre-registered primary threshold is --threshold (0.5 A for QM9)

| thr (A) | COV-R mean | COV-R median | COV-P mean | COV-P median |
|---|---|---|---|---|
| 0.050 | 92.63 | 100.00 | 86.09 | 100.00 |
| 0.100 | 96.44 | 100.00 | 93.33 | 100.00 |
| 0.125 | 97.00 | 100.00 | 94.55 | 100.00 |
| 0.250 | 98.26 | 100.00 | 96.90 | 100.00 |
| 0.375 | 98.71 | 100.00 | 97.87 | 100.00 |
| 0.500 | 99.00 | 100.00 | 98.51 | 100.00 |
| 0.750 | 99.47 | 100.00 | 99.38 | 100.00 |

### by n_heavy

| bin   |   n |   COV_R |   MAT_R |   COV_P |   MAT_P |
|:------|----:|--------:|--------:|--------:|--------:|
| <=5   |   3 | 100     |   0.004 | 100     |   0.006 |
| 6     |  10 | 100     |   0.005 | 100     |   0.007 |
| 7     |  22 | 100     |   0.013 | 100     |   0.021 |
| 8     | 136 |  99.898 |   0.016 |  99.504 |   0.028 |
| 9     | 825 |  99.289 |   0.022 |  98.758 |   0.034 |
| >9    |   0 | nan     | nan     | nan     | nan     |

### by n_rot_heavy

| bin   |   n |   COV_R |   MAT_R |   COV_P |   MAT_P |
|:------|----:|--------:|--------:|--------:|--------:|
| 0     | 318 | 100     |   0     |  99.974 |   0.001 |
| 1     | 316 |  99.684 |   0.011 |  99.776 |   0.016 |
| 2     | 178 |  99.39  |   0.029 |  98.661 |   0.051 |
| 3     |  93 |  98.715 |   0.044 |  97.602 |   0.071 |
| 4+    |  91 |  97.005 |   0.084 |  93.938 |   0.121 |

### by n_rot_repo

| bin   |   n |   COV_R |   MAT_R |   COV_P |   MAT_P |
|:------|----:|--------:|--------:|--------:|--------:|
| <=1   | 253 |  99.802 |   0.003 | 100     |   0.002 |
| 2     | 220 |  99.659 |   0.01  |  99.714 |   0.015 |
| 3     | 201 |  99.655 |   0.017 |  98.945 |   0.032 |
| 4     | 133 |  99.454 |   0.022 |  99.353 |   0.035 |
| 5-6   | 129 |  97.799 |   0.063 |  96.011 |   0.089 |
| 7+    |  60 |  99.171 |   0.051 |  96.391 |   0.092 |

### by n_true

| bin   |   n |   COV_R |   MAT_R |   COV_P |   MAT_P |
|:------|----:|--------:|--------:|--------:|--------:|
| 1     | 253 | 100     |   0.002 |  99.605 |   0.007 |
| 2-3   | 243 |  99.246 |   0.016 |  99.177 |   0.018 |
| 4-10  | 281 |  98.991 |   0.026 |  98.556 |   0.04  |
| 11-30 | 135 |  99.195 |   0.037 |  98.304 |   0.061 |
| >30   |  84 |  99.701 |   0.045 |  98.128 |   0.077 |
wrote /scratch/nishanth.r/tordiff/results/qm9_B1_train_gtL_e100_s2/steps20_seed0_gtLcycle/breakdown.csv
