997 molecules (model failures excluded here: 3)  threshold=0.5
SUMMARY (from evaluate): {'threshold': 0.5, 'COV-R_mean': 98.25906064462949, 'COV-R_median': 100.0, 'MAT-R_mean': 0.018869928072656382, 'MAT-R_median': 1.9868214925130207e-08, 'COV-P_mean': 99.7, 'COV-P_median': 100.0, 'MAT-P_mean': 7.854229933136482e-09, 'MAT-P_median': 4.967053731282552e-09, 'n_evaluated': 997, 'n_model_failures': 3, 'n_additional_failures': 0}

### COV threshold sweep (mean / median over molecules, failures = 0) -- SECONDARY / exploratory; the pre-registered primary threshold is --threshold (0.5 A for QM9)

| thr (A) | COV-R mean | COV-R median | COV-P mean | COV-P median |
|---|---|---|---|---|
| 0.050 | 94.49 | 100.00 | 99.70 | 100.00 |
| 0.100 | 95.72 | 100.00 | 99.70 | 100.00 |
| 0.125 | 95.94 | 100.00 | 99.70 | 100.00 |
| 0.250 | 96.55 | 100.00 | 99.70 | 100.00 |
| 0.375 | 97.25 | 100.00 | 99.70 | 100.00 |
| 0.500 | 98.26 | 100.00 | 99.70 | 100.00 |
| 0.750 | 99.39 | 100.00 | 99.70 | 100.00 |

### by n_heavy

| bin   |   n |   COV_R |   MAT_R |   COV_P |   MAT_P |
|:------|----:|--------:|--------:|--------:|--------:|
| <=5   |   3 | 100     |   0.001 |     100 |       0 |
| 6     |  10 |  94.75  |   0.03  |     100 |       0 |
| 7     |  22 |  99.091 |   0.015 |     100 |       0 |
| 8     | 136 |  98.401 |   0.016 |     100 |       0 |
| 9     | 826 |  98.607 |   0.019 |     100 |       0 |
| >9    |   0 | nan     | nan     |     nan |     nan |

### by n_rot_heavy

| bin   |   n |   COV_R |   MAT_R |   COV_P |   MAT_P |
|:------|----:|--------:|--------:|--------:|--------:|
| 0     | 319 |  99.643 |   0.007 |     100 |       0 |
| 1     | 316 |  98.923 |   0.013 |     100 |       0 |
| 2     | 178 |  97.652 |   0.028 |     100 |       0 |
| 3     |  93 |  96.776 |   0.042 |     100 |       0 |
| 4+    |  91 |  97.041 |   0.037 |     100 |       0 |

### by n_rot_repo

| bin   |   n |   COV_R |   MAT_R |   COV_P |   MAT_P |
|:------|----:|--------:|--------:|--------:|--------:|
| <=1   | 253 |  99.506 |   0.008 |     100 |       0 |
| 2     | 220 |  98.999 |   0.014 |     100 |       0 |
| 3     | 201 |  98.624 |   0.017 |     100 |       0 |
| 4     | 133 |  97.219 |   0.035 |     100 |       0 |
| 5-6   | 129 |  97.77  |   0.029 |     100 |       0 |
| 7+    |  61 |  97.353 |   0.033 |     100 |       0 |

### by n_true

| bin   |   n |   COV_R |   MAT_R |   COV_P |   MAT_P |
|:------|----:|--------:|--------:|--------:|--------:|
| 1     | 253 | 100     |   0     |     100 |       0 |
| 2-3   | 243 |  98.217 |   0.018 |     100 |       0 |
| 4-10  | 281 |  97.451 |   0.031 |     100 |       0 |
| 11-30 | 135 |  98.472 |   0.029 |     100 |       0 |
| >30   |  85 |  98.998 |   0.024 |     100 |       0 |
wrote /scratch/nishanth.r/tordiff/results/qm9_default/A1_gtL_sanity_identity/breakdown.csv
