934 molecules (model failures excluded here: 65)  threshold=0.5
SUMMARY (from evaluate): {'threshold': 0.5, 'COV-R_mean': 89.0292573841758, 'COV-R_median': 100.0, 'MAT-R_mean': 0.17516316843418867, 'MAT-R_median': 0.14156365863624487, 'COV-P_mean': 85.24633327235556, 'COV-P_median': 100.0, 'MAT-P_mean': 0.21911822055711752, 'MAT-P_median': 0.18963805778545811, 'n_evaluated': 935, 'n_model_failures': 65, 'n_additional_failures': 1}

### COV threshold sweep (mean / median over molecules, failures = 0) -- SECONDARY / exploratory; the pre-registered primary threshold is --threshold (0.5 A for QM9)

| thr (A) | COV-R mean | COV-R median | COV-P mean | COV-P median |
|---|---|---|---|---|
| 0.050 | 3.91 | 0.00 | 2.62 | 0.00 |
| 0.100 | 37.66 | 25.00 | 27.74 | 12.50 |
| 0.125 | 50.30 | 50.00 | 38.93 | 30.00 |
| 0.250 | 73.91 | 94.83 | 64.85 | 75.00 |
| 0.375 | 83.92 | 100.00 | 77.49 | 95.83 |
| 0.500 | 89.03 | 100.00 | 85.25 | 100.00 |
| 0.750 | 92.57 | 100.00 | 91.83 | 100.00 |

### by n_heavy

| bin   |   n |   COV_R |   MAT_R |   COV_P |   MAT_P |
|:------|----:|--------:|--------:|--------:|--------:|
| <=5   |   2 | 100     |   0.054 | 100     |   0.048 |
| 6     |  10 |  93.417 |   0.152 |  93.125 |   0.147 |
| 7     |  20 |  96.5   |   0.124 |  94.008 |   0.165 |
| 8     | 132 |  95.239 |   0.166 |  92.484 |   0.198 |
| 9     | 770 |  95.316 |   0.179 |  90.944 |   0.225 |
| >9    |   0 | nan     | nan     | nan     | nan     |

### by n_rot_heavy

| bin   |   n |   COV_R |   MAT_R |   COV_P |   MAT_P |
|:------|----:|--------:|--------:|--------:|--------:|
| 0     | 281 |  97.529 |   0.149 |  96.027 |   0.185 |
| 1     | 297 |  97.25  |   0.161 |  94.334 |   0.203 |
| 2     | 174 |  93.865 |   0.192 |  87.837 |   0.242 |
| 3     |  93 |  91.458 |   0.204 |  85.3   |   0.249 |
| 4+    |  89 |  88.792 |   0.24  |  78.976 |   0.306 |

### by n_rot_repo

| bin   |   n |   COV_R |   MAT_R |   COV_P |   MAT_P |
|:------|----:|--------:|--------:|--------:|--------:|
| <=1   | 225 |  97.976 |   0.149 |  95.829 |   0.182 |
| 2     | 201 |  96.823 |   0.162 |  94.83  |   0.202 |
| 3     | 195 |  96.71  |   0.171 |  92.467 |   0.217 |
| 4     | 126 |  92.269 |   0.199 |  87.778 |   0.244 |
| 5-6   | 128 |  91.658 |   0.206 |  84.034 |   0.265 |
| 7+    |  59 |  89.945 |   0.214 |  80.958 |   0.275 |

### by n_true

| bin   |   n |   COV_R |   MAT_R |   COV_P |   MAT_P |
|:------|----:|--------:|--------:|--------:|--------:|
| 1     | 223 |  97.309 |   0.147 |  94.17  |   0.19  |
| 2-3   | 225 |  93.852 |   0.183 |  90.667 |   0.221 |
| 4-10  | 274 |  94.3   |   0.19  |  90.159 |   0.231 |
| 11-30 | 128 |  95.022 |   0.181 |  90.083 |   0.23  |
| >30   |  84 |  97.756 |   0.173 |  90.622 |   0.234 |
wrote /scratch/nishanth.r/tordiff/results/qm9_default/R0_base_seed0/breakdown.csv
