996 molecules (model failures excluded here: 4)  threshold=0.5
SUMMARY (from evaluate): {'threshold': 0.5, 'COV-R_mean': 95.78231334631397, 'COV-R_median': 100.0, 'MAT-R_mean': 0.08206979042937224, 'MAT-R_median': 0.03541043039524998, 'COV-P_mean': 93.20679474646018, 'COV-P_median': 100.0, 'MAT-P_mean': 0.11137092666688475, 'MAT-P_median': 0.06109548688006623, 'n_evaluated': 996, 'n_model_failures': 4, 'n_additional_failures': 0}

### COV threshold sweep (mean / median over molecules, failures = 0) -- SECONDARY / exploratory; the pre-registered primary threshold is --threshold (0.5 A for QM9)

| thr (A) | COV-R mean | COV-R median | COV-P mean | COV-P median |
|---|---|---|---|---|
| 0.050 | 65.46 | 78.89 | 58.01 | 55.90 |
| 0.100 | 79.33 | 100.00 | 71.94 | 87.50 |
| 0.125 | 82.25 | 100.00 | 75.64 | 91.67 |
| 0.250 | 89.28 | 100.00 | 84.66 | 100.00 |
| 0.375 | 92.74 | 100.00 | 88.73 | 100.00 |
| 0.500 | 95.78 | 100.00 | 93.21 | 100.00 |
| 0.750 | 98.78 | 100.00 | 98.28 | 100.00 |

### by n_heavy

| bin   |   n |   COV_R |   MAT_R |   COV_P |   MAT_P |
|:------|----:|--------:|--------:|--------:|--------:|
| <=5   |   3 | 100     |   0.012 | 100     |   0.013 |
| 6     |  10 | 100     |   0.044 |  93.625 |   0.077 |
| 7     |  22 |  96.364 |   0.07  |  93.791 |   0.104 |
| 8     | 136 |  94.694 |   0.09  |  93.129 |   0.119 |
| 9     | 825 |  96.344 |   0.082 |  93.626 |   0.111 |
| >9    |   0 | nan     | nan     | nan     | nan     |

### by n_rot_heavy

| bin   |   n |   COV_R |   MAT_R |   COV_P |   MAT_P |
|:------|----:|--------:|--------:|--------:|--------:|
| 0     | 318 | 100     |   0.007 |  99.502 |   0.019 |
| 1     | 316 |  97.818 |   0.059 |  96.565 |   0.082 |
| 2     | 178 |  92.414 |   0.142 |  88.699 |   0.186 |
| 3     |  93 |  93.237 |   0.165 |  88.089 |   0.206 |
| 4+    |  91 |  87.376 |   0.221 |  77.693 |   0.293 |

### by n_rot_repo

| bin   |   n |   COV_R |   MAT_R |   COV_P |   MAT_P |
|:------|----:|--------:|--------:|--------:|--------:|
| <=1   | 253 |  99.407 |   0.011 |  99.888 |   0.012 |
| 2     | 220 |  98.603 |   0.047 |  97.327 |   0.074 |
| 3     | 201 |  94.899 |   0.097 |  92.812 |   0.123 |
| 4     | 133 |  95.117 |   0.114 |  91.593 |   0.158 |
| 5-6   | 129 |  91.947 |   0.174 |  83.941 |   0.234 |
| 7+    |  60 |  89.224 |   0.192 |  80.961 |   0.259 |

### by n_true

| bin   |   n |   COV_R |   MAT_R |   COV_P |   MAT_P |
|:------|----:|--------:|--------:|--------:|--------:|
| 1     | 253 |  98.419 |   0.026 |  97.233 |   0.043 |
| 2-3   | 243 |  94.65  |   0.069 |  93.93  |   0.085 |
| 4-10  | 281 |  95.612 |   0.106 |  92.04  |   0.14  |
| 11-30 | 135 |  94.858 |   0.129 |  90.539 |   0.175 |
| >30   |  84 |  97.731 |   0.135 |  91.617 |   0.196 |
wrote /scratch/nishanth.r/tordiff/results/qm9_CTRL_base_100ep_e100_s1/steps20_seed0_gtLcycle/breakdown.csv
