934 molecules (model failures excluded here: 65)  threshold=0.5
SUMMARY (from evaluate): {'threshold': 0.5, 'COV-R_mean': 88.95440499495744, 'COV-R_median': 100.0, 'MAT-R_mean': 0.17906361155590944, 'MAT-R_median': 0.14658641019449828, 'COV-P_mean': 84.8830991432496, 'COV-P_median': 100.0, 'MAT-P_mean': 0.2253401489345483, 'MAT-P_median': 0.19897198175463227, 'n_evaluated': 935, 'n_model_failures': 65, 'n_additional_failures': 1}

### COV threshold sweep (mean / median over molecules, failures = 0) -- SECONDARY / exploratory; the pre-registered primary threshold is --threshold (0.5 A for QM9)

| thr (A) | COV-R mean | COV-R median | COV-P mean | COV-P median |
|---|---|---|---|---|
| 0.050 | 3.72 | 0.00 | 2.49 | 0.00 |
| 0.100 | 36.06 | 22.22 | 25.98 | 10.11 |
| 0.125 | 48.73 | 50.00 | 36.95 | 25.00 |
| 0.250 | 73.00 | 93.10 | 63.52 | 73.86 |
| 0.375 | 83.57 | 100.00 | 76.64 | 94.44 |
| 0.500 | 88.95 | 100.00 | 84.88 | 100.00 |
| 0.750 | 92.53 | 100.00 | 91.79 | 100.00 |

### by n_heavy

| bin   |   n |   COV_R |   MAT_R |   COV_P |   MAT_P |
|:------|----:|--------:|--------:|--------:|--------:|
| <=5   |   2 | 100     |   0.052 | 100     |   0.045 |
| 6     |  10 |  91.417 |   0.149 |  91.25  |   0.158 |
| 7     |  20 |  98     |   0.113 |  93.703 |   0.159 |
| 8     | 132 |  94.902 |   0.168 |  92.382 |   0.205 |
| 9     | 770 |  95.264 |   0.183 |  90.522 |   0.232 |
| >9    |   0 | nan     | nan     | nan     | nan     |

### by n_rot_heavy

| bin   |   n |   COV_R |   MAT_R |   COV_P |   MAT_P |
|:------|----:|--------:|--------:|--------:|--------:|
| 0     | 281 |  97.529 |   0.152 |  95.76  |   0.188 |
| 1     | 297 |  96.968 |   0.163 |  93.988 |   0.205 |
| 2     | 174 |  94.979 |   0.193 |  87.714 |   0.252 |
| 3     |  93 |  90.862 |   0.212 |  85.083 |   0.261 |
| 4+    |  89 |  87.335 |   0.253 |  77.359 |   0.322 |

### by n_rot_repo

| bin   |   n |   COV_R |   MAT_R |   COV_P |   MAT_P |
|:------|----:|--------:|--------:|--------:|--------:|
| <=1   | 225 |  97.531 |   0.15  |  95.829 |   0.182 |
| 2     | 201 |  97.173 |   0.166 |  94.793 |   0.206 |
| 3     | 195 |  97.22  |   0.175 |  91.082 |   0.228 |
| 4     | 126 |  92.817 |   0.199 |  88.314 |   0.249 |
| 5-6   | 128 |  89.758 |   0.22  |  82.771 |   0.279 |
| 7+    |  59 |  90.443 |   0.214 |  81.106 |   0.283 |

### by n_true

| bin   |   n |   COV_R |   MAT_R |   COV_P |   MAT_P |
|:------|----:|--------:|--------:|--------:|--------:|
| 1     | 223 |  97.309 |   0.153 |  93.946 |   0.193 |
| 2-3   | 225 |  94.222 |   0.182 |  89.852 |   0.226 |
| 4-10  | 274 |  94.088 |   0.194 |  90.017 |   0.238 |
| 11-30 | 128 |  94.801 |   0.187 |  89.555 |   0.239 |
| >30   |  84 |  96.903 |   0.182 |  90.342 |   0.247 |
wrote /scratch/nishanth.r/tordiff/results/qm9_CTRL_base_100ep_e100_s0/steps20_seed0/breakdown.csv
