935 molecules (model failures excluded here: 64)  threshold=0.5
SUMMARY (from evaluate): {'threshold': 0.5, 'COV-R_mean': 80.3682505020503, 'COV-R_median': 100.0, 'MAT-R_mean': 0.23535185343174095, 'MAT-R_median': 0.19810551548328412, 'COV-P_mean': 85.45718778776386, 'COV-P_median': 100.0, 'MAT-P_mean': 0.20398811838903905, 'MAT-P_median': 0.16255114989020697, 'n_evaluated': 936, 'n_model_failures': 64, 'n_additional_failures': 1}

### COV threshold sweep (mean / median over molecules, failures = 0) -- SECONDARY / exploratory; the pre-registered primary threshold is --threshold (0.5 A for QM9)

| thr (A) | COV-R mean | COV-R median | COV-P mean | COV-P median |
|---|---|---|---|---|
| 0.050 | 14.48 | 0.00 | 15.22 | 0.00 |
| 0.100 | 37.81 | 22.25 | 38.79 | 18.84 |
| 0.125 | 44.79 | 33.33 | 45.98 | 37.50 |
| 0.250 | 62.28 | 66.67 | 65.91 | 83.33 |
| 0.375 | 71.85 | 85.71 | 77.68 | 100.00 |
| 0.500 | 80.37 | 100.00 | 85.46 | 100.00 |
| 0.750 | 89.38 | 100.00 | 91.39 | 100.00 |

### by n_heavy

| bin   |   n |   COV_R |   MAT_R |   COV_P |   MAT_P |
|:------|----:|--------:|--------:|--------:|--------:|
| <=5   |   3 |  96.296 |   0.08  | 100     |   0.04  |
| 6     |  10 |  94.75  |   0.11  |  92.875 |   0.152 |
| 7     |  20 |  89.361 |   0.201 |  95.333 |   0.149 |
| 8     | 131 |  85.585 |   0.224 |  92.46  |   0.197 |
| 9     | 771 |  85.776 |   0.24  |  91.063 |   0.208 |
| >9    |   0 | nan     | nan     | nan     | nan     |

### by n_rot_heavy

| bin   |   n |   COV_R |   MAT_R |   COV_P |   MAT_P |
|:------|----:|--------:|--------:|--------:|--------:|
| 0     | 284 |  96.892 |   0.125 |  97.918 |   0.121 |
| 1     | 296 |  88.932 |   0.213 |  94.885 |   0.178 |
| 2     | 174 |  79.691 |   0.309 |  88.161 |   0.253 |
| 3     |  93 |  71.109 |   0.352 |  82.666 |   0.285 |
| 4+    |  88 |  68.724 |   0.396 |  74.257 |   0.378 |

### by n_rot_repo

| bin   |   n |   COV_R |   MAT_R |   COV_P |   MAT_P |
|:------|----:|--------:|--------:|--------:|--------:|
| <=1   | 229 |  94.833 |   0.143 |  96.823 |   0.133 |
| 2     | 199 |  91.714 |   0.179 |  96.708 |   0.149 |
| 3     | 194 |  85.031 |   0.251 |  92.628 |   0.207 |
| 4     | 127 |  79.829 |   0.302 |  89.458 |   0.236 |
| 5-6   | 128 |  73.901 |   0.347 |  80.076 |   0.314 |
| 7+    |  58 |  74.255 |   0.349 |  76.88  |   0.352 |

### by n_true

| bin   |   n |   COV_R |   MAT_R |   COV_P |   MAT_P |
|:------|----:|--------:|--------:|--------:|--------:|
| 1     | 223 |  95.067 |   0.128 |  94.395 |   0.144 |
| 2-3   | 227 |  86.123 |   0.229 |  92.327 |   0.191 |
| 4-10  | 274 |  82.029 |   0.277 |  90.765 |   0.211 |
| 11-30 | 127 |  81.465 |   0.297 |  88.393 |   0.264 |
| >30   |  84 |  80.908 |   0.306 |  87.539 |   0.284 |
wrote /scratch/nishanth.r/tordiff/results/qm9_B1_train_gtL_e100_s1/S1_etkdg2L_mmff/breakdown.csv
