996 molecules (model failures excluded here: 4)  threshold=0.5
SUMMARY (from evaluate): {'threshold': 0.5, 'COV-R_mean': 97.65293988424857, 'COV-R_median': 100.0, 'MAT-R_mean': 0.09180745089980849, 'MAT-R_median': 0.04453942743374345, 'COV-P_mean': 94.05987801534201, 'COV-P_median': 100.0, 'MAT-P_mean': 0.13402495270933887, 'MAT-P_median': 0.08168912404168666, 'n_evaluated': 996, 'n_model_failures': 4, 'n_additional_failures': 0}

### COV threshold sweep (mean / median over molecules, failures = 0) -- SECONDARY / exploratory; the pre-registered primary threshold is --threshold (0.5 A for QM9)

| thr (A) | COV-R mean | COV-R median | COV-P mean | COV-P median |
|---|---|---|---|---|
| 0.050 | 59.74 | 72.73 | 51.82 | 50.00 |
| 0.100 | 75.43 | 100.00 | 64.87 | 75.00 |
| 0.125 | 79.60 | 100.00 | 68.72 | 81.37 |
| 0.250 | 90.28 | 100.00 | 81.66 | 100.00 |
| 0.375 | 94.78 | 100.00 | 89.19 | 100.00 |
| 0.500 | 97.65 | 100.00 | 94.06 | 100.00 |
| 0.750 | 99.22 | 100.00 | 98.61 | 100.00 |

### by n_heavy

| bin   |   n |   COV_R |   MAT_R |   COV_P |   MAT_P |
|:------|----:|--------:|--------:|--------:|--------:|
| <=5   |   3 | 100     |   0.042 | 100     |   0.049 |
| 6     |  10 |  96.667 |   0.087 |  96.25  |   0.112 |
| 7     |  22 | 100     |   0.07  |  95.942 |   0.115 |
| 8     | 136 |  97.463 |   0.095 |  95.019 |   0.136 |
| 9     | 825 |  98.099 |   0.092 |  94.26  |   0.135 |
| >9    |   0 | nan     | nan     | nan     | nan     |

### by n_rot_heavy

| bin   |   n |   COV_R |   MAT_R |   COV_P |   MAT_P |
|:------|----:|--------:|--------:|--------:|--------:|
| 0     | 318 | 100     |   0.027 | 100     |   0.032 |
| 1     | 316 |  99.017 |   0.068 |  97.732 |   0.097 |
| 2     | 178 |  96.723 |   0.133 |  92.397 |   0.198 |
| 3     |  93 |  95.832 |   0.171 |  86.174 |   0.262 |
| 4+    |  91 |  92.688 |   0.24  |  75.997 |   0.362 |

### by n_rot_repo

| bin   |   n |   COV_R |   MAT_R |   COV_P |   MAT_P |
|:------|----:|--------:|--------:|--------:|--------:|
| <=1   | 253 | 100     |   0.033 |  99.875 |   0.037 |
| 2     | 220 |  98.798 |   0.063 |  97.838 |   0.083 |
| 3     | 201 |  97.917 |   0.091 |  94.691 |   0.136 |
| 4     | 133 |  97.391 |   0.109 |  95.397 |   0.164 |
| 5-6   | 129 |  95.636 |   0.182 |  84.128 |   0.282 |
| 7+    |  60 |  94.1   |   0.216 |  78.232 |   0.338 |

### by n_true

| bin   |   n |   COV_R |   MAT_R |   COV_P |   MAT_P |
|:------|----:|--------:|--------:|--------:|--------:|
| 1     | 253 |  99.605 |   0.035 |  98.617 |   0.049 |
| 2-3   | 243 |  97.394 |   0.076 |  95.37  |   0.097 |
| 4-10  | 281 |  97.508 |   0.104 |  94.189 |   0.153 |
| 11-30 | 135 |  97.328 |   0.145 |  90.371 |   0.223 |
| >30   |  84 |  98.18  |   0.183 |  86.521 |   0.29  |
wrote /scratch/nishanth.r/tordiff/results/qm9_B1_train_gtL_e100_s1/S1_noise0.02pa_cyc_ORACLE/breakdown.csv
