935 molecules (model failures excluded here: 64)  threshold=0.5
SUMMARY (from evaluate): {'threshold': 0.5, 'COV-R_mean': 88.72791584064915, 'COV-R_median': 100.0, 'MAT-R_mean': 0.17735571797896169, 'MAT-R_median': 0.14908911024488375, 'COV-P_mean': 85.21121004857586, 'COV-P_median': 100.0, 'MAT-P_mean': 0.2223604557122573, 'MAT-P_median': 0.19481324744649378, 'n_evaluated': 936, 'n_model_failures': 64, 'n_additional_failures': 1}

### COV threshold sweep (mean / median over molecules, failures = 0) -- SECONDARY / exploratory; the pre-registered primary threshold is --threshold (0.5 A for QM9)

| thr (A) | COV-R mean | COV-R median | COV-P mean | COV-P median |
|---|---|---|---|---|
| 0.050 | 4.07 | 0.00 | 2.43 | 0.00 |
| 0.100 | 36.19 | 22.58 | 25.92 | 11.11 |
| 0.125 | 49.07 | 50.00 | 36.86 | 25.00 |
| 0.250 | 74.47 | 96.30 | 64.46 | 75.00 |
| 0.375 | 83.53 | 100.00 | 77.13 | 95.00 |
| 0.500 | 88.73 | 100.00 | 85.21 | 100.00 |
| 0.750 | 92.68 | 100.00 | 92.13 | 100.00 |

### by n_heavy

| bin   |   n |   COV_R |   MAT_R |   COV_P |   MAT_P |
|:------|----:|--------:|--------:|--------:|--------:|
| <=5   |   3 | 100     |   0.052 | 100     |   0.085 |
| 6     |  10 |  98     |   0.085 |  96.5   |   0.131 |
| 7     |  20 |  97.333 |   0.129 |  92.341 |   0.174 |
| 8     | 131 |  95.309 |   0.161 |  92.298 |   0.201 |
| 9     | 771 |  94.703 |   0.183 |  90.802 |   0.229 |
| >9    |   0 | nan     | nan     | nan     | nan     |

### by n_rot_heavy

| bin   |   n |   COV_R |   MAT_R |   COV_P |   MAT_P |
|:------|----:|--------:|--------:|--------:|--------:|
| 0     | 284 |  96.549 |   0.152 |  95.321 |   0.188 |
| 1     | 296 |  97.145 |   0.162 |  93.616 |   0.208 |
| 2     | 174 |  93.647 |   0.194 |  88.905 |   0.244 |
| 3     |  93 |  89.708 |   0.213 |  85.434 |   0.258 |
| 4+    |  88 |  89.952 |   0.239 |  79.717 |   0.301 |

### by n_rot_repo

| bin   |   n |   COV_R |   MAT_R |   COV_P |   MAT_P |
|:------|----:|--------:|--------:|--------:|--------:|
| <=1   | 229 |  97.598 |   0.154 |  96.004 |   0.186 |
| 2     | 199 |  96.425 |   0.169 |  94.918 |   0.202 |
| 3     | 194 |  95.356 |   0.168 |  90.317 |   0.226 |
| 4     | 127 |  91.693 |   0.202 |  87.936 |   0.252 |
| 5-6   | 128 |  92.135 |   0.205 |  85.304 |   0.261 |
| 7+    |  58 |  90.548 |   0.214 |  81.54  |   0.277 |

### by n_true

| bin   |   n |   COV_R |   MAT_R |   COV_P |   MAT_P |
|:------|----:|--------:|--------:|--------:|--------:|
| 1     | 223 |  96.861 |   0.149 |  93.498 |   0.193 |
| 2-3   | 227 |  92.144 |   0.19  |  90.088 |   0.225 |
| 4-10  | 274 |  94.695 |   0.186 |  90.207 |   0.235 |
| 11-30 | 127 |  95.158 |   0.183 |  91.174 |   0.229 |
| >30   |  84 |  97.377 |   0.181 |  90.661 |   0.241 |
wrote /scratch/nishanth.r/tordiff/results/qm9_CTRL_rematch_100ep_e100_s0/S1_etkdg2L/breakdown.csv
