934 molecules (model failures excluded here: 65)  threshold=0.5
SUMMARY (from evaluate): {'threshold': 0.5, 'COV-R_mean': 85.0077838351035, 'COV-R_median': 100.0, 'MAT-R_mean': 0.20374644715801435, 'MAT-R_median': 0.1706389577532475, 'COV-P_mean': 83.28253580055761, 'COV-P_median': 100.0, 'MAT-P_mean': 0.23005114896732182, 'MAT-P_median': 0.18692710056298634, 'n_evaluated': 935, 'n_model_failures': 65, 'n_additional_failures': 1}

### COV threshold sweep (mean / median over molecules, failures = 0) -- SECONDARY / exploratory; the pre-registered primary threshold is --threshold (0.5 A for QM9)

| thr (A) | COV-R mean | COV-R median | COV-P mean | COV-P median |
|---|---|---|---|---|
| 0.050 | 4.24 | 0.00 | 2.84 | 0.00 |
| 0.100 | 36.81 | 25.00 | 28.76 | 12.95 |
| 0.125 | 48.52 | 50.00 | 40.06 | 33.33 |
| 0.250 | 68.20 | 80.00 | 63.23 | 75.00 |
| 0.375 | 78.18 | 100.00 | 75.30 | 95.35 |
| 0.500 | 85.01 | 100.00 | 83.28 | 100.00 |
| 0.750 | 91.56 | 100.00 | 91.06 | 100.00 |

### by n_heavy

| bin   |   n |   COV_R |   MAT_R |   COV_P |   MAT_P |
|:------|----:|--------:|--------:|--------:|--------:|
| <=5   |   2 | 100     |   0.047 | 100     |   0.042 |
| 6     |  10 |  93.75  |   0.165 |  96.75  |   0.139 |
| 7     |  20 |  89.879 |   0.155 |  88.274 |   0.188 |
| 8     | 132 |  89.443 |   0.196 |  90.203 |   0.208 |
| 9     | 770 |  91.255 |   0.207 |  88.887 |   0.237 |
| >9    |   0 | nan     | nan     | nan     | nan     |

### by n_rot_heavy

| bin   |   n |   COV_R |   MAT_R |   COV_P |   MAT_P |
|:------|----:|--------:|--------:|--------:|--------:|
| 0     | 281 |  97.41  |   0.156 |  96.442 |   0.186 |
| 1     | 297 |  94.065 |   0.179 |  93.244 |   0.204 |
| 2     | 174 |  86.335 |   0.247 |  85.523 |   0.26  |
| 3     |  93 |  83.444 |   0.254 |  78.853 |   0.283 |
| 4+    |  89 |  77.707 |   0.3   |  70.499 |   0.344 |

### by n_rot_repo

| bin   |   n |   COV_R |   MAT_R |   COV_P |   MAT_P |
|:------|----:|--------:|--------:|--------:|--------:|
| <=1   | 225 |  97.25  |   0.151 |  96.177 |   0.179 |
| 2     | 201 |  94.666 |   0.184 |  93.976 |   0.21  |
| 3     | 195 |  89.543 |   0.213 |  90.691 |   0.226 |
| 4     | 126 |  87.193 |   0.235 |  87.193 |   0.246 |
| 5-6   | 128 |  86.559 |   0.246 |  77.166 |   0.295 |
| 7+    |  59 |  77.489 |   0.283 |  71.275 |   0.334 |

### by n_true

| bin   |   n |   COV_R |   MAT_R |   COV_P |   MAT_P |
|:------|----:|--------:|--------:|--------:|--------:|
| 1     | 223 |  97.309 |   0.154 |  94.395 |   0.19  |
| 2-3   | 225 |  89.037 |   0.212 |  88.889 |   0.23  |
| 4-10  | 274 |  87.291 |   0.234 |  86.824 |   0.251 |
| 11-30 | 128 |  91.469 |   0.206 |  88.292 |   0.239 |
| >30   |  84 |  91.055 |   0.211 |  85.017 |   0.252 |
wrote /scratch/nishanth.r/tordiff/results/qm9_B6_jit0.04pa_e100_s1/steps20_seed0/breakdown.csv
