906 molecules (model failures excluded here: 94)  threshold=0.5
SUMMARY (from evaluate): {'threshold': 0.5, 'COV-R_mean': 82.2657112514404, 'COV-R_median': 100.0, 'MAT-R_mean': 0.18068105072937013, 'MAT-R_median': 0.13729001844084987, 'COV-P_mean': 83.20670653362157, 'COV-P_median': 100.0, 'MAT-P_mean': 0.1792394131404806, 'MAT-P_median': 0.13199689257002484, 'n_evaluated': 906, 'n_model_failures': 94, 'n_additional_failures': 0}

### COV threshold sweep (mean / median over molecules, failures = 0) -- SECONDARY / exploratory; the pre-registered primary threshold is --threshold (0.5 A for QM9)

| thr (A) | COV-R mean | COV-R median | COV-P mean | COV-P median |
|---|---|---|---|---|
| 0.050 | 21.30 | 0.00 | 19.55 | 0.00 |
| 0.100 | 46.57 | 42.86 | 43.93 | 33.31 |
| 0.125 | 54.28 | 50.00 | 51.92 | 50.00 |
| 0.250 | 70.12 | 84.62 | 70.39 | 87.50 |
| 0.375 | 76.56 | 100.00 | 77.97 | 100.00 |
| 0.500 | 82.27 | 100.00 | 83.21 | 100.00 |
| 0.750 | 88.50 | 100.00 | 88.81 | 100.00 |

### by n_heavy

| bin   |   n |   COV_R |   MAT_R |   COV_P |   MAT_P |
|:------|----:|--------:|--------:|--------:|--------:|
| <=5   |   2 | 100     |   0.049 | 100     |   0.041 |
| 6     |  10 |  98.75  |   0.113 |  98.75  |   0.107 |
| 7     |  21 |  93.324 |   0.135 |  87.712 |   0.175 |
| 8     | 126 |  93.241 |   0.158 |  91.303 |   0.172 |
| 9     | 747 |  90.188 |   0.187 |  91.932 |   0.182 |
| >9    |   0 | nan     | nan     | nan     | nan     |

### by n_rot_heavy

| bin   |   n |   COV_R |   MAT_R |   COV_P |   MAT_P |
|:------|----:|--------:|--------:|--------:|--------:|
| 0     | 258 |  96.529 |   0.11  |  99.612 |   0.08  |
| 1     | 293 |  95.367 |   0.141 |  97.044 |   0.135 |
| 2     | 173 |  85.659 |   0.236 |  89.347 |   0.23  |
| 3     |  93 |  82.121 |   0.271 |  80.83  |   0.295 |
| 4+    |  89 |  78.228 |   0.317 |  68.525 |   0.393 |

### by n_rot_repo

| bin   |   n |   COV_R |   MAT_R |   COV_P |   MAT_P |
|:------|----:|--------:|--------:|--------:|--------:|
| <=1   | 203 |  96.081 |   0.107 |  99.614 |   0.077 |
| 2     | 197 |  92.568 |   0.166 |  96.818 |   0.133 |
| 3     | 192 |  92.244 |   0.168 |  93.453 |   0.176 |
| 4     | 127 |  87.763 |   0.213 |  92.652 |   0.193 |
| 5-6   | 127 |  85.213 |   0.258 |  78.508 |   0.311 |
| 7+    |  60 |  80.776 |   0.29  |  70.527 |   0.377 |

### by n_true

| bin   |   n |   COV_R |   MAT_R |   COV_P |   MAT_P |
|:------|----:|--------:|--------:|--------:|--------:|
| 1     | 199 |  98.995 |   0.086 |  97.99  |   0.091 |
| 2-3   | 216 |  87.809 |   0.192 |  93.364 |   0.153 |
| 4-10  | 274 |  88.063 |   0.212 |  90.345 |   0.202 |
| 11-30 | 133 |  89.889 |   0.208 |  88.993 |   0.234 |
| >30   |  84 |  89.459 |   0.231 |  82.733 |   0.295 |
wrote /scratch/nishanth.r/tordiff/results/qm9_B1_train_gtL_e100_s0/S1_lam0.50_cyc_ORACLE/breakdown.csv
