930 molecules (model failures excluded here: 69)  threshold=0.5
SUMMARY (from evaluate): {'threshold': 0.5, 'COV-R_mean': 88.66119825535358, 'COV-R_median': 100.0, 'MAT-R_mean': 0.17605066196163927, 'MAT-R_median': 0.14535474490910877, 'COV-P_mean': 84.86132784813833, 'COV-P_median': 100.0, 'MAT-P_mean': 0.22183551917078997, 'MAT-P_median': 0.19018385551303363, 'n_evaluated': 931, 'n_model_failures': 69, 'n_additional_failures': 1}

### COV threshold sweep (mean / median over molecules, failures = 0) -- SECONDARY / exploratory; the pre-registered primary threshold is --threshold (0.5 A for QM9)

| thr (A) | COV-R mean | COV-R median | COV-P mean | COV-P median |
|---|---|---|---|---|
| 0.050 | 3.94 | 0.00 | 2.66 | 0.00 |
| 0.100 | 37.54 | 25.00 | 27.26 | 12.50 |
| 0.125 | 49.99 | 50.00 | 38.32 | 30.00 |
| 0.250 | 73.90 | 100.00 | 63.87 | 75.00 |
| 0.375 | 83.60 | 100.00 | 77.06 | 94.98 |
| 0.500 | 88.66 | 100.00 | 84.86 | 100.00 |
| 0.750 | 91.96 | 100.00 | 91.24 | 100.00 |

### by n_heavy

| bin   |   n |   COV_R |   MAT_R |   COV_P |   MAT_P |
|:------|----:|--------:|--------:|--------:|--------:|
| <=5   |   2 | 100     |   0.048 | 100     |   0.047 |
| 6     |  10 |  98     |   0.089 |  96.125 |   0.122 |
| 7     |  20 |  98.444 |   0.129 |  95.208 |   0.165 |
| 8     | 131 |  97.101 |   0.149 |  93.376 |   0.191 |
| 9     | 767 |  94.905 |   0.183 |  90.696 |   0.23  |
| >9    |   0 | nan     | nan     | nan     | nan     |

### by n_rot_heavy

| bin   |   n |   COV_R |   MAT_R |   COV_P |   MAT_P |
|:------|----:|--------:|--------:|--------:|--------:|
| 0     | 278 |  96.817 |   0.153 |  95.005 |   0.191 |
| 1     | 296 |  97.8   |   0.158 |  95.262 |   0.199 |
| 2     | 174 |  93.357 |   0.198 |  87.746 |   0.252 |
| 3     |  93 |  92.796 |   0.204 |  85.105 |   0.255 |
| 4+    |  89 |  89.027 |   0.235 |  79.435 |   0.3   |

### by n_rot_repo

| bin   |   n |   COV_R |   MAT_R |   COV_P |   MAT_P |
|:------|----:|--------:|--------:|--------:|--------:|
| <=1   | 224 |  97.337 |   0.152 |  94.935 |   0.184 |
| 2     | 198 |  96.209 |   0.167 |  94.809 |   0.209 |
| 3     | 195 |  95.996 |   0.171 |  91.95  |   0.22  |
| 4     | 126 |  94.233 |   0.196 |  89.176 |   0.247 |
| 5-6   | 128 |  93.456 |   0.204 |  84.777 |   0.262 |
| 7+    |  59 |  89.04  |   0.212 |  81.454 |   0.277 |

### by n_true

| bin   |   n |   COV_R |   MAT_R |   COV_P |   MAT_P |
|:------|----:|--------:|--------:|--------:|--------:|
| 1     | 220 |  97.273 |   0.154 |  93.864 |   0.194 |
| 2-3   | 224 |  93.378 |   0.179 |  90.551 |   0.223 |
| 4-10  | 274 |  94.864 |   0.188 |  90.698 |   0.232 |
| 11-30 | 128 |  95.122 |   0.182 |  89.935 |   0.235 |
| >30   |  84 |  97.336 |   0.177 |  90.061 |   0.239 |
wrote /scratch/nishanth.r/tordiff/results/qm9_default/R2_base_seed2/breakdown.csv
