996 molecules (model failures excluded here: 4)  threshold=0.5
SUMMARY (from evaluate): {'threshold': 0.5, 'COV-R_mean': 95.83579309670208, 'COV-R_median': 100.0, 'MAT-R_mean': 0.08096950420241873, 'MAT-R_median': 0.03701605169186903, 'COV-P_mean': 93.42723092801425, 'COV-P_median': 100.0, 'MAT-P_mean': 0.10986523638845416, 'MAT-P_median': 0.06389204478187385, 'n_evaluated': 996, 'n_model_failures': 4, 'n_additional_failures': 0}

### COV threshold sweep (mean / median over molecules, failures = 0) -- SECONDARY / exploratory; the pre-registered primary threshold is --threshold (0.5 A for QM9)

| thr (A) | COV-R mean | COV-R median | COV-P mean | COV-P median |
|---|---|---|---|---|
| 0.050 | 64.68 | 77.78 | 57.32 | 52.00 |
| 0.100 | 78.71 | 100.00 | 71.16 | 84.77 |
| 0.125 | 82.10 | 100.00 | 75.27 | 90.00 |
| 0.250 | 89.74 | 100.00 | 85.16 | 100.00 |
| 0.375 | 93.34 | 100.00 | 89.20 | 100.00 |
| 0.500 | 95.84 | 100.00 | 93.43 | 100.00 |
| 0.750 | 99.08 | 100.00 | 98.47 | 100.00 |

### by n_heavy

| bin   |   n |   COV_R |   MAT_R |   COV_P |   MAT_P |
|:------|----:|--------:|--------:|--------:|--------:|
| <=5   |   3 | 100     |   0.02  | 100     |   0.015 |
| 6     |  10 |  94.75  |   0.077 |  92     |   0.097 |
| 7     |  22 |  97.273 |   0.064 |  94.039 |   0.096 |
| 8     | 136 |  95.339 |   0.087 |  93.215 |   0.115 |
| 9     | 825 |  96.342 |   0.081 |  93.892 |   0.11  |
| >9    |   0 | nan     | nan     | nan     | nan     |

### by n_rot_heavy

| bin   |   n |   COV_R |   MAT_R |   COV_P |   MAT_P |
|:------|----:|--------:|--------:|--------:|--------:|
| 0     | 318 |  99.686 |   0.007 |  99.345 |   0.018 |
| 1     | 316 |  97.29  |   0.062 |  96.611 |   0.082 |
| 2     | 178 |  94.288 |   0.133 |  90.112 |   0.179 |
| 3     |  93 |  93.421 |   0.159 |  87.826 |   0.208 |
| 4+    |  91 |  87.04  |   0.222 |  78.01  |   0.292 |

### by n_rot_repo

| bin   |   n |   COV_R |   MAT_R |   COV_P |   MAT_P |
|:------|----:|--------:|--------:|--------:|--------:|
| <=1   | 253 |  99.407 |   0.011 |  99.802 |   0.011 |
| 2     | 220 |  97.944 |   0.049 |  96.919 |   0.074 |
| 3     | 201 |  95.619 |   0.094 |  93.245 |   0.123 |
| 4     | 133 |  96.459 |   0.108 |  92.688 |   0.152 |
| 5-6   | 129 |  90.799 |   0.175 |  84.68  |   0.23  |
| 7+    |  60 |  89.613 |   0.188 |  81.023 |   0.262 |

### by n_true

| bin   |   n |   COV_R |   MAT_R |   COV_P |   MAT_P |
|:------|----:|--------:|--------:|--------:|--------:|
| 1     | 253 |  98.024 |   0.024 |  97.036 |   0.042 |
| 2-3   | 243 |  95.542 |   0.065 |  94.547 |   0.082 |
| 4-10  | 281 |  95.17  |   0.106 |  92.205 |   0.137 |
| 11-30 | 135 |  95.404 |   0.129 |  90.868 |   0.175 |
| >30   |  84 |  97.582 |   0.137 |  91.969 |   0.2   |
wrote /scratch/nishanth.r/tordiff/results/qm9_CTRL_base_100ep_e100_s0/steps20_seed0_gtLcycle/breakdown.csv
