996 molecules (model failures excluded here: 4)  threshold=0.5
SUMMARY (from evaluate): {'threshold': 0.5, 'COV-R_mean': 97.78352361242078, 'COV-R_median': 100.0, 'MAT-R_mean': 0.03847721767930742, 'MAT-R_median': 0.010741352051867568, 'COV-P_mean': 98.56379717382578, 'COV-P_median': 100.0, 'MAT-P_mean': 0.03296627240008247, 'MAT-P_median': 0.011774978204869812, 'n_evaluated': 996, 'n_model_failures': 4, 'n_additional_failures': 0}

### COV threshold sweep (mean / median over molecules, failures = 0) -- SECONDARY / exploratory; the pre-registered primary threshold is --threshold (0.5 A for QM9)

| thr (A) | COV-R mean | COV-R median | COV-P mean | COV-P median |
|---|---|---|---|---|
| 0.050 | 87.11 | 100.00 | 85.51 | 100.00 |
| 0.100 | 92.33 | 100.00 | 93.03 | 100.00 |
| 0.125 | 93.30 | 100.00 | 94.34 | 100.00 |
| 0.250 | 95.23 | 100.00 | 96.92 | 100.00 |
| 0.375 | 96.59 | 100.00 | 97.95 | 100.00 |
| 0.500 | 97.78 | 100.00 | 98.56 | 100.00 |
| 0.750 | 98.98 | 100.00 | 99.26 | 100.00 |

### by n_heavy

| bin   |   n |   COV_R |   MAT_R |   COV_P |   MAT_P |
|:------|----:|--------:|--------:|--------:|--------:|
| <=5   |   3 | 100     |   0.013 | 100     |   0.008 |
| 6     |  10 |  94.75  |   0.033 | 100     |   0.008 |
| 7     |  22 | 100     |   0.017 | 100     |   0.02  |
| 8     | 136 |  99.073 |   0.028 |  99.463 |   0.027 |
| 9     | 825 |  98.015 |   0.041 |  98.833 |   0.035 |
| >9    |   0 | nan     | nan     | nan     | nan     |

### by n_rot_heavy

| bin   |   n |   COV_R |   MAT_R |   COV_P |   MAT_P |
|:------|----:|--------:|--------:|--------:|--------:|
| 0     | 318 |  99.397 |   0.011 | 100     |   0.001 |
| 1     | 316 |  99.099 |   0.022 |  99.834 |   0.016 |
| 2     | 178 |  95.996 |   0.068 |  98.433 |   0.052 |
| 3     |  93 |  97.484 |   0.073 |  97.91  |   0.074 |
| 4+    |  91 |  95.678 |   0.101 |  94.391 |   0.124 |

### by n_rot_repo

| bin   |   n |   COV_R |   MAT_R |   COV_P |   MAT_P |
|:------|----:|--------:|--------:|--------:|--------:|
| <=1   | 253 |  99.769 |   0.011 | 100     |   0.002 |
| 2     | 220 |  97.923 |   0.029 |  99.627 |   0.016 |
| 3     | 201 |  97.428 |   0.043 |  98.817 |   0.034 |
| 4     | 133 |  97.916 |   0.045 |  99.655 |   0.033 |
| 5-6   | 129 |  97.203 |   0.08  |  96.159 |   0.095 |
| 7+    |  60 |  97.563 |   0.072 |  97.082 |   0.09  |

### by n_true

| bin   |   n |   COV_R |   MAT_R |   COV_P |   MAT_P |
|:------|----:|--------:|--------:|--------:|--------:|
| 1     | 253 |  99.605 |   0.007 |  99.407 |   0.009 |
| 2-3   | 243 |  96.571 |   0.043 |  99.143 |   0.019 |
| 4-10  | 281 |  97.855 |   0.048 |  98.991 |   0.038 |
| 11-30 | 135 |  98.559 |   0.054 |  98.018 |   0.065 |
| >30   |  84 |  98.978 |   0.062 |  98.492 |   0.078 |
wrote /scratch/nishanth.r/tordiff/results/qm9_B1_train_gtL_e100_s1/steps20_seed0_gtL/breakdown.csv
