906 molecules (model failures excluded here: 94)  threshold=0.5
SUMMARY (from evaluate): {'threshold': 0.5, 'COV-R_mean': 86.28889404181909, 'COV-R_median': 100.0, 'MAT-R_mean': 0.1365777671544748, 'MAT-R_median': 0.10138390097625213, 'COV-P_mean': 84.64308351256241, 'COV-P_median': 100.0, 'MAT-P_mean': 0.1552061715655488, 'MAT-P_median': 0.11771206373163476, 'n_evaluated': 906, 'n_model_failures': 94, 'n_additional_failures': 0}

### COV threshold sweep (mean / median over molecules, failures = 0) -- SECONDARY / exploratory; the pre-registered primary threshold is --threshold (0.5 A for QM9)

| thr (A) | COV-R mean | COV-R median | COV-P mean | COV-P median |
|---|---|---|---|---|
| 0.050 | 24.17 | 0.00 | 21.26 | 0.00 |
| 0.100 | 55.09 | 55.56 | 49.75 | 50.00 |
| 0.125 | 63.53 | 73.39 | 58.58 | 62.34 |
| 0.250 | 78.11 | 100.00 | 75.71 | 93.75 |
| 0.375 | 82.50 | 100.00 | 80.37 | 100.00 |
| 0.500 | 86.29 | 100.00 | 84.64 | 100.00 |
| 0.750 | 89.56 | 100.00 | 89.28 | 100.00 |

### by n_heavy

| bin   |   n |   COV_R |   MAT_R |   COV_P |   MAT_P |
|:------|----:|--------:|--------:|--------:|--------:|
| <=5   |   2 | 100     |   0.043 | 100     |   0.034 |
| 6     |  10 |  98.75  |   0.083 |  98.125 |   0.087 |
| 7     |  21 |  97.46  |   0.105 |  95.815 |   0.113 |
| 8     | 126 |  96.419 |   0.117 |  93.947 |   0.142 |
| 9     | 747 |  94.921 |   0.142 |  93.189 |   0.16  |
| >9    |   0 | nan     | nan     | nan     | nan     |

### by n_rot_heavy

| bin   |   n |   COV_R |   MAT_R |   COV_P |   MAT_P |
|:------|----:|--------:|--------:|--------:|--------:|
| 0     | 258 |  96.982 |   0.106 |  99.645 |   0.084 |
| 1     | 293 |  97.708 |   0.108 |  97.415 |   0.121 |
| 2     | 173 |  93.105 |   0.167 |  88.847 |   0.207 |
| 3     |  93 |  94.072 |   0.169 |  87.333 |   0.222 |
| 4+    |  89 |  87.454 |   0.227 |  77.523 |   0.304 |

### by n_rot_repo

| bin   |   n |   COV_R |   MAT_R |   COV_P |   MAT_P |
|:------|----:|--------:|--------:|--------:|--------:|
| <=1   | 203 |  97.751 |   0.1   | 100     |   0.075 |
| 2     | 197 |  96.066 |   0.127 |  97.815 |   0.122 |
| 3     | 192 |  95.631 |   0.131 |  92.985 |   0.16  |
| 4     | 127 |  95.532 |   0.14  |  92.575 |   0.179 |
| 5-6   | 127 |  91.997 |   0.183 |  84.319 |   0.244 |
| 7+    |  60 |  89.054 |   0.202 |  79.248 |   0.282 |

### by n_true

| bin   |   n |   COV_R |   MAT_R |   COV_P |   MAT_P |
|:------|----:|--------:|--------:|--------:|--------:|
| 1     | 199 |  98.492 |   0.082 |  97.739 |   0.09  |
| 2-3   | 216 |  91.744 |   0.149 |  93.056 |   0.149 |
| 4-10  | 274 |  95.133 |   0.151 |  92.544 |   0.169 |
| 11-30 | 133 |  95.006 |   0.155 |  91.23  |   0.194 |
| >30   |  84 |  97.263 |   0.159 |  90.504 |   0.217 |
wrote /scratch/nishanth.r/tordiff/results/qm9_CTRL_rematch_100ep_e100_s1/S1_lam0.50_cyc_ORACLE/breakdown.csv
