906 molecules (model failures excluded here: 94)  threshold=0.5
SUMMARY (from evaluate): {'threshold': 0.5, 'COV-R_mean': 85.3794486795973, 'COV-R_median': 100.0, 'MAT-R_mean': 0.11584591147579973, 'MAT-R_median': 0.07295313948801282, 'COV-P_mean': 87.00907680312257, 'COV-P_median': 100.0, 'MAT-P_mean': 0.10775238663619122, 'MAT-P_median': 0.06816912194433797, 'n_evaluated': 906, 'n_model_failures': 94, 'n_additional_failures': 0}

### COV threshold sweep (mean / median over molecules, failures = 0) -- SECONDARY / exploratory; the pre-registered primary threshold is --threshold (0.5 A for QM9)

| thr (A) | COV-R mean | COV-R median | COV-P mean | COV-P median |
|---|---|---|---|---|
| 0.050 | 45.92 | 40.00 | 43.34 | 31.25 |
| 0.100 | 67.07 | 75.00 | 66.22 | 80.32 |
| 0.125 | 71.36 | 83.33 | 71.17 | 88.08 |
| 0.250 | 78.52 | 100.00 | 80.11 | 100.00 |
| 0.375 | 82.10 | 100.00 | 84.45 | 100.00 |
| 0.500 | 85.38 | 100.00 | 87.01 | 100.00 |
| 0.750 | 89.21 | 100.00 | 89.77 | 100.00 |

### by n_heavy

| bin   |   n |   COV_R |   MAT_R |   COV_P |   MAT_P |
|:------|----:|--------:|--------:|--------:|--------:|
| <=5   |   2 | 100     |   0.027 | 100     |   0.027 |
| 6     |  10 |  93.417 |   0.1   |  99.375 |   0.059 |
| 7     |  21 |  97.619 |   0.086 |  97.557 |   0.084 |
| 8     | 126 |  95.243 |   0.101 |  96.688 |   0.1   |
| 9     | 747 |  93.969 |   0.12  |  95.829 |   0.111 |
| >9    |   0 | nan     | nan     | nan     | nan     |

### by n_rot_heavy

| bin   |   n |   COV_R |   MAT_R |   COV_P |   MAT_P |
|:------|----:|--------:|--------:|--------:|--------:|
| 0     | 258 |  96.379 |   0.074 |  99.451 |   0.04  |
| 1     | 293 |  95.643 |   0.094 |  99.189 |   0.073 |
| 2     | 173 |  92.079 |   0.142 |  94.599 |   0.147 |
| 3     |  93 |  92.451 |   0.166 |  91.271 |   0.181 |
| 4+    |  89 |  89.467 |   0.208 |  83.536 |   0.265 |

### by n_rot_repo

| bin   |   n |   COV_R |   MAT_R |   COV_P |   MAT_P |
|:------|----:|--------:|--------:|--------:|--------:|
| <=1   | 203 |  96.542 |   0.073 |  99.754 |   0.039 |
| 2     | 197 |  93.022 |   0.114 |  97.953 |   0.078 |
| 3     | 192 |  94.958 |   0.104 |  97.249 |   0.102 |
| 4     | 127 |  93.533 |   0.127 |  96.66  |   0.12  |
| 5-6   | 127 |  93.313 |   0.163 |  90.186 |   0.194 |
| 7+    |  60 |  91.578 |   0.18  |  84.351 |   0.248 |

### by n_true

| bin   |   n |   COV_R |   MAT_R |   COV_P |   MAT_P |
|:------|----:|--------:|--------:|--------:|--------:|
| 1     | 199 |  98.995 |   0.042 |  98.744 |   0.047 |
| 2-3   | 216 |  89.969 |   0.134 |  96.644 |   0.091 |
| 4-10  | 274 |  93.036 |   0.135 |  95.239 |   0.119 |
| 11-30 | 133 |  94.486 |   0.142 |  94.201 |   0.154 |
| >30   |  84 |  97.473 |   0.139 |  93.571 |   0.186 |
wrote /scratch/nishanth.r/tordiff/results/qm9_B1_train_gtL_e100_s0/S1_lam0.75_cyc_ORACLE/breakdown.csv
