955 molecules (model failures excluded here: 45)  threshold=0.5
SUMMARY (from evaluate): {'threshold': 0.5, 'COV-R_mean': 90.88339588400825, 'COV-R_median': 100.0, 'MAT-R_mean': 0.15952892900233792, 'MAT-R_median': 0.11101303683577574, 'COV-P_mean': 91.61834235297303, 'COV-P_median': 100.0, 'MAT-P_mean': 0.16488133628708615, 'MAT-P_median': 0.12939480274672044, 'n_evaluated': 955, 'n_model_failures': 45, 'n_additional_failures': 0}

### COV threshold sweep (mean / median over molecules, failures = 0) -- SECONDARY / exploratory; the pre-registered primary threshold is --threshold (0.5 A for QM9)

| thr (A) | COV-R mean | COV-R median | COV-P mean | COV-P median |
|---|---|---|---|---|
| 0.050 | 21.58 | 0.00 | 17.06 | 0.00 |
| 0.100 | 50.56 | 50.00 | 45.45 | 43.61 |
| 0.125 | 57.88 | 71.43 | 53.20 | 60.00 |
| 0.250 | 76.65 | 100.00 | 75.28 | 94.62 |
| 0.375 | 85.31 | 100.00 | 85.88 | 100.00 |
| 0.500 | 90.88 | 100.00 | 91.62 | 100.00 |
| 0.750 | 94.16 | 100.00 | 94.71 | 100.00 |

### by n_heavy

| bin   |   n |   COV_R |   MAT_R |   COV_P |   MAT_P |
|:------|----:|--------:|--------:|--------:|--------:|
| <=5   |   3 | 100     |   0.015 | 100     |   0.018 |
| 6     |  10 | 100     |   0.048 | 100     |   0.064 |
| 7     |  21 |  95.238 |   0.093 |  96.627 |   0.096 |
| 8     | 133 |  96.353 |   0.135 |  97.44  |   0.141 |
| 9     | 788 |  94.884 |   0.167 |  95.596 |   0.173 |
| >9    |   0 | nan     | nan     | nan     | nan     |

### by n_rot_heavy

| bin   |   n |   COV_R |   MAT_R |   COV_P |   MAT_P |
|:------|----:|--------:|--------:|--------:|--------:|
| 0     | 289 |  94.984 |   0.179 |  96.583 |   0.177 |
| 1     | 306 |  95.195 |   0.166 |  96.883 |   0.162 |
| 2     | 177 |  94.055 |   0.165 |  95.13  |   0.172 |
| 3     |  93 |  95.805 |   0.123 |  94.131 |   0.143 |
| 4+    |  90 |  97.174 |   0.101 |  94.081 |   0.143 |

### by n_rot_repo

| bin   |   n |   COV_R |   MAT_R |   COV_P |   MAT_P |
|:------|----:|--------:|--------:|--------:|--------:|
| <=1   | 232 |  95.147 |   0.183 |  96.347 |   0.178 |
| 2     | 209 |  93.793 |   0.183 |  96.386 |   0.175 |
| 3     | 196 |  95.637 |   0.164 |  96.14  |   0.168 |
| 4     | 130 |  93.024 |   0.167 |  95.044 |   0.172 |
| 5-6   | 128 |  97.301 |   0.11  |  94.538 |   0.143 |
| 7+    |  60 |  98.569 |   0.064 |  97.019 |   0.103 |

### by n_true

| bin   |   n |   COV_R |   MAT_R |   COV_P |   MAT_P |
|:------|----:|--------:|--------:|--------:|--------:|
| 1     | 228 |  97.368 |   0.16  |  96.711 |   0.165 |
| 2-3   | 232 |  90.661 |   0.203 |  94.181 |   0.185 |
| 4-10  | 278 |  95.016 |   0.16  |  95.788 |   0.167 |
| 11-30 | 133 |  97.456 |   0.121 |  97.492 |   0.144 |
| >30   |  84 |  98.502 |   0.099 |  96.701 |   0.137 |
wrote /scratch/nishanth.r/tordiff/results/qm9_B1_train_gtL_e100_s0/S1_A5acyc_cyc_ORACLE/breakdown.csv
