996 molecules (model failures excluded here: 4)  threshold=0.5
SUMMARY (from evaluate): {'threshold': 0.5, 'COV-R_mean': 96.43546987259806, 'COV-R_median': 100.0, 'MAT-R_mean': 0.13758016825827038, 'MAT-R_median': 0.08237928558513388, 'COV-P_mean': 90.69002736123622, 'COV-P_median': 100.0, 'MAT-P_mean': 0.19266205742153236, 'MAT-P_median': 0.1445893115422929, 'n_evaluated': 996, 'n_model_failures': 4, 'n_additional_failures': 0}

### COV threshold sweep (mean / median over molecules, failures = 0) -- SECONDARY / exploratory; the pre-registered primary threshold is --threshold (0.5 A for QM9)

| thr (A) | COV-R mean | COV-R median | COV-P mean | COV-P median |
|---|---|---|---|---|
| 0.050 | 12.87 | 0.00 | 6.52 | 0.00 |
| 0.100 | 63.50 | 87.50 | 52.80 | 50.00 |
| 0.125 | 68.68 | 100.00 | 57.38 | 55.05 |
| 0.250 | 84.01 | 100.00 | 72.96 | 87.50 |
| 0.375 | 91.85 | 100.00 | 83.25 | 100.00 |
| 0.500 | 96.44 | 100.00 | 90.69 | 100.00 |
| 0.750 | 98.95 | 100.00 | 97.48 | 100.00 |

### by n_heavy

| bin   |   n |   COV_R |   MAT_R |   COV_P |   MAT_P |
|:------|----:|--------:|--------:|--------:|--------:|
| <=5   |   3 | 100     |   0.059 | 100     |   0.082 |
| 6     |  10 |  93     |   0.147 |  95.25  |   0.163 |
| 7     |  22 |  99.116 |   0.109 |  92.672 |   0.173 |
| 8     | 136 |  96.936 |   0.144 |  92.543 |   0.191 |
| 9     | 825 |  96.778 |   0.137 |  90.682 |   0.194 |
| >9    |   0 | nan     | nan     | nan     | nan     |

### by n_rot_heavy

| bin   |   n |   COV_R |   MAT_R |   COV_P |   MAT_P |
|:------|----:|--------:|--------:|--------:|--------:|
| 0     | 318 | 100     |   0.056 |  99.686 |   0.07  |
| 1     | 316 |  98.977 |   0.108 |  96.413 |   0.151 |
| 2     | 178 |  94.748 |   0.186 |  87.784 |   0.267 |
| 3     |  93 |  92.631 |   0.249 |  76.751 |   0.358 |
| 4+    |  91 |  86.582 |   0.319 |  63.297 |   0.452 |

### by n_rot_repo

| bin   |   n |   COV_R |   MAT_R |   COV_P |   MAT_P |
|:------|----:|--------:|--------:|--------:|--------:|
| <=1   | 253 | 100     |   0.063 |  99.763 |   0.072 |
| 2     | 220 |  98.377 |   0.102 |  96.924 |   0.134 |
| 3     | 201 |  96.516 |   0.135 |  91.953 |   0.194 |
| 4     | 133 |  97.276 |   0.16  |  90.348 |   0.242 |
| 5-6   | 129 |  92.51  |   0.251 |  75.252 |   0.365 |
| 7+    |  60 |  87.023 |   0.293 |  65.339 |   0.433 |

### by n_true

| bin   |   n |   COV_R |   MAT_R |   COV_P |   MAT_P |
|:------|----:|--------:|--------:|--------:|--------:|
| 1     | 253 |  98.814 |   0.071 |  97.431 |   0.096 |
| 2-3   | 243 |  96.639 |   0.124 |  92.901 |   0.156 |
| 4-10  | 281 |  96.161 |   0.153 |  90.513 |   0.217 |
| 11-30 | 135 |  94.815 |   0.194 |  84.691 |   0.286 |
| >30   |  84 |  96.797 |   0.236 |  78.542 |   0.359 |
wrote /scratch/nishanth.r/tordiff/results/qm9_B1_train_gtL_e100_s1/S1_noise0.04pa_cyc_ORACLE/breakdown.csv
