996 molecules (model failures excluded here: 4)  threshold=0.5
SUMMARY (from evaluate): {'threshold': 0.5, 'COV-R_mean': 98.02901070417965, 'COV-R_median': 100.0, 'MAT-R_mean': 0.03485318234100877, 'MAT-R_median': 0.011355992965594437, 'COV-P_mean': 98.62849241969289, 'COV-P_median': 100.0, 'MAT-P_mean': 0.03187091815588391, 'MAT-P_median': 0.011502124309298511, 'n_evaluated': 996, 'n_model_failures': 4, 'n_additional_failures': 0}

### COV threshold sweep (mean / median over molecules, failures = 0) -- SECONDARY / exploratory; the pre-registered primary threshold is --threshold (0.5 A for QM9)

| thr (A) | COV-R mean | COV-R median | COV-P mean | COV-P median |
|---|---|---|---|---|
| 0.050 | 87.99 | 100.00 | 86.38 | 100.00 |
| 0.100 | 92.92 | 100.00 | 93.51 | 100.00 |
| 0.125 | 93.84 | 100.00 | 94.82 | 100.00 |
| 0.250 | 95.60 | 100.00 | 97.04 | 100.00 |
| 0.375 | 96.98 | 100.00 | 98.01 | 100.00 |
| 0.500 | 98.03 | 100.00 | 98.63 | 100.00 |
| 0.750 | 99.24 | 100.00 | 99.32 | 100.00 |

### by n_heavy

| bin   |   n |   COV_R |   MAT_R |   COV_P |   MAT_P |
|:------|----:|--------:|--------:|--------:|--------:|
| <=5   |   3 | 100     |   0.014 | 100     |   0.009 |
| 6     |  10 |  94.75  |   0.033 | 100     |   0.007 |
| 7     |  22 | 100     |   0.018 | 100     |   0.019 |
| 8     | 136 |  98.998 |   0.029 |  99.649 |   0.026 |
| 9     | 825 |  98.325 |   0.036 |  98.88  |   0.034 |
| >9    |   0 | nan     | nan     | nan     | nan     |

### by n_rot_heavy

| bin   |   n |   COV_R |   MAT_R |   COV_P |   MAT_P |
|:------|----:|--------:|--------:|--------:|--------:|
| 0     | 318 |  99.397 |   0.011 | 100     |   0.001 |
| 1     | 316 |  99.257 |   0.02  |  99.814 |   0.016 |
| 2     | 178 |  96.799 |   0.058 |  98.673 |   0.05  |
| 3     |  93 |  97.162 |   0.07  |  97.935 |   0.071 |
| 4+    |  91 |  96.584 |   0.089 |  94.677 |   0.118 |

### by n_rot_repo

| bin   |   n |   COV_R |   MAT_R |   COV_P |   MAT_P |
|:------|----:|--------:|--------:|--------:|--------:|
| <=1   | 253 |  99.769 |   0.011 | 100     |   0.002 |
| 2     | 220 |  97.938 |   0.028 |  99.699 |   0.016 |
| 3     | 201 |  98.106 |   0.035 |  98.837 |   0.033 |
| 4     | 133 |  98.443 |   0.041 |  99.762 |   0.033 |
| 5-6   | 129 |  97.332 |   0.072 |  96.347 |   0.087 |
| 7+    |  60 |  97.881 |   0.069 |  97.187 |   0.092 |

### by n_true

| bin   |   n |   COV_R |   MAT_R |   COV_P |   MAT_P |
|:------|----:|--------:|--------:|--------:|--------:|
| 1     | 253 | 100     |   0.002 |  99.605 |   0.007 |
| 2-3   | 243 |  97.188 |   0.036 |  99.143 |   0.019 |
| 4-10  | 281 |  97.721 |   0.047 |  99.021 |   0.038 |
| 11-30 | 135 |  98.696 |   0.052 |  98.106 |   0.061 |
| >30   |  84 |  99.15  |   0.061 |  98.425 |   0.075 |
wrote /scratch/nishanth.r/tordiff/results/qm9_B1_train_gtL_e100_s2/steps20_seed0_gtL/breakdown.csv
