932 molecules (model failures excluded here: 67)  threshold=0.5
SUMMARY (from evaluate): {'threshold': 0.5, 'COV-R_mean': 88.60135326520538, 'COV-R_median': 100.0, 'MAT-R_mean': 0.17768505102271942, 'MAT-R_median': 0.14633245050609497, 'COV-P_mean': 84.82379115633717, 'COV-P_median': 100.0, 'MAT-P_mean': 0.22035819711853824, 'MAT-P_median': 0.19201672710101764, 'n_evaluated': 933, 'n_model_failures': 67, 'n_additional_failures': 1}

### COV threshold sweep (mean / median over molecules, failures = 0) -- SECONDARY / exploratory; the pre-registered primary threshold is --threshold (0.5 A for QM9)

| thr (A) | COV-R mean | COV-R median | COV-P mean | COV-P median |
|---|---|---|---|---|
| 0.050 | 4.24 | 0.00 | 2.52 | 0.00 |
| 0.100 | 37.76 | 25.00 | 27.80 | 12.50 |
| 0.125 | 50.37 | 50.00 | 38.67 | 30.00 |
| 0.250 | 73.78 | 94.44 | 64.38 | 75.00 |
| 0.375 | 82.93 | 100.00 | 76.92 | 94.41 |
| 0.500 | 88.60 | 100.00 | 84.82 | 100.00 |
| 0.750 | 92.23 | 100.00 | 91.64 | 100.00 |

### by n_heavy

| bin   |   n |   COV_R |   MAT_R |   COV_P |   MAT_P |
|:------|----:|--------:|--------:|--------:|--------:|
| <=5   |   3 | 100     |   0.051 | 100     |   0.047 |
| 6     |  10 |  93.75  |   0.141 |  96.75  |   0.146 |
| 7     |  20 |  96.333 |   0.138 |  91.274 |   0.166 |
| 8     | 130 |  97.197 |   0.149 |  91.953 |   0.194 |
| 9     | 769 |  94.67  |   0.184 |  90.737 |   0.228 |
| >9    |   0 | nan     | nan     | nan     | nan     |

### by n_rot_heavy

| bin   |   n |   COV_R |   MAT_R |   COV_P |   MAT_P |
|:------|----:|--------:|--------:|--------:|--------:|
| 0     | 283 |  97.148 |   0.15  |  94.783 |   0.187 |
| 1     | 295 |  96.533 |   0.169 |  93.379 |   0.208 |
| 2     | 173 |  92.191 |   0.203 |  89.264 |   0.244 |
| 3     |  93 |  93.692 |   0.198 |  85.437 |   0.253 |
| 4+    |  88 |  90.558 |   0.225 |  80.286 |   0.29  |

### by n_rot_repo

| bin   |   n |   COV_R |   MAT_R |   COV_P |   MAT_P |
|:------|----:|--------:|--------:|--------:|--------:|
| <=1   | 226 |  97.913 |   0.151 |  95.915 |   0.181 |
| 2     | 199 |  95.601 |   0.175 |  93.492 |   0.206 |
| 3     | 195 |  93.944 |   0.182 |  89.915 |   0.228 |
| 4     | 126 |  94.238 |   0.191 |  90.07  |   0.241 |
| 5-6   | 128 |  93.658 |   0.195 |  85.747 |   0.254 |
| 7+    |  58 |  90.81  |   0.208 |  80.765 |   0.277 |

### by n_true

| bin   |   n |   COV_R |   MAT_R |   COV_P |   MAT_P |
|:------|----:|--------:|--------:|--------:|--------:|
| 1     | 224 |  96.875 |   0.153 |  91.964 |   0.197 |
| 2-3   | 223 |  92.9   |   0.187 |  90.433 |   0.22  |
| 4-10  | 274 |  94.361 |   0.189 |  90.811 |   0.232 |
| 11-30 | 127 |  95.844 |   0.181 |  91.262 |   0.226 |
| >30   |  84 |  97.114 |   0.176 |  90.294 |   0.237 |
wrote /scratch/nishanth.r/tordiff/results/qm9_default/G1_gt_graph_seed_mols_seed2/breakdown.csv
