906 molecules (model failures excluded here: 94)  threshold=0.5
SUMMARY (from evaluate): {'threshold': 0.5, 'COV-R_mean': 86.37866765691354, 'COV-R_median': 100.0, 'MAT-R_mean': 0.1365685896464123, 'MAT-R_median': 0.10108712708344877, 'COV-P_mean': 84.77632153888044, 'COV-P_median': 100.0, 'MAT-P_mean': 0.15489743094784944, 'MAT-P_median': 0.11564932689648791, 'n_evaluated': 906, 'n_model_failures': 94, 'n_additional_failures': 0}

### COV threshold sweep (mean / median over molecules, failures = 0) -- SECONDARY / exploratory; the pre-registered primary threshold is --threshold (0.5 A for QM9)

| thr (A) | COV-R mean | COV-R median | COV-P mean | COV-P median |
|---|---|---|---|---|
| 0.050 | 23.63 | 0.00 | 20.68 | 0.00 |
| 0.100 | 55.17 | 54.10 | 49.25 | 47.43 |
| 0.125 | 63.60 | 71.63 | 58.33 | 60.99 |
| 0.250 | 78.12 | 100.00 | 75.81 | 94.44 |
| 0.375 | 82.56 | 100.00 | 80.46 | 100.00 |
| 0.500 | 86.38 | 100.00 | 84.78 | 100.00 |
| 0.750 | 89.47 | 100.00 | 89.29 | 100.00 |

### by n_heavy

| bin   |   n |   COV_R |   MAT_R |   COV_P |   MAT_P |
|:------|----:|--------:|--------:|--------:|--------:|
| <=5   |   2 | 100     |   0.052 | 100     |   0.034 |
| 6     |  10 |  98.75  |   0.088 |  97.5   |   0.086 |
| 7     |  21 |  97.46  |   0.099 |  95.732 |   0.111 |
| 8     | 126 |  95.988 |   0.118 |  94.125 |   0.139 |
| 9     | 747 |  95.114 |   0.142 |  93.348 |   0.16  |
| >9    |   0 | nan     | nan     | nan     | nan     |

### by n_rot_heavy

| bin   |   n |   COV_R |   MAT_R |   COV_P |   MAT_P |
|:------|----:|--------:|--------:|--------:|--------:|
| 0     | 258 |  96.788 |   0.111 |  99.128 |   0.088 |
| 1     | 293 |  97.873 |   0.105 |  96.891 |   0.122 |
| 2     | 173 |  93.02  |   0.163 |  89.868 |   0.203 |
| 3     |  93 |  93.131 |   0.176 |  88.102 |   0.222 |
| 4+    |  89 |  89.629 |   0.221 |  79.457 |   0.293 |

### by n_rot_repo

| bin   |   n |   COV_R |   MAT_R |   COV_P |   MAT_P |
|:------|----:|--------:|--------:|--------:|--------:|
| <=1   | 203 |  97.767 |   0.097 |  99.877 |   0.076 |
| 2     | 197 |  95.728 |   0.133 |  97.335 |   0.125 |
| 3     | 192 |  95.356 |   0.129 |  92.985 |   0.16  |
| 4     | 127 |  95.789 |   0.141 |  92.7   |   0.18  |
| 5-6   | 127 |  92.639 |   0.185 |  85.064 |   0.241 |
| 7+    |  60 |  90.584 |   0.195 |  81.621 |   0.269 |

### by n_true

| bin   |   n |   COV_R |   MAT_R |   COV_P |   MAT_P |
|:------|----:|--------:|--------:|--------:|--------:|
| 1     | 199 |  97.99  |   0.088 |  96.985 |   0.097 |
| 2-3   | 216 |  92.284 |   0.143 |  92.901 |   0.146 |
| 4-10  | 274 |  95.503 |   0.151 |  93.472 |   0.167 |
| 11-30 | 133 |  94.812 |   0.154 |  91.131 |   0.194 |
| >30   |  84 |  97.23  |   0.158 |  91.402 |   0.216 |
wrote /scratch/nishanth.r/tordiff/results/qm9_CTRL_base_100ep_e100_s0/S1_lam0.50_cyc_ORACLE/breakdown.csv
