996 molecules (model failures excluded here: 4)  threshold=0.5
SUMMARY (from evaluate): {'threshold': 0.5, 'COV-R_mean': 96.32890053648585, 'COV-R_median': 100.0, 'MAT-R_mean': 0.08229722153239351, 'MAT-R_median': 0.04218843091936566, 'COV-P_mean': 93.71889519452779, 'COV-P_median': 100.0, 'MAT-P_mean': 0.10925809109381922, 'MAT-P_median': 0.06315227363114463, 'n_evaluated': 996, 'n_model_failures': 4, 'n_additional_failures': 0}

### COV threshold sweep (mean / median over molecules, failures = 0) -- SECONDARY / exploratory; the pre-registered primary threshold is --threshold (0.5 A for QM9)

| thr (A) | COV-R mean | COV-R median | COV-P mean | COV-P median |
|---|---|---|---|---|
| 0.050 | 63.73 | 75.00 | 57.32 | 50.00 |
| 0.100 | 78.24 | 100.00 | 71.46 | 84.81 |
| 0.125 | 81.93 | 100.00 | 75.61 | 90.00 |
| 0.250 | 89.47 | 100.00 | 85.17 | 100.00 |
| 0.375 | 93.10 | 100.00 | 89.37 | 100.00 |
| 0.500 | 96.33 | 100.00 | 93.72 | 100.00 |
| 0.750 | 99.10 | 100.00 | 98.41 | 100.00 |

### by n_heavy

| bin   |   n |   COV_R |   MAT_R |   COV_P |   MAT_P |
|:------|----:|--------:|--------:|--------:|--------:|
| <=5   |   3 | 100     |   0.026 | 100     |   0.012 |
| 6     |  10 |  98.75  |   0.068 |  92     |   0.11  |
| 7     |  22 |  98.182 |   0.064 |  95.579 |   0.091 |
| 8     | 136 |  94.525 |   0.091 |  93.466 |   0.113 |
| 9     | 825 |  97.001 |   0.082 |  94.163 |   0.11  |
| >9    |   0 | nan     | nan     | nan     | nan     |

### by n_rot_heavy

| bin   |   n |   COV_R |   MAT_R |   COV_P |   MAT_P |
|:------|----:|--------:|--------:|--------:|--------:|
| 0     | 318 |  99.083 |   0.018 |  99.345 |   0.018 |
| 1     | 316 |  97.537 |   0.065 |  96.814 |   0.081 |
| 2     | 178 |  96.22  |   0.12  |  91.031 |   0.175 |
| 3     |  93 |  94.31  |   0.16  |  88.099 |   0.211 |
| 4+    |  91 |  89.021 |   0.214 |  78.433 |   0.291 |

### by n_rot_repo

| bin   |   n |   COV_R |   MAT_R |   COV_P |   MAT_P |
|:------|----:|--------:|--------:|--------:|--------:|
| <=1   | 253 |  99.374 |   0.019 |  99.901 |   0.011 |
| 2     | 220 |  97.462 |   0.055 |  97.32  |   0.073 |
| 3     | 201 |  97.053 |   0.086 |  93.977 |   0.12  |
| 4     | 133 |  96.744 |   0.109 |  92.477 |   0.154 |
| 5-6   | 129 |  92.157 |   0.168 |  84.827 |   0.229 |
| 7+    |  60 |  91.376 |   0.19  |  81.699 |   0.264 |

### by n_true

| bin   |   n |   COV_R |   MAT_R |   COV_P |   MAT_P |
|:------|----:|--------:|--------:|--------:|--------:|
| 1     | 253 |  98.024 |   0.024 |  97.036 |   0.042 |
| 2-3   | 243 |  95.542 |   0.071 |  94.822 |   0.079 |
| 4-10  | 281 |  96.756 |   0.103 |  92.806 |   0.138 |
| 11-30 | 135 |  95.795 |   0.132 |  91.184 |   0.176 |
| >30   |  84 |  97.518 |   0.14  |  92.129 |   0.2   |
wrote /scratch/nishanth.r/tordiff/results/qm9_CTRL_base_100ep_e100_s0/steps20_seed0_gtL/breakdown.csv
