934 molecules (model failures excluded here: 65)  threshold=0.5
SUMMARY (from evaluate): {'threshold': 0.5, 'COV-R_mean': 84.37824096048202, 'COV-R_median': 100.0, 'MAT-R_mean': 0.2299007264784422, 'MAT-R_median': 0.19229731424511226, 'COV-P_mean': 79.11135195175774, 'COV-P_median': 100.0, 'MAT-P_mean': 0.28506923095215286, 'MAT-P_median': 0.2564809452853475, 'n_evaluated': 935, 'n_model_failures': 65, 'n_additional_failures': 1}

### COV threshold sweep (mean / median over molecules, failures = 0) -- SECONDARY / exploratory; the pre-registered primary threshold is --threshold (0.5 A for QM9)

| thr (A) | COV-R mean | COV-R median | COV-P mean | COV-P median |
|---|---|---|---|---|
| 0.050 | 2.58 | 0.00 | 1.82 | 0.00 |
| 0.100 | 27.06 | 0.00 | 19.21 | 0.00 |
| 0.125 | 37.00 | 18.63 | 27.12 | 8.20 |
| 0.250 | 62.12 | 75.00 | 50.61 | 50.00 |
| 0.375 | 75.81 | 100.00 | 67.23 | 80.22 |
| 0.500 | 84.38 | 100.00 | 79.11 | 100.00 |
| 0.750 | 91.30 | 100.00 | 89.84 | 100.00 |

### by n_heavy

| bin   |   n |   COV_R |   MAT_R |   COV_P |   MAT_P |
|:------|----:|--------:|--------:|--------:|--------:|
| <=5   |   2 | 100     |   0.066 | 100     |   0.061 |
| 6     |  10 |  91     |   0.196 |  98.375 |   0.182 |
| 7     |  20 |  91.848 |   0.176 |  88.671 |   0.22  |
| 8     | 132 |  91.214 |   0.221 |  86.101 |   0.273 |
| 9     | 770 |  90.118 |   0.234 |  84.141 |   0.291 |
| >9    |   0 | nan     | nan     | nan     | nan     |

### by n_rot_heavy

| bin   |   n |   COV_R |   MAT_R |   COV_P |   MAT_P |
|:------|----:|--------:|--------:|--------:|--------:|
| 0     | 281 |  97.41  |   0.156 |  96.235 |   0.188 |
| 1     | 297 |  94.826 |   0.194 |  91.204 |   0.243 |
| 2     | 174 |  85.992 |   0.28  |  78.786 |   0.336 |
| 3     |  93 |  81.395 |   0.317 |  69.651 |   0.41  |
| 4+    |  89 |  70.901 |   0.394 |  53.882 |   0.502 |

### by n_rot_repo

| bin   |   n |   COV_R |   MAT_R |   COV_P |   MAT_P |
|:------|----:|--------:|--------:|--------:|--------:|
| <=1   | 225 |  97.345 |   0.155 |  95.777 |   0.187 |
| 2     | 201 |  93.165 |   0.204 |  91.947 |   0.234 |
| 3     | 195 |  91.422 |   0.224 |  86.936 |   0.279 |
| 4     | 126 |  88.316 |   0.262 |  81.621 |   0.318 |
| 5-6   | 128 |  80.844 |   0.322 |  65.959 |   0.426 |
| 7+    |  59 |  75.362 |   0.355 |  57.643 |   0.48  |

### by n_true

| bin   |   n |   COV_R |   MAT_R |   COV_P |   MAT_P |
|:------|----:|--------:|--------:|--------:|--------:|
| 1     | 223 |  96.413 |   0.164 |  93.049 |   0.203 |
| 2-3   | 225 |  89.259 |   0.223 |  85.519 |   0.267 |
| 4-10  | 274 |  87.986 |   0.253 |  83.467 |   0.304 |
| 11-30 | 128 |  88.503 |   0.265 |  79.894 |   0.343 |
| >30   |  84 |  87.601 |   0.295 |  71.706 |   0.401 |
wrote /scratch/nishanth.r/tordiff/results/qm9_B1_train_gtL_e100_s2/steps20_seed0/breakdown.csv
