935 molecules (model failures excluded here: 64)  threshold=0.5
SUMMARY (from evaluate): {'threshold': 0.5, 'COV-R_mean': 89.0893234093969, 'COV-R_median': 100.0, 'MAT-R_mean': 0.15277339147358757, 'MAT-R_median': 0.12291454082127692, 'COV-P_mean': 87.19596106333557, 'COV-P_median': 100.0, 'MAT-P_mean': 0.17279175022143, 'MAT-P_median': 0.1376014806159338, 'n_evaluated': 936, 'n_model_failures': 64, 'n_additional_failures': 1}

### COV threshold sweep (mean / median over molecules, failures = 0) -- SECONDARY / exploratory; the pre-registered primary threshold is --threshold (0.5 A for QM9)

| thr (A) | COV-R mean | COV-R median | COV-P mean | COV-P median |
|---|---|---|---|---|
| 0.050 | 16.63 | 0.00 | 15.15 | 0.00 |
| 0.100 | 48.73 | 50.00 | 43.79 | 35.00 |
| 0.125 | 58.51 | 66.67 | 53.42 | 50.00 |
| 0.250 | 78.57 | 100.00 | 74.67 | 91.67 |
| 0.375 | 84.65 | 100.00 | 81.95 | 100.00 |
| 0.500 | 89.09 | 100.00 | 87.20 | 100.00 |
| 0.750 | 92.35 | 100.00 | 92.05 | 100.00 |

### by n_heavy

| bin   |   n |   COV_R |   MAT_R |   COV_P |   MAT_P |
|:------|----:|--------:|--------:|--------:|--------:|
| <=5   |   3 | 100     |   0.04  | 100     |   0.029 |
| 6     |  10 |  93     |   0.105 |  97.75  |   0.096 |
| 7     |  20 |  96.333 |   0.109 |  94.89  |   0.135 |
| 8     | 131 |  95.706 |   0.135 |  94.17  |   0.156 |
| 9     | 771 |  95.195 |   0.158 |  92.976 |   0.178 |
| >9    |   0 | nan     | nan     | nan     | nan     |

### by n_rot_heavy

| bin   |   n |   COV_R |   MAT_R |   COV_P |   MAT_P |
|:------|----:|--------:|--------:|--------:|--------:|
| 0     | 284 |  96.54  |   0.128 |  97.331 |   0.128 |
| 1     | 296 |  97.916 |   0.131 |  96.523 |   0.147 |
| 2     | 174 |  94.477 |   0.17  |  90.402 |   0.205 |
| 3     |  93 |  91.929 |   0.192 |  87.551 |   0.223 |
| 4+    |  88 |  87.507 |   0.23  |  80.808 |   0.286 |

### by n_rot_repo

| bin   |   n |   COV_R |   MAT_R |   COV_P |   MAT_P |
|:------|----:|--------:|--------:|--------:|--------:|
| <=1   | 229 |  97.027 |   0.129 |  97.587 |   0.128 |
| 2     | 199 |  96.527 |   0.134 |  97.407 |   0.135 |
| 3     | 194 |  96.466 |   0.15  |  93.114 |   0.181 |
| 4     | 127 |  94.05  |   0.172 |  91.004 |   0.197 |
| 5-6   | 128 |  91.594 |   0.19  |  86.057 |   0.238 |
| 7+    |  58 |  91.01  |   0.196 |  83.234 |   0.254 |

### by n_true

| bin   |   n |   COV_R |   MAT_R |   COV_P |   MAT_P |
|:------|----:|--------:|--------:|--------:|--------:|
| 1     | 223 |  97.309 |   0.109 |  95.067 |   0.138 |
| 2-3   | 227 |  93.539 |   0.162 |  94.126 |   0.163 |
| 4-10  | 274 |  95.102 |   0.165 |  92.266 |   0.184 |
| 11-30 | 127 |  94.125 |   0.178 |  91.758 |   0.201 |
| >30   |  84 |  96.956 |   0.165 |  91.608 |   0.211 |
wrote /scratch/nishanth.r/tordiff/results/qm9_CTRL_rematch_100ep_e100_s2/S1_etkdg2L_mmff/breakdown.csv
