996 molecules (model failures excluded here: 4)  threshold=0.5
SUMMARY (from evaluate): {'threshold': 0.5, 'COV-R_mean': 93.26291697186625, 'COV-R_median': 100.0, 'MAT-R_mean': 0.15440421129812631, 'MAT-R_median': 0.09412932270158537, 'COV-P_mean': 85.38280130540261, 'COV-P_median': 100.0, 'MAT-P_mean': 0.21897187332870344, 'MAT-P_median': 0.18106488137717958, 'n_evaluated': 996, 'n_model_failures': 4, 'n_additional_failures': 0}

### COV threshold sweep (mean / median over molecules, failures = 0) -- SECONDARY / exploratory; the pre-registered primary threshold is --threshold (0.5 A for QM9)

| thr (A) | COV-R mean | COV-R median | COV-P mean | COV-P median |
|---|---|---|---|---|
| 0.050 | 45.84 | 30.95 | 41.72 | 12.50 |
| 0.100 | 55.11 | 63.07 | 46.60 | 28.57 |
| 0.125 | 59.16 | 74.77 | 49.18 | 37.50 |
| 0.250 | 73.11 | 100.00 | 61.51 | 75.00 |
| 0.375 | 85.06 | 100.00 | 74.90 | 100.00 |
| 0.500 | 93.26 | 100.00 | 85.38 | 100.00 |
| 0.750 | 98.20 | 100.00 | 95.45 | 100.00 |

### by n_heavy

| bin   |   n |   COV_R |   MAT_R |   COV_P |   MAT_P |
|:------|----:|--------:|--------:|--------:|--------:|
| <=5   |   3 | 100     |   0.046 | 100     |   0.032 |
| 6     |  10 | 100     |   0.111 |  98     |   0.137 |
| 7     |  22 |  98.182 |   0.103 |  91.375 |   0.17  |
| 8     | 136 |  93.734 |   0.167 |  87.118 |   0.234 |
| 9     | 825 |  93.4   |   0.155 |  85.145 |   0.219 |
| >9    |   0 | nan     | nan     | nan     | nan     |

### by n_rot_heavy

| bin   |   n |   COV_R |   MAT_R |   COV_P |   MAT_P |
|:------|----:|--------:|--------:|--------:|--------:|
| 0     | 318 |  99.686 |   0.023 |  99.292 |   0.033 |
| 1     | 316 |  97.695 |   0.118 |  93.553 |   0.182 |
| 2     | 178 |  90.995 |   0.238 |  79.065 |   0.336 |
| 3     |  93 |  83.549 |   0.321 |  63.083 |   0.443 |
| 4+    |  91 |  73.892 |   0.406 |  47.306 |   0.538 |

### by n_rot_repo

| bin   |   n |   COV_R |   MAT_R |   COV_P |   MAT_P |
|:------|----:|--------:|--------:|--------:|--------:|
| <=1   | 253 | 100     |   0.024 |  99.677 |   0.032 |
| 2     | 220 |  97.106 |   0.108 |  95.016 |   0.147 |
| 3     | 201 |  94.368 |   0.162 |  86.852 |   0.241 |
| 4     | 133 |  93.468 |   0.196 |  82.69  |   0.294 |
| 5-6   | 129 |  82     |   0.329 |  60.714 |   0.454 |
| 7+    |  60 |  77.039 |   0.381 |  49.564 |   0.525 |

### by n_true

| bin   |   n |   COV_R |   MAT_R |   COV_P |   MAT_P |
|:------|----:|--------:|--------:|--------:|--------:|
| 1     | 253 |  96.443 |   0.061 |  95.059 |   0.079 |
| 2-3   | 243 |  94.993 |   0.129 |  90.226 |   0.174 |
| 4-10  | 281 |  92.813 |   0.175 |  84.495 |   0.256 |
| 11-30 | 135 |  89.443 |   0.243 |  75.852 |   0.348 |
| >30   |  84 |  90.765 |   0.299 |  64.579 |   0.439 |
wrote /scratch/nishanth.r/tordiff/results/qm9_default/A1c_gtL_cycle_random_tors/breakdown.csv
