955 molecules (model failures excluded here: 45)  threshold=0.5
SUMMARY (from evaluate): {'threshold': 0.5, 'COV-R_mean': 85.20558225095294, 'COV-R_median': 100.0, 'MAT-R_mean': 0.18957675329605395, 'MAT-R_median': 0.12293513225430329, 'COV-P_mean': 84.46085491806583, 'COV-P_median': 100.0, 'MAT-P_mean': 0.20580071869103578, 'MAT-P_median': 0.15258087900029996, 'n_evaluated': 955, 'n_model_failures': 45, 'n_additional_failures': 0}

### COV threshold sweep (mean / median over molecules, failures = 0) -- SECONDARY / exploratory; the pre-registered primary threshold is --threshold (0.5 A for QM9)

| thr (A) | COV-R mean | COV-R median | COV-P mean | COV-P median |
|---|---|---|---|---|
| 0.050 | 26.17 | 0.00 | 24.83 | 0.00 |
| 0.100 | 50.34 | 50.00 | 45.80 | 33.33 |
| 0.125 | 56.47 | 60.00 | 51.41 | 50.00 |
| 0.250 | 69.94 | 97.36 | 66.33 | 83.01 |
| 0.375 | 78.13 | 100.00 | 76.81 | 100.00 |
| 0.500 | 85.21 | 100.00 | 84.46 | 100.00 |
| 0.750 | 92.95 | 100.00 | 92.66 | 100.00 |

### by n_heavy

| bin   |   n |   COV_R |   MAT_R |   COV_P |   MAT_P |
|:------|----:|--------:|--------:|--------:|--------:|
| <=5   |   3 | 100     |   0.122 | 100     |   0.129 |
| 6     |  10 |  93     |   0.145 |  93.25  |   0.147 |
| 7     |  21 |  88.538 |   0.176 |  85.625 |   0.206 |
| 8     | 133 |  89.147 |   0.183 |  88.99  |   0.2   |
| 9     | 788 |  89.162 |   0.192 |  88.318 |   0.208 |
| >9    |   0 | nan     | nan     | nan     | nan     |

### by n_rot_heavy

| bin   |   n |   COV_R |   MAT_R |   COV_P |   MAT_P |
|:------|----:|--------:|--------:|--------:|--------:|
| 0     | 289 | 100     |   0.052 | 100     |   0.055 |
| 1     | 306 |  93.221 |   0.16  |  93.8   |   0.166 |
| 2     | 177 |  82.549 |   0.28  |  85.564 |   0.285 |
| 3     |  93 |  78.035 |   0.323 |  71.841 |   0.379 |
| 4+    |  90 |  65.683 |   0.417 |  55.911 |   0.489 |

### by n_rot_repo

| bin   |   n |   COV_R |   MAT_R |   COV_P |   MAT_P |
|:------|----:|--------:|--------:|--------:|--------:|
| <=1   | 232 |  98.422 |   0.053 |  99.353 |   0.05  |
| 2     | 209 |  93.517 |   0.153 |  96.513 |   0.145 |
| 3     | 196 |  89.357 |   0.204 |  89.648 |   0.22  |
| 4     | 130 |  89.116 |   0.232 |  87.627 |   0.252 |
| 5-6   | 128 |  73.464 |   0.347 |  66.815 |   0.403 |
| 7+    |  60 |  72.07  |   0.367 |  62.076 |   0.453 |

### by n_true

| bin   |   n |   COV_R |   MAT_R |   COV_P |   MAT_P |
|:------|----:|--------:|--------:|--------:|--------:|
| 1     | 228 |  97.368 |   0.083 |  96.053 |   0.094 |
| 2-3   | 232 |  88.362 |   0.176 |  91.307 |   0.17  |
| 4-10  | 278 |  86.088 |   0.229 |  86.152 |   0.241 |
| 11-30 | 133 |  85.748 |   0.255 |  82.703 |   0.293 |
| >30   |  84 |  85.342 |   0.281 |  76.522 |   0.355 |
wrote /scratch/nishanth.r/tordiff/results/qm9_B1_train_gtL_e100_s0/S1_A5ring_cyc_ORACLE/breakdown.csv
