996 molecules (model failures excluded here: 4)  threshold=0.5
SUMMARY (from evaluate): {'threshold': 0.5, 'COV-R_mean': 96.11671317149828, 'COV-R_median': 100.0, 'MAT-R_mean': 0.11674149480814233, 'MAT-R_median': 0.07451914421751743, 'COV-P_mean': 93.253024591384, 'COV-P_median': 100.0, 'MAT-P_mean': 0.15017424926148804, 'MAT-P_median': 0.09957561801675828, 'n_evaluated': 996, 'n_model_failures': 4, 'n_additional_failures': 0}

### COV threshold sweep (mean / median over molecules, failures = 0) -- SECONDARY / exploratory; the pre-registered primary threshold is --threshold (0.5 A for QM9)

| thr (A) | COV-R mean | COV-R median | COV-P mean | COV-P median |
|---|---|---|---|---|
| 0.050 | 13.89 | 0.00 | 7.02 | 0.00 |
| 0.100 | 72.12 | 100.00 | 62.51 | 69.40 |
| 0.125 | 78.68 | 100.00 | 69.53 | 80.38 |
| 0.250 | 89.40 | 100.00 | 83.83 | 100.00 |
| 0.375 | 93.67 | 100.00 | 89.14 | 100.00 |
| 0.500 | 96.12 | 100.00 | 93.25 | 100.00 |
| 0.750 | 99.04 | 100.00 | 98.35 | 100.00 |

### by n_heavy

| bin   |   n |   COV_R |   MAT_R |   COV_P |   MAT_P |
|:------|----:|--------:|--------:|--------:|--------:|
| <=5   |   3 | 100     |   0.066 | 100     |   0.075 |
| 6     |  10 |  94.667 |   0.103 |  93     |   0.13  |
| 7     |  22 |  98.182 |   0.092 |  95.591 |   0.137 |
| 8     | 136 |  96.797 |   0.118 |  93.425 |   0.151 |
| 9     | 825 |  96.419 |   0.118 |  93.593 |   0.151 |
| >9    |   0 | nan     | nan     | nan     | nan     |

### by n_rot_heavy

| bin   |   n |   COV_R |   MAT_R |   COV_P |   MAT_P |
|:------|----:|--------:|--------:|--------:|--------:|
| 0     | 318 |  99.686 |   0.058 |  98.873 |   0.073 |
| 1     | 316 |  97.818 |   0.098 |  97.078 |   0.119 |
| 2     | 178 |  94.988 |   0.155 |  89.497 |   0.208 |
| 3     |  93 |  92.997 |   0.188 |  87.393 |   0.241 |
| 4+    |  91 |  87.358 |   0.24  |  77.768 |   0.32  |

### by n_rot_repo

| bin   |   n |   COV_R |   MAT_R |   COV_P |   MAT_P |
|:------|----:|--------:|--------:|--------:|--------:|
| <=1   | 253 |  99.802 |   0.061 |  99.888 |   0.067 |
| 2     | 220 |  98.504 |   0.088 |  96.606 |   0.117 |
| 3     | 201 |  94.917 |   0.128 |  93     |   0.157 |
| 4     | 133 |  96.856 |   0.138 |  92.412 |   0.185 |
| 5-6   | 129 |  92.622 |   0.191 |  84.631 |   0.257 |
| 7+    |  60 |  88.125 |   0.214 |  80.447 |   0.291 |

### by n_true

| bin   |   n |   COV_R |   MAT_R |   COV_P |   MAT_P |
|:------|----:|--------:|--------:|--------:|--------:|
| 1     | 253 |  98.024 |   0.073 |  96.64  |   0.094 |
| 2-3   | 243 |  96.639 |   0.102 |  94.17  |   0.128 |
| 4-10  | 281 |  95.162 |   0.138 |  92.535 |   0.172 |
| 11-30 | 135 |  95.393 |   0.153 |  90.693 |   0.203 |
| >30   |  84 |  97.797 |   0.16  |  91.354 |   0.227 |
wrote /scratch/nishanth.r/tordiff/results/qm9_CTRL_base_100ep_e100_s0/S1_noise0.04pa_cyc_ORACLE/breakdown.csv
