935 molecules (model failures excluded here: 64)  threshold=0.5
SUMMARY (from evaluate): {'threshold': 0.5, 'COV-R_mean': 88.9890975678, 'COV-R_median': 100.0, 'MAT-R_mean': 0.1780748837086875, 'MAT-R_median': 0.14719916908467687, 'COV-P_mean': 84.98650818496718, 'COV-P_median': 100.0, 'MAT-P_mean': 0.22521105410578982, 'MAT-P_median': 0.19991980783527497, 'n_evaluated': 936, 'n_model_failures': 64, 'n_additional_failures': 1}

### COV threshold sweep (mean / median over molecules, failures = 0) -- SECONDARY / exploratory; the pre-registered primary threshold is --threshold (0.5 A for QM9)

| thr (A) | COV-R mean | COV-R median | COV-P mean | COV-P median |
|---|---|---|---|---|
| 0.050 | 3.82 | 0.00 | 2.32 | 0.00 |
| 0.100 | 35.35 | 20.00 | 25.30 | 10.00 |
| 0.125 | 48.29 | 50.00 | 35.95 | 25.00 |
| 0.250 | 74.23 | 95.55 | 63.65 | 73.30 |
| 0.375 | 83.39 | 100.00 | 76.74 | 94.44 |
| 0.500 | 88.99 | 100.00 | 84.99 | 100.00 |
| 0.750 | 92.69 | 100.00 | 92.09 | 100.00 |

### by n_heavy

| bin   |   n |   COV_R |   MAT_R |   COV_P |   MAT_P |
|:------|----:|--------:|--------:|--------:|--------:|
| <=5   |   3 | 100     |   0.054 | 100     |   0.085 |
| 6     |  10 |  98     |   0.087 |  94.875 |   0.133 |
| 7     |  20 |  98.333 |   0.12  |  93.981 |   0.168 |
| 8     | 131 |  95.465 |   0.164 |  91.597 |   0.206 |
| 9     | 771 |  94.989 |   0.184 |  90.608 |   0.232 |
| >9    |   0 | nan     | nan     | nan     | nan     |

### by n_rot_heavy

| bin   |   n |   COV_R |   MAT_R |   COV_P |   MAT_P |
|:------|----:|--------:|--------:|--------:|--------:|
| 0     | 284 |  96.549 |   0.153 |  94.675 |   0.191 |
| 1     | 296 |  97.359 |   0.163 |  93.319 |   0.212 |
| 2     | 174 |  94.16  |   0.193 |  89.345 |   0.245 |
| 3     |  93 |  91.381 |   0.211 |  84.735 |   0.262 |
| 4+    |  88 |  89.415 |   0.243 |  80.113 |   0.303 |

### by n_rot_repo

| bin   |   n |   COV_R |   MAT_R |   COV_P |   MAT_P |
|:------|----:|--------:|--------:|--------:|--------:|
| <=1   | 229 |  97.584 |   0.155 |  95.895 |   0.187 |
| 2     | 199 |  96.494 |   0.17  |  94.081 |   0.206 |
| 3     | 194 |  96.454 |   0.169 |  90.223 |   0.231 |
| 4     | 127 |  92.786 |   0.195 |  88.685 |   0.248 |
| 5-6   | 128 |  92.049 |   0.209 |  84.642 |   0.266 |
| 7+    |  58 |  88.999 |   0.224 |  81.106 |   0.281 |

### by n_true

| bin   |   n |   COV_R |   MAT_R |   COV_P |   MAT_P |
|:------|----:|--------:|--------:|--------:|--------:|
| 1     | 223 |  96.413 |   0.153 |  92.825 |   0.197 |
| 2-3   | 227 |  92.511 |   0.187 |  89.134 |   0.228 |
| 4-10  | 274 |  95.904 |   0.186 |  91.052 |   0.234 |
| 11-30 | 127 |  94.713 |   0.185 |  90.831 |   0.234 |
| >30   |  84 |  97.414 |   0.184 |  90.11  |   0.25  |
wrote /scratch/nishanth.r/tordiff/results/qm9_CTRL_base_100ep_e100_s0/S1_etkdg2L/breakdown.csv
