996 molecules (model failures excluded here: 4)  threshold=0.5
SUMMARY (from evaluate): {'threshold': 0.5, 'COV-R_mean': 97.08604811895104, 'COV-R_median': 100.0, 'MAT-R_mean': 0.05332595612433434, 'MAT-R_median': 0.017579180543871024, 'COV-P_mean': 96.28983033393006, 'COV-P_median': 100.0, 'MAT-P_mean': 0.06968833594942875, 'MAT-P_median': 0.026442442428542618, 'n_evaluated': 996, 'n_model_failures': 4, 'n_additional_failures': 0}

### COV threshold sweep (mean / median over molecules, failures = 0) -- SECONDARY / exploratory; the pre-registered primary threshold is --threshold (0.5 A for QM9)

| thr (A) | COV-R mean | COV-R median | COV-P mean | COV-P median |
|---|---|---|---|---|
| 0.050 | 77.90 | 100.00 | 71.28 | 91.29 |
| 0.100 | 87.85 | 100.00 | 83.09 | 100.00 |
| 0.125 | 89.83 | 100.00 | 85.60 | 100.00 |
| 0.250 | 93.66 | 100.00 | 91.38 | 100.00 |
| 0.375 | 95.47 | 100.00 | 93.94 | 100.00 |
| 0.500 | 97.09 | 100.00 | 96.29 | 100.00 |
| 0.750 | 98.99 | 100.00 | 99.01 | 100.00 |

### by n_heavy

| bin   |   n |   COV_R |   MAT_R |   COV_P |   MAT_P |
|:------|----:|--------:|--------:|--------:|--------:|
| <=5   |   3 | 100     |   0.015 | 100     |   0.011 |
| 6     |  10 |  96.667 |   0.029 |  96.875 |   0.03  |
| 7     |  22 |  95.909 |   0.059 |  97.626 |   0.058 |
| 8     | 136 |  97.453 |   0.049 |  96.836 |   0.067 |
| 9     | 825 |  97.522 |   0.054 |  96.61  |   0.071 |
| >9    |   0 | nan     | nan     | nan     | nan     |

### by n_rot_heavy

| bin   |   n |   COV_R |   MAT_R |   COV_P |   MAT_P |
|:------|----:|--------:|--------:|--------:|--------:|
| 0     | 318 | 100     |   0.003 | 100     |   0.006 |
| 1     | 316 |  98.319 |   0.036 |  98.817 |   0.045 |
| 2     | 178 |  95.52  |   0.089 |  94.057 |   0.117 |
| 3     |  93 |  95.693 |   0.112 |  93.071 |   0.139 |
| 4+    |  91 |  91.376 |   0.162 |  86.44  |   0.215 |

### by n_rot_repo

| bin   |   n |   COV_R |   MAT_R |   COV_P |   MAT_P |
|:------|----:|--------:|--------:|--------:|--------:|
| <=1   | 253 |  99.605 |   0.007 |  99.875 |   0.006 |
| 2     | 220 |  98.962 |   0.029 |  98.977 |   0.042 |
| 3     | 201 |  96.922 |   0.057 |  95.882 |   0.075 |
| 4     | 133 |  96.583 |   0.073 |  96.462 |   0.093 |
| 5-6   | 129 |  94.349 |   0.121 |  91.349 |   0.156 |
| 7+    |  60 |  93.606 |   0.137 |  89.348 |   0.184 |

### by n_true

| bin   |   n |   COV_R |   MAT_R |   COV_P |   MAT_P |
|:------|----:|--------:|--------:|--------:|--------:|
| 1     | 253 |  98.814 |   0.015 |  98.419 |   0.025 |
| 2-3   | 243 |  96.365 |   0.042 |  97.222 |   0.045 |
| 4-10  | 281 |  97.257 |   0.066 |  95.901 |   0.087 |
| 11-30 | 135 |  96.728 |   0.094 |  94.566 |   0.12  |
| >30   |  84 |  98.594 |   0.098 |  95.834 |   0.138 |
wrote /scratch/nishanth.r/tordiff/results/qm9_B6_jit0.04pa_e100_s1/steps20_seed0_gtLcycle/breakdown.csv
