935 molecules (model failures excluded here: 64)  threshold=0.5
SUMMARY (from evaluate): {'threshold': 0.5, 'COV-R_mean': 79.89566302595513, 'COV-R_median': 100.0, 'MAT-R_mean': 0.2321516626833494, 'MAT-R_median': 0.1985462213621942, 'COV-P_mean': 85.52688084676325, 'COV-P_median': 100.0, 'MAT-P_mean': 0.20228080508268087, 'MAT-P_median': 0.16250795130083268, 'n_evaluated': 936, 'n_model_failures': 64, 'n_additional_failures': 1}

### COV threshold sweep (mean / median over molecules, failures = 0) -- SECONDARY / exploratory; the pre-registered primary threshold is --threshold (0.5 A for QM9)

| thr (A) | COV-R mean | COV-R median | COV-P mean | COV-P median |
|---|---|---|---|---|
| 0.050 | 14.56 | 0.00 | 15.18 | 0.00 |
| 0.100 | 38.11 | 23.43 | 38.93 | 18.75 |
| 0.125 | 45.07 | 34.48 | 45.93 | 36.09 |
| 0.250 | 62.91 | 66.67 | 66.42 | 81.53 |
| 0.375 | 72.13 | 88.89 | 77.78 | 100.00 |
| 0.500 | 79.90 | 100.00 | 85.53 | 100.00 |
| 0.750 | 89.89 | 100.00 | 91.63 | 100.00 |

### by n_heavy

| bin   |   n |   COV_R |   MAT_R |   COV_P |   MAT_P |
|:------|----:|--------:|--------:|--------:|--------:|
| <=5   |   3 |  92.593 |   0.072 | 100     |   0.044 |
| 6     |  10 |  98     |   0.122 |  95.875 |   0.157 |
| 7     |  20 |  91.444 |   0.169 |  95.997 |   0.148 |
| 8     | 131 |  85.587 |   0.22  |  92.326 |   0.199 |
| 9     | 771 |  85.081 |   0.238 |  91.12  |   0.206 |
| >9    |   0 | nan     | nan     | nan     | nan     |

### by n_rot_heavy

| bin   |   n |   COV_R |   MAT_R |   COV_P |   MAT_P |
|:------|----:|--------:|--------:|--------:|--------:|
| 0     | 284 |  96.54  |   0.127 |  97.683 |   0.123 |
| 1     | 296 |  90.038 |   0.198 |  95.569 |   0.166 |
| 2     | 174 |  77.975 |   0.309 |  88.35  |   0.259 |
| 3     |  93 |  68.373 |   0.367 |  81.677 |   0.296 |
| 4+    |  88 |  67.053 |   0.394 |  74.177 |   0.368 |

### by n_rot_repo

| bin   |   n |   COV_R |   MAT_R |   COV_P |   MAT_P |
|:------|----:|--------:|--------:|--------:|--------:|
| <=1   | 229 |  95.063 |   0.14  |  96.386 |   0.134 |
| 2     | 199 |  91.608 |   0.171 |  96.952 |   0.145 |
| 3     | 194 |  84.921 |   0.244 |  93.106 |   0.203 |
| 4     | 127 |  79.108 |   0.301 |  89.63  |   0.237 |
| 5-6   | 128 |  72.326 |   0.349 |  80.307 |   0.317 |
| 7+    |  58 |  70.982 |   0.36  |  76.483 |   0.34  |

### by n_true

| bin   |   n |   COV_R |   MAT_R |   COV_P |   MAT_P |
|:------|----:|--------:|--------:|--------:|--------:|
| 1     | 223 |  95.964 |   0.12  |  94.843 |   0.14  |
| 2-3   | 227 |  86.49  |   0.215 |  92.034 |   0.19  |
| 4-10  | 274 |  82.071 |   0.277 |  90.596 |   0.213 |
| 11-30 | 127 |  78.235 |   0.306 |  88.612 |   0.26  |
| >30   |  84 |  76.655 |   0.317 |  88.194 |   0.277 |
wrote /scratch/nishanth.r/tordiff/results/qm9_B1_train_gtL_e100_s2/S1_etkdg2L_mmff/breakdown.csv
