935 molecules (model failures excluded here: 64)  threshold=0.5
SUMMARY (from evaluate): {'threshold': 0.5, 'COV-R_mean': 88.99807997307259, 'COV-R_median': 100.0, 'MAT-R_mean': 0.17833059578627108, 'MAT-R_median': 0.14841230170299907, 'COV-P_mean': 85.31803274478806, 'COV-P_median': 100.0, 'MAT-P_mean': 0.22183362570806656, 'MAT-P_median': 0.1932678403151436, 'n_evaluated': 936, 'n_model_failures': 64, 'n_additional_failures': 1}

### COV threshold sweep (mean / median over molecules, failures = 0) -- SECONDARY / exploratory; the pre-registered primary threshold is --threshold (0.5 A for QM9)

| thr (A) | COV-R mean | COV-R median | COV-P mean | COV-P median |
|---|---|---|---|---|
| 0.050 | 3.88 | 0.00 | 2.40 | 0.00 |
| 0.100 | 35.82 | 21.87 | 26.02 | 10.38 |
| 0.125 | 48.16 | 50.00 | 36.58 | 25.00 |
| 0.250 | 74.61 | 96.74 | 64.73 | 75.00 |
| 0.375 | 83.59 | 100.00 | 77.42 | 95.29 |
| 0.500 | 89.00 | 100.00 | 85.32 | 100.00 |
| 0.750 | 92.60 | 100.00 | 92.00 | 100.00 |

### by n_heavy

| bin   |   n |   COV_R |   MAT_R |   COV_P |   MAT_P |
|:------|----:|--------:|--------:|--------:|--------:|
| <=5   |   3 | 100     |   0.055 | 100     |   0.082 |
| 6     |  10 |  98     |   0.083 |  95.25  |   0.129 |
| 7     |  20 |  98.333 |   0.12  |  93.875 |   0.163 |
| 8     | 131 |  96.211 |   0.161 |  92.458 |   0.2   |
| 9     | 771 |  94.874 |   0.184 |  90.89  |   0.229 |
| >9    |   0 | nan     | nan     | nan     | nan     |

### by n_rot_heavy

| bin   |   n |   COV_R |   MAT_R |   COV_P |   MAT_P |
|:------|----:|--------:|--------:|--------:|--------:|
| 0     | 284 |  97.077 |   0.154 |  95.379 |   0.19  |
| 1     | 296 |  97.262 |   0.161 |  93.57  |   0.208 |
| 2     | 174 |  93.532 |   0.194 |  88.757 |   0.243 |
| 3     |  93 |  91.785 |   0.211 |  86.657 |   0.251 |
| 4+    |  88 |  88.954 |   0.248 |  79.897 |   0.301 |

### by n_rot_repo

| bin   |   n |   COV_R |   MAT_R |   COV_P |   MAT_P |
|:------|----:|--------:|--------:|--------:|--------:|
| <=1   | 229 |  97.584 |   0.154 |  96.004 |   0.186 |
| 2     | 199 |  97.219 |   0.171 |  95.201 |   0.203 |
| 3     | 194 |  95.367 |   0.166 |  90.482 |   0.224 |
| 4     | 127 |  92.072 |   0.201 |  87.733 |   0.25  |
| 5-6   | 128 |  92.628 |   0.21  |  85.127 |   0.26  |
| 7+    |  58 |  90.586 |   0.22  |  82.693 |   0.276 |

### by n_true

| bin   |   n |   COV_R |   MAT_R |   COV_P |   MAT_P |
|:------|----:|--------:|--------:|--------:|--------:|
| 1     | 223 |  97.309 |   0.152 |  93.722 |   0.195 |
| 2-3   | 227 |  92.658 |   0.189 |  89.758 |   0.226 |
| 4-10  | 274 |  95.024 |   0.186 |  90.605 |   0.23  |
| 11-30 | 127 |  94.999 |   0.187 |  91.082 |   0.231 |
| >30   |  84 |  97.18  |   0.183 |  91.069 |   0.24  |
wrote /scratch/nishanth.r/tordiff/results/qm9_CTRL_rematch_100ep_e100_s2/S1_etkdg2L/breakdown.csv
