935 molecules (model failures excluded here: 64)  threshold=0.5
SUMMARY (from evaluate): {'threshold': 0.5, 'COV-R_mean': 89.23864544931732, 'COV-R_median': 100.0, 'MAT-R_mean': 0.1517964654996379, 'MAT-R_median': 0.12401955164807334, 'COV-P_mean': 87.0831297194143, 'COV-P_median': 100.0, 'MAT-P_mean': 0.17257671149666542, 'MAT-P_median': 0.13798834425400214, 'n_evaluated': 936, 'n_model_failures': 64, 'n_additional_failures': 1}

### COV threshold sweep (mean / median over molecules, failures = 0) -- SECONDARY / exploratory; the pre-registered primary threshold is --threshold (0.5 A for QM9)

| thr (A) | COV-R mean | COV-R median | COV-P mean | COV-P median |
|---|---|---|---|---|
| 0.050 | 16.62 | 0.00 | 15.33 | 0.00 |
| 0.100 | 48.81 | 50.00 | 43.67 | 36.88 |
| 0.125 | 58.82 | 66.67 | 53.26 | 50.00 |
| 0.250 | 78.54 | 100.00 | 74.63 | 91.67 |
| 0.375 | 84.71 | 100.00 | 82.07 | 100.00 |
| 0.500 | 89.24 | 100.00 | 87.08 | 100.00 |
| 0.750 | 92.52 | 100.00 | 92.11 | 100.00 |

### by n_heavy

| bin   |   n |   COV_R |   MAT_R |   COV_P |   MAT_P |
|:------|----:|--------:|--------:|--------:|--------:|
| <=5   |   3 | 100     |   0.038 | 100     |   0.031 |
| 6     |  10 |  93     |   0.111 |  97.125 |   0.1   |
| 7     |  20 |  96.333 |   0.12  |  96.25  |   0.132 |
| 8     | 131 |  95.861 |   0.13  |  93.659 |   0.155 |
| 9     | 771 |  95.362 |   0.157 |  92.889 |   0.178 |
| >9    |   0 | nan     | nan     | nan     | nan     |

### by n_rot_heavy

| bin   |   n |   COV_R |   MAT_R |   COV_P |   MAT_P |
|:------|----:|--------:|--------:|--------:|--------:|
| 0     | 284 |  96.54  |   0.127 |  97.155 |   0.127 |
| 1     | 296 |  97.717 |   0.133 |  96.565 |   0.147 |
| 2     | 174 |  94.919 |   0.169 |  90.291 |   0.205 |
| 3     |  93 |  92.184 |   0.191 |  87.075 |   0.228 |
| 4+    |  88 |  88.728 |   0.221 |  80.674 |   0.285 |

### by n_rot_repo

| bin   |   n |   COV_R |   MAT_R |   COV_P |   MAT_P |
|:------|----:|--------:|--------:|--------:|--------:|
| <=1   | 229 |  96.882 |   0.129 |  97.587 |   0.127 |
| 2     | 199 |  96.622 |   0.134 |  96.997 |   0.135 |
| 3     | 194 |  96.508 |   0.152 |  93.604 |   0.178 |
| 4     | 127 |  94.403 |   0.168 |  90.37  |   0.199 |
| 5-6   | 128 |  93.048 |   0.185 |  85.657 |   0.241 |
| 7+    |  58 |  89.711 |   0.195 |  83.322 |   0.253 |

### by n_true

| bin   |   n |   COV_R |   MAT_R |   COV_P |   MAT_P |
|:------|----:|--------:|--------:|--------:|--------:|
| 1     | 223 |  96.861 |   0.111 |  95.291 |   0.137 |
| 2-3   | 227 |  94.273 |   0.158 |  94.2   |   0.158 |
| 4-10  | 274 |  95.255 |   0.166 |  91.594 |   0.189 |
| 11-30 | 127 |  94.381 |   0.175 |  92.073 |   0.201 |
| >30   |  84 |  97.053 |   0.161 |  91.187 |   0.211 |
wrote /scratch/nishanth.r/tordiff/results/qm9_CTRL_rematch_100ep_e100_s0/S1_etkdg2L_mmff/breakdown.csv
