934 molecules (model failures excluded here: 65)  threshold=0.5
SUMMARY (from evaluate): {'threshold': 0.5, 'COV-R_mean': 84.65347370746424, 'COV-R_median': 100.0, 'MAT-R_mean': 0.20641255830821853, 'MAT-R_median': 0.16775816380076652, 'COV-P_mean': 83.06927042649812, 'COV-P_median': 100.0, 'MAT-P_mean': 0.23246080771368594, 'MAT-P_median': 0.18734560274653544, 'n_evaluated': 935, 'n_model_failures': 65, 'n_additional_failures': 1}

### COV threshold sweep (mean / median over molecules, failures = 0) -- SECONDARY / exploratory; the pre-registered primary threshold is --threshold (0.5 A for QM9)

| thr (A) | COV-R mean | COV-R median | COV-P mean | COV-P median |
|---|---|---|---|---|
| 0.050 | 4.09 | 0.00 | 2.67 | 0.00 |
| 0.100 | 36.82 | 25.00 | 28.23 | 12.50 |
| 0.125 | 47.83 | 50.00 | 39.17 | 31.48 |
| 0.250 | 67.88 | 80.00 | 62.88 | 75.00 |
| 0.375 | 77.66 | 100.00 | 74.94 | 95.00 |
| 0.500 | 84.65 | 100.00 | 83.07 | 100.00 |
| 0.750 | 91.19 | 100.00 | 90.94 | 100.00 |

### by n_heavy

| bin   |   n |   COV_R |   MAT_R |   COV_P |   MAT_P |
|:------|----:|--------:|--------:|--------:|--------:|
| <=5   |   2 | 100     |   0.05  | 100     |   0.043 |
| 6     |  10 |  93.75  |   0.161 |  97.375 |   0.142 |
| 7     |  20 |  90.059 |   0.165 |  87.932 |   0.191 |
| 8     | 132 |  90.397 |   0.196 |  90.237 |   0.213 |
| 9     | 770 |  90.626 |   0.21  |  88.605 |   0.239 |
| >9    |   0 | nan     | nan     | nan     | nan     |

### by n_rot_heavy

| bin   |   n |   COV_R |   MAT_R |   COV_P |   MAT_P |
|:------|----:|--------:|--------:|--------:|--------:|
| 0     | 281 |  97.529 |   0.153 |  96.264 |   0.187 |
| 1     | 297 |  93.526 |   0.183 |  92.933 |   0.207 |
| 2     | 174 |  86.11  |   0.255 |  84.83  |   0.264 |
| 3     |  93 |  82.006 |   0.264 |  79.883 |   0.283 |
| 4+    |  89 |  77.09  |   0.3   |  69.98  |   0.346 |

### by n_rot_repo

| bin   |   n |   COV_R |   MAT_R |   COV_P |   MAT_P |
|:------|----:|--------:|--------:|--------:|--------:|
| <=1   | 225 |  97.11  |   0.151 |  96.125 |   0.179 |
| 2     | 201 |  94.76  |   0.189 |  93.52  |   0.215 |
| 3     | 195 |  89.216 |   0.213 |  90.287 |   0.23  |
| 4     | 126 |  86.445 |   0.24  |  86.621 |   0.249 |
| 5-6   | 128 |  84.699 |   0.252 |  77.678 |   0.294 |
| 7+    |  59 |  78.411 |   0.282 |  70.858 |   0.337 |

### by n_true

| bin   |   n |   COV_R |   MAT_R |   COV_P |   MAT_P |
|:------|----:|--------:|--------:|--------:|--------:|
| 1     | 223 |  97.309 |   0.154 |  94.619 |   0.193 |
| 2-3   | 225 |  88.074 |   0.216 |  87.741 |   0.236 |
| 4-10  | 274 |  87.347 |   0.235 |  86.818 |   0.251 |
| 11-30 | 128 |  91.584 |   0.211 |  88.178 |   0.24  |
| >30   |  84 |  89.06  |   0.221 |  85.151 |   0.255 |
wrote /scratch/nishanth.r/tordiff/results/qm9_B6_jit0.04pa_e100_s2/steps20_seed0/breakdown.csv
