935 molecules (model failures excluded here: 64)  threshold=0.5
SUMMARY (from evaluate): {'threshold': 0.5, 'COV-R_mean': 89.2464349197716, 'COV-R_median': 100.0, 'MAT-R_mean': 0.15281953074053237, 'MAT-R_median': 0.12432179392553618, 'COV-P_mean': 86.78549863572493, 'COV-P_median': 100.0, 'MAT-P_mean': 0.17515359029891284, 'MAT-P_median': 0.1414300925876543, 'n_evaluated': 936, 'n_model_failures': 64, 'n_additional_failures': 1}

### COV threshold sweep (mean / median over molecules, failures = 0) -- SECONDARY / exploratory; the pre-registered primary threshold is --threshold (0.5 A for QM9)

| thr (A) | COV-R mean | COV-R median | COV-P mean | COV-P median |
|---|---|---|---|---|
| 0.050 | 16.88 | 0.00 | 15.34 | 0.00 |
| 0.100 | 48.73 | 50.00 | 43.74 | 34.70 |
| 0.125 | 58.50 | 65.32 | 53.06 | 50.00 |
| 0.250 | 78.14 | 100.00 | 74.07 | 90.19 |
| 0.375 | 84.27 | 100.00 | 81.40 | 100.00 |
| 0.500 | 89.25 | 100.00 | 86.79 | 100.00 |
| 0.750 | 92.55 | 100.00 | 92.03 | 100.00 |

### by n_heavy

| bin   |   n |   COV_R |   MAT_R |   COV_P |   MAT_P |
|:------|----:|--------:|--------:|--------:|--------:|
| <=5   |   3 | 100     |   0.037 | 100     |   0.033 |
| 6     |  10 |  93     |   0.104 |  97.125 |   0.109 |
| 7     |  20 |  94.778 |   0.121 |  95.958 |   0.132 |
| 8     | 131 |  96.56  |   0.132 |  93.572 |   0.157 |
| 9     | 771 |  95.294 |   0.158 |  92.525 |   0.181 |
| >9    |   0 | nan     | nan     | nan     | nan     |

### by n_rot_heavy

| bin   |   n |   COV_R |   MAT_R |   COV_P |   MAT_P |
|:------|----:|--------:|--------:|--------:|--------:|
| 0     | 284 |  96.54  |   0.128 |  97.155 |   0.127 |
| 1     | 296 |  98.071 |   0.131 |  96.294 |   0.147 |
| 2     | 174 |  93.895 |   0.178 |  90.531 |   0.209 |
| 3     |  93 |  92.793 |   0.187 |  85.709 |   0.234 |
| 4+    |  88 |  89.007 |   0.221 |  79.174 |   0.295 |

### by n_rot_repo

| bin   |   n |   COV_R |   MAT_R |   COV_P |   MAT_P |
|:------|----:|--------:|--------:|--------:|--------:|
| <=1   | 229 |  96.882 |   0.129 |  97.573 |   0.128 |
| 2     | 199 |  96.68  |   0.136 |  97.093 |   0.135 |
| 3     | 194 |  96.752 |   0.152 |  93.345 |   0.181 |
| 4     | 127 |  94.257 |   0.173 |  90.259 |   0.203 |
| 5-6   | 128 |  92.483 |   0.183 |  84.831 |   0.243 |
| 7+    |  58 |  90.396 |   0.197 |  80.855 |   0.271 |

### by n_true

| bin   |   n |   COV_R |   MAT_R |   COV_P |   MAT_P |
|:------|----:|--------:|--------:|--------:|--------:|
| 1     | 223 |  97.309 |   0.111 |  94.843 |   0.139 |
| 2-3   | 227 |  94.2   |   0.162 |  94.31  |   0.161 |
| 4-10  | 274 |  94.791 |   0.166 |  91.282 |   0.189 |
| 11-30 | 127 |  94.594 |   0.175 |  91.558 |   0.204 |
| >30   |  84 |  97.343 |   0.162 |  90.333 |   0.218 |
wrote /scratch/nishanth.r/tordiff/results/qm9_CTRL_rematch_100ep_e100_s1/S1_etkdg2L_mmff/breakdown.csv
