reference: CTRL_base (3 file(s)); molecules in universe: 935
COV in %, MAT in A; diff = arm - ref; p_holm only over primary endpoints
         arm     metric   n     ref  arm_value     diff    ci_lo    ci_hi  p_boot  ref_replicate_sd  primary  n_ref_files  n_arm_files  p_holm
          B1      MAT-R 934  0.1806     0.2342   0.0536   0.0469   0.0600  0.0000            0.0013     True            3            3  0.0000
          B1      MAT-P 934  0.2262     0.2791   0.0529   0.0468   0.0592  0.0000            0.0015    False            3            3     NaN
          B1  COV-R@0.5 935 94.9112    88.8487  -6.0625  -7.2169  -4.9309  0.0000            0.1971     True            3            3  0.0000
          B1  COV-P@0.5 935 90.5945    84.9671  -5.6274  -6.7361  -4.5872  0.0000            0.2744    False            3            3     NaN
          B1 COV-R@0.05 935  4.0271     2.9492  -1.0779  -1.5779  -0.6607  0.0000            0.1514    False            3            3     NaN
          B1 COV-P@0.05 935  2.6775     2.0368  -0.6407  -0.9475  -0.3734  0.0000            0.0580    False            3            3     NaN
          B1  COV-R@0.1 935 38.3278    29.6931  -8.6347  -9.7629  -7.5774  0.0000            0.2391    False            3            3     NaN
          B1  COV-P@0.1 935 27.7800    21.2835  -6.4966  -7.4138  -5.6137  0.0000            0.2049    False            3            3     NaN
          B1 COV-R@0.25 935 77.8564    66.2148 -11.6416 -13.0295 -10.2588  0.0000            0.3193    False            3            3     NaN
          B1 COV-P@0.25 935 67.9382    55.8736 -12.0646 -13.3034 -10.8219  0.0000            0.2299    False            3            3     NaN
CTRL_rematch      MAT-R 934  0.1806     0.1786  -0.0020  -0.0033  -0.0007  0.0024            0.0013     True            3            3  0.0048
CTRL_rematch      MAT-P 934  0.2262     0.2237  -0.0024  -0.0036  -0.0013  0.0000            0.0015    False            3            3     NaN
CTRL_rematch  COV-R@0.5 935 94.9112    94.9764   0.0652  -0.2488   0.3745  0.6612            0.1971     True            3            3  0.6612
CTRL_rematch  COV-P@0.5 935 90.5945    90.7983   0.2037  -0.0422   0.4566  0.1004            0.2744    False            3            3     NaN
CTRL_rematch COV-R@0.05 935  4.0271     4.0589   0.0319  -0.0964   0.1701  0.6308            0.1514    False            3            3     NaN
CTRL_rematch COV-P@0.05 935  2.6775     2.7004   0.0230  -0.0477   0.0991  0.5600            0.0580    False            3            3     NaN
CTRL_rematch  COV-R@0.1 935 38.3278    38.9455   0.6177   0.1907   1.0674  0.0048            0.2391    False            3            3     NaN
CTRL_rematch  COV-P@0.1 935 27.7800    28.3301   0.5501   0.2666   0.8410  0.0000            0.2049    False            3            3     NaN
CTRL_rematch COV-R@0.25 935 77.8564    78.2220   0.3655  -0.0289   0.7690  0.0684            0.3193    False            3            3     NaN
CTRL_rematch COV-P@0.25 935 67.9382    68.3081   0.3699   0.0722   0.6647  0.0128            0.2299    False            3            3     NaN
wrote /scratch/nishanth.r/tordiff/results/analysis/paired_B1_vs_CTRLbase.md
