reference: CTRL_rematch (3 file(s)); molecules in universe: 935
COV in %, MAT in A; diff = arm - ref; p_holm only over primary endpoints
arm     metric   n     ref  arm_value    diff   ci_lo   ci_hi  p_boot  ref_replicate_sd  primary  n_ref_files  n_arm_files  p_holm
 B2      MAT-R 934  0.1786     0.1808  0.0021  0.0006  0.0037  0.0096            0.0013     True            3            3  0.0288
 B2      MAT-P 934  0.2237     0.2271  0.0034  0.0020  0.0048  0.0000            0.0022    False            3            3     NaN
 B2  COV-R@0.5 935 94.9764    95.0191  0.0426 -0.2992  0.3812  0.8268            0.1855     True            3            3  0.8268
 B2  COV-P@0.5 935 90.7983    90.7111 -0.0872 -0.3492  0.1744  0.5164            0.2687    False            3            3     NaN
 B2 COV-R@0.05 935  4.0589     4.0753  0.0164 -0.1091  0.1378  0.8208            0.0363    False            3            3     NaN
 B2 COV-P@0.05 935  2.7004     2.6845 -0.0159 -0.0803  0.0495  0.6440            0.0411    False            3            3     NaN
 B2  COV-R@0.1 935 38.9455    38.0001 -0.9454 -1.4197 -0.4619  0.0000            0.2520    False            3            3     NaN
 B2  COV-P@0.1 935 28.3301    27.4308 -0.8992 -1.2503 -0.5756  0.0000            0.1347    False            3            3     NaN
 B2 COV-R@0.25 935 78.2220    77.7999 -0.4221 -0.8810  0.0330  0.0684            0.2250    False            3            3     NaN
 B2 COV-P@0.25 935 68.3081    67.4205 -0.8876 -1.2472 -0.5168  0.0000            0.4469    False            3            3     NaN
 B5      MAT-R 934  0.1786     0.1845  0.0058  0.0038  0.0080  0.0000            0.0013     True            3            3  0.0000
 B5      MAT-P 934  0.2237     0.2303  0.0065  0.0046  0.0085  0.0000            0.0022    False            3            3     NaN
 B5  COV-R@0.5 935 94.9764    94.6870 -0.2894 -0.7097  0.1069  0.1624            0.1855     True            3            3  0.3248
 B5  COV-P@0.5 935 90.7983    90.5670 -0.2312 -0.6127  0.1463  0.2376            0.2687    False            3            3     NaN
 B5 COV-R@0.05 935  4.0589     3.6713 -0.3877 -0.7369 -0.0951  0.0056            0.0363    False            3            3     NaN
 B5 COV-P@0.05 935  2.7004     2.4193 -0.2812 -0.5328 -0.0809  0.0024            0.0411    False            3            3     NaN
 B5  COV-R@0.1 935 38.9455    36.3753 -2.5701 -3.4327 -1.7857  0.0000            0.2520    False            3            3     NaN
 B5  COV-P@0.1 935 28.3301    26.0921 -2.2380 -2.8640 -1.6517  0.0000            0.1347    False            3            3     NaN
 B5 COV-R@0.25 935 78.2220    77.0242 -1.1978 -1.7658 -0.6702  0.0000            0.2250    False            3            3     NaN
 B5 COV-P@0.25 935 68.3081    66.5983 -1.7098 -2.2650 -1.1884  0.0000            0.4469    False            3            3     NaN
wrote /scratch/nishanth.r/tordiff/results/analysis/paired_B_vs_CTRLrematch.md
