930 molecules (model failures excluded here: 69)  threshold=0.5
SUMMARY (from evaluate): {'threshold': 0.5, 'COV-R_mean': 85.16168907704163, 'COV-R_median': 100.0, 'MAT-R_mean': 0.1854429098354058, 'MAT-R_median': 0.14715640272967115, 'COV-P_mean': 87.20541590790543, 'COV-P_median': 100.0, 'MAT-P_mean': 0.1629839520590678, 'MAT-P_median': 0.12561357479366153, 'n_evaluated': 931, 'n_model_failures': 69, 'n_additional_failures': 1}

### COV threshold sweep (mean / median over molecules, failures = 0) -- SECONDARY / exploratory; the pre-registered primary threshold is --threshold (0.5 A for QM9)

| thr (A) | COV-R mean | COV-R median | COV-P mean | COV-P median |
|---|---|---|---|---|
| 0.050 | 15.57 | 0.00 | 17.40 | 0.00 |
| 0.100 | 43.71 | 37.50 | 47.08 | 43.88 |
| 0.125 | 52.19 | 50.00 | 55.88 | 61.11 |
| 0.250 | 71.45 | 83.48 | 76.11 | 100.00 |
| 0.375 | 78.95 | 100.00 | 82.93 | 100.00 |
| 0.500 | 85.16 | 100.00 | 87.21 | 100.00 |
| 0.750 | 91.07 | 100.00 | 91.55 | 100.00 |

### by n_heavy

| bin   |   n |   COV_R |   MAT_R |   COV_P |   MAT_P |
|:------|----:|--------:|--------:|--------:|--------:|
| <=5   |   2 |  94.444 |   0.104 | 100     |   0.049 |
| 6     |  10 |  93     |   0.127 |  96.375 |   0.134 |
| 7     |  20 |  97.778 |   0.151 |  98     |   0.129 |
| 8     | 131 |  90.698 |   0.174 |  94.096 |   0.151 |
| 9     | 767 |  91.533 |   0.189 |  93.553 |   0.167 |
| >9    |   0 | nan     | nan     | nan     | nan     |

### by n_rot_heavy

| bin   |   n |   COV_R |   MAT_R |   COV_P |   MAT_P |
|:------|----:|--------:|--------:|--------:|--------:|
| 0     | 281 |  97.054 |   0.121 |  96.855 |   0.124 |
| 1     | 294 |  94.555 |   0.166 |  97.339 |   0.138 |
| 2     | 173 |  86.88  |   0.235 |  91.1   |   0.196 |
| 3     |  93 |  84.046 |   0.249 |  89.415 |   0.198 |
| 4+    |  89 |  81.388 |   0.289 |  81.97  |   0.27  |

### by n_rot_repo

| bin   |   n |   COV_R |   MAT_R |   COV_P |   MAT_P |
|:------|----:|--------:|--------:|--------:|--------:|
| <=1   | 225 |  97.035 |   0.126 |  97.11  |   0.129 |
| 2     | 198 |  93.772 |   0.166 |  97.259 |   0.136 |
| 3     | 194 |  92.513 |   0.184 |  94.467 |   0.162 |
| 4     | 126 |  87.481 |   0.226 |  92.183 |   0.183 |
| 5-6   | 128 |  82.947 |   0.262 |  86.81  |   0.222 |
| 7+    |  59 |  87.706 |   0.225 |  85.509 |   0.218 |

### by n_true

| bin   |   n |   COV_R |   MAT_R |   COV_P |   MAT_P |
|:------|----:|--------:|--------:|--------:|--------:|
| 1     | 223 |  96.413 |   0.113 |  95.067 |   0.133 |
| 2-3   | 221 |  91.101 |   0.183 |  95.324 |   0.158 |
| 4-10  | 274 |  89.286 |   0.217 |  91.784 |   0.181 |
| 11-30 | 128 |  88.996 |   0.228 |  92.404 |   0.183 |
| >30   |  84 |  91.34  |   0.216 |  94.789 |   0.166 |
wrote /scratch/nishanth.r/tordiff/results/qm9_default/A3_post_mmff_seed1/breakdown.csv
