955 molecules (model failures excluded here: 45)  threshold=0.5
SUMMARY (from evaluate): {'threshold': 0.5, 'COV-R_mean': 92.38572815072703, 'COV-R_median': 100.0, 'MAT-R_mean': 0.08083333792671882, 'MAT-R_median': 0.0377332694742903, 'COV-P_mean': 90.12362118865444, 'COV-P_median': 100.0, 'MAT-P_mean': 0.10729622543120199, 'MAT-P_median': 0.06512377222517678, 'n_evaluated': 955, 'n_model_failures': 45, 'n_additional_failures': 0}

### COV threshold sweep (mean / median over molecules, failures = 0) -- SECONDARY / exploratory; the pre-registered primary threshold is --threshold (0.5 A for QM9)

| thr (A) | COV-R mean | COV-R median | COV-P mean | COV-P median |
|---|---|---|---|---|
| 0.050 | 61.82 | 67.20 | 54.43 | 50.00 |
| 0.100 | 75.61 | 100.00 | 68.72 | 80.54 |
| 0.125 | 78.77 | 100.00 | 72.67 | 87.50 |
| 0.250 | 86.31 | 100.00 | 82.05 | 100.00 |
| 0.375 | 89.48 | 100.00 | 86.20 | 100.00 |
| 0.500 | 92.39 | 100.00 | 90.12 | 100.00 |
| 0.750 | 94.67 | 100.00 | 94.45 | 100.00 |

### by n_heavy

| bin   |   n |   COV_R |   MAT_R |   COV_P |   MAT_P |
|:------|----:|--------:|--------:|--------:|--------:|
| <=5   |   3 | 100     |   0.024 | 100     |   0.018 |
| 6     |  10 |  98     |   0.049 |  98.375 |   0.067 |
| 7     |  21 |  97.619 |   0.081 |  96.674 |   0.083 |
| 8     | 133 |  97.022 |   0.073 |  95.421 |   0.1   |
| 9     | 788 |  96.639 |   0.083 |  94.059 |   0.11  |
| >9    |   0 | nan     | nan     | nan     | nan     |

### by n_rot_heavy

| bin   |   n |   COV_R |   MAT_R |   COV_P |   MAT_P |
|:------|----:|--------:|--------:|--------:|--------:|
| 0     | 289 | 100     |   0.007 |  99.481 |   0.018 |
| 1     | 306 |  97.467 |   0.061 |  96.978 |   0.079 |
| 2     | 177 |  95.042 |   0.128 |  91.301 |   0.164 |
| 3     |  93 |  94.088 |   0.157 |  88.666 |   0.203 |
| 4+    |  90 |  89.868 |   0.212 |  81.024 |   0.28  |

### by n_rot_repo

| bin   |   n |   COV_R |   MAT_R |   COV_P |   MAT_P |
|:------|----:|--------:|--------:|--------:|--------:|
| <=1   | 232 |  99.353 |   0.012 | 100     |   0.012 |
| 2     | 209 |  98.573 |   0.05  |  97.5   |   0.067 |
| 3     | 196 |  95.583 |   0.089 |  93.688 |   0.117 |
| 4     | 130 |  96.107 |   0.111 |  93.003 |   0.151 |
| 5-6   | 128 |  94.294 |   0.16  |  87.054 |   0.216 |
| 7+    |  60 |  90.604 |   0.193 |  82.498 |   0.26  |

### by n_true

| bin   |   n |   COV_R |   MAT_R |   COV_P |   MAT_P |
|:------|----:|--------:|--------:|--------:|--------:|
| 1     | 228 |  98.684 |   0.018 |  96.711 |   0.041 |
| 2-3   | 232 |  95.259 |   0.068 |  95.295 |   0.078 |
| 4-10  | 278 |  96.572 |   0.102 |  93.203 |   0.131 |
| 11-30 | 133 |  95.72  |   0.129 |  91.783 |   0.169 |
| >30   |  84 |  97.714 |   0.139 |  93.424 |   0.194 |
wrote /scratch/nishanth.r/tordiff/results/qm9_CTRL_rematch_100ep_e100_s2/S1_lam1.00_cyc_ORACLE/breakdown.csv
