934 molecules (model failures excluded here: 65)  threshold=0.5
SUMMARY (from evaluate): {'threshold': 0.5, 'COV-R_mean': 88.77209125922018, 'COV-R_median': 100.0, 'MAT-R_mean': 0.1814533884045464, 'MAT-R_median': 0.14854871648009765, 'COV-P_mean': 84.56706847332568, 'COV-P_median': 100.0, 'MAT-P_mean': 0.2291460450134938, 'MAT-P_median': 0.20180727187985975, 'n_evaluated': 935, 'n_model_failures': 65, 'n_additional_failures': 1}

### COV threshold sweep (mean / median over molecules, failures = 0) -- SECONDARY / exploratory; the pre-registered primary threshold is --threshold (0.5 A for QM9)

| thr (A) | COV-R mean | COV-R median | COV-P mean | COV-P median |
|---|---|---|---|---|
| 0.050 | 3.71 | 0.00 | 2.43 | 0.00 |
| 0.100 | 35.42 | 20.00 | 25.25 | 8.43 |
| 0.125 | 48.02 | 46.15 | 36.27 | 25.00 |
| 0.250 | 72.71 | 93.10 | 62.75 | 72.36 |
| 0.375 | 83.45 | 100.00 | 76.37 | 93.75 |
| 0.500 | 88.77 | 100.00 | 84.57 | 100.00 |
| 0.750 | 92.32 | 100.00 | 91.57 | 100.00 |

### by n_heavy

| bin   |   n |   COV_R |   MAT_R |   COV_P |   MAT_P |
|:------|----:|--------:|--------:|--------:|--------:|
| <=5   |   2 | 100     |   0.055 | 100     |   0.046 |
| 6     |  10 |  91.417 |   0.144 |  93.75  |   0.148 |
| 7     |  20 |  98     |   0.119 |  93.405 |   0.165 |
| 8     | 132 |  93.858 |   0.172 |  91.242 |   0.209 |
| 9     | 770 |  95.206 |   0.186 |  90.283 |   0.236 |
| >9    |   0 | nan     | nan     | nan     | nan     |

### by n_rot_heavy

| bin   |   n |   COV_R |   MAT_R |   COV_P |   MAT_P |
|:------|----:|--------:|--------:|--------:|--------:|
| 0     | 281 |  97.529 |   0.151 |  96.116 |   0.186 |
| 1     | 297 |  96.354 |   0.167 |  93.412 |   0.212 |
| 2     | 174 |  95.04  |   0.2   |  87.565 |   0.257 |
| 3     |  93 |  90.793 |   0.215 |  84.183 |   0.266 |
| 4+    |  89 |  87.287 |   0.254 |  75.841 |   0.331 |

### by n_rot_repo

| bin   |   n |   COV_R |   MAT_R |   COV_P |   MAT_P |
|:------|----:|--------:|--------:|--------:|--------:|
| <=1   | 225 |  97.279 |   0.15  |  95.606 |   0.182 |
| 2     | 201 |  97.107 |   0.166 |  94.903 |   0.208 |
| 3     | 195 |  96.238 |   0.181 |  90.977 |   0.232 |
| 4     | 126 |  92.364 |   0.206 |  87.324 |   0.256 |
| 5-6   | 128 |  91.002 |   0.22  |  82.802 |   0.281 |
| 7+    |  59 |  90.054 |   0.218 |  78.612 |   0.301 |

### by n_true

| bin   |   n |   COV_R |   MAT_R |   COV_P |   MAT_P |
|:------|----:|--------:|--------:|--------:|--------:|
| 1     | 223 |  96.861 |   0.155 |  93.498 |   0.196 |
| 2-3   | 225 |  93.704 |   0.184 |  90.37  |   0.225 |
| 4-10  | 274 |  94.09  |   0.195 |  89.149 |   0.245 |
| 11-30 | 128 |  94.772 |   0.192 |  89.373 |   0.246 |
| >30   |  84 |  97.347 |   0.183 |  89.491 |   0.253 |
wrote /scratch/nishanth.r/tordiff/results/qm9_B2_DEonly_randpair_e100_s0/steps20_seed0/breakdown.csv
