955 molecules (model failures excluded here: 45)  threshold=0.5
SUMMARY (from evaluate): {'threshold': 0.5, 'COV-R_mean': 92.29914201526358, 'COV-R_median': 100.0, 'MAT-R_mean': 0.08036313466134308, 'MAT-R_median': 0.037720307015805435, 'COV-P_mean': 89.63090477864587, 'COV-P_median': 100.0, 'MAT-P_mean': 0.11065554183445647, 'MAT-P_median': 0.06936771340918546, 'n_evaluated': 955, 'n_model_failures': 45, 'n_additional_failures': 0}

### COV threshold sweep (mean / median over molecules, failures = 0) -- SECONDARY / exploratory; the pre-registered primary threshold is --threshold (0.5 A for QM9)

| thr (A) | COV-R mean | COV-R median | COV-P mean | COV-P median |
|---|---|---|---|---|
| 0.050 | 61.84 | 66.67 | 54.14 | 50.00 |
| 0.100 | 75.64 | 100.00 | 68.59 | 80.00 |
| 0.125 | 78.82 | 100.00 | 72.28 | 84.89 |
| 0.250 | 85.90 | 100.00 | 81.28 | 100.00 |
| 0.375 | 89.64 | 100.00 | 85.76 | 100.00 |
| 0.500 | 92.30 | 100.00 | 89.63 | 100.00 |
| 0.750 | 94.75 | 100.00 | 94.31 | 100.00 |

### by n_heavy

| bin   |   n |   COV_R |   MAT_R |   COV_P |   MAT_P |
|:------|----:|--------:|--------:|--------:|--------:|
| <=5   |   3 | 100     |   0.024 | 100     |   0.013 |
| 6     |  10 |  98     |   0.045 |  97.75  |   0.072 |
| 7     |  21 |  96.667 |   0.079 |  95.447 |   0.092 |
| 8     | 133 |  96.382 |   0.074 |  94.254 |   0.102 |
| 9     | 788 |  96.663 |   0.082 |  93.672 |   0.113 |
| >9    |   0 | nan     | nan     | nan     | nan     |

### by n_rot_heavy

| bin   |   n |   COV_R |   MAT_R |   COV_P |   MAT_P |
|:------|----:|--------:|--------:|--------:|--------:|
| 0     | 289 | 100     |   0.004 |  99.654 |   0.014 |
| 1     | 306 |  98.099 |   0.061 |  96.923 |   0.082 |
| 2     | 177 |  93.965 |   0.133 |  90.597 |   0.172 |
| 3     |  93 |  93.053 |   0.159 |  86.825 |   0.214 |
| 4+    |  90 |  89.945 |   0.21  |  78.469 |   0.289 |

### by n_rot_repo

| bin   |   n |   COV_R |   MAT_R |   COV_P |   MAT_P |
|:------|----:|--------:|--------:|--------:|--------:|
| <=1   | 232 |  99.784 |   0.01  | 100     |   0.012 |
| 2     | 209 |  98.549 |   0.047 |  98.378 |   0.061 |
| 3     | 196 |  96.076 |   0.09  |  92.904 |   0.127 |
| 4     | 130 |  95.111 |   0.111 |  92.314 |   0.156 |
| 5-6   | 128 |  93.179 |   0.163 |  84.9   |   0.225 |
| 7+    |  60 |  90.499 |   0.196 |  79.876 |   0.271 |

### by n_true

| bin   |   n |   COV_R |   MAT_R |   COV_P |   MAT_P |
|:------|----:|--------:|--------:|--------:|--------:|
| 1     | 228 |  99.123 |   0.017 |  97.368 |   0.035 |
| 2-3   | 232 |  95.546 |   0.067 |  94.864 |   0.084 |
| 4-10  | 278 |  95.527 |   0.104 |  92.263 |   0.136 |
| 11-30 | 133 |  95.667 |   0.127 |  90.803 |   0.176 |
| >30   |  84 |  98.24  |   0.136 |  91.627 |   0.201 |
wrote /scratch/nishanth.r/tordiff/results/qm9_CTRL_rematch_100ep_e100_s1/S1_lam1.00_cyc_ORACLE/breakdown.csv
