996 molecules (model failures excluded here: 4)  threshold=0.5
SUMMARY (from evaluate): {'threshold': 0.5, 'COV-R_mean': 95.9267999210844, 'COV-R_median': 100.0, 'MAT-R_mean': 0.09768414418693795, 'MAT-R_median': 0.04730716126703516, 'COV-P_mean': 93.0675470906391, 'COV-P_median': 100.0, 'MAT-P_mean': 0.1274616490685453, 'MAT-P_median': 0.0750344474633043, 'n_evaluated': 996, 'n_model_failures': 4, 'n_additional_failures': 0}

### COV threshold sweep (mean / median over molecules, failures = 0) -- SECONDARY / exploratory; the pre-registered primary threshold is --threshold (0.5 A for QM9)

| thr (A) | COV-R mean | COV-R median | COV-P mean | COV-P median |
|---|---|---|---|---|
| 0.050 | 60.00 | 66.67 | 52.26 | 50.00 |
| 0.100 | 77.31 | 100.00 | 69.78 | 83.33 |
| 0.125 | 81.30 | 100.00 | 74.22 | 87.80 |
| 0.250 | 89.46 | 100.00 | 84.48 | 100.00 |
| 0.375 | 93.13 | 100.00 | 89.12 | 100.00 |
| 0.500 | 95.93 | 100.00 | 93.07 | 100.00 |
| 0.750 | 98.92 | 100.00 | 98.30 | 100.00 |

### by n_heavy

| bin   |   n |   COV_R |   MAT_R |   COV_P |   MAT_P |
|:------|----:|--------:|--------:|--------:|--------:|
| <=5   |   3 | 100     |   0.039 | 100     |   0.038 |
| 6     |  10 |  98     |   0.069 |  92.125 |   0.111 |
| 7     |  22 |  96.364 |   0.089 |  93.86  |   0.12  |
| 8     | 136 |  95.413 |   0.099 |  92.375 |   0.13  |
| 9     | 825 |  96.425 |   0.098 |  93.598 |   0.128 |
| >9    |   0 | nan     | nan     | nan     | nan     |

### by n_rot_heavy

| bin   |   n |   COV_R |   MAT_R |   COV_P |   MAT_P |
|:------|----:|--------:|--------:|--------:|--------:|
| 0     | 318 | 100     |   0.03  |  99.135 |   0.043 |
| 1     | 316 |  97.475 |   0.077 |  96.184 |   0.097 |
| 2     | 178 |  92.929 |   0.153 |  89.689 |   0.192 |
| 3     |  93 |  94.127 |   0.164 |  87.728 |   0.221 |
| 4+    |  91 |  88.237 |   0.228 |  77.199 |   0.304 |

### by n_rot_repo

| bin   |   n |   COV_R |   MAT_R |   COV_P |   MAT_P |
|:------|----:|--------:|--------:|--------:|--------:|
| <=1   | 253 |  99.605 |   0.036 |  99.802 |   0.037 |
| 2     | 220 |  98.636 |   0.064 |  96.718 |   0.09  |
| 3     | 201 |  94.312 |   0.115 |  92.616 |   0.14  |
| 4     | 133 |  95.909 |   0.12  |  92.435 |   0.163 |
| 5-6   | 129 |  92.073 |   0.179 |  84.312 |   0.241 |
| 7+    |  60 |  90.615 |   0.2   |  79.227 |   0.282 |

### by n_true

| bin   |   n |   COV_R |   MAT_R |   COV_P |   MAT_P |
|:------|----:|--------:|--------:|--------:|--------:|
| 1     | 253 |  98.024 |   0.047 |  96.838 |   0.065 |
| 2-3   | 243 |  95.13  |   0.09  |  93.416 |   0.106 |
| 4-10  | 281 |  95.674 |   0.116 |  92.303 |   0.151 |
| 11-30 | 135 |  95.665 |   0.138 |  90.771 |   0.185 |
| >30   |  84 |  97.75  |   0.146 |  91.385 |   0.208 |
wrote /scratch/nishanth.r/tordiff/results/qm9_CTRL_rematch_100ep_e100_s1/S1_noise0.02pa_cyc_ORACLE/breakdown.csv
