930 molecules (model failures excluded here: 69)  threshold=0.5
SUMMARY (from evaluate): {'threshold': 0.5, 'COV-R_mean': 88.37902567275655, 'COV-R_median': 100.0, 'MAT-R_mean': 0.15124412778658455, 'MAT-R_median': 0.12024888368257311, 'COV-P_mean': 86.47734676617124, 'COV-P_median': 100.0, 'MAT-P_mean': 0.16851378440632148, 'MAT-P_median': 0.13110479491682825, 'n_evaluated': 931, 'n_model_failures': 69, 'n_additional_failures': 1}

### COV threshold sweep (mean / median over molecules, failures = 0) -- SECONDARY / exploratory; the pre-registered primary threshold is --threshold (0.5 A for QM9)

| thr (A) | COV-R mean | COV-R median | COV-P mean | COV-P median |
|---|---|---|---|---|
| 0.050 | 17.58 | 0.00 | 16.29 | 0.00 |
| 0.100 | 49.22 | 50.00 | 45.38 | 42.86 |
| 0.125 | 59.40 | 66.67 | 55.42 | 58.33 |
| 0.250 | 78.31 | 100.00 | 75.40 | 93.75 |
| 0.375 | 84.28 | 100.00 | 81.93 | 100.00 |
| 0.500 | 88.38 | 100.00 | 86.48 | 100.00 |
| 0.750 | 91.80 | 100.00 | 91.42 | 100.00 |

### by n_heavy

| bin   |   n |   COV_R |   MAT_R |   COV_P |   MAT_P |
|:------|----:|--------:|--------:|--------:|--------:|
| <=5   |   2 | 100     |   0.038 | 100     |   0.04  |
| 6     |  10 |  96.75  |   0.086 |  95.5   |   0.102 |
| 7     |  20 |  98     |   0.112 |  95.542 |   0.137 |
| 8     | 131 |  95.69  |   0.122 |  95.08  |   0.143 |
| 9     | 767 |  94.806 |   0.158 |  92.511 |   0.175 |
| >9    |   0 | nan     | nan     | nan     | nan     |

### by n_rot_heavy

| bin   |   n |   COV_R |   MAT_R |   COV_P |   MAT_P |
|:------|----:|--------:|--------:|--------:|--------:|
| 0     | 278 |  96.729 |   0.127 |  97.05  |   0.127 |
| 1     | 296 |  97.457 |   0.13  |  97.15  |   0.136 |
| 2     | 174 |  93.178 |   0.174 |  89.756 |   0.205 |
| 3     |  93 |  91.846 |   0.187 |  86.303 |   0.224 |
| 4+    |  89 |  88.612 |   0.216 |  79.747 |   0.277 |

### by n_rot_repo

| bin   |   n |   COV_R |   MAT_R |   COV_P |   MAT_P |
|:------|----:|--------:|--------:|--------:|--------:|
| <=1   | 224 |  97.018 |   0.125 |  97.293 |   0.125 |
| 2     | 198 |  97.062 |   0.13  |  97.835 |   0.129 |
| 3     | 195 |  95.492 |   0.159 |  93.116 |   0.178 |
| 4     | 126 |  94.037 |   0.166 |  91.392 |   0.186 |
| 5-6   | 128 |  91.115 |   0.186 |  83.945 |   0.235 |
| 7+    |  59 |  89.77  |   0.189 |  82.954 |   0.249 |

### by n_true

| bin   |   n |   COV_R |   MAT_R |   COV_P |   MAT_P |
|:------|----:|--------:|--------:|--------:|--------:|
| 1     | 220 |  97.273 |   0.11  |  95.227 |   0.132 |
| 2-3   | 224 |  92.783 |   0.163 |  93.229 |   0.163 |
| 4-10  | 274 |  94.394 |   0.165 |  91.858 |   0.18  |
| 11-30 | 128 |  95.131 |   0.168 |  91.759 |   0.196 |
| >30   |  84 |  97.083 |   0.158 |  92.02  |   0.196 |
wrote /scratch/nishanth.r/tordiff/results/qm9_default/A2_pre_mmff_seed2/breakdown.csv
