935 molecules (model failures excluded here: 64)  threshold=0.5
SUMMARY (from evaluate): {'threshold': 0.5, 'COV-R_mean': 89.29095796732315, 'COV-R_median': 100.0, 'MAT-R_mean': 0.1525234848677009, 'MAT-R_median': 0.12319433040124503, 'COV-P_mean': 86.94773073307562, 'COV-P_median': 100.0, 'MAT-P_mean': 0.17415651377263777, 'MAT-P_median': 0.14146129716564423, 'n_evaluated': 936, 'n_model_failures': 64, 'n_additional_failures': 1}

### COV threshold sweep (mean / median over molecules, failures = 0) -- SECONDARY / exploratory; the pre-registered primary threshold is --threshold (0.5 A for QM9)

| thr (A) | COV-R mean | COV-R median | COV-P mean | COV-P median |
|---|---|---|---|---|
| 0.050 | 16.41 | 0.00 | 14.90 | 0.00 |
| 0.100 | 48.59 | 50.00 | 43.44 | 34.23 |
| 0.125 | 58.69 | 66.44 | 53.13 | 50.00 |
| 0.250 | 78.19 | 100.00 | 74.21 | 90.00 |
| 0.375 | 84.65 | 100.00 | 81.77 | 100.00 |
| 0.500 | 89.29 | 100.00 | 86.95 | 100.00 |
| 0.750 | 92.52 | 100.00 | 92.09 | 100.00 |

### by n_heavy

| bin   |   n |   COV_R |   MAT_R |   COV_P |   MAT_P |
|:------|----:|--------:|--------:|--------:|--------:|
| <=5   |   3 | 100     |   0.036 | 100     |   0.032 |
| 6     |  10 |  93     |   0.109 |  97.75  |   0.105 |
| 7     |  20 |  96.333 |   0.11  |  96.731 |   0.126 |
| 8     | 131 |  96.201 |   0.131 |  93.837 |   0.156 |
| 9     | 771 |  95.372 |   0.158 |  92.663 |   0.18  |
| >9    |   0 | nan     | nan     | nan     | nan     |

### by n_rot_heavy

| bin   |   n |   COV_R |   MAT_R |   COV_P |   MAT_P |
|:------|----:|--------:|--------:|--------:|--------:|
| 0     | 284 |  96.54  |   0.128 |  97.331 |   0.127 |
| 1     | 296 |  98.326 |   0.13  |  96.686 |   0.148 |
| 2     | 174 |  93.863 |   0.173 |  90.047 |   0.208 |
| 3     |  93 |  92.544 |   0.192 |  85.89  |   0.233 |
| 4+    |  88 |  88.981 |   0.224 |  79.896 |   0.286 |

### by n_rot_repo

| bin   |   n |   COV_R |   MAT_R |   COV_P |   MAT_P |
|:------|----:|--------:|--------:|--------:|--------:|
| <=1   | 229 |  96.911 |   0.129 |  97.478 |   0.128 |
| 2     | 199 |  97.176 |   0.133 |  97.393 |   0.135 |
| 3     | 194 |  96.326 |   0.152 |  93.28  |   0.183 |
| 4     | 127 |  93.743 |   0.17  |  90.519 |   0.199 |
| 5-6   | 128 |  92.298 |   0.191 |  84.933 |   0.243 |
| 7+    |  58 |  92.305 |   0.193 |  82.421 |   0.252 |

### by n_true

| bin   |   n |   COV_R |   MAT_R |   COV_P |   MAT_P |
|:------|----:|--------:|--------:|--------:|--------:|
| 1     | 223 |  96.861 |   0.114 |  94.843 |   0.14  |
| 2-3   | 227 |  93.612 |   0.159 |  94.273 |   0.162 |
| 4-10  | 274 |  95.708 |   0.164 |  91.485 |   0.186 |
| 11-30 | 127 |  94.912 |   0.177 |  91.822 |   0.203 |
| >30   |  84 |  97.18  |   0.164 |  91.302 |   0.216 |
wrote /scratch/nishanth.r/tordiff/results/qm9_CTRL_base_100ep_e100_s0/S1_etkdg2L_mmff/breakdown.csv
