955 molecules (model failures excluded here: 45)  threshold=0.5
SUMMARY (from evaluate): {'threshold': 0.5, 'COV-R_mean': 89.94294842432099, 'COV-R_median': 100.0, 'MAT-R_mean': 0.19652744483797024, 'MAT-R_median': 0.1656510712493276, 'COV-P_mean': 86.96711492062953, 'COV-P_median': 100.0, 'MAT-P_mean': 0.22598086375832357, 'MAT-P_median': 0.20131239451087732, 'n_evaluated': 955, 'n_model_failures': 45, 'n_additional_failures': 0}

### COV threshold sweep (mean / median over molecules, failures = 0) -- SECONDARY / exploratory; the pre-registered primary threshold is --threshold (0.5 A for QM9)

| thr (A) | COV-R mean | COV-R median | COV-P mean | COV-P median |
|---|---|---|---|---|
| 0.050 | 2.76 | 0.00 | 2.18 | 0.00 |
| 0.100 | 32.14 | 16.67 | 26.52 | 8.18 |
| 0.125 | 44.49 | 40.00 | 37.41 | 25.00 |
| 0.250 | 71.28 | 88.19 | 64.90 | 75.00 |
| 0.375 | 83.09 | 100.00 | 78.23 | 96.15 |
| 0.500 | 89.94 | 100.00 | 86.97 | 100.00 |
| 0.750 | 94.09 | 100.00 | 93.80 | 100.00 |

### by n_heavy

| bin   |   n |   COV_R |   MAT_R |   COV_P |   MAT_P |
|:------|----:|--------:|--------:|--------:|--------:|
| <=5   |   3 | 100     |   0.124 | 100     |   0.115 |
| 6     |  10 |  96     |   0.107 |  96.75  |   0.147 |
| 7     |  21 |  94.286 |   0.138 |  93.351 |   0.158 |
| 8     | 133 |  96.073 |   0.169 |  94.217 |   0.194 |
| 9     | 788 |  93.814 |   0.204 |  90.366 |   0.235 |
| >9    |   0 | nan     | nan     | nan     | nan     |

### by n_rot_heavy

| bin   |   n |   COV_R |   MAT_R |   COV_P |   MAT_P |
|:------|----:|--------:|--------:|--------:|--------:|
| 0     | 289 |  95.39  |   0.184 |  95.314 |   0.192 |
| 1     | 306 |  95.704 |   0.18  |  94.232 |   0.203 |
| 2     | 177 |  93.615 |   0.209 |  89.839 |   0.247 |
| 3     |  93 |  92.418 |   0.212 |  84.172 |   0.266 |
| 4+    |  90 |  88.058 |   0.253 |  76.186 |   0.33  |

### by n_rot_repo

| bin   |   n |   COV_R |   MAT_R |   COV_P |   MAT_P |
|:------|----:|--------:|--------:|--------:|--------:|
| <=1   | 232 |  95.664 |   0.184 |  95.478 |   0.186 |
| 2     | 209 |  95.277 |   0.191 |  94.977 |   0.205 |
| 3     | 196 |  94.982 |   0.188 |  91.106 |   0.226 |
| 4     | 130 |  92.067 |   0.209 |  89.765 |   0.244 |
| 5-6   | 128 |  92.418 |   0.215 |  83.453 |   0.278 |
| 7+    |  60 |  90.353 |   0.225 |  79.299 |   0.302 |

### by n_true

| bin   |   n |   COV_R |   MAT_R |   COV_P |   MAT_P |
|:------|----:|--------:|--------:|--------:|--------:|
| 1     | 228 |  96.93  |   0.171 |  95.395 |   0.186 |
| 2-3   | 232 |  89.727 |   0.223 |  88.542 |   0.235 |
| 4-10  | 278 |  94.388 |   0.202 |  90.58  |   0.236 |
| 11-30 | 133 |  94.733 |   0.191 |  89.951 |   0.241 |
| >30   |  84 |  97.461 |   0.183 |  89.651 |   0.25  |
wrote /scratch/nishanth.r/tordiff/results/qm9_CTRL_rematch_100ep_e100_s1/S1_lam0.00_cyc_ORACLE/breakdown.csv
