934 molecules (model failures excluded here: 65)  threshold=0.5
SUMMARY (from evaluate): {'threshold': 0.5, 'COV-R_mean': 88.85522330398285, 'COV-R_median': 100.0, 'MAT-R_mean': 0.18066631238355624, 'MAT-R_median': 0.149213400427047, 'COV-P_mean': 84.84905938394088, 'COV-P_median': 100.0, 'MAT-P_mean': 0.22446040995797498, 'MAT-P_median': 0.19783487386902188, 'n_evaluated': 935, 'n_model_failures': 65, 'n_additional_failures': 1}

### COV threshold sweep (mean / median over molecules, failures = 0) -- SECONDARY / exploratory; the pre-registered primary threshold is --threshold (0.5 A for QM9)

| thr (A) | COV-R mean | COV-R median | COV-P mean | COV-P median |
|---|---|---|---|---|
| 0.050 | 3.88 | 0.00 | 2.58 | 0.00 |
| 0.100 | 35.67 | 20.00 | 26.02 | 9.38 |
| 0.125 | 48.33 | 50.00 | 36.86 | 25.00 |
| 0.250 | 72.88 | 93.10 | 63.71 | 75.00 |
| 0.375 | 83.71 | 100.00 | 77.11 | 95.00 |
| 0.500 | 88.86 | 100.00 | 84.85 | 100.00 |
| 0.750 | 92.40 | 100.00 | 91.82 | 100.00 |

### by n_heavy

| bin   |   n |   COV_R |   MAT_R |   COV_P |   MAT_P |
|:------|----:|--------:|--------:|--------:|--------:|
| <=5   |   2 | 100     |   0.05  | 100     |   0.044 |
| 6     |  10 |  91.417 |   0.143 |  95     |   0.143 |
| 7     |  20 |  95.5   |   0.132 |  93.799 |   0.164 |
| 8     | 132 |  95.129 |   0.168 |  92.837 |   0.201 |
| 9     | 770 |  95.161 |   0.185 |  90.349 |   0.232 |
| >9    |   0 | nan     | nan     | nan     | nan     |

### by n_rot_heavy

| bin   |   n |   COV_R |   MAT_R |   COV_P |   MAT_P |
|:------|----:|--------:|--------:|--------:|--------:|
| 0     | 281 |  97.529 |   0.151 |  95.879 |   0.185 |
| 1     | 297 |  96.811 |   0.165 |  93.887 |   0.206 |
| 2     | 174 |  94.737 |   0.198 |  87.578 |   0.252 |
| 3     |  93 |  90.297 |   0.218 |  84.703 |   0.262 |
| 4+    |  89 |  87.807 |   0.254 |  77.603 |   0.32  |

### by n_rot_repo

| bin   |   n |   COV_R |   MAT_R |   COV_P |   MAT_P |
|:------|----:|--------:|--------:|--------:|--------:|
| <=1   | 225 |  97.872 |   0.148 |  95.829 |   0.18  |
| 2     | 201 |  96.477 |   0.17  |  94.567 |   0.205 |
| 3     | 195 |  96.196 |   0.18  |  91.276 |   0.226 |
| 4     | 126 |  93.161 |   0.204 |  87.384 |   0.254 |
| 5-6   | 128 |  91.077 |   0.216 |  84.032 |   0.272 |
| 7+    |  59 |  89.624 |   0.22  |  79.902 |   0.29  |

### by n_true

| bin   |   n |   COV_R |   MAT_R |   COV_P |   MAT_P |
|:------|----:|--------:|--------:|--------:|--------:|
| 1     | 223 |  96.861 |   0.151 |  94.17  |   0.188 |
| 2-3   | 225 |  94.296 |   0.184 |  90.667 |   0.223 |
| 4-10  | 274 |  94.1   |   0.195 |  88.812 |   0.242 |
| 11-30 | 128 |  94.797 |   0.19  |  89.971 |   0.24  |
| >30   |  84 |  96.681 |   0.188 |  90.454 |   0.244 |
wrote /scratch/nishanth.r/tordiff/results/qm9_B2_DEonly_randpair_e100_s2/steps20_seed0/breakdown.csv
