996 molecules (model failures excluded here: 4)  threshold=0.5
SUMMARY (from evaluate): {'threshold': 0.5, 'COV-R_mean': 95.76534332560995, 'COV-R_median': 100.0, 'MAT-R_mean': 0.0816439831203401, 'MAT-R_median': 0.03556089358747006, 'COV-P_mean': 93.56910836344154, 'COV-P_median': 100.0, 'MAT-P_mean': 0.10689346602236774, 'MAT-P_median': 0.05888996145493379, 'n_evaluated': 996, 'n_model_failures': 4, 'n_additional_failures': 0}

### COV threshold sweep (mean / median over molecules, failures = 0) -- SECONDARY / exploratory; the pre-registered primary threshold is --threshold (0.5 A for QM9)

| thr (A) | COV-R mean | COV-R median | COV-P mean | COV-P median |
|---|---|---|---|---|
| 0.050 | 65.84 | 83.33 | 58.42 | 55.83 |
| 0.100 | 79.25 | 100.00 | 72.29 | 85.71 |
| 0.125 | 82.42 | 100.00 | 76.13 | 91.99 |
| 0.250 | 89.50 | 100.00 | 85.56 | 100.00 |
| 0.375 | 92.79 | 100.00 | 89.77 | 100.00 |
| 0.500 | 95.77 | 100.00 | 93.57 | 100.00 |
| 0.750 | 98.74 | 100.00 | 98.46 | 100.00 |

### by n_heavy

| bin   |   n |   COV_R |   MAT_R |   COV_P |   MAT_P |
|:------|----:|--------:|--------:|--------:|--------:|
| <=5   |   3 | 100     |   0.015 | 100     |   0.015 |
| 6     |  10 |  98     |   0.053 |  94.625 |   0.077 |
| 7     |  22 |  96.364 |   0.074 |  94.118 |   0.101 |
| 8     | 136 |  94.641 |   0.093 |  93.46  |   0.116 |
| 9     | 825 |  96.356 |   0.081 |  93.99  |   0.106 |
| >9    |   0 | nan     | nan     | nan     | nan     |

### by n_rot_heavy

| bin   |   n |   COV_R |   MAT_R |   COV_P |   MAT_P |
|:------|----:|--------:|--------:|--------:|--------:|
| 0     | 318 | 100     |   0.007 |  99.423 |   0.015 |
| 1     | 316 |  97.079 |   0.062 |  96.902 |   0.077 |
| 2     | 178 |  93.302 |   0.138 |  89.587 |   0.178 |
| 3     |  93 |  93.665 |   0.164 |  88.288 |   0.209 |
| 4+    |  91 |  87.579 |   0.217 |  78.836 |   0.286 |

### by n_rot_repo

| bin   |   n |   COV_R |   MAT_R |   COV_P |   MAT_P |
|:------|----:|--------:|--------:|--------:|--------:|
| <=1   | 253 |  99.209 |   0.012 |  99.875 |   0.011 |
| 2     | 220 |  98.189 |   0.048 |  97.238 |   0.068 |
| 3     | 201 |  95.634 |   0.093 |  93.58  |   0.116 |
| 4     | 133 |  94.875 |   0.115 |  91.789 |   0.154 |
| 5-6   | 129 |  91.543 |   0.168 |  85.283 |   0.223 |
| 7+    |  60 |  90.231 |   0.2   |  81.487 |   0.266 |

### by n_true

| bin   |   n |   COV_R |   MAT_R |   COV_P |   MAT_P |
|:------|----:|--------:|--------:|--------:|--------:|
| 1     | 253 |  98.814 |   0.021 |  97.431 |   0.037 |
| 2-3   | 243 |  94.239 |   0.073 |  94.273 |   0.082 |
| 4-10  | 281 |  94.924 |   0.107 |  92.031 |   0.136 |
| 11-30 | 135 |  96.236 |   0.125 |  91.774 |   0.168 |
| >30   |  84 |  97.617 |   0.136 |  92.388 |   0.192 |
wrote /scratch/nishanth.r/tordiff/results/qm9_CTRL_rematch_100ep_e100_s0/steps20_seed0_gtLcycle/breakdown.csv
