934 molecules (model failures excluded here: 65)  threshold=0.5
SUMMARY (from evaluate): {'threshold': 0.5, 'COV-R_mean': 84.88053796356203, 'COV-R_median': 100.0, 'MAT-R_mean': 0.24216475042266203, 'MAT-R_median': 0.21096089093826464, 'COV-P_mean': 75.16177560983074, 'COV-P_median': 100.0, 'MAT-P_mean': 0.31749581886842715, 'MAT-P_median': 0.29167883501890524, 'n_evaluated': 935, 'n_model_failures': 65, 'n_additional_failures': 1}

### COV threshold sweep (mean / median over molecules, failures = 0) -- SECONDARY / exploratory; the pre-registered primary threshold is --threshold (0.5 A for QM9)

| thr (A) | COV-R mean | COV-R median | COV-P mean | COV-P median |
|---|---|---|---|---|
| 0.050 | 2.48 | 0.00 | 1.70 | 0.00 |
| 0.100 | 22.58 | 0.00 | 15.82 | 0.00 |
| 0.125 | 31.88 | 0.95 | 22.47 | 0.33 |
| 0.250 | 56.74 | 63.25 | 43.40 | 35.09 |
| 0.375 | 73.90 | 100.00 | 61.40 | 67.82 |
| 0.500 | 84.88 | 100.00 | 75.16 | 100.00 |
| 0.750 | 92.27 | 100.00 | 89.14 | 100.00 |

### by n_heavy

| bin   |   n |   COV_R |   MAT_R |   COV_P |   MAT_P |
|:------|----:|--------:|--------:|--------:|--------:|
| <=5   |   2 | 100     |   0.058 | 100     |   0.074 |
| 6     |  10 |  98     |   0.159 |  94.75  |   0.21  |
| 7     |  20 |  97.5   |   0.191 |  90.535 |   0.231 |
| 8     | 132 |  91.807 |   0.232 |  82.85  |   0.304 |
| 9     | 770 |  90.431 |   0.247 |  79.568 |   0.324 |
| >9    |   0 | nan     | nan     | nan     | nan     |

### by n_rot_heavy

| bin   |   n |   COV_R |   MAT_R |   COV_P |   MAT_P |
|:------|----:|--------:|--------:|--------:|--------:|
| 0     | 281 |  96.461 |   0.161 |  94.782 |   0.197 |
| 1     | 297 |  95.196 |   0.207 |  88.957 |   0.274 |
| 2     | 174 |  91.049 |   0.28  |  73.079 |   0.383 |
| 3     |  93 |  79.033 |   0.354 |  57.695 |   0.473 |
| 4+    |  89 |  70.891 |   0.422 |  45.24  |   0.552 |

### by n_rot_repo

| bin   |   n |   COV_R |   MAT_R |   COV_P |   MAT_P |
|:------|----:|--------:|--------:|--------:|--------:|
| <=1   | 225 |  97.858 |   0.156 |  95.422 |   0.193 |
| 2     | 201 |  93.291 |   0.216 |  89.685 |   0.266 |
| 3     | 195 |  92.763 |   0.234 |  81.669 |   0.316 |
| 4     | 126 |  90.939 |   0.266 |  76.054 |   0.36  |
| 5-6   | 128 |  79.902 |   0.353 |  58.322 |   0.475 |
| 7+    |  59 |  73.502 |   0.393 |  45.62  |   0.538 |

### by n_true

| bin   |   n |   COV_R |   MAT_R |   COV_P |   MAT_P |
|:------|----:|--------:|--------:|--------:|--------:|
| 1     | 223 |  94.17  |   0.173 |  90.359 |   0.219 |
| 2-3   | 225 |  90.593 |   0.233 |  83.407 |   0.293 |
| 4-10  | 274 |  90.34  |   0.258 |  79.717 |   0.337 |
| 11-30 | 128 |  87.95  |   0.286 |  71.934 |   0.394 |
| >30   |  84 |  89.126 |   0.33  |  61.846 |   0.464 |
wrote /scratch/nishanth.r/tordiff/results/qm9_default/A0_rdkitL_random_tors/breakdown.csv
