996 molecules (model failures excluded here: 4)  threshold=0.5
SUMMARY (from evaluate): {'threshold': 0.5, 'COV-R_mean': 96.18748186777968, 'COV-R_median': 100.0, 'MAT-R_mean': 0.09474123415721163, 'MAT-R_median': 0.05002296095365559, 'COV-P_mean': 93.41447021844259, 'COV-P_median': 100.0, 'MAT-P_mean': 0.12659268655819017, 'MAT-P_median': 0.07762771454200816, 'n_evaluated': 996, 'n_model_failures': 4, 'n_additional_failures': 0}

### COV threshold sweep (mean / median over molecules, failures = 0) -- SECONDARY / exploratory; the pre-registered primary threshold is --threshold (0.5 A for QM9)

| thr (A) | COV-R mean | COV-R median | COV-P mean | COV-P median |
|---|---|---|---|---|
| 0.050 | 59.46 | 66.67 | 51.42 | 44.87 |
| 0.100 | 78.20 | 100.00 | 69.44 | 81.25 |
| 0.125 | 82.03 | 100.00 | 74.10 | 87.50 |
| 0.250 | 90.18 | 100.00 | 85.00 | 100.00 |
| 0.375 | 93.55 | 100.00 | 89.24 | 100.00 |
| 0.500 | 96.19 | 100.00 | 93.41 | 100.00 |
| 0.750 | 99.05 | 100.00 | 98.36 | 100.00 |

### by n_heavy

| bin   |   n |   COV_R |   MAT_R |   COV_P |   MAT_P |
|:------|----:|--------:|--------:|--------:|--------:|
| <=5   |   3 | 100     |   0.04  | 100     |   0.043 |
| 6     |  10 |  95.417 |   0.081 |  93     |   0.1   |
| 7     |  22 |  98.182 |   0.071 |  94.563 |   0.112 |
| 8     | 136 |  96.345 |   0.1   |  93.432 |   0.129 |
| 9     | 825 |  96.57  |   0.095 |  93.815 |   0.127 |
| >9    |   0 | nan     | nan     | nan     | nan     |

### by n_rot_heavy

| bin   |   n |   COV_R |   MAT_R |   COV_P |   MAT_P |
|:------|----:|--------:|--------:|--------:|--------:|
| 0     | 318 |  99.686 |   0.033 |  99.109 |   0.046 |
| 1     | 316 |  97.501 |   0.077 |  96.695 |   0.096 |
| 2     | 178 |  95.162 |   0.134 |  90.098 |   0.188 |
| 3     |  93 |  93.83  |   0.168 |  87.82  |   0.22  |
| 4+    |  91 |  88.045 |   0.222 |  78.433 |   0.3   |

### by n_rot_repo

| bin   |   n |   COV_R |   MAT_R |   COV_P |   MAT_P |
|:------|----:|--------:|--------:|--------:|--------:|
| <=1   | 253 |  99.605 |   0.036 |  99.901 |   0.039 |
| 2     | 220 |  98.226 |   0.065 |  96.512 |   0.093 |
| 3     | 201 |  95.328 |   0.106 |  93.318 |   0.136 |
| 4     | 133 |  96.62  |   0.117 |  92.557 |   0.163 |
| 5-6   | 129 |  92.75  |   0.175 |  84.992 |   0.238 |
| 7+    |  60 |  90.027 |   0.191 |  81.261 |   0.269 |

### by n_true

| bin   |   n |   COV_R |   MAT_R |   COV_P |   MAT_P |
|:------|----:|--------:|--------:|--------:|--------:|
| 1     | 253 |  98.419 |   0.047 |  97.036 |   0.067 |
| 2-3   | 243 |  96.228 |   0.079 |  94.17  |   0.101 |
| 4-10  | 281 |  95.478 |   0.117 |  92.469 |   0.15  |
| 11-30 | 135 |  95.049 |   0.136 |  91.094 |   0.183 |
| >30   |  84 |  98.136 |   0.143 |  91.662 |   0.208 |
wrote /scratch/nishanth.r/tordiff/results/qm9_CTRL_base_100ep_e100_s0/S1_noise0.02pa_cyc_ORACLE/breakdown.csv
