935 molecules (model failures excluded here: 64)  threshold=0.5
SUMMARY (from evaluate): {'threshold': 0.5, 'COV-R_mean': 83.05755084437988, 'COV-R_median': 100.0, 'MAT-R_mean': 0.23614248824944625, 'MAT-R_median': 0.19420909550268628, 'COV-P_mean': 79.29970356157587, 'COV-P_median': 100.0, 'MAT-P_mean': 0.2811679138710989, 'MAT-P_median': 0.2456966199865973, 'n_evaluated': 936, 'n_model_failures': 64, 'n_additional_failures': 1}

### COV threshold sweep (mean / median over molecules, failures = 0) -- SECONDARY / exploratory; the pre-registered primary threshold is --threshold (0.5 A for QM9)

| thr (A) | COV-R mean | COV-R median | COV-P mean | COV-P median |
|---|---|---|---|---|
| 0.050 | 2.89 | 0.00 | 1.94 | 0.00 |
| 0.100 | 27.86 | 1.07 | 19.80 | 0.53 |
| 0.125 | 37.90 | 23.44 | 27.39 | 11.11 |
| 0.250 | 62.50 | 72.98 | 52.16 | 50.00 |
| 0.375 | 74.10 | 100.00 | 68.00 | 83.65 |
| 0.500 | 83.06 | 100.00 | 79.30 | 100.00 |
| 0.750 | 90.79 | 100.00 | 89.98 | 100.00 |

### by n_heavy

| bin   |   n |   COV_R |   MAT_R |   COV_P |   MAT_P |
|:------|----:|--------:|--------:|--------:|--------:|
| <=5   |   3 | 100     |   0.056 | 100     |   0.096 |
| 6     |  10 |  93     |   0.176 |  94.25  |   0.166 |
| 7     |  20 |  89.848 |   0.201 |  84.438 |   0.245 |
| 8     | 131 |  89.676 |   0.226 |  86.414 |   0.263 |
| 9     | 771 |  88.564 |   0.24  |  84.369 |   0.287 |
| >9    |   0 | nan     | nan     | nan     | nan     |

### by n_rot_heavy

| bin   |   n |   COV_R |   MAT_R |   COV_P |   MAT_P |
|:------|----:|--------:|--------:|--------:|--------:|
| 0     | 284 |  97.606 |   0.155 |  96.23  |   0.19  |
| 1     | 296 |  93.143 |   0.206 |  89.601 |   0.247 |
| 2     | 174 |  82.013 |   0.293 |  79.81  |   0.329 |
| 3     |  93 |  79.181 |   0.323 |  70.055 |   0.398 |
| 4+    |  88 |  69.697 |   0.394 |  57.345 |   0.476 |

### by n_rot_repo

| bin   |   n |   COV_R |   MAT_R |   COV_P |   MAT_P |
|:------|----:|--------:|--------:|--------:|--------:|
| <=1   | 229 |  96.392 |   0.163 |  95.385 |   0.191 |
| 2     | 199 |  93.782 |   0.208 |  92.586 |   0.237 |
| 3     | 194 |  87.89  |   0.237 |  85.482 |   0.28  |
| 4     | 127 |  85.407 |   0.268 |  80.238 |   0.314 |
| 5-6   | 128 |  79.103 |   0.326 |  67.534 |   0.408 |
| 7+    |  58 |  74.112 |   0.351 |  62.307 |   0.44  |

### by n_true

| bin   |   n |   COV_R |   MAT_R |   COV_P |   MAT_P |
|:------|----:|--------:|--------:|--------:|--------:|
| 1     | 223 |  96.861 |   0.164 |  93.498 |   0.204 |
| 2-3   | 227 |  86.05  |   0.237 |  84.435 |   0.271 |
| 4-10  | 274 |  85.913 |   0.267 |  82.245 |   0.306 |
| 11-30 | 127 |  88.238 |   0.258 |  82.098 |   0.319 |
| >30   |  84 |  85.451 |   0.292 |  75.258 |   0.376 |
wrote /scratch/nishanth.r/tordiff/results/qm9_B1_train_gtL_e100_s0/S1_etkdg2L/breakdown.csv
