955 molecules (model failures excluded here: 45)  threshold=0.5
SUMMARY (from evaluate): {'threshold': 0.5, 'COV-R_mean': 83.1511077878484, 'COV-R_median': 100.0, 'MAT-R_mean': 0.25562775617184896, 'MAT-R_median': 0.21700868096645246, 'COV-P_mean': 79.95866776438089, 'COV-P_median': 100.0, 'MAT-P_mean': 0.2890316407688958, 'MAT-P_median': 0.2537866570723219, 'n_evaluated': 955, 'n_model_failures': 45, 'n_additional_failures': 0}

### COV threshold sweep (mean / median over molecules, failures = 0) -- SECONDARY / exploratory; the pre-registered primary threshold is --threshold (0.5 A for QM9)

| thr (A) | COV-R mean | COV-R median | COV-P mean | COV-P median |
|---|---|---|---|---|
| 0.050 | 2.10 | 0.00 | 1.84 | 0.00 |
| 0.100 | 22.78 | 0.00 | 19.36 | 0.00 |
| 0.125 | 32.16 | 9.09 | 26.96 | 4.17 |
| 0.250 | 58.40 | 66.26 | 51.23 | 50.00 |
| 0.375 | 73.48 | 100.00 | 68.17 | 85.29 |
| 0.500 | 83.15 | 100.00 | 79.96 | 100.00 |
| 0.750 | 92.94 | 100.00 | 91.85 | 100.00 |

### by n_heavy

| bin   |   n |   COV_R |   MAT_R |   COV_P |   MAT_P |
|:------|----:|--------:|--------:|--------:|--------:|
| <=5   |   3 | 100     |   0.119 | 100     |   0.126 |
| 6     |  10 |  95     |   0.191 |  95.125 |   0.167 |
| 7     |  21 |  88.312 |   0.19  |  83.394 |   0.237 |
| 8     | 133 |  88.155 |   0.232 |  85.999 |   0.264 |
| 9     | 788 |  86.703 |   0.263 |  83.145 |   0.297 |
| >9    |   0 | nan     | nan     | nan     | nan     |

### by n_rot_heavy

| bin   |   n |   COV_R |   MAT_R |   COV_P |   MAT_P |
|:------|----:|--------:|--------:|--------:|--------:|
| 0     | 289 |  94.698 |   0.189 |  95.43  |   0.191 |
| 1     | 306 |  91.141 |   0.223 |  89.585 |   0.249 |
| 2     | 177 |  80.468 |   0.305 |  77.62  |   0.342 |
| 3     |  93 |  80.257 |   0.328 |  69.104 |   0.408 |
| 4+    |  90 |  68.752 |   0.409 |  53.347 |   0.51  |

### by n_rot_repo

| bin   |   n |   COV_R |   MAT_R |   COV_P |   MAT_P |
|:------|----:|--------:|--------:|--------:|--------:|
| <=1   | 232 |  94.557 |   0.192 |  94.831 |   0.193 |
| 2     | 209 |  89.629 |   0.237 |  91.2   |   0.239 |
| 3     | 196 |  86.792 |   0.248 |  84.17  |   0.283 |
| 4     | 130 |  83.355 |   0.283 |  81.04  |   0.326 |
| 5-6   | 128 |  79.392 |   0.331 |  65.745 |   0.422 |
| 7+    |  60 |  74.534 |   0.372 |  57.485 |   0.491 |

### by n_true

| bin   |   n |   COV_R |   MAT_R |   COV_P |   MAT_P |
|:------|----:|--------:|--------:|--------:|--------:|
| 1     | 228 |  94.298 |   0.183 |  93.421 |   0.196 |
| 2-3   | 232 |  82.902 |   0.278 |  82.651 |   0.284 |
| 4-10  | 278 |  84.903 |   0.273 |  82.348 |   0.31  |
| 11-30 | 133 |  86.932 |   0.274 |  79.736 |   0.34  |
| >30   |  84 |  86.344 |   0.302 |  71.264 |   0.404 |
wrote /scratch/nishanth.r/tordiff/results/qm9_B1_train_gtL_e100_s2/S1_lam0.00_cyc_ORACLE/breakdown.csv
