996 molecules (model failures excluded here: 4)  threshold=0.5
SUMMARY (from evaluate): {'threshold': 0.5, 'COV-R_mean': 95.77312666852303, 'COV-R_median': 100.0, 'MAT-R_mean': 0.08235964555866844, 'MAT-R_median': 0.03556594823032131, 'COV-P_mean': 93.93942577338923, 'COV-P_median': 100.0, 'MAT-P_mean': 0.10644557311608344, 'MAT-P_median': 0.05853971942901265, 'n_evaluated': 996, 'n_model_failures': 4, 'n_additional_failures': 0}

### COV threshold sweep (mean / median over molecules, failures = 0) -- SECONDARY / exploratory; the pre-registered primary threshold is --threshold (0.5 A for QM9)

| thr (A) | COV-R mean | COV-R median | COV-P mean | COV-P median |
|---|---|---|---|---|
| 0.050 | 65.08 | 82.58 | 57.86 | 54.58 |
| 0.100 | 79.24 | 100.00 | 72.10 | 87.23 |
| 0.125 | 82.26 | 100.00 | 76.04 | 94.10 |
| 0.250 | 89.75 | 100.00 | 85.86 | 100.00 |
| 0.375 | 93.19 | 100.00 | 89.91 | 100.00 |
| 0.500 | 95.77 | 100.00 | 93.94 | 100.00 |
| 0.750 | 98.62 | 100.00 | 98.37 | 100.00 |

### by n_heavy

| bin   |   n |   COV_R |   MAT_R |   COV_P |   MAT_P |
|:------|----:|--------:|--------:|--------:|--------:|
| <=5   |   3 | 100     |   0.012 | 100     |   0.015 |
| 6     |  10 |  88.417 |   0.118 |  94.625 |   0.072 |
| 7     |  22 |  96.364 |   0.082 |  94.308 |   0.108 |
| 8     | 136 |  96.152 |   0.082 |  95.03  |   0.111 |
| 9     | 825 |  96.233 |   0.082 |  94.175 |   0.106 |
| >9    |   0 | nan     | nan     | nan     | nan     |

### by n_rot_heavy

| bin   |   n |   COV_R |   MAT_R |   COV_P |   MAT_P |
|:------|----:|--------:|--------:|--------:|--------:|
| 0     | 318 |  99.686 |   0.006 |  99.292 |   0.016 |
| 1     | 316 |  97.071 |   0.065 |  96.746 |   0.081 |
| 2     | 178 |  92.981 |   0.139 |  90.785 |   0.173 |
| 3     |  93 |  94.57  |   0.155 |  89.335 |   0.199 |
| 4+    |  91 |  88.497 |   0.223 |  80.493 |   0.283 |

### by n_rot_repo

| bin   |   n |   COV_R |   MAT_R |   COV_P |   MAT_P |
|:------|----:|--------:|--------:|--------:|--------:|
| <=1   | 253 |  99.605 |   0.011 |  99.987 |   0.01  |
| 2     | 220 |  98.152 |   0.045 |  97.17  |   0.072 |
| 3     | 201 |  94.218 |   0.102 |  93.303 |   0.119 |
| 4     | 133 |  94.709 |   0.117 |  92.02  |   0.153 |
| 5-6   | 129 |  93.164 |   0.167 |  87.751 |   0.217 |
| 7+    |  60 |  90.461 |   0.194 |  82.549 |   0.26  |

### by n_true

| bin   |   n |   COV_R |   MAT_R |   COV_P |   MAT_P |
|:------|----:|--------:|--------:|--------:|--------:|
| 1     | 253 |  98.419 |   0.022 |  97.036 |   0.04  |
| 2-3   | 243 |  94.856 |   0.072 |  95.165 |   0.078 |
| 4-10  | 281 |  94.782 |   0.108 |  92.765 |   0.134 |
| 11-30 | 135 |  96.079 |   0.126 |  91.745 |   0.17  |
| >30   |  84 |  97.842 |   0.138 |  93.001 |   0.194 |
wrote /scratch/nishanth.r/tordiff/results/qm9_CTRL_rematch_100ep_e100_s2/steps20_seed0_gtLcycle/breakdown.csv
