934 molecules (model failures excluded here: 65)  threshold=0.5
SUMMARY (from evaluate): {'threshold': 0.5, 'COV-R_mean': 82.80045928990724, 'COV-R_median': 100.0, 'MAT-R_mean': 0.23642249619362832, 'MAT-R_median': 0.1929100114979114, 'COV-P_mean': 79.3625499341064, 'COV-P_median': 100.0, 'MAT-P_mean': 0.28057145480497464, 'MAT-P_median': 0.2462797259089835, 'n_evaluated': 935, 'n_model_failures': 65, 'n_additional_failures': 1}

### COV threshold sweep (mean / median over molecules, failures = 0) -- SECONDARY / exploratory; the pre-registered primary threshold is --threshold (0.5 A for QM9)

| thr (A) | COV-R mean | COV-R median | COV-P mean | COV-P median |
|---|---|---|---|---|
| 0.050 | 2.88 | 0.00 | 1.97 | 0.00 |
| 0.100 | 27.51 | 0.00 | 19.58 | 0.00 |
| 0.125 | 37.36 | 20.00 | 27.78 | 10.00 |
| 0.250 | 61.45 | 66.67 | 51.85 | 50.00 |
| 0.375 | 74.72 | 100.00 | 68.33 | 83.33 |
| 0.500 | 82.80 | 100.00 | 79.36 | 100.00 |
| 0.750 | 90.85 | 100.00 | 89.80 | 100.00 |

### by n_heavy

| bin   |   n |   COV_R |   MAT_R |   COV_P |   MAT_P |
|:------|----:|--------:|--------:|--------:|--------:|
| <=5   |   2 | 100     |   0.064 | 100     |   0.071 |
| 6     |  10 |  95     |   0.195 |  95.875 |   0.205 |
| 7     |  20 |  87.202 |   0.185 |  84.558 |   0.227 |
| 8     | 132 |  87.2   |   0.234 |  87.238 |   0.263 |
| 9     | 770 |  88.826 |   0.239 |  84.412 |   0.286 |
| >9    |   0 | nan     | nan     | nan     | nan     |

### by n_rot_heavy

| bin   |   n |   COV_R |   MAT_R |   COV_P |   MAT_P |
|:------|----:|--------:|--------:|--------:|--------:|
| 0     | 281 |  97.173 |   0.156 |  96.116 |   0.188 |
| 1     | 297 |  92.843 |   0.203 |  90.907 |   0.243 |
| 2     | 174 |  83.512 |   0.289 |  79.629 |   0.327 |
| 3     |  93 |  78.809 |   0.335 |  69.858 |   0.4   |
| 4+    |  89 |  68.093 |   0.395 |  56.207 |   0.482 |

### by n_rot_repo

| bin   |   n |   COV_R |   MAT_R |   COV_P |   MAT_P |
|:------|----:|--------:|--------:|--------:|--------:|
| <=1   | 225 |  96.719 |   0.158 |  95.851 |   0.186 |
| 2     | 201 |  92.904 |   0.205 |  91.797 |   0.238 |
| 3     | 195 |  88.43  |   0.241 |  86.291 |   0.281 |
| 4     | 126 |  85.221 |   0.27  |  80.721 |   0.311 |
| 5-6   | 128 |  79.01  |   0.322 |  68.265 |   0.403 |
| 7+    |  59 |  72.373 |   0.369 |  61.175 |   0.453 |

### by n_true

| bin   |   n |   COV_R |   MAT_R |   COV_P |   MAT_P |
|:------|----:|--------:|--------:|--------:|--------:|
| 1     | 223 |  96.413 |   0.163 |  93.274 |   0.203 |
| 2-3   | 225 |  86.889 |   0.239 |  85.111 |   0.267 |
| 4-10  | 274 |  85.334 |   0.266 |  82.687 |   0.305 |
| 11-30 | 128 |  87.037 |   0.263 |  81.255 |   0.325 |
| >30   |  84 |  86.049 |   0.29  |  75.662 |   0.373 |
wrote /scratch/nishanth.r/tordiff/results/qm9_B1_train_gtL_e100_s0/steps20_seed0/breakdown.csv
