934 molecules (model failures excluded here: 65)  threshold=0.5
SUMMARY (from evaluate): {'threshold': 0.5, 'COV-R_mean': 88.32406160649451, 'COV-R_median': 100.0, 'MAT-R_mean': 0.18415398036479444, 'MAT-R_median': 0.15242742760219274, 'COV-P_mean': 84.85043024760375, 'COV-P_median': 100.0, 'MAT-P_mean': 0.22642933697850426, 'MAT-P_median': 0.19960851746444896, 'n_evaluated': 935, 'n_model_failures': 65, 'n_additional_failures': 1}

### COV threshold sweep (mean / median over molecules, failures = 0) -- SECONDARY / exploratory; the pre-registered primary threshold is --threshold (0.5 A for QM9)

| thr (A) | COV-R mean | COV-R median | COV-P mean | COV-P median |
|---|---|---|---|---|
| 0.050 | 3.45 | 0.00 | 2.27 | 0.00 |
| 0.100 | 34.50 | 18.14 | 24.89 | 8.70 |
| 0.125 | 47.03 | 44.44 | 35.90 | 25.00 |
| 0.250 | 72.01 | 90.00 | 63.26 | 74.04 |
| 0.375 | 83.01 | 100.00 | 76.92 | 95.45 |
| 0.500 | 88.32 | 100.00 | 84.85 | 100.00 |
| 0.750 | 92.44 | 100.00 | 91.77 | 100.00 |

### by n_heavy

| bin   |   n |   COV_R |   MAT_R |   COV_P |   MAT_P |
|:------|----:|--------:|--------:|--------:|--------:|
| <=5   |   2 | 100     |   0.055 | 100     |   0.047 |
| 6     |  10 |  93.417 |   0.152 |  93.75  |   0.143 |
| 7     |  20 |  95.5   |   0.144 |  94.53  |   0.157 |
| 8     | 132 |  94.574 |   0.173 |  91.838 |   0.207 |
| 9     | 770 |  94.54  |   0.188 |  90.519 |   0.233 |
| >9    |   0 | nan     | nan     | nan     | nan     |

### by n_rot_heavy

| bin   |   n |   COV_R |   MAT_R |   COV_P |   MAT_P |
|:------|----:|--------:|--------:|--------:|--------:|
| 0     | 281 |  97.351 |   0.157 |  95.315 |   0.193 |
| 1     | 297 |  96.558 |   0.168 |  93.997 |   0.208 |
| 2     | 174 |  92.95  |   0.202 |  87.66  |   0.254 |
| 3     |  93 |  90.5   |   0.218 |  84.905 |   0.258 |
| 4+    |  89 |  86.526 |   0.251 |  78.658 |   0.309 |

### by n_rot_repo

| bin   |   n |   COV_R |   MAT_R |   COV_P |   MAT_P |
|:------|----:|--------:|--------:|--------:|--------:|
| <=1   | 225 |  97.872 |   0.151 |  96.236 |   0.182 |
| 2     | 201 |  95.929 |   0.175 |  94.402 |   0.21  |
| 3     | 195 |  95.799 |   0.182 |  90.565 |   0.231 |
| 4     | 126 |  91.88  |   0.208 |  87.349 |   0.255 |
| 5-6   | 128 |  90.489 |   0.215 |  84.183 |   0.267 |
| 7+    |  59 |  87.809 |   0.232 |  81.033 |   0.288 |

### by n_true

| bin   |   n |   COV_R |   MAT_R |   COV_P |   MAT_P |
|:------|----:|--------:|--------:|--------:|--------:|
| 1     | 223 |  96.861 |   0.156 |  93.498 |   0.197 |
| 2-3   | 225 |  92.667 |   0.192 |  89.889 |   0.227 |
| 4-10  | 274 |  93.658 |   0.198 |  89.751 |   0.241 |
| 11-30 | 128 |  94.359 |   0.189 |  90.343 |   0.237 |
| >30   |  84 |  96.83  |   0.184 |  90.71  |   0.239 |
wrote /scratch/nishanth.r/tordiff/results/qm9_B5_match_heavy_e100_s2/steps20_seed0/breakdown.csv
