996 molecules (model failures excluded here: 4)  threshold=0.5
SUMMARY (from evaluate): {'threshold': 0.5, 'COV-R_mean': 96.35819560439356, 'COV-R_median': 100.0, 'MAT-R_mean': 0.07895194722551863, 'MAT-R_median': 0.03757157638993161, 'COV-P_mean': 94.00965946976252, 'COV-P_median': 100.0, 'MAT-P_mean': 0.10144909141209153, 'MAT-P_median': 0.054746606441388436, 'n_evaluated': 996, 'n_model_failures': 4, 'n_additional_failures': 0}

### COV threshold sweep (mean / median over molecules, failures = 0) -- SECONDARY / exploratory; the pre-registered primary threshold is --threshold (0.5 A for QM9)

| thr (A) | COV-R mean | COV-R median | COV-P mean | COV-P median |
|---|---|---|---|---|
| 0.050 | 66.35 | 77.78 | 59.96 | 62.50 |
| 0.100 | 80.28 | 100.00 | 74.88 | 91.42 |
| 0.125 | 83.30 | 100.00 | 78.38 | 95.83 |
| 0.250 | 89.66 | 100.00 | 86.26 | 100.00 |
| 0.375 | 92.91 | 100.00 | 89.93 | 100.00 |
| 0.500 | 96.36 | 100.00 | 94.01 | 100.00 |
| 0.750 | 98.98 | 100.00 | 98.62 | 100.00 |

### by n_heavy

| bin   |   n |   COV_R |   MAT_R |   COV_P |   MAT_P |
|:------|----:|--------:|--------:|--------:|--------:|
| <=5   |   3 | 100     |   0.023 | 100     |   0.013 |
| 6     |  10 |  98.75  |   0.046 |  94.5   |   0.063 |
| 7     |  22 |  95.909 |   0.081 |  94.322 |   0.091 |
| 8     | 136 |  96.95  |   0.075 |  94.64  |   0.096 |
| 9     | 825 |  96.698 |   0.08  |  94.325 |   0.103 |
| >9    |   0 | nan     | nan     | nan     | nan     |

### by n_rot_heavy

| bin   |   n |   COV_R |   MAT_R |   COV_P |   MAT_P |
|:------|----:|--------:|--------:|--------:|--------:|
| 0     | 318 |  99.808 |   0.018 |  99.45  |   0.019 |
| 1     | 316 |  97.906 |   0.06  |  96.971 |   0.075 |
| 2     | 178 |  94.235 |   0.124 |  91.104 |   0.158 |
| 3     |  93 |  96.131 |   0.136 |  89.222 |   0.19  |
| 4+    |  91 |  87.548 |   0.213 |  79.424 |   0.281 |

### by n_rot_repo

| bin   |   n |   COV_R |   MAT_R |   COV_P |   MAT_P |
|:------|----:|--------:|--------:|--------:|--------:|
| <=1   | 253 |  99.605 |   0.021 |  99.763 |   0.016 |
| 2     | 220 |  98.503 |   0.05  |  97.842 |   0.062 |
| 3     | 201 |  95.777 |   0.086 |  93.606 |   0.111 |
| 4     | 133 |  95.5   |   0.107 |  92.746 |   0.142 |
| 5-6   | 129 |  93.73  |   0.155 |  86.217 |   0.212 |
| 7+    |  60 |  90.73  |   0.18  |  82.873 |   0.249 |

### by n_true

| bin   |   n |   COV_R |   MAT_R |   COV_P |   MAT_P |
|:------|----:|--------:|--------:|--------:|--------:|
| 1     | 253 |  98.814 |   0.025 |  97.036 |   0.043 |
| 2-3   | 243 |  95.748 |   0.067 |  95.267 |   0.072 |
| 4-10  | 281 |  95.9   |   0.102 |  93.368 |   0.124 |
| 11-30 | 135 |  95.897 |   0.121 |  90.916 |   0.166 |
| >30   |  84 |  97.589 |   0.131 |  92.852 |   0.182 |
wrote /scratch/nishanth.r/tordiff/results/qm9_default/A1_gtL_model_seed1/breakdown.csv
