930 molecules (model failures excluded here: 69)  threshold=0.5
SUMMARY (from evaluate): {'threshold': 0.5, 'COV-R_mean': 84.91031079177887, 'COV-R_median': 100.0, 'MAT-R_mean': 0.18716273300669775, 'MAT-R_median': 0.15124318007967824, 'COV-P_mean': 87.01421735317851, 'COV-P_median': 100.0, 'MAT-P_mean': 0.1650033176661637, 'MAT-P_median': 0.12867233642039994, 'n_evaluated': 931, 'n_model_failures': 69, 'n_additional_failures': 1}

### COV threshold sweep (mean / median over molecules, failures = 0) -- SECONDARY / exploratory; the pre-registered primary threshold is --threshold (0.5 A for QM9)

| thr (A) | COV-R mean | COV-R median | COV-P mean | COV-P median |
|---|---|---|---|---|
| 0.050 | 15.46 | 0.00 | 17.03 | 0.00 |
| 0.100 | 43.16 | 38.56 | 46.41 | 40.00 |
| 0.125 | 51.67 | 50.00 | 55.44 | 58.45 |
| 0.250 | 70.91 | 83.33 | 75.53 | 100.00 |
| 0.375 | 79.22 | 100.00 | 82.96 | 100.00 |
| 0.500 | 84.91 | 100.00 | 87.01 | 100.00 |
| 0.750 | 90.87 | 100.00 | 91.51 | 100.00 |

### by n_heavy

| bin   |   n |   COV_R |   MAT_R |   COV_P |   MAT_P |
|:------|----:|--------:|--------:|--------:|--------:|
| <=5   |   2 | 100     |   0.078 | 100     |   0.036 |
| 6     |  10 |  91.75  |   0.125 |  94.75  |   0.115 |
| 7     |  20 |  98.141 |   0.155 |  97.5   |   0.146 |
| 8     | 131 |  92.011 |   0.163 |  95.588 |   0.136 |
| 9     | 767 |  90.973 |   0.193 |  93.083 |   0.171 |
| >9    |   0 | nan     | nan     | nan     | nan     |

### by n_rot_heavy

| bin   |   n |   COV_R |   MAT_R |   COV_P |   MAT_P |
|:------|----:|--------:|--------:|--------:|--------:|
| 0     | 278 |  96.573 |   0.124 |  96.576 |   0.126 |
| 1     | 296 |  94.268 |   0.169 |  97.446 |   0.14  |
| 2     | 174 |  87.667 |   0.23  |  90.363 |   0.205 |
| 3     |  93 |  82.422 |   0.258 |  88.361 |   0.199 |
| 4+    |  89 |  81.353 |   0.287 |  82.937 |   0.257 |

### by n_rot_repo

| bin   |   n |   COV_R |   MAT_R |   COV_P |   MAT_P |
|:------|----:|--------:|--------:|--------:|--------:|
| <=1   | 224 |  96.64  |   0.133 |  97.115 |   0.13  |
| 2     | 198 |  93.879 |   0.163 |  96.513 |   0.142 |
| 3     | 195 |  91.715 |   0.189 |  93.953 |   0.168 |
| 4     | 126 |  87.787 |   0.223 |  92.166 |   0.186 |
| 5-6   | 128 |  83.385 |   0.256 |  87.359 |   0.212 |
| 7+    |  59 |  85.692 |   0.239 |  85.342 |   0.217 |

### by n_true

| bin   |   n |   COV_R |   MAT_R |   COV_P |   MAT_P |
|:------|----:|--------:|--------:|--------:|--------:|
| 1     | 220 |  96.364 |   0.114 |  94.545 |   0.134 |
| 2-3   | 224 |  90.997 |   0.188 |  94.829 |   0.164 |
| 4-10  | 274 |  88.982 |   0.214 |  92.088 |   0.18  |
| 11-30 | 128 |  88.148 |   0.234 |  92.151 |   0.187 |
| >30   |  84 |  91.226 |   0.215 |  94.584 |   0.166 |
wrote /scratch/nishanth.r/tordiff/results/qm9_default/A3_post_mmff_seed2/breakdown.csv
