906 molecules (model failures excluded here: 94)  threshold=0.5
SUMMARY (from evaluate): {'threshold': 0.5, 'COV-R_mean': 81.03817009940424, 'COV-R_median': 100.0, 'MAT-R_mean': 0.21671070517587362, 'MAT-R_median': 0.1769519766438977, 'COV-P_mean': 79.50687436340459, 'COV-P_median': 100.0, 'MAT-P_mean': 0.23791128280764923, 'MAT-P_median': 0.19272440748019376, 'n_evaluated': 906, 'n_model_failures': 94, 'n_additional_failures': 0}

### COV threshold sweep (mean / median over molecules, failures = 0) -- SECONDARY / exploratory; the pre-registered primary threshold is --threshold (0.5 A for QM9)

| thr (A) | COV-R mean | COV-R median | COV-P mean | COV-P median |
|---|---|---|---|---|
| 0.050 | 7.89 | 0.00 | 7.11 | 0.00 |
| 0.100 | 33.14 | 13.10 | 29.38 | 6.59 |
| 0.125 | 41.48 | 33.33 | 36.74 | 18.75 |
| 0.250 | 64.00 | 77.35 | 59.71 | 66.67 |
| 0.375 | 74.31 | 100.00 | 72.04 | 100.00 |
| 0.500 | 81.04 | 100.00 | 79.51 | 100.00 |
| 0.750 | 88.41 | 100.00 | 87.85 | 100.00 |

### by n_heavy

| bin   |   n |   COV_R |   MAT_R |   COV_P |   MAT_P |
|:------|----:|--------:|--------:|--------:|--------:|
| <=5   |   2 | 100     |   0.073 | 100     |   0.074 |
| 6     |  10 | 100     |   0.151 |  97.125 |   0.158 |
| 7     |  21 |  92.756 |   0.175 |  87.395 |   0.206 |
| 8     | 126 |  92.796 |   0.185 |  90.856 |   0.214 |
| 9     | 747 |  88.619 |   0.225 |  87.085 |   0.244 |
| >9    |   0 | nan     | nan     | nan     | nan     |

### by n_rot_heavy

| bin   |   n |   COV_R |   MAT_R |   COV_P |   MAT_P |
|:------|----:|--------:|--------:|--------:|--------:|
| 0     | 258 |  96.6   |   0.14  |  99.451 |   0.117 |
| 1     | 293 |  93.972 |   0.173 |  93.954 |   0.191 |
| 2     | 173 |  83.144 |   0.278 |  82.535 |   0.303 |
| 3     |  93 |  82.302 |   0.304 |  74.246 |   0.369 |
| 4+    |  89 |  73.524 |   0.375 |  57.713 |   0.479 |

### by n_rot_repo

| bin   |   n |   COV_R |   MAT_R |   COV_P |   MAT_P |
|:------|----:|--------:|--------:|--------:|--------:|
| <=1   | 203 |  96.264 |   0.135 |  99.384 |   0.113 |
| 2     | 197 |  91.271 |   0.195 |  93.99  |   0.186 |
| 3     | 192 |  89.451 |   0.215 |  89.378 |   0.234 |
| 4     | 127 |  88.315 |   0.239 |  87.635 |   0.268 |
| 5-6   | 127 |  81.692 |   0.304 |  69.935 |   0.387 |
| 7+    |  60 |  79.177 |   0.338 |  60.73  |   0.464 |

### by n_true

| bin   |   n |   COV_R |   MAT_R |   COV_P |   MAT_P |
|:------|----:|--------:|--------:|--------:|--------:|
| 1     | 199 |  96.985 |   0.126 |  96.482 |   0.132 |
| 2-3   | 216 |  86.574 |   0.223 |  89.39  |   0.215 |
| 4-10  | 274 |  86.903 |   0.243 |  86.105 |   0.259 |
| 11-30 | 133 |  88.061 |   0.252 |  83.188 |   0.306 |
| >30   |  84 |  89.461 |   0.273 |  75.498 |   0.37  |
wrote /scratch/nishanth.r/tordiff/results/qm9_B1_train_gtL_e100_s2/S1_lam0.25_cyc_ORACLE/breakdown.csv
