996 molecules (model failures excluded here: 4)  threshold=0.5
SUMMARY (from evaluate): {'threshold': 0.5, 'COV-R_mean': 95.81943435932058, 'COV-R_median': 100.0, 'MAT-R_mean': 0.08626913141559794, 'MAT-R_median': 0.043450086288380735, 'COV-P_mean': 93.32125919744489, 'COV-P_median': 100.0, 'MAT-P_mean': 0.11236155864329211, 'MAT-P_median': 0.06076280546815867, 'n_evaluated': 996, 'n_model_failures': 4, 'n_additional_failures': 0}

### COV threshold sweep (mean / median over molecules, failures = 0) -- SECONDARY / exploratory; the pre-registered primary threshold is --threshold (0.5 A for QM9)

| thr (A) | COV-R mean | COV-R median | COV-P mean | COV-P median |
|---|---|---|---|---|
| 0.050 | 63.71 | 75.00 | 57.12 | 50.96 |
| 0.100 | 77.76 | 100.00 | 71.47 | 87.50 |
| 0.125 | 81.12 | 100.00 | 75.14 | 92.15 |
| 0.250 | 88.74 | 100.00 | 84.75 | 100.00 |
| 0.375 | 92.56 | 100.00 | 89.08 | 100.00 |
| 0.500 | 95.82 | 100.00 | 93.32 | 100.00 |
| 0.750 | 98.78 | 100.00 | 98.27 | 100.00 |

### by n_heavy

| bin   |   n |   COV_R |   MAT_R |   COV_P |   MAT_P |
|:------|----:|--------:|--------:|--------:|--------:|
| <=5   |   3 | 100     |   0.027 | 100     |   0.012 |
| 6     |  10 |  96.75  |   0.079 |  94.5   |   0.089 |
| 7     |  22 |  96.364 |   0.068 |  95.238 |   0.094 |
| 8     | 136 |  94.471 |   0.097 |  92.925 |   0.12  |
| 9     | 825 |  96.465 |   0.085 |  93.749 |   0.112 |
| >9    |   0 | nan     | nan     | nan     | nan     |

### by n_rot_heavy

| bin   |   n |   COV_R |   MAT_R |   COV_P |   MAT_P |
|:------|----:|--------:|--------:|--------:|--------:|
| 0     | 318 |  99.083 |   0.018 |  99.45  |   0.017 |
| 1     | 316 |  97.273 |   0.071 |  96.899 |   0.086 |
| 2     | 178 |  94.872 |   0.128 |  89.571 |   0.182 |
| 3     |  93 |  93.676 |   0.159 |  87.739 |   0.21  |
| 4+    |  91 |  87.623 |   0.222 |  76.624 |   0.302 |

### by n_rot_repo

| bin   |   n |   COV_R |   MAT_R |   COV_P |   MAT_P |
|:------|----:|--------:|--------:|--------:|--------:|
| <=1   | 253 |  99.374 |   0.021 | 100     |   0.012 |
| 2     | 220 |  96.97  |   0.06  |  97.404 |   0.073 |
| 3     | 201 |  96.021 |   0.095 |  93.036 |   0.126 |
| 4     | 133 |  96.087 |   0.11  |  91.724 |   0.159 |
| 5-6   | 129 |  91.813 |   0.172 |  84.208 |   0.231 |
| 7+    |  60 |  90.348 |   0.189 |  80.501 |   0.275 |

### by n_true

| bin   |   n |   COV_R |   MAT_R |   COV_P |   MAT_P |
|:------|----:|--------:|--------:|--------:|--------:|
| 1     | 253 |  97.628 |   0.026 |  97.233 |   0.041 |
| 2-3   | 243 |  94.513 |   0.081 |  93.999 |   0.086 |
| 4-10  | 281 |  96.307 |   0.106 |  91.928 |   0.143 |
| 11-30 | 135 |  95.526 |   0.135 |  91.188 |   0.177 |
| >30   |  84 |  97.554 |   0.139 |  92.114 |   0.197 |
wrote /scratch/nishanth.r/tordiff/results/qm9_CTRL_base_100ep_e100_s2/steps20_seed0_gtL/breakdown.csv
