996 molecules (model failures excluded here: 4)  threshold=0.5
SUMMARY (from evaluate): {'threshold': 0.5, 'COV-R_mean': 98.90021210480347, 'COV-R_median': 100.0, 'MAT-R_mean': 0.02145800327803891, 'MAT-R_median': 0.007436450320791448, 'COV-P_mean': 98.7418426888493, 'COV-P_median': 100.0, 'MAT-P_mean': 0.03248861626130009, 'MAT-P_median': 0.012990722986879304, 'n_evaluated': 996, 'n_model_failures': 4, 'n_additional_failures': 0}

### COV threshold sweep (mean / median over molecules, failures = 0) -- SECONDARY / exploratory; the pre-registered primary threshold is --threshold (0.5 A for QM9)

| thr (A) | COV-R mean | COV-R median | COV-P mean | COV-P median |
|---|---|---|---|---|
| 0.050 | 91.40 | 100.00 | 85.03 | 100.00 |
| 0.100 | 96.40 | 100.00 | 92.80 | 100.00 |
| 0.125 | 97.17 | 100.00 | 94.43 | 100.00 |
| 0.250 | 98.19 | 100.00 | 97.08 | 100.00 |
| 0.375 | 98.60 | 100.00 | 98.11 | 100.00 |
| 0.500 | 98.90 | 100.00 | 98.74 | 100.00 |
| 0.750 | 99.47 | 100.00 | 99.41 | 100.00 |

### by n_heavy

| bin   |   n |   COV_R |   MAT_R |   COV_P |   MAT_P |
|:------|----:|--------:|--------:|--------:|--------:|
| <=5   |   3 | 100     |   0.004 | 100     |   0.005 |
| 6     |  10 | 100     |   0.004 | 100     |   0.006 |
| 7     |  22 | 100     |   0.012 | 100     |   0.024 |
| 8     | 136 |  99.887 |   0.017 |  99.436 |   0.029 |
| 9     | 825 |  99.17  |   0.023 |  99.053 |   0.034 |
| >9    |   0 | nan     | nan     | nan     | nan     |

### by n_rot_heavy

| bin   |   n |   COV_R |   MAT_R |   COV_P |   MAT_P |
|:------|----:|--------:|--------:|--------:|--------:|
| 0     | 318 | 100     |   0.001 | 100     |   0.001 |
| 1     | 316 |  99.525 |   0.013 |  99.702 |   0.019 |
| 2     | 178 |  98.897 |   0.032 |  98.789 |   0.048 |
| 3     |  93 |  99.396 |   0.044 |  98.625 |   0.071 |
| 4+    |  91 |  96.732 |   0.08  |  95.379 |   0.12  |

### by n_rot_repo

| bin   |   n |   COV_R |   MAT_R |   COV_P |   MAT_P |
|:------|----:|--------:|--------:|--------:|--------:|
| <=1   | 253 |  99.802 |   0.003 | 100     |   0.002 |
| 2     | 220 |  99.545 |   0.011 |  99.627 |   0.017 |
| 3     | 201 |  99.025 |   0.024 |  98.963 |   0.031 |
| 4     | 133 |  99.699 |   0.02  |  99.787 |   0.035 |
| 5-6   | 129 |  98.113 |   0.06  |  96.751 |   0.091 |
| 7+    |  60 |  98.826 |   0.053 |  97.994 |   0.088 |

### by n_true

| bin   |   n |   COV_R |   MAT_R |   COV_P |   MAT_P |
|:------|----:|--------:|--------:|--------:|--------:|
| 1     | 253 |  99.605 |   0.004 |  99.407 |   0.007 |
| 2-3   | 243 |  98.765 |   0.017 |  99.348 |   0.019 |
| 4-10  | 281 |  99.436 |   0.024 |  99.106 |   0.039 |
| 11-30 | 135 |  99.272 |   0.039 |  98.69  |   0.062 |
| >30   |  84 |  99.488 |   0.047 |  98.55  |   0.077 |
wrote /scratch/nishanth.r/tordiff/results/qm9_B1_train_gtL_e100_s0/steps20_seed0_gtLcycle/breakdown.csv
