934 molecules (model failures excluded here: 65)  threshold=0.5
SUMMARY (from evaluate): {'threshold': 0.5, 'COV-R_mean': 88.64675884625431, 'COV-R_median': 100.0, 'MAT-R_mean': 0.18145584154854985, 'MAT-R_median': 0.14753946439907673, 'COV-P_mean': 84.41164828905403, 'COV-P_median': 100.0, 'MAT-P_mean': 0.22789451858822476, 'MAT-P_median': 0.1970079685004259, 'n_evaluated': 935, 'n_model_failures': 65, 'n_additional_failures': 1}

### COV threshold sweep (mean / median over molecules, failures = 0) -- SECONDARY / exploratory; the pre-registered primary threshold is --threshold (0.5 A for QM9)

| thr (A) | COV-R mean | COV-R median | COV-P mean | COV-P median |
|---|---|---|---|---|
| 0.050 | 3.92 | 0.00 | 2.56 | 0.00 |
| 0.100 | 35.84 | 21.58 | 26.16 | 10.00 |
| 0.125 | 48.87 | 50.00 | 37.41 | 25.00 |
| 0.250 | 72.45 | 91.35 | 63.31 | 75.00 |
| 0.375 | 83.10 | 100.00 | 76.00 | 94.07 |
| 0.500 | 88.65 | 100.00 | 84.41 | 100.00 |
| 0.750 | 92.25 | 100.00 | 91.51 | 100.00 |

### by n_heavy

| bin   |   n |   COV_R |   MAT_R |   COV_P |   MAT_P |
|:------|----:|--------:|--------:|--------:|--------:|
| <=5   |   2 | 100     |   0.05  | 100     |   0.044 |
| 6     |  10 |  93.417 |   0.138 |  93.75  |   0.142 |
| 7     |  20 |  96     |   0.122 |  93.689 |   0.162 |
| 8     | 132 |  95.567 |   0.168 |  91.877 |   0.207 |
| 9     | 770 |  94.776 |   0.186 |  89.964 |   0.235 |
| >9    |   0 | nan     | nan     | nan     | nan     |

### by n_rot_heavy

| bin   |   n |   COV_R |   MAT_R |   COV_P |   MAT_P |
|:------|----:|--------:|--------:|--------:|--------:|
| 0     | 281 |  97.529 |   0.154 |  95.79  |   0.19  |
| 1     | 297 |  96.466 |   0.164 |  93.148 |   0.21  |
| 2     | 174 |  94.571 |   0.2   |  87.448 |   0.255 |
| 3     |  93 |  91.411 |   0.212 |  84.604 |   0.256 |
| 4+    |  89 |  85.778 |   0.26  |  75.795 |   0.327 |

### by n_rot_repo

| bin   |   n |   COV_R |   MAT_R |   COV_P |   MAT_P |
|:------|----:|--------:|--------:|--------:|--------:|
| <=1   | 225 |  97.679 |   0.151 |  95.68  |   0.183 |
| 2     | 201 |  96.688 |   0.167 |  94.789 |   0.205 |
| 3     | 195 |  95.919 |   0.183 |  90.292 |   0.235 |
| 4     | 126 |  92.697 |   0.2   |  86.86  |   0.255 |
| 5-6   | 128 |  90.665 |   0.219 |  82.616 |   0.277 |
| 7+    |  59 |  88.906 |   0.221 |  79.743 |   0.289 |

### by n_true

| bin   |   n |   COV_R |   MAT_R |   COV_P |   MAT_P |
|:------|----:|--------:|--------:|--------:|--------:|
| 1     | 223 |  96.861 |   0.156 |  93.274 |   0.202 |
| 2-3   | 225 |  94     |   0.185 |  89.741 |   0.226 |
| 4-10  | 274 |  93.765 |   0.195 |  89.271 |   0.24  |
| 11-30 | 128 |  94.303 |   0.192 |  89.311 |   0.24  |
| >30   |  84 |  96.837 |   0.18  |  89.619 |   0.246 |
wrote /scratch/nishanth.r/tordiff/results/qm9_CTRL_base_100ep_e100_s1/steps20_seed0/breakdown.csv
