996 molecules (model failures excluded here: 4)  threshold=0.5
SUMMARY (from evaluate): {'threshold': 0.5, 'COV-R_mean': 97.92572489483045, 'COV-R_median': 100.0, 'MAT-R_mean': 0.037355799849713975, 'MAT-R_median': 0.012173658875200591, 'COV-P_mean': 98.70919890097832, 'COV-P_median': 100.0, 'MAT-P_mean': 0.032927168914362315, 'MAT-P_median': 0.012462459430166852, 'n_evaluated': 996, 'n_model_failures': 4, 'n_additional_failures': 0}

### COV threshold sweep (mean / median over molecules, failures = 0) -- SECONDARY / exploratory; the pre-registered primary threshold is --threshold (0.5 A for QM9)

| thr (A) | COV-R mean | COV-R median | COV-P mean | COV-P median |
|---|---|---|---|---|
| 0.050 | 86.90 | 100.00 | 85.01 | 100.00 |
| 0.100 | 92.37 | 100.00 | 92.94 | 100.00 |
| 0.125 | 93.49 | 100.00 | 94.50 | 100.00 |
| 0.250 | 95.35 | 100.00 | 96.99 | 100.00 |
| 0.375 | 96.72 | 100.00 | 97.97 | 100.00 |
| 0.500 | 97.93 | 100.00 | 98.71 | 100.00 |
| 0.750 | 99.10 | 100.00 | 99.37 | 100.00 |

### by n_heavy

| bin   |   n |   COV_R |   MAT_R |   COV_P |   MAT_P |
|:------|----:|--------:|--------:|--------:|--------:|
| <=5   |   3 | 100     |   0.011 | 100     |   0.006 |
| 6     |  10 |  94.75  |   0.032 | 100     |   0.008 |
| 7     |  22 | 100     |   0.02  | 100     |   0.022 |
| 8     | 136 |  99.417 |   0.026 |  99.534 |   0.027 |
| 9     | 825 |  98.13  |   0.04  |  98.997 |   0.035 |
| >9    |   0 | nan     | nan     | nan     | nan     |

### by n_rot_heavy

| bin   |   n |   COV_R |   MAT_R |   COV_P |   MAT_P |
|:------|----:|--------:|--------:|--------:|--------:|
| 0     | 318 |  99.397 |   0.011 | 100     |   0.001 |
| 1     | 316 |  99.125 |   0.023 |  99.763 |   0.018 |
| 2     | 178 |  96.74  |   0.058 |  98.91  |   0.049 |
| 3     |  93 |  97.359 |   0.075 |  97.976 |   0.075 |
| 4+    |  91 |  95.822 |   0.101 |  95.236 |   0.122 |

### by n_rot_repo

| bin   |   n |   COV_R |   MAT_R |   COV_P |   MAT_P |
|:------|----:|--------:|--------:|--------:|--------:|
| <=1   | 253 |  99.572 |   0.012 | 100     |   0.003 |
| 2     | 220 |  98.037 |   0.029 |  99.576 |   0.017 |
| 3     | 201 |  98.094 |   0.035 |  99.223 |   0.03  |
| 4     | 133 |  98.202 |   0.045 |  99.601 |   0.038 |
| 5-6   | 129 |  96.846 |   0.083 |  96.545 |   0.091 |
| 7+    |  60 |  98.252 |   0.07  |  97.622 |   0.094 |

### by n_true

| bin   |   n |   COV_R |   MAT_R |   COV_P |   MAT_P |
|:------|----:|--------:|--------:|--------:|--------:|
| 1     | 253 |  99.605 |   0.004 |  99.407 |   0.007 |
| 2-3   | 243 |  96.845 |   0.042 |  99.348 |   0.02  |
| 4-10  | 281 |  98.106 |   0.047 |  99.133 |   0.039 |
| 11-30 | 135 |  98.708 |   0.055 |  98.343 |   0.064 |
| >30   |  84 |  98.799 |   0.064 |  98.63  |   0.076 |
wrote /scratch/nishanth.r/tordiff/results/qm9_B1_train_gtL_e100_s0/steps20_seed0_gtL/breakdown.csv
