934 molecules (model failures excluded here: 65)  threshold=0.5
SUMMARY (from evaluate): {'threshold': 0.5, 'COV-R_mean': 88.80178231830705, 'COV-R_median': 100.0, 'MAT-R_mean': 0.15363267203458167, 'MAT-R_median': 0.12277683032504422, 'COV-P_mean': 86.69571145471888, 'COV-P_median': 100.0, 'MAT-P_mean': 0.17287744145549053, 'MAT-P_median': 0.13867181664929412, 'n_evaluated': 935, 'n_model_failures': 65, 'n_additional_failures': 1}

### COV threshold sweep (mean / median over molecules, failures = 0) -- SECONDARY / exploratory; the pre-registered primary threshold is --threshold (0.5 A for QM9)

| thr (A) | COV-R mean | COV-R median | COV-P mean | COV-P median |
|---|---|---|---|---|
| 0.050 | 16.66 | 0.00 | 15.40 | 0.00 |
| 0.100 | 48.39 | 50.00 | 43.45 | 35.15 |
| 0.125 | 58.63 | 66.67 | 53.85 | 52.60 |
| 0.250 | 78.07 | 100.00 | 74.94 | 92.40 |
| 0.375 | 83.85 | 100.00 | 81.64 | 100.00 |
| 0.500 | 88.80 | 100.00 | 86.70 | 100.00 |
| 0.750 | 92.59 | 100.00 | 92.01 | 100.00 |

### by n_heavy

| bin   |   n |   COV_R |   MAT_R |   COV_P |   MAT_P |
|:------|----:|--------:|--------:|--------:|--------:|
| <=5   |   2 | 100     |   0.051 | 100     |   0.029 |
| 6     |  10 |  93.417 |   0.103 |  95.375 |   0.104 |
| 7     |  20 |  99     |   0.114 |  93.792 |   0.141 |
| 8     | 132 |  94.172 |   0.137 |  93.958 |   0.153 |
| 9     | 770 |  95.139 |   0.158 |  92.55  |   0.178 |
| >9    |   0 | nan     | nan     | nan     | nan     |

### by n_rot_heavy

| bin   |   n |   COV_R |   MAT_R |   COV_P |   MAT_P |
|:------|----:|--------:|--------:|--------:|--------:|
| 0     | 281 |  97.385 |   0.122 |  96.723 |   0.126 |
| 1     | 297 |  96.753 |   0.136 |  96.658 |   0.142 |
| 2     | 174 |  93.852 |   0.177 |  89.853 |   0.209 |
| 3     |  93 |  91.556 |   0.19  |  87.185 |   0.228 |
| 4+    |  89 |  88.271 |   0.23  |  79.399 |   0.295 |

### by n_rot_repo

| bin   |   n |   COV_R |   MAT_R |   COV_P |   MAT_P |
|:------|----:|--------:|--------:|--------:|--------:|
| <=1   | 225 |  97.824 |   0.119 |  97.424 |   0.123 |
| 2     | 201 |  96.761 |   0.133 |  96.792 |   0.133 |
| 3     | 195 |  95.205 |   0.162 |  93.315 |   0.178 |
| 4     | 126 |  93.187 |   0.174 |  90.697 |   0.201 |
| 5-6   | 128 |  91.467 |   0.193 |  84.961 |   0.245 |
| 7+    |  59 |  90.305 |   0.195 |  81.709 |   0.261 |

### by n_true

| bin   |   n |   COV_R |   MAT_R |   COV_P |   MAT_P |
|:------|----:|--------:|--------:|--------:|--------:|
| 1     | 223 |  97.758 |   0.108 |  95.291 |   0.133 |
| 2-3   | 225 |  92.519 |   0.16  |  93.444 |   0.161 |
| 4-10  | 274 |  94.736 |   0.171 |  91.471 |   0.19  |
| 11-30 | 128 |  94.605 |   0.179 |  91.304 |   0.204 |
| >30   |  84 |  96.643 |   0.165 |  91.319 |   0.209 |
wrote /scratch/nishanth.r/tordiff/results/qm9_CTRL_rematch_100ep_e100_s0/S5ctrl_pre_mmff/breakdown.csv
