qm9_B1_train_gtL             steps20_seed0                seeds=012  mean=0.2341 min=0.2299 max=0.2364 per_seed=[0.2364, 0.2361, 0.2299] n_eval=[935, 935, 935] fail=[65, 65, 65] covR@0.1=[27.51, 28.72, 27.06]
qm9_B1_train_gtL             steps20_seed0_gtL            seeds=012  mean=0.0369 min=0.0349 max=0.0385 per_seed=[0.0374, 0.0385, 0.0349] n_eval=[996, 996, 996] fail=[4, 4, 4] covR@0.1=[92.37, 92.33, 92.92]
qm9_B1_train_gtL             steps20_seed0_gtLcycle       seeds=012  mean=0.0212 min=0.0206 max=0.0215 per_seed=[0.0215, 0.0215, 0.0206] n_eval=[996, 996, 996] fail=[4, 4, 4] covR@0.1=[96.4, 96.35, 96.44]
qm9_B2_DEonly_randpair       steps20_seed0                seeds=012  mean=0.1808 min=0.1802 max=0.1815 per_seed=[0.1815, 0.1802, 0.1807] n_eval=[935, 935, 935] fail=[65, 65, 65] covR@0.1=[35.42, 35.5, 35.67]
qm9_B5_match_heavy           steps20_seed0                seeds=012  mean=0.1845 min=0.1838 max=0.1855 per_seed=[0.1855, 0.1838, 0.1842] n_eval=[935, 935, 935] fail=[65, 65, 65] covR@0.1=[33.21, 34.32, 34.5]
qm9_CTRL_base_100ep          steps20_seed0                seeds=012  mean=0.1806 min=0.1791 max=0.1815 per_seed=[0.1791, 0.1815, 0.1812] n_eval=[935, 935, 935] fail=[65, 65, 65] covR@0.1=[36.06, 35.84, 35.61]
qm9_CTRL_base_100ep          steps20_seed0_gtL            seeds=012  mean=0.0843 min=0.0823 max=0.0863 per_seed=[0.0823, 0.0842, 0.0863] n_eval=[996, 996, 996] fail=[4, 4, 4] covR@0.1=[78.24, 78.19, 77.76]
qm9_CTRL_base_100ep          steps20_seed0_gtLcycle       seeds=012  mean=0.0820 min=0.0810 max=0.0830 per_seed=[0.081, 0.0821, 0.083] n_eval=[996, 996, 996] fail=[4, 4, 4] covR@0.1=[78.71, 79.33, 78.24]
qm9_CTRL_rematch_100ep       steps20_seed0                seeds=012  mean=0.1786 min=0.1773 max=0.1800 per_seed=[0.1773, 0.18, 0.1785] n_eval=[935, 935, 935] fail=[65, 65, 65] covR@0.1=[36.69, 36.29, 36.27]
qm9_default                  A0_rdkitL_random_tors        seeds=-    mean=0.2422 min=0.2422 max=0.2422 per_seed=[0.2422] n_eval=[935] fail=[65] covR@0.1=[22.58]
qm9_default                  A0_rdkit_etkdg_only          seeds=-    mean=0.2298 min=0.2298 max=0.2298 per_seed=[0.2298] n_eval=[935] fail=[65] covR@0.1=[28.61]
qm9_default                  A1_gtL_model                 seeds=-    mean=0.0801 min=0.0801 max=0.0801 per_seed=[0.0801] n_eval=[996] fail=[4] covR@0.1=[80.11]
qm9_default                  A1_gtL_model_seed1           seeds=-    mean=0.0790 min=0.0790 max=0.0790 per_seed=[0.079] n_eval=[996] fail=[4] covR@0.1=[80.28]
qm9_default                  A1_gtL_model_seed2           seeds=-    mean=0.0839 min=0.0839 max=0.0839 per_seed=[0.0839] n_eval=[996] fail=[4] covR@0.1=[79.44]
qm9_default                  A1_gtL_random_tors           seeds=-    mean=0.1573 min=0.1573 max=0.1573 per_seed=[0.1573] n_eval=[996] fail=[4] covR@0.1=[54.57]
qm9_default                  A1_gtL_sanity_identity       seeds=-    mean=0.0189 min=0.0189 max=0.0189 per_seed=[0.0189] n_eval=[997] fail=[3] covR@0.1=[95.72]
qm9_default                  A1c_gtL_cycle_model          seeds=-    mean=0.0762 min=0.0762 max=0.0762 per_seed=[0.0762] n_eval=[996] fail=[4] covR@0.1=[81.23]
qm9_default                  A1c_gtL_cycle_model_seed1    seeds=-    mean=0.0755 min=0.0755 max=0.0755 per_seed=[0.0755] n_eval=[996] fail=[4] covR@0.1=[80.93]
qm9_default                  A1c_gtL_cycle_model_seed2    seeds=-    mean=0.0801 min=0.0801 max=0.0801 per_seed=[0.0801] n_eval=[996] fail=[4] covR@0.1=[80.7]
qm9_default                  A1c_gtL_cycle_sanity         seeds=-    mean=0.0000 min=0.0000 max=0.0000 per_seed=[0.0] n_eval=[997] fail=[3] covR@0.1=[99.7]
qm9_default                  A2_pre_mmff                  seeds=-    mean=0.1507 min=0.1507 max=0.1507 per_seed=[0.1507] n_eval=[935] fail=[65] covR@0.1=[49.96]
qm9_default                  A2_pre_mmff_seed1            seeds=-    mean=0.1485 min=0.1485 max=0.1485 per_seed=[0.1485] n_eval=[931] fail=[69] covR@0.1=[50.09]
qm9_default                  A2_pre_mmff_seed2            seeds=-    mean=0.1512 min=0.1512 max=0.1512 per_seed=[0.1512] n_eval=[931] fail=[69] covR@0.1=[49.22]
qm9_default                  A3_post_mmff                 seeds=-    mean=0.1863 min=0.1863 max=0.1863 per_seed=[0.1863] n_eval=[935] fail=[65] covR@0.1=[43.29]
qm9_default                  A3_post_mmff_seed1           seeds=-    mean=0.1854 min=0.1854 max=0.1854 per_seed=[0.1854] n_eval=[931] fail=[69] covR@0.1=[43.71]
qm9_default                  A3_post_mmff_seed2           seeds=-    mean=0.1872 min=0.1872 max=0.1872 per_seed=[0.1872] n_eval=[931] fail=[69] covR@0.1=[43.16]
qm9_default                  G1_gt_graph_seed_mols        seeds=-    mean=0.1732 min=0.1732 max=0.1732 per_seed=[0.1732] n_eval=[936] fail=[64] covR@0.1=[37.76]
qm9_default                  G1_gt_graph_seed_mols_seed1  seeds=-    mean=0.1739 min=0.1739 max=0.1739 per_seed=[0.1739] n_eval=[933] fail=[67] covR@0.1=[37.25]
qm9_default                  G1_gt_graph_seed_mols_seed2  seeds=-    mean=0.1777 min=0.1777 max=0.1777 per_seed=[0.1777] n_eval=[933] fail=[67] covR@0.1=[37.76]
qm9_default                  R0_base_seed0                seeds=-    mean=0.1752 min=0.1752 max=0.1752 per_seed=[0.1752] n_eval=[935] fail=[65] covR@0.1=[37.66]
qm9_default                  R1_base_seed1                seeds=-    mean=0.1768 min=0.1768 max=0.1768 per_seed=[0.1768] n_eval=[931] fail=[69] covR@0.1=[36.94]
qm9_default                  R2_base_seed2                seeds=-    mean=0.1761 min=0.1761 max=0.1761 per_seed=[0.1761] n_eval=[931] fail=[69] covR@0.1=[37.54]
