qm9_B1_train_gtL             S1_A5acyc_cyc_ORACLE         seeds=012  mean=0.1583 min=0.1573 max=0.1595 per_seed=[0.1595, 0.1573, 0.1582] n_eval=[955, 955, 955] fail=[45, 45, 45] covR@0.1=[50.56, 50.19, 50.69]
qm9_B1_train_gtL             S1_A5ring_cyc_ORACLE         seeds=012  mean=0.1877 min=0.1813 max=0.1922 per_seed=[0.1896, 0.1922, 0.1813] n_eval=[955, 955, 955] fail=[45, 45, 45] covR@0.1=[50.34, 51.19, 49.72]
qm9_B1_train_gtL             S1_etkdg2L                   seeds=012  mean=0.2356 min=0.2327 max=0.2381 per_seed=[0.2361, 0.2381, 0.2327] n_eval=[936, 936, 936] fail=[64, 64, 64] covR@0.1=[27.86, 29.14, 26.39]
qm9_B1_train_gtL             S1_etkdg2L_mmff              seeds=012  mean=0.2323 min=0.2293 max=0.2354 per_seed=[0.2293, 0.2354, 0.2322] n_eval=[936, 936, 936] fail=[64, 64, 64] covR@0.1=[38.62, 37.81, 38.11]
qm9_B1_train_gtL             S1_lam0.00_cyc_ORACLE        seeds=012  mean=0.2614 min=0.2556 max=0.2680 per_seed=[0.2606, 0.268, 0.2556] n_eval=[955, 955, 955] fail=[45, 45, 45] covR@0.1=[23.18, 23.73, 22.78]
qm9_B1_train_gtL             S1_lam0.25_cyc_ORACLE        seeds=012  mean=0.2219 min=0.2167 max=0.2260 per_seed=[0.223, 0.226, 0.2167] n_eval=[906, 906, 906] fail=[94, 94, 94] covR@0.1=[33.93, 34.61, 33.14]
qm9_B1_train_gtL             S1_lam0.50_cyc_ORACLE        seeds=012  mean=0.1812 min=0.1800 max=0.1830 per_seed=[0.1807, 0.183, 0.18] n_eval=[906, 906, 906] fail=[94, 94, 94] covR@0.1=[46.57, 46.99, 45.36]
qm9_B1_train_gtL             S1_lam0.75_cyc_ORACLE        seeds=012  mean=0.1146 min=0.1116 max=0.1165 per_seed=[0.1158, 0.1116, 0.1165] n_eval=[906, 906, 906] fail=[94, 94, 94] covR@0.1=[67.07, 68.13, 65.6]
qm9_B1_train_gtL             S1_lam1.00_cyc_ORACLE        seeds=0    mean=0.0199 min=0.0199 max=0.0199 per_seed=[0.0199] n_eval=[955] fail=[45] covR@0.1=[92.61]
qm9_B1_train_gtL             S1_noise0.02pa_cyc_ORACLE    seeds=012  mean=0.1170 min=0.0918 max=0.1341 per_seed=[0.1251, 0.0918, 0.1341] n_eval=[996, 996, 996] fail=[4, 4, 4] covR@0.1=[65.83, 75.43, 62.45]
qm9_B1_train_gtL             S1_noise0.04pa_cyc_ORACLE    seeds=012  mean=0.1536 min=0.1376 max=0.1635 per_seed=[0.1598, 0.1376, 0.1635] n_eval=[996, 996, 996] fail=[4, 4, 4] covR@0.1=[57.42, 63.5, 56.41]
qm9_B6_jit0.04pa             steps20_seed0                seeds=012  mean=0.2060 min=0.2037 max=0.2078 per_seed=[0.2078, 0.2037, 0.2064] n_eval=[935, 935, 935] fail=[65, 65, 65] covR@0.1=[37.01, 36.81, 36.82]
qm9_B6_jit0.04pa             steps20_seed0_gtLcycle       seeds=012  mean=0.0541 min=0.0532 max=0.0557 per_seed=[0.0532, 0.0533, 0.0557] n_eval=[996, 996, 996] fail=[4, 4, 4] covR@0.1=[87.4, 87.85, 87.44]
qm9_CTRL_base_100ep          S1_etkdg2L                   seeds=0    mean=0.1781 min=0.1781 max=0.1781 per_seed=[0.1781] n_eval=[936] fail=[64] covR@0.1=[35.35]
qm9_CTRL_base_100ep          S1_etkdg2L_mmff              seeds=0    mean=0.1525 min=0.1525 max=0.1525 per_seed=[0.1525] n_eval=[936] fail=[64] covR@0.1=[48.59]
qm9_CTRL_base_100ep          S1_lam0.00_cyc_ORACLE        seeds=0    mean=0.1938 min=0.1938 max=0.1938 per_seed=[0.1938] n_eval=[955] fail=[45] covR@0.1=[32.35]
qm9_CTRL_base_100ep          S1_lam0.50_cyc_ORACLE        seeds=0    mean=0.1366 min=0.1366 max=0.1366 per_seed=[0.1366] n_eval=[906] fail=[94] covR@0.1=[55.17]
qm9_CTRL_base_100ep          S1_noise0.02pa_cyc_ORACLE    seeds=0    mean=0.0947 min=0.0947 max=0.0947 per_seed=[0.0947] n_eval=[996] fail=[4] covR@0.1=[78.2]
qm9_CTRL_base_100ep          S1_noise0.04pa_cyc_ORACLE    seeds=0    mean=0.1167 min=0.1167 max=0.1167 per_seed=[0.1167] n_eval=[996] fail=[4] covR@0.1=[72.12]
qm9_CTRL_rematch_100ep       S1_A5acyc_cyc_ORACLE         seeds=012  mean=0.1824 min=0.1816 max=0.1837 per_seed=[0.1816, 0.1819, 0.1837] n_eval=[955, 955, 955] fail=[45, 45, 45] covR@0.1=[41.86, 41.8, 41.85]
qm9_CTRL_rematch_100ep       S1_A5ring_cyc_ORACLE         seeds=012  mean=0.1186 min=0.1183 max=0.1189 per_seed=[0.1183, 0.1186, 0.1189] n_eval=[955, 955, 955] fail=[45, 45, 45] covR@0.1=[62.82, 62.39, 62.66]
qm9_CTRL_rematch_100ep       S1_etkdg2L                   seeds=012  mean=0.1779 min=0.1774 max=0.1783 per_seed=[0.1774, 0.1779, 0.1783] n_eval=[936, 936, 936] fail=[64, 64, 64] covR@0.1=[36.19, 35.73, 35.82]
qm9_CTRL_rematch_100ep       S1_etkdg2L_mmff              seeds=012  mean=0.1525 min=0.1518 max=0.1528 per_seed=[0.1518, 0.1528, 0.1528] n_eval=[936, 936, 936] fail=[64, 64, 64] covR@0.1=[48.81, 48.73, 48.73]
qm9_CTRL_rematch_100ep       S1_lam0.00_cyc_ORACLE        seeds=012  mean=0.1966 min=0.1964 max=0.1968 per_seed=[0.1964, 0.1965, 0.1968] n_eval=[955, 955, 955] fail=[45, 45, 45] covR@0.1=[32.21, 32.14, 32.48]
qm9_CTRL_rematch_100ep       S1_lam0.25_cyc_ORACLE        seeds=012  mean=0.1596 min=0.1592 max=0.1599 per_seed=[0.1596, 0.1599, 0.1592] n_eval=[906, 906, 906] fail=[94, 94, 94] covR@0.1=[44.4, 43.96, 43.94]
qm9_CTRL_rematch_100ep       S1_lam0.50_cyc_ORACLE        seeds=012  mean=0.1364 min=0.1354 max=0.1372 per_seed=[0.1372, 0.1366, 0.1354] n_eval=[906, 906, 906] fail=[94, 94, 94] covR@0.1=[55.48, 55.09, 55.39]
qm9_CTRL_rematch_100ep       S1_lam0.75_cyc_ORACLE        seeds=012  mean=0.1156 min=0.1146 max=0.1164 per_seed=[0.1164, 0.1158, 0.1146] n_eval=[906, 906, 906] fail=[94, 94, 94] covR@0.1=[65.22, 65.06, 65.67]
qm9_CTRL_rematch_100ep       S1_lam1.00_cyc_ORACLE        seeds=012  mean=0.0805 min=0.0803 max=0.0808 per_seed=[0.0803, 0.0804, 0.0808] n_eval=[955, 955, 955] fail=[45, 45, 45] covR@0.1=[75.77, 75.64, 75.61]
qm9_CTRL_rematch_100ep       S1_noise0.02pa_cyc_ORACLE    seeds=012  mean=0.0976 min=0.0973 max=0.0977 per_seed=[0.0977, 0.0977, 0.0973] n_eval=[996, 996, 996] fail=[4, 4, 4] covR@0.1=[77.95, 77.31, 77.66]
qm9_CTRL_rematch_100ep       S1_noise0.04pa_cyc_ORACLE    seeds=012  mean=0.1186 min=0.1173 max=0.1196 per_seed=[0.1196, 0.1173, 0.119] n_eval=[996, 996, 996] fail=[4, 4, 4] covR@0.1=[72.05, 72.7, 72.57]
qm9_CTRL_rematch_100ep       S5ctrl_pre_mmff              seeds=012  mean=0.1540 min=0.1531 max=0.1554 per_seed=[0.1536, 0.1531, 0.1554] n_eval=[935, 935, 935] fail=[65, 65, 65] covR@0.1=[48.39, 48.63, 47.88]
qm9_CTRL_rematch_100ep       steps20_seed0_gtLcycle       seeds=012  mean=0.0822 min=0.0816 max=0.0827 per_seed=[0.0816, 0.0827, 0.0824] n_eval=[996, 996, 996] fail=[4, 4, 4] covR@0.1=[79.25, 78.57, 79.24]
qm9_S3_mixL_p0.5             steps20_seed0                seeds=0    mean=0.1816 min=0.1816 max=0.1816 per_seed=[0.1816] n_eval=[935] fail=[65] covR@0.1=[35.26]
qm9_S3_mixL_p0.5             steps20_seed0_gtLcycle       seeds=0    mean=0.0331 min=0.0331 max=0.0331 per_seed=[0.0331] n_eval=[996] fail=[4] covR@0.1=[92.86]
qm9_default                  A1c_gtL_cycle_random_tors    seeds=-    mean=0.1544 min=0.1544 max=0.1544 per_seed=[0.1544] n_eval=[996] fail=[4] covR@0.1=[55.11]
