906 molecules (model failures excluded here: 94)  threshold=0.5
SUMMARY (from evaluate): {'threshold': 0.5, 'COV-R_mean': 82.92955713714791, 'COV-R_median': 100.0, 'MAT-R_mean': 0.1800164739696512, 'MAT-R_median': 0.1329258020761523, 'COV-P_mean': 82.06169976483746, 'COV-P_median': 100.0, 'MAT-P_mean': 0.19225192926300952, 'MAT-P_median': 0.1420497355221937, 'n_evaluated': 906, 'n_model_failures': 94, 'n_additional_failures': 0}

### COV threshold sweep (mean / median over molecules, failures = 0) -- SECONDARY / exploratory; the pre-registered primary threshold is --threshold (0.5 A for QM9)

| thr (A) | COV-R mean | COV-R median | COV-P mean | COV-P median |
|---|---|---|---|---|
| 0.050 | 20.36 | 0.00 | 18.87 | 0.00 |
| 0.100 | 45.36 | 36.93 | 41.85 | 27.78 |
| 0.125 | 53.34 | 50.00 | 49.68 | 44.44 |
| 0.250 | 69.64 | 85.71 | 67.88 | 84.17 |
| 0.375 | 76.82 | 100.00 | 75.96 | 100.00 |
| 0.500 | 82.93 | 100.00 | 82.06 | 100.00 |
| 0.750 | 88.70 | 100.00 | 88.40 | 100.00 |

### by n_heavy

| bin   |   n |   COV_R |   MAT_R |   COV_P |   MAT_P |
|:------|----:|--------:|--------:|--------:|--------:|
| <=5   |   2 | 100     |   0.038 | 100     |   0.06  |
| 6     |  10 | 100     |   0.128 |  99     |   0.134 |
| 7     |  21 |  94.517 |   0.156 |  88.51  |   0.181 |
| 8     | 126 |  92.498 |   0.166 |  91.779 |   0.184 |
| 9     | 747 |  91.151 |   0.184 |  90.293 |   0.195 |
| >9    |   0 | nan     | nan     | nan     | nan     |

### by n_rot_heavy

| bin   |   n |   COV_R |   MAT_R |   COV_P |   MAT_P |
|:------|----:|--------:|--------:|--------:|--------:|
| 0     | 258 |  96.529 |   0.11  |  99.806 |   0.079 |
| 1     | 293 |  95.765 |   0.139 |  96.03  |   0.148 |
| 2     | 173 |  85.948 |   0.236 |  87.326 |   0.249 |
| 3     |  93 |  85.824 |   0.267 |  78.141 |   0.322 |
| 4+    |  89 |  79.948 |   0.32  |  65.173 |   0.42  |

### by n_rot_repo

| bin   |   n |   COV_R |   MAT_R |   COV_P |   MAT_P |
|:------|----:|--------:|--------:|--------:|--------:|
| <=1   | 203 |  96.537 |   0.102 |  99.384 |   0.076 |
| 2     | 197 |  93.036 |   0.158 |  96.183 |   0.137 |
| 3     | 192 |  91.587 |   0.183 |  92.73  |   0.192 |
| 4     | 127 |  91.531 |   0.196 |  91.314 |   0.214 |
| 5-6   | 127 |  85.487 |   0.262 |  74.626 |   0.337 |
| 7+    |  60 |  82.307 |   0.3   |  67.669 |   0.413 |

### by n_true

| bin   |   n |   COV_R |   MAT_R |   COV_P |   MAT_P |
|:------|----:|--------:|--------:|--------:|--------:|
| 1     | 199 |  96.985 |   0.097 |  96.734 |   0.098 |
| 2-3   | 216 |  89.583 |   0.18  |  92.477 |   0.163 |
| 4-10  | 274 |  89.045 |   0.208 |  89.708 |   0.212 |
| 11-30 | 133 |  90.968 |   0.214 |  86.596 |   0.256 |
| >30   |  84 |  92.649 |   0.23  |  80.23  |   0.323 |
wrote /scratch/nishanth.r/tordiff/results/qm9_B1_train_gtL_e100_s2/S1_lam0.50_cyc_ORACLE/breakdown.csv
